Component: Arm Compiler for Embedded 6.22 Tool: armlink [5ee90200]

==============================================================================

Section Cross References

    main.o(.text.main_blinky1) refers to bsp.o(.text.BSP_sendMorseCode) for BSP_sendMorseCode
    main.o(.text.main_blinky1) refers to qxk_xthr.o(.text.QXThread_delay) for QXThread_delay
    main.o(.ARM.exidx.text.main_blinky1) refers to main.o(.text.main_blinky1) for [Anonymous Symbol]
    main.o(.text.main_blinky2) refers to main.o(.bss.SW1_sema) for SW1_sema
    main.o(.text.main_blinky2) refers to qxk_sema.o(.text.QXSemaphore_wait) for QXSemaphore_wait
    main.o(.text.main_blinky2) refers to bsp.o(.text.BSP_ledOrangeToggle) for BSP_ledOrangeToggle
    main.o(.ARM.exidx.text.main_blinky2) refers to main.o(.text.main_blinky2) for [Anonymous Symbol]
    main.o(.text.main_blinky3) refers to bsp.o(.text.BSP_sendMorseCode) for BSP_sendMorseCode
    main.o(.text.main_blinky3) refers to qxk_xthr.o(.text.QXThread_delay) for QXThread_delay
    main.o(.ARM.exidx.text.main_blinky3) refers to main.o(.text.main_blinky3) for [Anonymous Symbol]
    main.o(.text.main) refers to h1_alloc.o(.text) for malloc
    main.o(.text.main) refers to main.o(.bss.s1) for s1
    main.o(.text.main) refers to shape.o(.text.Shape_ctor) for Shape_ctor
    main.o(.text.main) refers to main.o(.bss.r1) for r1
    main.o(.text.main) refers to rectangle.o(.text.Rectangle_ctor) for Rectangle_ctor
    main.o(.text.main) refers to shape.o(.text.Shape_moveBy) for Shape_moveBy
    main.o(.text.main) refers to rectangle.o(.text.Rectangle_draw) for Rectangle_draw
    main.o(.text.main) refers to rectangle.o(.text.Rectangle_area) for Rectangle_area
    main.o(.text.main) refers to main.o(.bss.a) for a
    main.o(.text.main) refers to shape.o(.text.Shape_distanceFrom) for Shape_distanceFrom
    main.o(.text.main) refers to main.o(.rodata.Q_this_module_) for Q_this_module_
    main.o(.text.main) refers to bsp.o(.text.Q_onError) for Q_onError
    main.o(.text.main) refers to h1_free.o(.text) for free
    main.o(.text.main) refers to qxk.o(.text.QF_init) for QF_init
    main.o(.text.main) refers to bsp.o(.text.BSP_init) for BSP_init
    main.o(.text.main) refers to main.o(.bss.SW1_sema) for SW1_sema
    main.o(.text.main) refers to qxk_sema.o(.text.QXSemaphore_init) for QXSemaphore_init
    main.o(.text.main) refers to main.o(.bss.blinky1) for blinky1
    main.o(.text.main) refers to main.o(.text.main_blinky1) for main_blinky1
    main.o(.text.main) refers to qxk_xthr.o(.text.QXThread_ctor) for QXThread_ctor
    main.o(.text.main) refers to main.o(.bss.stack_blinky1) for stack_blinky1
    main.o(.text.main) refers to qxk.o(.text.QActive_start_) for QActive_start_
    main.o(.text.main) refers to main.o(.bss.blinky2) for blinky2
    main.o(.text.main) refers to main.o(.text.main_blinky2) for main_blinky2
    main.o(.text.main) refers to main.o(.bss.stack_blinky2) for stack_blinky2
    main.o(.text.main) refers to main.o(.bss.blinky3) for blinky3
    main.o(.text.main) refers to main.o(.text.main_blinky3) for main_blinky3
    main.o(.text.main) refers to main.o(.bss.stack_blinky3) for stack_blinky3
    main.o(.text.main) refers to qxk.o(.text.QF_run) for QF_run
    main.o(.ARM.exidx.text.main) refers to main.o(.text.main) for [Anonymous Symbol]
    bsp.o(.text.SysTick_Handler) refers to qf_time.o(.text.QTimeEvt_tick_) for QTimeEvt_tick_
    bsp.o(.text.SysTick_Handler) refers to qxk.o(.text.QXK_sched_) for QXK_sched_
    bsp.o(.ARM.exidx.text.SysTick_Handler) refers to bsp.o(.text.SysTick_Handler) for [Anonymous Symbol]
    bsp.o(.text.EXTI0_IRQHandler) refers to main.o(.bss.SW1_sema) for SW1_sema
    bsp.o(.text.EXTI0_IRQHandler) refers to qxk_sema.o(.text.QXSemaphore_signal) for QXSemaphore_signal
    bsp.o(.text.EXTI0_IRQHandler) refers to qxk.o(.text.QXK_sched_) for QXK_sched_
    bsp.o(.ARM.exidx.text.EXTI0_IRQHandler) refers to bsp.o(.text.EXTI0_IRQHandler) for [Anonymous Symbol]
    bsp.o(.text.BSP_init) refers to bsp.o(.bss.Morse_mutex) for Morse_mutex
    bsp.o(.text.BSP_init) refers to qxk_mutex.o(.text.QXMutex_init) for QXMutex_init
    bsp.o(.ARM.exidx.text.BSP_init) refers to bsp.o(.text.BSP_init) for [Anonymous Symbol]
    bsp.o(.ARM.exidx.text.turnOffAllLeds) refers to bsp.o(.text.turnOffAllLeds) for [Anonymous Symbol]
    bsp.o(.ARM.exidx.text.BSP_ledGreenOn) refers to bsp.o(.text.BSP_ledGreenOn) for [Anonymous Symbol]
    bsp.o(.ARM.exidx.text.BSP_ledGreenOff) refers to bsp.o(.text.BSP_ledGreenOff) for [Anonymous Symbol]
    bsp.o(.ARM.exidx.text.BSP_ledGreenToggle) refers to bsp.o(.text.BSP_ledGreenToggle) for [Anonymous Symbol]
    bsp.o(.ARM.exidx.text.BSP_ledRedOn) refers to bsp.o(.text.BSP_ledRedOn) for [Anonymous Symbol]
    bsp.o(.ARM.exidx.text.BSP_ledRedOff) refers to bsp.o(.text.BSP_ledRedOff) for [Anonymous Symbol]
    bsp.o(.ARM.exidx.text.BSP_ledRedToggle) refers to bsp.o(.text.BSP_ledRedToggle) for [Anonymous Symbol]
[...]
    ../clib/heap2.c                          0x00000000   Number         0  heap2_threads.o ABSOLUTE
    ../clib/heap2.c                          0x00000000   Number         0  fdtree.o ABSOLUTE
    ../clib/heapalloc.c                      0x00000000   Number         0  malloc.o ABSOLUTE
    ../clib/heapalloc.c                      0x00000000   Number         0  free.o ABSOLUTE
    ../clib/heapalloc.c                      0x00000000   Number         0  hguard.o ABSOLUTE
    ../clib/heapalloc.c                      0x00000000   Number         0  init_alloc.o ABSOLUTE
    ../clib/heapalloc.c                      0x00000000   Number         0  heapstubs.o ABSOLUTE
    ../clib/heapalloc.c                      0x00000000   Number         0  hrguard.o ABSOLUTE
    ../clib/heapalloc.c                      0x00000000   Number         0  term_alloc.o ABSOLUTE
    ../clib/heapaux.c                        0x00000000   Number         0  heapauxi.o ABSOLUTE
    ../clib/heapaux.c                        0x00000000   Number         0  heapauxa.o ABSOLUTE
    ../clib/libinit.s                        0x00000000   Number         0  libinit2.o ABSOLUTE
    ../clib/libinit.s                        0x00000000   Number         0  libinit.o ABSOLUTE
    ../clib/libinit.s                        0x00000000   Number         0  libshutdown2.o ABSOLUTE
    ../clib/libinit.s                        0x00000000   Number         0  libshutdown.o ABSOLUTE
    ../clib/longlong.s                       0x00000000   Number         0  lludivv7m.o ABSOLUTE
    ../clib/maybe.s                          0x00000000   Number         0  maybetermalloc1.o ABSOLUTE
    ../clib/maybe.s                          0x00000000   Number         0  maybetermalloc2.o ABSOLUTE
    ../clib/memcpset.s                       0x00000000   Number         0  rt_memcpy_w.o ABSOLUTE
    ../clib/signal.c                         0x00000000   Number         0  defsig_rtmem_outer.o ABSOLUTE
    ../clib/signal.c                         0x00000000   Number         0  defsig_rtmem_formal.o ABSOLUTE
    ../clib/signal.c                         0x00000000   Number         0  defsig_exit.o ABSOLUTE
    ../clib/signal.c                         0x00000000   Number         0  defsig_fpe_outer.o ABSOLUTE
    ../clib/signal.c                         0x00000000   Number         0  defsig_fpe_formal.o ABSOLUTE
    ../clib/signal.c                         0x00000000   Number         0  defsig_rtmem_inner.o ABSOLUTE
    ../clib/signal.c                         0x00000000   Number         0  __raise.o ABSOLUTE
    ../clib/signal.c                         0x00000000   Number         0  defsig_general.o ABSOLUTE
    ../clib/signal.c                         0x00000000   Number         0  defsig_fpe_inner.o ABSOLUTE
    ../clib/signal.c                         0x00000000   Number         0  defsig_abrt_inner.o ABSOLUTE
    ../clib/signal.c                         0x00000000   Number         0  defsig_rtred_inner.o ABSOLUTE
    ../clib/signal.c                         0x00000000   Number         0  defsig_stak_inner.o ABSOLUTE
    ../clib/signal.c                         0x00000000   Number         0  defsig_pvfn_inner.o ABSOLUTE
    ../clib/signal.c                         0x00000000   Number         0  defsig_cppl_inner.o ABSOLUTE
    ../clib/signal.c                         0x00000000   Number         0  defsig_segv_inner.o ABSOLUTE
    ../clib/signal.c                         0x00000000   Number         0  defsig_other.o ABSOLUTE
    ../clib/signal.s                         0x00000000   Number         0  defsig.o ABSOLUTE
    ../clib/stdlib.c                         0x00000000   Number         0  exit.o ABSOLUTE
    ../fplib/fpinit.s                        0x00000000   Number         0  fpinit.o ABSOLUTE
    ../fplib/fpinit_empty.s                  0x00000000   Number         0  fpinit_empty.o ABSOLUTE
    RTE/Device/STM32F407VGTx/startup_stm32f407xx.s 0x00000000   Number         0  startup_stm32f407xx.o ABSOLUTE
    bsp.c                                    0x00000000   Number         0  bsp.o ABSOLUTE
    dc.s                                     0x00000000   Number         0  dc.o ABSOLUTE
    main.c                                   0x00000000   Number         0  main.o ABSOLUTE
    qep_hsm.c                                0x00000000   Number         0  qep_hsm.o ABSOLUTE
    qep_msm.c                                0x00000000   Number         0  qep_msm.o ABSOLUTE
    qf_act.c                                 0x00000000   Number         0  qf_act.o ABSOLUTE
    qf_actq.c                                0x00000000   Number         0  qf_actq.o ABSOLUTE
    qf_defer.c                               0x00000000   Number         0  qf_defer.o ABSOLUTE
    qf_dyn.c                                 0x00000000   Number         0  qf_dyn.o ABSOLUTE
    qf_mem.c                                 0x00000000   Number         0  qf_mem.o ABSOLUTE
    qf_ps.c                                  0x00000000   Number         0  qf_ps.o ABSOLUTE
    qf_qact.c                                0x00000000   Number         0  qf_qact.o ABSOLUTE
    qf_qeq.c                                 0x00000000   Number         0  qf_qeq.o ABSOLUTE
    qf_qmact.c                               0x00000000   Number         0  qf_qmact.o ABSOLUTE
    qf_time.c                                0x00000000   Number         0  qf_time.o ABSOLUTE
    qxk.c                                    0x00000000   Number         0  qxk.o ABSOLUTE
    qxk_mutex.c                              0x00000000   Number         0  qxk_mutex.o ABSOLUTE
    qxk_port.c                               0x00000000   Number         0  qxk_port.o ABSOLUTE
    qxk_sema.c                               0x00000000   Number         0  qxk_sema.o ABSOLUTE
    qxk_xthr.c                               0x00000000   Number         0  qxk_xthr.o ABSOLUTE
    rectangle.c                              0x00000000   Number         0  rectangle.o ABSOLUTE
    shape.c                                  0x00000000   Number         0  shape.o ABSOLUTE
    stm32f4xx_hal.c                          0x00000000   Number         0  stm32f4xx_hal.o ABSOLUTE
    stm32f4xx_hal_cortex.c                   0x00000000   Number         0  stm32f4xx_hal_cortex.o ABSOLUTE
    stm32f4xx_hal_gpio.c                     0x00000000   Number         0  stm32f4xx_hal_gpio.o ABSOLUTE
    stm32f4xx_hal_pwr.c                      0x00000000   Number         0  stm32f4xx_hal_pwr.o ABSOLUTE
    stm32f4xx_hal_pwr_ex.c                   0x00000000   Number         0  stm32f4xx_hal_pwr_ex.o ABSOLUTE
    stm32f4xx_hal_rcc.c                      0x00000000   Number         0  stm32f4xx_hal_rcc.o ABSOLUTE
    stm32f4xx_hal_rcc_ex.c                   0x00000000   Number         0  stm32f4xx_hal_rcc_ex.o ABSOLUTE
    system_stm32f4xx.c                       0x00000000   Number         0  system_stm32f4xx.o ABSOLUTE
    RESET                                    0x08000000   Section      392  startup_stm32f407xx.o(RESET)
    !!!main                                  0x08000188   Section        8  __main.o(!!!main)
    !!!scatter                               0x08000190   Section       92  __scatter.o(!!!scatter)
    !!handler_copy                           0x080001ec   Section       26  __scatter_copy.o(!!handler_copy)
    !!handler_null                           0x08000208   Section        2  __scatter.o(!!handler_null)
    !!handler_zi                             0x0800020c   Section       28  __scatter_zi.o(!!handler_zi)
    .ARM.Collect$$libinit$$00000000          0x08000228   Section        2  libinit.o(.ARM.Collect$$libinit$$00000000)
    .ARM.Collect$$libinit$$00000002          0x0800022a   Section        0  libinit2.o(.ARM.Collect$$libinit$$00000002)
    .ARM.Collect$$libinit$$00000004          0x0800022a   Section        0  libinit2.o(.ARM.Collect$$libinit$$00000004)
    .ARM.Collect$$libinit$$00000006          0x0800022a   Section        0  libinit2.o(.ARM.Collect$$libinit$$00000006)
    .ARM.Collect$$libinit$$00000007          0x0800022a   Section        8  libinit2.o(.ARM.Collect$$libinit$$00000007)
    .ARM.Collect$$libinit$$0000000C          0x08000232   Section        0  libinit2.o(.ARM.Collect$$libinit$$0000000C)
    .ARM.Collect$$libinit$$0000000E          0x08000232   Section        0  libinit2.o(.ARM.Collect$$libinit$$0000000E)
    .ARM.Collect$$libinit$$00000010          0x08000232   Section        0  libinit2.o(.ARM.Collect$$libinit$$00000010)
    .ARM.Collect$$libinit$$00000013          0x08000232   Section        0  libinit2.o(.ARM.Collect$$libinit$$00000013)
    .ARM.Collect$$libinit$$00000015          0x08000232   Section        0  libinit2.o(.ARM.Collect$$libinit$$00000015)
    .ARM.Collect$$libinit$$00000017          0x08000232   Section        0  libinit2.o(.ARM.Collect$$libinit$$00000017)
    .ARM.Collect$$libinit$$00000019          0x08000232   Section        0  libinit2.o(.ARM.Collect$$libinit$$00000019)
    .ARM.Collect$$libinit$$0000001B          0x08000232   Section        0  libinit2.o(.ARM.Collect$$libinit$$0000001B)
    .ARM.Collect$$libinit$$0000001D          0x08000232   Section        0  libinit2.o(.ARM.Collect$$libinit$$0000001D)
    .ARM.Collect$$libinit$$0000001F          0x08000232   Section        0  libinit2.o(.ARM.Collect$$libinit$$0000001F)
    .ARM.Collect$$libinit$$00000021          0x08000232   Section        0  libinit2.o(.ARM.Collect$$libinit$$00000021)
    .ARM.Collect$$libinit$$00000023          0x08000232   Section        0  libinit2.o(.ARM.Collect$$libinit$$00000023)
    .ARM.Collect$$libinit$$00000025          0x08000232   Section        0  libinit2.o(.ARM.Collect$$libinit$$00000025)
    .ARM.Collect$$libinit$$00000027          0x08000232   Section        0  libinit2.o(.ARM.Collect$$libinit$$00000027)
    .ARM.Collect$$libinit$$0000002E          0x08000232   Section        0  libinit2.o(.ARM.Collect$$libinit$$0000002E)
    .ARM.Collect$$libinit$$00000030          0x08000232   Section        0  libinit2.o(.ARM.Collect$$libinit$$00000030)
    .ARM.Collect$$libinit$$00000032          0x08000232   Section        0  libinit2.o(.ARM.Collect$$libinit$$00000032)
    .ARM.Collect$$libinit$$00000034          0x08000232   Section        0  libinit2.o(.ARM.Collect$$libinit$$00000034)
    .ARM.Collect$$libinit$$00000035          0x08000232   Section        2  libinit2.o(.ARM.Collect$$libinit$$00000035)
    .ARM.Collect$$libshutdown$$00000000      0x08000234   Section        2  libshutdown.o(.ARM.Collect$$libshutdown$$00000000)
    .ARM.Collect$$libshutdown$$00000002      0x08000236   Section        0  libshutdown2.o(.ARM.Collect$$libshutdown$$00000002)
    .ARM.Collect$$libshutdown$$00000004      0x08000236   Section        0  libshutdown2.o(.ARM.Collect$$libshutdown$$00000004)
    .ARM.Collect$$libshutdown$$00000007      0x08000236   Section        0  libshutdown2.o(.ARM.Collect$$libshutdown$$00000007)
    .ARM.Collect$$libshutdown$$0000000A      0x08000236   Section        0  libshutdown2.o(.ARM.Collect$$libshutdown$$0000000A)
    .ARM.Collect$$libshutdown$$0000000C      0x08000236   Section        0  libshutdown2.o(.ARM.Collect$$libshutdown$$0000000C)
    .ARM.Collect$$libshutdown$$0000000F      0x08000236   Section        0  libshutdown2.o(.ARM.Collect$$libshutdown$$0000000F)
    .ARM.Collect$$libshutdown$$00000010      0x08000236   Section        2  libshutdown2.o(.ARM.Collect$$libshutdown$$00000010)
    .ARM.Collect$$rtentry$$00000000          0x08000238   Section        0  __rtentry.o(.ARM.Collect$$rtentry$$00000000)
    .ARM.Collect$$rtentry$$00000002          0x08000238   Section        0  __rtentry2.o(.ARM.Collect$$rtentry$$00000002)
    .ARM.Collect$$rtentry$$00000004          0x08000238   Section        6  __rtentry4.o(.ARM.Collect$$rtentry$$00000004)
    .ARM.Collect$$rtentry$$00000009          0x0800023e   Section        0  __rtentry2.o(.ARM.Collect$$rtentry$$00000009)
    .ARM.Collect$$rtentry$$0000000A          0x0800023e   Section        4  __rtentry2.o(.ARM.Collect$$rtentry$$0000000A)
    .ARM.Collect$$rtentry$$0000000C          0x08000242   Section        0  __rtentry2.o(.ARM.Collect$$rtentry$$0000000C)
    .ARM.Collect$$rtentry$$0000000D          0x08000242   Section        8  __rtentry2.o(.ARM.Collect$$rtentry$$0000000D)
    .ARM.Collect$$rtexit$$00000000           0x0800024a   Section        2  rtexit.o(.ARM.Collect$$rtexit$$00000000)
    .ARM.Collect$$rtexit$$00000002           0x0800024c   Section        0  rtexit2.o(.ARM.Collect$$rtexit$$00000002)
    .ARM.Collect$$rtexit$$00000003           0x0800024c   Section        4  rtexit2.o(.ARM.Collect$$rtexit$$00000003)
    .ARM.Collect$$rtexit$$00000004           0x08000250   Section        6  rtexit2.o(.ARM.Collect$$rtexit$$00000004)
    .text                                    0x08000258   Section       64  startup_stm32f407xx.o(.text)
    .text                                    0x08000298   Section        0  h1_alloc.o(.text)
    .text                                    0x080002f6   Section        0  h1_free.o(.text)
    .text                                    0x08000344   Section        0  heapauxi.o(.text)
    .text                                    0x0800034c   Section        8  rt_heap_descriptor_intlibspace.o(.text)
    .text                                    0x08000354   Section        0  hguard.o(.text)
    .text                                    0x08000358   Section        0  init_alloc.o(.text)
    .text                                    0x080003e2   Section        0  h1_init.o(.text)
    .text                                    0x080003f0   Section        8  libspace.o(.text)
    .text                                    0x080003f8   Section        0  maybetermalloc1.o(.text)
    .text                                    0x080003f8   Section        0  h1_extend.o(.text)
    .text                                    0x0800042c   Section        0  defsig_rtmem_outer.o(.text)
    .text                                    0x0800043a   Section        2  use_no_semi.o(.text)
    .text                                    0x0800043c   Section        0  indicate_semi.o(.text)
    .text                                    0x0800043c   Section       74  sys_stackheap_outer.o(.text)
    .text                                    0x08000486   Section        0  exit.o(.text)
    .text                                    0x08000498   Section        0  defsig_exit.o(.text)
    .text                                    0x080004a4   Section        0  defsig_rtmem_inner.o(.text)
    .text                                    0x080004f4   Section        0  sys_exit.o(.text)
    .text                                    0x08000500   Section        0  defsig_general.o(.text)
    .text                                    0x08000532   Section        0  sys_wrch.o(.text)
    [Anonymous Symbol]                       0x08000540   Section        0  bsp.o(.text.BSP_init)
    [Anonymous Symbol]                       0x08000640   Section        0  bsp.o(.text.BSP_ledGreenOff)
    [Anonymous Symbol]                       0x08000650   Section        0  bsp.o(.text.BSP_ledGreenOn)
    [Anonymous Symbol]                       0x08000660   Section        0  bsp.o(.text.BSP_ledOrangeToggle)
    [Anonymous Symbol]                       0x08000690   Section        0  bsp.o(.text.BSP_sendMorseCode)
    [Anonymous Symbol]                       0x08000710   Section        0  bsp.o(.text.EXTI0_IRQHandler)
    [Anonymous Symbol]                       0x08000774   Section        0  qxk_port.o(.text.NMI_Handler)
    [Anonymous Symbol]                       0x08000780   Section        0  qxk_port.o(.text.PendSV_Handler)
    PendSV_activate                          0x080007a8   Number         0  qxk_port.o(.text.PendSV_Handler)
    PendSV_save_ao                           0x080007c2   Number         0  qxk_port.o(.text.PendSV_Handler)
    PendSV_restore_ao                        0x080007ca   Number         0  qxk_port.o(.text.PendSV_Handler)
    PendSV_return                            0x080007e4   Number         0  qxk_port.o(.text.PendSV_Handler)
    PendSV_save_ex                           0x080007f0   Number         0  qxk_port.o(.text.PendSV_Handler)
    PendSV_restore_ex                        0x08000804   Number         0  qxk_port.o(.text.PendSV_Handler)
    [Anonymous Symbol]                       0x08000834   Section        0  qf_qact.o(.text.QActive_ctor)
    [Anonymous Symbol]                       0x0800085c   Section        0  qf_actq.o(.text.QActive_get_)
    [Anonymous Symbol]                       0x08000914   Section        0  qf_actq.o(.text.QActive_post_)
    [Anonymous Symbol]                       0x08000ae8   Section        0  qf_qact.o(.text.QActive_register_)
    [Anonymous Symbol]                       0x08000c54   Section        0  qxk.o(.text.QActive_start_)
    [Anonymous Symbol]                       0x08000da8   Section        0  qf_qeq.o(.text.QEQueue_init)
    QEvt_ctor                                0x08000de9   Thumb Code    38  qf_time.o(.text.QEvt_ctor)
    [Anonymous Symbol]                       0x08000de8   Section        0  qf_time.o(.text.QEvt_ctor)
    QEvt_getPoolId_                          0x08000e11   Thumb Code    16  qf_actq.o(.text.QEvt_getPoolId_)
    [Anonymous Symbol]                       0x08000e10   Section        0  qf_actq.o(.text.QEvt_getPoolId_)
    QEvt_getPoolId_                          0x08000e21   Thumb Code    16  qf_dyn.o(.text.QEvt_getPoolId_)
    [Anonymous Symbol]                       0x08000e20   Section        0  qf_dyn.o(.text.QEvt_getPoolId_)
    QEvt_refCtr_dec_                         0x08000e31   Thumb Code    16  qf_dyn.o(.text.QEvt_refCtr_dec_)
    [Anonymous Symbol]                       0x08000e30   Section        0  qf_dyn.o(.text.QEvt_refCtr_dec_)
    QEvt_refCtr_inc_                         0x08000e41   Thumb Code    16  qf_actq.o(.text.QEvt_refCtr_inc_)
    [Anonymous Symbol]                       0x08000e40   Section        0  qf_actq.o(.text.QEvt_refCtr_inc_)
    QEvt_verify_                             0x08000e51   Thumb Code    44  qep_hsm.o(.text.QEvt_verify_)
    [Anonymous Symbol]                       0x08000e50   Section        0  qep_hsm.o(.text.QEvt_verify_)
    QEvt_verify_                             0x08000e7d   Thumb Code    44  qf_actq.o(.text.QEvt_verify_)
    [Anonymous Symbol]                       0x08000e7c   Section        0  qf_actq.o(.text.QEvt_verify_)
    QEvt_verify_                             0x08000ea9   Thumb Code    44  qf_dyn.o(.text.QEvt_verify_)
    [Anonymous Symbol]                       0x08000ea8   Section        0  qf_dyn.o(.text.QEvt_verify_)
    [Anonymous Symbol]                       0x08000ed4   Section        0  qf_act.o(.text.QF_bzero_)
    [Anonymous Symbol]                       0x08000f04   Section        0  qf_dyn.o(.text.QF_gc)
    [Anonymous Symbol]                       0x08000fc0   Section        0  qxk.o(.text.QF_init)
    [Anonymous Symbol]                       0x0800102c   Section        0  bsp.o(.text.QF_onStartup)
    [Anonymous Symbol]                       0x08001070   Section        0  qxk.o(.text.QF_run)
    [Anonymous Symbol]                       0x080010a8   Section        0  qep_hsm.o(.text.QHsm_ctor)
    [Anonymous Symbol]                       0x080010d0   Section        0  qep_hsm.o(.text.QHsm_dispatch_)
    [Anonymous Symbol]                       0x08001308   Section        0  qep_hsm.o(.text.QHsm_init_)
    [Anonymous Symbol]                       0x08001490   Section        0  qep_hsm.o(.text.QHsm_top)
    [Anonymous Symbol]                       0x0800149c   Section        0  qep_hsm.o(.text.QHsm_tran_)
    [Anonymous Symbol]                       0x08001748   Section        0  qf_mem.o(.text.QMPool_put)
    QPSet_findMax                            0x080017c9   Thumb Code    20  qxk_sema.o(.text.QPSet_findMax)
    [Anonymous Symbol]                       0x080017c8   Section        0  qxk_sema.o(.text.QPSet_findMax)
    QPSet_findMax                            0x080017dd   Thumb Code    20  qxk_mutex.o(.text.QPSet_findMax)
    [Anonymous Symbol]                       0x080017dc   Section        0  qxk_mutex.o(.text.QPSet_findMax)
    QPSet_findMax                            0x080017f1   Thumb Code    20  qxk.o(.text.QPSet_findMax)
    [Anonymous Symbol]                       0x080017f0   Section        0  qxk.o(.text.QPSet_findMax)
    QPSet_hasElement                         0x08001805   Thumb Code    24  qxk_sema.o(.text.QPSet_hasElement)
    [Anonymous Symbol]                       0x08001804   Section        0  qxk_sema.o(.text.QPSet_hasElement)
    QPSet_hasElement                         0x0800181d   Thumb Code    24  qxk_mutex.o(.text.QPSet_hasElement)
    [Anonymous Symbol]                       0x0800181c   Section        0  qxk_mutex.o(.text.QPSet_hasElement)
    QPSet_hasElement                         0x08001835   Thumb Code    24  qxk.o(.text.QPSet_hasElement)
    [Anonymous Symbol]                       0x08001834   Section        0  qxk.o(.text.QPSet_hasElement)
    QPSet_insert                             0x0800184d   Thumb Code    26  qf_actq.o(.text.QPSet_insert)
    [Anonymous Symbol]                       0x0800184c   Section        0  qf_actq.o(.text.QPSet_insert)
    QPSet_insert                             0x08001869   Thumb Code    26  qxk_xthr.o(.text.QPSet_insert)
    [Anonymous Symbol]                       0x08001868   Section        0  qxk_xthr.o(.text.QPSet_insert)
    QPSet_insert                             0x08001885   Thumb Code    26  qxk_sema.o(.text.QPSet_insert)
    [Anonymous Symbol]                       0x08001884   Section        0  qxk_sema.o(.text.QPSet_insert)
    QPSet_insert                             0x080018a1   Thumb Code    26  qxk_mutex.o(.text.QPSet_insert)
    [Anonymous Symbol]                       0x080018a0   Section        0  qxk_mutex.o(.text.QPSet_insert)
    QPSet_insert                             0x080018bd   Thumb Code    26  qxk.o(.text.QPSet_insert)
    [Anonymous Symbol]                       0x080018bc   Section        0  qxk.o(.text.QPSet_insert)
    QPSet_isEmpty                            0x080018d9   Thumb Code    18  qxk.o(.text.QPSet_isEmpty)
    [Anonymous Symbol]                       0x080018d8   Section        0  qxk.o(.text.QPSet_isEmpty)
    QPSet_notEmpty                           0x080018ed   Thumb Code    18  qxk_sema.o(.text.QPSet_notEmpty)
    [Anonymous Symbol]                       0x080018ec   Section        0  qxk_sema.o(.text.QPSet_notEmpty)
    QPSet_notEmpty                           0x08001901   Thumb Code    18  qxk_mutex.o(.text.QPSet_notEmpty)
    [Anonymous Symbol]                       0x08001900   Section        0  qxk_mutex.o(.text.QPSet_notEmpty)
    QPSet_remove                             0x08001915   Thumb Code    26  qxk_xthr.o(.text.QPSet_remove)
    [Anonymous Symbol]                       0x08001914   Section        0  qxk_xthr.o(.text.QPSet_remove)
    QPSet_remove                             0x08001931   Thumb Code    26  qxk_sema.o(.text.QPSet_remove)
    [Anonymous Symbol]                       0x08001930   Section        0  qxk_sema.o(.text.QPSet_remove)
    QPSet_remove                             0x0800194d   Thumb Code    26  qxk_mutex.o(.text.QPSet_remove)
    [Anonymous Symbol]                       0x0800194c   Section        0  qxk_mutex.o(.text.QPSet_remove)
    QPSet_remove                             0x08001969   Thumb Code    26  qxk.o(.text.QPSet_remove)
    [Anonymous Symbol]                       0x08001968   Section        0  qxk.o(.text.QPSet_remove)
    QPSet_setEmpty                           0x08001985   Thumb Code    14  qxk_sema.o(.text.QPSet_setEmpty)
    [Anonymous Symbol]                       0x08001984   Section        0  qxk_sema.o(.text.QPSet_setEmpty)
    QPSet_update_                            0x08001995   Thumb Code    20  qf_actq.o(.text.QPSet_update_)
    [Anonymous Symbol]                       0x08001994   Section        0  qf_actq.o(.text.QPSet_update_)
    QPSet_update_                            0x080019a9   Thumb Code    20  qxk_xthr.o(.text.QPSet_update_)
    [Anonymous Symbol]                       0x080019a8   Section        0  qxk_xthr.o(.text.QPSet_update_)
    QPSet_update_                            0x080019bd   Thumb Code    20  qxk_sema.o(.text.QPSet_update_)
    [Anonymous Symbol]                       0x080019bc   Section        0  qxk_sema.o(.text.QPSet_update_)
    QPSet_update_                            0x080019d1   Thumb Code    20  qxk_mutex.o(.text.QPSet_update_)
    [Anonymous Symbol]                       0x080019d0   Section        0  qxk_mutex.o(.text.QPSet_update_)
    QPSet_update_                            0x080019e5   Thumb Code    20  qxk.o(.text.QPSet_update_)
    [Anonymous Symbol]                       0x080019e4   Section        0  qxk.o(.text.QPSet_update_)
    QPSet_verify_                            0x080019f9   Thumb Code    28  qxk.o(.text.QPSet_verify_)
    [Anonymous Symbol]                       0x080019f8   Section        0  qxk.o(.text.QPSet_verify_)
    [Anonymous Symbol]                       0x08001a14   Section        0  qf_time.o(.text.QTimeEvt_ctorX)
    [Anonymous Symbol]                       0x08001a80   Section        0  qf_time.o(.text.QTimeEvt_tick_)
    [Anonymous Symbol]                       0x08001be0   Section        0  qxk.o(.text.QXK_activate_)
    [Anonymous Symbol]                       0x08001de0   Section        0  qxk_port.o(.text.QXK_init)
    [Anonymous Symbol]                       0x08001e30   Section        0  bsp.o(.text.QXK_onIdle)
    [Anonymous Symbol]                       0x08001e48   Section        0  qxk.o(.text.QXK_sched_)
    [Anonymous Symbol]                       0x08001fc0   Section        0  qxk.o(.text.QXK_threadExit_)
    __tagsym$$used.0                         0x08002074   Number         0  qxk_port.o(.text.QXK_thread_ret)
    [Anonymous Symbol]                       0x08002074   Section        0  qxk_port.o(.text.QXK_thread_ret)
    [Anonymous Symbol]                       0x08002084   Section        0  qxk_mutex.o(.text.QXMutex_init)
    [Anonymous Symbol]                       0x080020e8   Section        0  qxk_mutex.o(.text.QXMutex_lock)
    [Anonymous Symbol]                       0x080023a4   Section        0  qxk_mutex.o(.text.QXMutex_unlock)
    [Anonymous Symbol]                       0x08002610   Section        0  qxk_sema.o(.text.QXSemaphore_init)
    [Anonymous Symbol]                       0x08002674   Section        0  qxk_sema.o(.text.QXSemaphore_signal)
    [Anonymous Symbol]                       0x08002774   Section        0  qxk_sema.o(.text.QXSemaphore_wait)
    [Anonymous Symbol]                       0x080028e8   Section        0  qxk_xthr.o(.text.QXThread_block_)
    [Anonymous Symbol]                       0x08002940   Section        0  qxk_xthr.o(.text.QXThread_ctor)
    [Anonymous Symbol]                       0x08002970   Section        0  qxk_xthr.o(.text.QXThread_delay)
    [Anonymous Symbol]                       0x08002a60   Section        0  qxk_port.o(.text.QXThread_stackInit_)
    [Anonymous Symbol]                       0x08002b78   Section        0  qxk_xthr.o(.text.QXThread_teArm_)
    [Anonymous Symbol]                       0x08002c24   Section        0  qxk_xthr.o(.text.QXThread_teDisarm_)
    [Anonymous Symbol]                       0x08002c54   Section        0  qxk_xthr.o(.text.QXThread_timeout_)
    [Anonymous Symbol]                       0x08002c6c   Section        0  qxk_xthr.o(.text.QXThread_unblock_)
    [Anonymous Symbol]                       0x08002cb8   Section        0  bsp.o(.text.Q_onError)
    [Anonymous Symbol]                       0x08002cc4   Section        0  rectangle.o(.text.Rectangle_area)
    [Anonymous Symbol]                       0x08002cd4   Section        0  rectangle.o(.text.Rectangle_ctor)
    [Anonymous Symbol]                       0x08002d14   Section        0  rectangle.o(.text.Rectangle_draw)
    [Anonymous Symbol]                       0x08002d1c   Section        0  shape.o(.text.Shape_ctor)
    [Anonymous Symbol]                       0x08002d3c   Section        0  shape.o(.text.Shape_distanceFrom)
    [Anonymous Symbol]                       0x08002da0   Section        0  shape.o(.text.Shape_moveBy)
    SysTick_Config                           0x08002dc9   Thumb Code    82  bsp.o(.text.SysTick_Config)
    [Anonymous Symbol]                       0x08002dc8   Section        0  bsp.o(.text.SysTick_Config)
    [Anonymous Symbol]                       0x08002e1c   Section        0  bsp.o(.text.SysTick_Handler)
    [Anonymous Symbol]                       0x08002e58   Section        0  system_stm32f4xx.o(.text.SystemCoreClockUpdate)
    [Anonymous Symbol]                       0x08002f88   Section        0  system_stm32f4xx.o(.text.SystemInit)
    __NVIC_EnableIRQ                         0x08002f8d   Thumb Code    48  bsp.o(.text.__NVIC_EnableIRQ)
    [Anonymous Symbol]                       0x08002f8c   Section        0  bsp.o(.text.__NVIC_EnableIRQ)
    __NVIC_SetPriority                       0x08002fbd   Thumb Code    66  bsp.o(.text.__NVIC_SetPriority)
    [Anonymous Symbol]                       0x08002fbc   Section        0  bsp.o(.text.__NVIC_SetPriority)
    __NVIC_SystemReset                       0x08003001   Thumb Code    38  bsp.o(.text.__NVIC_SystemReset)
    [Anonymous Symbol]                       0x08003000   Section        0  bsp.o(.text.__NVIC_SystemReset)
    [Anonymous Symbol]                       0x08003028   Section        0  main.o(.text.main)
    [Anonymous Symbol]                       0x080032dc   Section        0  main.o(.text.main_blinky1)
    [Anonymous Symbol]                       0x080032f8   Section        0  main.o(.text.main_blinky2)
    [Anonymous Symbol]                       0x0800332c   Section        0  main.o(.text.main_blinky3)
    QActive_ctor.vtable                      0x08003360   Data           8  qf_qact.o(.rodata.QActive_ctor.vtable)
    [Anonymous Symbol]                       0x08003360   Section        0  qf_qact.o(.rodata.QActive_ctor.vtable)
    QF_init.idle_ao                          0x08003378   Data          40  qxk.o(.rodata.QF_init.idle_ao)
    [Anonymous Symbol]                       0x08003378   Section        0  qxk.o(.rodata.QF_init.idle_ao)
    QHsm_ctor.vtable                         0x080033a0   Data           8  qep_hsm.o(.rodata.QHsm_ctor.vtable)
    [Anonymous Symbol]                       0x080033a0   Section        0  qep_hsm.o(.rodata.QHsm_ctor.vtable)
    Q_this_module_                           0x080033a8   Data           7  main.o(.rodata.Q_this_module_)
    [Anonymous Symbol]                       0x080033a8   Section        0  main.o(.rodata.Q_this_module_)
    Q_this_module_                           0x080033af   Data           8  qep_hsm.o(.rodata.Q_this_module_)
    [Anonymous Symbol]                       0x080033af   Section        0  qep_hsm.o(.rodata.Q_this_module_)
    Q_this_module_                           0x080033b7   Data           8  qf_actq.o(.rodata.Q_this_module_)
    [Anonymous Symbol]                       0x080033b7   Section        0  qf_actq.o(.rodata.Q_this_module_)
    Q_this_module_                           0x080033bf   Data           7  qf_dyn.o(.rodata.Q_this_module_)
    [Anonymous Symbol]                       0x080033bf   Section        0  qf_dyn.o(.rodata.Q_this_module_)
    Q_this_module_                           0x080033c6   Data           7  qf_mem.o(.rodata.Q_this_module_)
    [Anonymous Symbol]                       0x080033c6   Section        0  qf_mem.o(.rodata.Q_this_module_)
    Q_this_module_                           0x080033cd   Data           8  qf_qact.o(.rodata.Q_this_module_)
    [Anonymous Symbol]                       0x080033cd   Section        0  qf_qact.o(.rodata.Q_this_module_)
    Q_this_module_                           0x080033d5   Data           8  qf_time.o(.rodata.Q_this_module_)
    [Anonymous Symbol]                       0x080033d5   Section        0  qf_time.o(.rodata.Q_this_module_)
    Q_this_module_                           0x080033dd   Data           9  qxk_xthr.o(.rodata.Q_this_module_)
    [Anonymous Symbol]                       0x080033dd   Section        0  qxk_xthr.o(.rodata.Q_this_module_)
    Q_this_module_                           0x080033e6   Data           9  qxk_sema.o(.rodata.Q_this_module_)
    [Anonymous Symbol]                       0x080033e6   Section        0  qxk_sema.o(.rodata.Q_this_module_)
    Q_this_module_                           0x080033ef   Data          10  qxk_mutex.o(.rodata.Q_this_module_)
    [Anonymous Symbol]                       0x080033ef   Section        0  qxk_mutex.o(.rodata.Q_this_module_)
    Q_this_module_                           0x080033f9   Data           4  qxk.o(.rodata.Q_this_module_)
    [Anonymous Symbol]                       0x080033f9   Section        0  qxk.o(.rodata.Q_this_module_)
    .bss                                     0x20000008   Section       96  libspace.o(.bss)
    Morse_mutex                              0x20000068   Data          44  bsp.o(.bss.Morse_mutex)
    [Anonymous Symbol]                       0x20000068   Section        0  bsp.o(.bss.Morse_mutex)
    Heap_Mem                                 0x20000438   Data         512  startup_stm32f407xx.o(HEAP)
    HEAP                                     0x20000438   Section      512  startup_stm32f407xx.o(HEAP)
    Stack_Mem                                0x20000638   Data        1024  startup_stm32f407xx.o(STACK)
    STACK                                    0x20000638   Section     1024  startup_stm32f407xx.o(STACK)
    __initial_sp                             0x20000a38   Data           0  startup_stm32f407xx.o(STACK)

    Global Symbols

    Symbol Name                              Value     Ov Type        Size  Object(Section)

    BuildAttributes$$THM_ISAv4$E$P$D$K$B$S$7EM$PE$A:L22UL41UL21$X:L11$S22US41US21$IEEE1$IW$~IW$USESV6$~STKCKD$USESV7$~SHL$OTIME$ROPI$EBA8$UX$STANDARDLIB$REQ8$PRES8$EABIv2 0x00000000   Number         0  anon$$obj.o ABSOLUTE
    __fp_init_empty                          0x00000000   Number         0  fpinit_empty.o ABSOLUTE
    __ARM_exceptions_init                     - Undefined Weak Reference
    __alloca_initialize                       - Undefined Weak Reference
    __arm_preinit_                            - Undefined Weak Reference
    __arm_relocate_pie_                       - Undefined Weak Reference
    __cpp_initialize__aeabi_                  - Undefined Weak Reference
    __cxa_finalize                            - Undefined Weak Reference
    __rt_locale                               - Undefined Weak Reference
    __sigvec_lookup                           - Undefined Weak Reference
    __user_heap_extent                        - Undefined Weak Reference
    _atexit_init                              - Undefined Weak Reference
    _call_atexit_fns                          - Undefined Weak Reference
    _clock_init                               - Undefined Weak Reference
    _fp_trap_init                             - Undefined Weak Reference
    _fp_trap_shutdown                         - Undefined Weak Reference
    _get_lc_collate                           - Undefined Weak Reference
    _get_lc_ctype                             - Undefined Weak Reference
    _get_lc_monetary                          - Undefined Weak Reference
    _get_lc_numeric                           - Undefined Weak Reference
    _get_lc_time                              - Undefined Weak Reference
    _getenv_init                              - Undefined Weak Reference
    _handle_redirection                       - Undefined Weak Reference
    _initio                                   - Undefined Weak Reference
    _mutex_acquire                            - Undefined Weak Reference
    _mutex_free                               - Undefined Weak Reference
    _mutex_release                            - Undefined Weak Reference
    _rand_init                                - Undefined Weak Reference
    _signal_finish                            - Undefined Weak Reference
    _signal_init                              - Undefined Weak Reference
    _terminateio                              - Undefined Weak Reference
    __Vectors_Size                           0x00000188   Number         0  startup_stm32f407xx.o ABSOLUTE
    __Vectors                                0x08000000   Data           4  startup_stm32f407xx.o(RESET)
    __Vectors_End                            0x08000188   Data           0  startup_stm32f407xx.o(RESET)
    __main                                   0x08000189   Thumb Code     8  __main.o(!!!main)
    __scatterload                            0x08000191   Thumb Code     0  __scatter.o(!!!scatter)
    __scatterload_rt2                        0x08000191   Thumb Code    84  __scatter.o(!!!scatter)
    __scatterload_rt2_thumb_only             0x08000191   Thumb Code     0  __scatter.o(!!!scatter)
    __scatterload_loop                       0x0800019b   Thumb Code     0  __scatter.o(!!!scatter)
    __scatterload_copy                       0x080001ed   Thumb Code    26  __scatter_copy.o(!!handler_copy)
    __scatterload_null                       0x08000209   Thumb Code     2  __scatter.o(!!handler_null)
    __scatterload_zeroinit                   0x0800020d   Thumb Code    28  __scatter_zi.o(!!handler_zi)
    __rt_lib_init                            0x08000229   Thumb Code     0  libinit.o(.ARM.Collect$$libinit$$00000000)
    __rt_lib_init_fp_1                       0x0800022b   Thumb Code     0  libinit2.o(.ARM.Collect$$libinit$$00000002)
    __rt_lib_init_heap_2                     0x0800022b   Thumb Code     0  libinit2.o(.ARM.Collect$$libinit$$00000007)
    __rt_lib_init_preinit_1                  0x0800022b   Thumb Code     0  libinit2.o(.ARM.Collect$$libinit$$00000006)
    __rt_lib_init_relocate_pie_1             0x0800022b   Thumb Code     0  libinit2.o(.ARM.Collect$$libinit$$00000004)
    __rt_lib_init_alloca_1                   0x08000233   Thumb Code     0  libinit2.o(.ARM.Collect$$libinit$$00000030)
    __rt_lib_init_argv_1                     0x08000233   Thumb Code     0  libinit2.o(.ARM.Collect$$libinit$$0000002E)
    __rt_lib_init_atexit_1                   0x08000233   Thumb Code     0  libinit2.o(.ARM.Collect$$libinit$$0000001D)
    __rt_lib_init_clock_1                    0x08000233   Thumb Code     0  libinit2.o(.ARM.Collect$$libinit$$00000023)
    __rt_lib_init_cpp_1                      0x08000233   Thumb Code     0  libinit2.o(.ARM.Collect$$libinit$$00000034)
    __rt_lib_init_exceptions_1               0x08000233   Thumb Code     0  libinit2.o(.ARM.Collect$$libinit$$00000032)
    __rt_lib_init_fp_trap_1                  0x08000233   Thumb Code     0  libinit2.o(.ARM.Collect$$libinit$$00000021)
    __rt_lib_init_getenv_1                   0x08000233   Thumb Code     0  libinit2.o(.ARM.Collect$$libinit$$00000025)
    __rt_lib_init_heap_1                     0x08000233   Thumb Code     0  libinit2.o(.ARM.Collect$$libinit$$0000000C)
    __rt_lib_init_lc_collate_1               0x08000233   Thumb Code     0  libinit2.o(.ARM.Collect$$libinit$$00000013)
    __rt_lib_init_lc_ctype_1                 0x08000233   Thumb Code     0  libinit2.o(.ARM.Collect$$libinit$$00000015)
    __rt_lib_init_lc_monetary_1              0x08000233   Thumb Code     0  libinit2.o(.ARM.Collect$$libinit$$00000017)
    __rt_lib_init_lc_numeric_1               0x08000233   Thumb Code     0  libinit2.o(.ARM.Collect$$libinit$$00000019)
    __rt_lib_init_lc_time_1                  0x08000233   Thumb Code     0  libinit2.o(.ARM.Collect$$libinit$$0000001B)
    __rt_lib_init_rand_1                     0x08000233   Thumb Code     0  libinit2.o(.ARM.Collect$$libinit$$00000010)
    __rt_lib_init_return                     0x08000233   Thumb Code     0  libinit2.o(.ARM.Collect$$libinit$$00000035)
    __rt_lib_init_signal_1                   0x08000233   Thumb Code     0  libinit2.o(.ARM.Collect$$libinit$$0000001F)
    __rt_lib_init_stdio_1                    0x08000233   Thumb Code     0  libinit2.o(.ARM.Collect$$libinit$$00000027)
    __rt_lib_init_user_alloc_1               0x08000233   Thumb Code     0  libinit2.o(.ARM.Collect$$libinit$$0000000E)
    __rt_lib_shutdown                        0x08000235   Thumb Code     0  libshutdown.o(.ARM.Collect$$libshutdown$$00000000)
    __rt_lib_shutdown_cpp_1                  0x08000237   Thumb Code     0  libshutdown2.o(.ARM.Collect$$libshutdown$$00000002)
    __rt_lib_shutdown_fp_trap_1              0x08000237   Thumb Code     0  libshutdown2.o(.ARM.Collect$$libshutdown$$00000007)
    __rt_lib_shutdown_heap_1                 0x08000237   Thumb Code     0  libshutdown2.o(.ARM.Collect$$libshutdown$$0000000F)
    __rt_lib_shutdown_return                 0x08000237   Thumb Code     0  libshutdown2.o(.ARM.Collect$$libshutdown$$00000010)
    __rt_lib_shutdown_signal_1               0x08000237   Thumb Code     0  libshutdown2.o(.ARM.Collect$$libshutdown$$0000000A)
    __rt_lib_shutdown_stdio_1                0x08000237   Thumb Code     0  libshutdown2.o(.ARM.Collect$$libshutdown$$00000004)
    __rt_lib_shutdown_user_alloc_1           0x08000237   Thumb Code     0  libshutdown2.o(.ARM.Collect$$libshutdown$$0000000C)
    __rt_entry                               0x08000239   Thumb Code     0  __rtentry.o(.ARM.Collect$$rtentry$$00000000)
    __rt_entry_presh_1                       0x08000239   Thumb Code     0  __rtentry2.o(.ARM.Collect$$rtentry$$00000002)
    __rt_entry_sh                            0x08000239   Thumb Code     0  __rtentry4.o(.ARM.Collect$$rtentry$$00000004)
    __rt_entry_li                            0x0800023f   Thumb Code     0  __rtentry2.o(.ARM.Collect$$rtentry$$0000000A)
    __rt_entry_postsh_1                      0x0800023f   Thumb Code     0  __rtentry2.o(.ARM.Collect$$rtentry$$00000009)
    __rt_entry_main                          0x08000243   Thumb Code     0  __rtentry2.o(.ARM.Collect$$rtentry$$0000000D)
    __rt_entry_postli_1                      0x08000243   Thumb Code     0  __rtentry2.o(.ARM.Collect$$rtentry$$0000000C)
    __rt_exit                                0x0800024b   Thumb Code     0  rtexit.o(.ARM.Collect$$rtexit$$00000000)
    __rt_exit_ls                             0x0800024d   Thumb Code     0  rtexit2.o(.ARM.Collect$$rtexit$$00000003)
    __rt_exit_prels_1                        0x0800024d   Thumb Code     0  rtexit2.o(.ARM.Collect$$rtexit$$00000002)
    __rt_exit_exit                           0x08000251   Thumb Code     0  rtexit2.o(.ARM.Collect$$rtexit$$00000004)
    Reset_Handler                            0x08000259   Thumb Code     8  startup_stm32f407xx.o(.text)
    HardFault_Handler                        0x08000263   Thumb Code     2  startup_stm32f407xx.o(.text)
    MemManage_Handler                        0x08000265   Thumb Code     2  startup_stm32f407xx.o(.text)
    BusFault_Handler                         0x08000267   Thumb Code     2  startup_stm32f407xx.o(.text)
    UsageFault_Handler                       0x08000269   Thumb Code     2  startup_stm32f407xx.o(.text)
    SVC_Handler                              0x0800026b   Thumb Code     2  startup_stm32f407xx.o(.text)
    DebugMon_Handler                         0x0800026d   Thumb Code     2  startup_stm32f407xx.o(.text)
    ADC_IRQHandler                           0x08000273   Thumb Code     0  startup_stm32f407xx.o(.text)
    CAN1_RX0_IRQHandler                      0x08000273   Thumb Code     0  startup_stm32f407xx.o(.text)
    CAN1_RX1_IRQHandler                      0x08000273   Thumb Code     0  startup_stm32f407xx.o(.text)
    CAN1_SCE_IRQHandler                      0x08000273   Thumb Code     0  startup_stm32f407xx.o(.text)
    CAN1_TX_IRQHandler                       0x08000273   Thumb Code     0  startup_stm32f407xx.o(.text)
    CAN2_RX0_IRQHandler                      0x08000273   Thumb Code     0  startup_stm32f407xx.o(.text)
    CAN2_RX1_IRQHandler                      0x08000273   Thumb Code     0  startup_stm32f407xx.o(.text)
    CAN2_SCE_IRQHandler                      0x08000273   Thumb Code     0  startup_stm32f407xx.o(.text)
    CAN2_TX_IRQHandler                       0x08000273   Thumb Code     0  startup_stm32f407xx.o(.text)
    DCMI_IRQHandler                          0x08000273   Thumb Code     0  startup_stm32f407xx.o(.text)
    DMA1_Stream0_IRQHandler                  0x08000273   Thumb Code     0  startup_stm32f407xx.o(.text)
    DMA1_Stream1_IRQHandler                  0x08000273   Thumb Code     0  startup_stm32f407xx.o(.text)
    DMA1_Stream2_IRQHandler                  0x08000273   Thumb Code     0  startup_stm32f407xx.o(.text)
    DMA1_Stream3_IRQHandler                  0x08000273   Thumb Code     0  startup_stm32f407xx.o(.text)
    DMA1_Stream4_IRQHandler                  0x08000273   Thumb Code     0  startup_stm32f407xx.o(.text)
    DMA1_Stream5_IRQHandler                  0x08000273   Thumb Code     0  startup_stm32f407xx.o(.text)
    DMA1_Stream6_IRQHandler                  0x08000273   Thumb Code     0  startup_stm32f407xx.o(.text)
    DMA1_Stream7_IRQHandler                  0x08000273   Thumb Code     0  startup_stm32f407xx.o(.text)
    DMA2_Stream0_IRQHandler                  0x08000273   Thumb Code     0  startup_stm32f407xx.o(.text)
    DMA2_Stream1_IRQHandler                  0x08000273   Thumb Code     0  startup_stm32f407xx.o(.text)
    DMA2_Stream2_IRQHandler                  0x08000273   Thumb Code     0  startup_stm32f407xx.o(.text)
    DMA2_Stream3_IRQHandler                  0x08000273   Thumb Code     0  startup_stm32f407xx.o(.text)
    DMA2_Stream4_IRQHandler                  0x08000273   Thumb Code     0  startup_stm32f407xx.o(.text)
    DMA2_Stream5_IRQHandler                  0x08000273   Thumb Code     0  startup_stm32f407xx.o(.text)
    DMA2_Stream6_IRQHandler                  0x08000273   Thumb Code     0  startup_stm32f407xx.o(.text)
    DMA2_Stream7_IRQHandler                  0x08000273   Thumb Code     0  startup_stm32f407xx.o(.text)
    ETH_IRQHandler                           0x08000273   Thumb Code     0  startup_stm32f407xx.o(.text)
    ETH_WKUP_IRQHandler                      0x08000273   Thumb Code     0  startup_stm32f407xx.o(.text)
    EXTI15_10_IRQHandler                     0x08000273   Thumb Code     0  startup_stm32f407xx.o(.text)
    EXTI1_IRQHandler                         0x08000273   Thumb Code     0  startup_stm32f407xx.o(.text)
    EXTI2_IRQHandler                         0x08000273   Thumb Code     0  startup_stm32f407xx.o(.text)
    EXTI3_IRQHandler                         0x08000273   Thumb Code     0  startup_stm32f407xx.o(.text)
    EXTI4_IRQHandler                         0x08000273   Thumb Code     0  startup_stm32f407xx.o(.text)
    EXTI9_5_IRQHandler                       0x08000273   Thumb Code     0  startup_stm32f407xx.o(.text)
    FLASH_IRQHandler                         0x08000273   Thumb Code     0  startup_stm32f407xx.o(.text)
    FMC_IRQHandler                           0x08000273   Thumb Code     0  startup_stm32f407xx.o(.text)
    FPU_IRQHandler                           0x08000273   Thumb Code     0  startup_stm32f407xx.o(.text)
    HASH_RNG_IRQHandler                      0x08000273   Thumb Code     0  startup_stm32f407xx.o(.text)
    I2C1_ER_IRQHandler                       0x08000273   Thumb Code     0  startup_stm32f407xx.o(.text)
    I2C1_EV_IRQHandler                       0x08000273   Thumb Code     0  startup_stm32f407xx.o(.text)
    I2C2_ER_IRQHandler                       0x08000273   Thumb Code     0  startup_stm32f407xx.o(.text)
    I2C2_EV_IRQHandler                       0x08000273   Thumb Code     0  startup_stm32f407xx.o(.text)
    I2C3_ER_IRQHandler                       0x08000273   Thumb Code     0  startup_stm32f407xx.o(.text)
    I2C3_EV_IRQHandler                       0x08000273   Thumb Code     0  startup_stm32f407xx.o(.text)
    OTG_FS_IRQHandler                        0x08000273   Thumb Code     0  startup_stm32f407xx.o(.text)
    OTG_FS_WKUP_IRQHandler                   0x08000273   Thumb Code     0  startup_stm32f407xx.o(.text)
    OTG_HS_EP1_IN_IRQHandler                 0x08000273   Thumb Code     0  startup_stm32f407xx.o(.text)
    OTG_HS_EP1_OUT_IRQHandler                0x08000273   Thumb Code     0  startup_stm32f407xx.o(.text)
    OTG_HS_IRQHandler                        0x08000273   Thumb Code     0  startup_stm32f407xx.o(.text)
    OTG_HS_WKUP_IRQHandler                   0x08000273   Thumb Code     0  startup_stm32f407xx.o(.text)
    PVD_IRQHandler                           0x08000273   Thumb Code     0  startup_stm32f407xx.o(.text)
    RCC_IRQHandler                           0x08000273   Thumb Code     0  startup_stm32f407xx.o(.text)
    RTC_Alarm_IRQHandler                     0x08000273   Thumb Code     0  startup_stm32f407xx.o(.text)
    RTC_WKUP_IRQHandler                      0x08000273   Thumb Code     0  startup_stm32f407xx.o(.text)
    SDIO_IRQHandler                          0x08000273   Thumb Code     0  startup_stm32f407xx.o(.text)
    SPI1_IRQHandler                          0x08000273   Thumb Code     0  startup_stm32f407xx.o(.text)
    SPI2_IRQHandler                          0x08000273   Thumb Code     0  startup_stm32f407xx.o(.text)
    SPI3_IRQHandler                          0x08000273   Thumb Code     0  startup_stm32f407xx.o(.text)
    TAMP_STAMP_IRQHandler                    0x08000273   Thumb Code     0  startup_stm32f407xx.o(.text)
    TIM1_BRK_TIM9_IRQHandler                 0x08000273   Thumb Code     0  startup_stm32f407xx.o(.text)
    TIM1_CC_IRQHandler                       0x08000273   Thumb Code     0  startup_stm32f407xx.o(.text)
    TIM1_TRG_COM_TIM11_IRQHandler            0x08000273   Thumb Code     0  startup_stm32f407xx.o(.text)
    TIM1_UP_TIM10_IRQHandler                 0x08000273   Thumb Code     0  startup_stm32f407xx.o(.text)
    TIM2_IRQHandler                          0x08000273   Thumb Code     0  startup_stm32f407xx.o(.text)
    TIM3_IRQHandler                          0x08000273   Thumb Code     0  startup_stm32f407xx.o(.text)
    TIM4_IRQHandler                          0x08000273   Thumb Code     0  startup_stm32f407xx.o(.text)
    TIM5_IRQHandler                          0x08000273   Thumb Code     0  startup_stm32f407xx.o(.text)
    TIM6_DAC_IRQHandler                      0x08000273   Thumb Code     0  startup_stm32f407xx.o(.text)
    TIM7_IRQHandler                          0x08000273   Thumb Code     0  startup_stm32f407xx.o(.text)
    TIM8_BRK_TIM12_IRQHandler                0x08000273   Thumb Code     0  startup_stm32f407xx.o(.text)
    TIM8_CC_IRQHandler                       0x08000273   Thumb Code     0  startup_stm32f407xx.o(.text)
    TIM8_TRG_COM_TIM14_IRQHandler            0x08000273   Thumb Code     0  startup_stm32f407xx.o(.text)
    TIM8_UP_TIM13_IRQHandler                 0x08000273   Thumb Code     0  startup_stm32f407xx.o(.text)
    UART4_IRQHandler                         0x08000273   Thumb Code     0  startup_stm32f407xx.o(.text)
    UART5_IRQHandler                         0x08000273   Thumb Code     0  startup_stm32f407xx.o(.text)
    USART1_IRQHandler                        0x08000273   Thumb Code     0  startup_stm32f407xx.o(.text)
    USART2_IRQHandler                        0x08000273   Thumb Code     0  startup_stm32f407xx.o(.text)
    USART3_IRQHandler                        0x08000273   Thumb Code     0  startup_stm32f407xx.o(.text)
    USART6_IRQHandler                        0x08000273   Thumb Code     0  startup_stm32f407xx.o(.text)
    WWDG_IRQHandler                          0x08000273   Thumb Code     0  startup_stm32f407xx.o(.text)
    __user_initial_stackheap                 0x08000275   Thumb Code     0  startup_stm32f407xx.o(.text)
    malloc                                   0x08000299   Thumb Code    94  h1_alloc.o(.text)
    free                                     0x080002f7   Thumb Code    78  h1_free.o(.text)
    __use_two_region_memory                  0x08000345   Thumb Code     2  heapauxi.o(.text)
    __rt_heap_escrow                         0x08000347   Thumb Code     2  heapauxi.o(.text)
    __rt_heap_expand                         0x08000349   Thumb Code     2  heapauxi.o(.text)
    __rt_heap_descriptor                     0x0800034d   Thumb Code     8  rt_heap_descriptor_intlibspace.o(.text)
    __use_no_heap                            0x08000355   Thumb Code     2  hguard.o(.text)
    __heap$guard                             0x08000357   Thumb Code     2  hguard.o(.text)
    _terminate_user_alloc                    0x08000359   Thumb Code     2  init_alloc.o(.text)
    _init_user_alloc                         0x0800035b   Thumb Code     2  init_alloc.o(.text)
    __Heap_Full                              0x0800035d   Thumb Code    34  init_alloc.o(.text)
    __Heap_Broken                            0x0800037f   Thumb Code     6  init_alloc.o(.text)
    _init_alloc                              0x08000385   Thumb Code    94  init_alloc.o(.text)
    __Heap_Initialize                        0x080003e3   Thumb Code     8  h1_init.o(.text)
    __Heap_DescSize                          0x080003eb   Thumb Code     4  h1_init.o(.text)
    __user_libspace                          0x080003f1   Thumb Code     8  libspace.o(.text)
    __user_perproc_libspace                  0x080003f1   Thumb Code     0  libspace.o(.text)
    __user_perthread_libspace                0x080003f1   Thumb Code     0  libspace.o(.text)
    __Heap_ProvideMemory                     0x080003f9   Thumb Code    52  h1_extend.o(.text)
    _maybe_terminate_alloc                   0x080003f9   Thumb Code     0  maybetermalloc1.o(.text)
    __rt_SIGRTMEM                            0x0800042d   Thumb Code    14  defsig_rtmem_outer.o(.text)
    __I$use$semihosting                      0x0800043b   Thumb Code     0  use_no_semi.o(.text)
    __use_no_semihosting_swi                 0x0800043b   Thumb Code     2  use_no_semi.o(.text)
    __semihosting_library_function           0x0800043d   Thumb Code     0  indicate_semi.o(.text)
    __user_setup_stackheap                   0x0800043d   Thumb Code    74  sys_stackheap_outer.o(.text)
    exit                                     0x08000487   Thumb Code    18  exit.o(.text)
    __sig_exit                               0x08000499   Thumb Code    10  defsig_exit.o(.text)
    __rt_SIGRTMEM_inner                      0x080004a5   Thumb Code    22  defsig_rtmem_inner.o(.text)
    _sys_exit                                0x080004f5   Thumb Code     8  sys_exit.o(.text)
    __default_signal_display                 0x08000501   Thumb Code    50  defsig_general.o(.text)
    _ttywrch                                 0x08000533   Thumb Code    14  sys_wrch.o(.text)
    BSP_init                                 0x08000541   Thumb Code   256  bsp.o(.text.BSP_init)
    BSP_ledGreenOff                          0x08000641   Thumb Code    16  bsp.o(.text.BSP_ledGreenOff)
    BSP_ledGreenOn                           0x08000651   Thumb Code    16  bsp.o(.text.BSP_ledGreenOn)
    BSP_ledOrangeToggle                      0x08000661   Thumb Code    48  bsp.o(.text.BSP_ledOrangeToggle)
    BSP_sendMorseCode                        0x08000691   Thumb Code   128  bsp.o(.text.BSP_sendMorseCode)
    EXTI0_IRQHandler                         0x08000711   Thumb Code    98  bsp.o(.text.EXTI0_IRQHandler)
    NMI_Handler                              0x08000775   Thumb Code    10  qxk_port.o(.text.NMI_Handler)
    PendSV_Handler                           0x08000781   Thumb Code   162  qxk_port.o(.text.PendSV_Handler)
    QActive_ctor                             0x08000835   Thumb Code    40  qf_qact.o(.text.QActive_ctor)
    QActive_get_                             0x0800085d   Thumb Code   184  qf_actq.o(.text.QActive_get_)
    QActive_post_                            0x08000915   Thumb Code   466  qf_actq.o(.text.QActive_post_)
    QActive_register_                        0x08000ae9   Thumb Code   362  qf_qact.o(.text.QActive_register_)
    QActive_start_                           0x08000c55   Thumb Code   338  qxk.o(.text.QActive_start_)
    QEQueue_init                             0x08000da9   Thumb Code    64  qf_qeq.o(.text.QEQueue_init)
    QF_bzero_                                0x08000ed5   Thumb Code    48  qf_act.o(.text.QF_bzero_)
    QF_gc                                    0x08000f05   Thumb Code   186  qf_dyn.o(.text.QF_gc)
    QF_init                                  0x08000fc1   Thumb Code   106  qxk.o(.text.QF_init)
    QF_onStartup                             0x0800102d   Thumb Code    68  bsp.o(.text.QF_onStartup)
    QF_run                                   0x08001071   Thumb Code    56  qxk.o(.text.QF_run)
    QHsm_ctor                                0x080010a9   Thumb Code    40  qep_hsm.o(.text.QHsm_ctor)
    QHsm_dispatch_                           0x080010d1   Thumb Code   568  qep_hsm.o(.text.QHsm_dispatch_)
    QHsm_init_                               0x08001309   Thumb Code   390  qep_hsm.o(.text.QHsm_init_)
    QHsm_top                                 0x08001491   Thumb Code    12  qep_hsm.o(.text.QHsm_top)
    QHsm_tran_                               0x0800149d   Thumb Code   682  qep_hsm.o(.text.QHsm_tran_)
    QMPool_put                               0x08001749   Thumb Code   128  qf_mem.o(.text.QMPool_put)
    QTimeEvt_ctorX                           0x08001a15   Thumb Code   106  qf_time.o(.text.QTimeEvt_ctorX)
    QTimeEvt_tick_                           0x08001a81   Thumb Code   350  qf_time.o(.text.QTimeEvt_tick_)
    QXK_activate_                            0x08001be1   Thumb Code   512  qxk.o(.text.QXK_activate_)
    QXK_init                                 0x08001de1   Thumb Code    80  qxk_port.o(.text.QXK_init)
    QXK_onIdle                               0x08001e31   Thumb Code    22  bsp.o(.text.QXK_onIdle)
    QXK_sched_                               0x08001e49   Thumb Code   376  qxk.o(.text.QXK_sched_)
    QXK_threadExit_                          0x08001fc1   Thumb Code   180  qxk.o(.text.QXK_threadExit_)
    QXK_thread_ret                           0x08002075   Thumb Code    10  qxk_port.o(.text.QXK_thread_ret)
    QXMutex_init                             0x08002085   Thumb Code    98  qxk_mutex.o(.text.QXMutex_init)
    QXMutex_lock                             0x080020e9   Thumb Code   700  qxk_mutex.o(.text.QXMutex_lock)
    QXMutex_unlock                           0x080023a5   Thumb Code   618  qxk_mutex.o(.text.QXMutex_unlock)
    QXSemaphore_init                         0x08002611   Thumb Code    98  qxk_sema.o(.text.QXSemaphore_init)
    QXSemaphore_signal                       0x08002675   Thumb Code   254  qxk_sema.o(.text.QXSemaphore_signal)
    QXSemaphore_wait                         0x08002775   Thumb Code   370  qxk_sema.o(.text.QXSemaphore_wait)
    QXThread_block_                          0x080028e9   Thumb Code    88  qxk_xthr.o(.text.QXThread_block_)
    QXThread_ctor                            0x08002941   Thumb Code    46  qxk_xthr.o(.text.QXThread_ctor)
    QXThread_delay                           0x08002971   Thumb Code   238  qxk_xthr.o(.text.QXThread_delay)
    QXThread_stackInit_                      0x08002a61   Thumb Code   278  qxk_port.o(.text.QXThread_stackInit_)
    QXThread_teArm_                          0x08002b79   Thumb Code   172  qxk_xthr.o(.text.QXThread_teArm_)
    QXThread_teDisarm_                       0x08002c25   Thumb Code    46  qxk_xthr.o(.text.QXThread_teDisarm_)
    QXThread_timeout_                        0x08002c55   Thumb Code    22  qxk_xthr.o(.text.QXThread_timeout_)
    QXThread_unblock_                        0x08002c6d   Thumb Code    76  qxk_xthr.o(.text.QXThread_unblock_)
    Q_onError                                0x08002cb9   Thumb Code    10  bsp.o(.text.Q_onError)
    Rectangle_area                           0x08002cc5   Thumb Code    16  rectangle.o(.text.Rectangle_area)
    Rectangle_ctor                           0x08002cd5   Thumb Code    62  rectangle.o(.text.Rectangle_ctor)
    Rectangle_draw                           0x08002d15   Thumb Code     8  rectangle.o(.text.Rectangle_draw)
    Shape_ctor                               0x08002d1d   Thumb Code    32  shape.o(.text.Shape_ctor)
    Shape_distanceFrom                       0x08002d3d   Thumb Code    98  shape.o(.text.Shape_distanceFrom)
    Shape_moveBy                             0x08002da1   Thumb Code    40  shape.o(.text.Shape_moveBy)
    SysTick_Handler                          0x08002e1d   Thumb Code    60  bsp.o(.text.SysTick_Handler)
    SystemCoreClockUpdate                    0x08002e59   Thumb Code   302  system_stm32f4xx.o(.text.SystemCoreClockUpdate)
    SystemInit                               0x08002f89   Thumb Code     2  system_stm32f4xx.o(.text.SystemInit)
    main                                     0x08003029   Thumb Code   690  main.o(.text.main)
    main_blinky1                             0x080032dd   Thumb Code    28  main.o(.text.main_blinky1)
    main_blinky2                             0x080032f9   Thumb Code    52  main.o(.text.main_blinky2)
    main_blinky3                             0x0800332d   Thumb Code    36  main.o(.text.main_blinky3)
    AHBPrescTable                            0x08003350   Data          16  system_stm32f4xx.o(.rodata.AHBPrescTable)
    QEvt_reserved_                           0x08003368   Data          16  qep_hsm.o(.rodata.QEvt_reserved_)
    Region$$Table$$Base                      0x08003400   Number         0  anon$$obj.o(Region$$Table)
    Region$$Table$$Limit                     0x08003420   Number         0  anon$$obj.o(Region$$Table)
    SystemCoreClock                          0x20000000   Data           4  system_stm32f4xx.o(.data.SystemCoreClock)
    __libspace_start                         0x20000008   Data          96  libspace.o(.bss)
    __temporary_stack_top$libspace           0x20000068   Data           0  libspace.o(.bss)
    QActive_registry_                        0x20000094   Data         132  qf_act.o(.bss.QActive_registry_)
    QF_priv_                                 0x20000118   Data          64  qf_act.o(.bss.QF_priv_)
    QTimeEvt_timeEvtHead_                    0x20000158   Data          20  qf_time.o(.bss.QTimeEvt_timeEvtHead_)
    QXK_priv_                                0x2000016c   Data          32  qxk.o(.bss.QXK_priv_)
    SW1_sema                                 0x2000018c   Data           8  main.o(.bss.SW1_sema)
    a                                        0x20000194   Data           4  main.o(.bss.a)
    blinky1                                  0x20000198   Data          60  main.o(.bss.blinky1)
    blinky2                                  0x200001d4   Data          60  main.o(.bss.blinky2)
    blinky3                                  0x20000210   Data          60  main.o(.bss.blinky3)
    r1                                       0x2000024c   Data           8  main.o(.bss.r1)
    s1                                       0x20000254   Data           4  main.o(.bss.s1)
    stack_blinky1                            0x20000258   Data         160  main.o(.bss.stack_blinky1)
    stack_blinky2                            0x200002f8   Data         160  main.o(.bss.stack_blinky2)
    stack_blinky3                            0x20000398   Data         160  main.o(.bss.stack_blinky3)



==============================================================================

Memory Map of the image

  Image Entry point : 0x08000259

  Load Region LR_1 (Base: 0x08000000, Size: 0x00003424, Max: 0xffffffff, ABSOLUTE)

    Execution Region ER_RO (Exec base: 0x08000000, Load base: 0x08000000, Size: 0x00003420, Max: 0xffffffff, ABSOLUTE)

    Exec Addr    Load Addr    Size         Type   Attr      Idx    E Section Name        Object

    0x08000000   0x08000000   0x00000188   Data   RO          821    RESET               startup_stm32f407xx.o
    0x08000188   0x08000188   0x00000008   Code   RO          910  * !!!main             c_w.l(__main.o)
    0x08000190   0x08000190   0x0000005c   Code   RO         1129    !!!scatter          c_w.l(__scatter.o)
    0x080001ec   0x080001ec   0x0000001a   Code   RO         1133    !!handler_copy      c_w.l(__scatter_copy.o)
    0x08000206   0x08000206   0x00000002   PAD
    0x08000208   0x08000208   0x00000002   Code   RO         1130    !!handler_null      c_w.l(__scatter.o)
    0x0800020a   0x0800020a   0x00000002   PAD
    0x0800020c   0x0800020c   0x0000001c   Code   RO         1135    !!handler_zi        c_w.l(__scatter_zi.o)
    0x08000228   0x08000228   0x00000002   Code   RO         1064    .ARM.Collect$$libinit$$00000000  c_w.l(libinit.o)
    0x0800022a   0x0800022a   0x00000000   Code   RO          947    .ARM.Collect$$libinit$$00000002  c_w.l(libinit2.o)
    0x0800022a   0x0800022a   0x00000000   Code   RO          949    .ARM.Collect$$libinit$$00000004  c_w.l(libinit2.o)
    0x0800022a   0x0800022a   0x00000000   Code   RO          951    .ARM.Collect$$libinit$$00000006  c_w.l(libinit2.o)
    0x0800022a   0x0800022a   0x00000008   Code   RO          952    .ARM.Collect$$libinit$$00000007  c_w.l(libinit2.o)
    0x08000232   0x08000232   0x00000000   Code   RO          954    .ARM.Collect$$libinit$$0000000C  c_w.l(libinit2.o)
    0x08000232   0x08000232   0x00000000   Code   RO          956    .ARM.Collect$$libinit$$0000000E  c_w.l(libinit2.o)
    0x08000232   0x08000232   0x00000000   Code   RO          958    .ARM.Collect$$libinit$$00000010  c_w.l(libinit2.o)
    0x08000232   0x08000232   0x00000000   Code   RO          961    .ARM.Collect$$libinit$$00000013  c_w.l(libinit2.o)
    0x08000232   0x08000232   0x00000000   Code   RO          963    .ARM.Collect$$libinit$$00000015  c_w.l(libinit2.o)
    0x08000232   0x08000232   0x00000000   Code   RO          965    .ARM.Collect$$libinit$$00000017  c_w.l(libinit2.o)
    0x08000232   0x08000232   0x00000000   Code   RO          967    .ARM.Collect$$libinit$$00000019  c_w.l(libinit2.o)
    0x08000232   0x08000232   0x00000000   Code   RO          969    .ARM.Collect$$libinit$$0000001B  c_w.l(libinit2.o)
    0x08000232   0x08000232   0x00000000   Code   RO          971    .ARM.Collect$$libinit$$0000001D  c_w.l(libinit2.o)
    0x08000232   0x08000232   0x00000000   Code   RO          973    .ARM.Collect$$libinit$$0000001F  c_w.l(libinit2.o)
    0x08000232   0x08000232   0x00000000   Code   RO          975    .ARM.Collect$$libinit$$00000021  c_w.l(libinit2.o)
    0x08000232   0x08000232   0x00000000   Code   RO          977    .ARM.Collect$$libinit$$00000023  c_w.l(libinit2.o)
    0x08000232   0x08000232   0x00000000   Code   RO          979    .ARM.Collect$$libinit$$00000025  c_w.l(libinit2.o)
    0x08000232   0x08000232   0x00000000   Code   RO          981    .ARM.Collect$$libinit$$00000027  c_w.l(libinit2.o)
    0x08000232   0x08000232   0x00000000   Code   RO          985    .ARM.Collect$$libinit$$0000002E  c_w.l(libinit2.o)
    0x08000232   0x08000232   0x00000000   Code   RO          987    .ARM.Collect$$libinit$$00000030  c_w.l(libinit2.o)
    0x08000232   0x08000232   0x00000000   Code   RO          989    .ARM.Collect$$libinit$$00000032  c_w.l(libinit2.o)
    0x08000232   0x08000232   0x00000000   Code   RO          991    .ARM.Collect$$libinit$$00000034  c_w.l(libinit2.o)
    0x08000232   0x08000232   0x00000002   Code   RO          992    .ARM.Collect$$libinit$$00000035  c_w.l(libinit2.o)
    0x08000234   0x08000234   0x00000002   Code   RO         1126    .ARM.Collect$$libshutdown$$00000000  c_w.l(libshutdown.o)
    0x08000236   0x08000236   0x00000000   Code   RO         1082    .ARM.Collect$$libshutdown$$00000002  c_w.l(libshutdown2.o)
    0x08000236   0x08000236   0x00000000   Code   RO         1084    .ARM.Collect$$libshutdown$$00000004  c_w.l(libshutdown2.o)
    0x08000236   0x08000236   0x00000000   Code   RO         1087    .ARM.Collect$$libshutdown$$00000007  c_w.l(libshutdown2.o)
    0x08000236   0x08000236   0x00000000   Code   RO         1090    .ARM.Collect$$libshutdown$$0000000A  c_w.l(libshutdown2.o)
    0x08000236   0x08000236   0x00000000   Code   RO         1092    .ARM.Collect$$libshutdown$$0000000C  c_w.l(libshutdown2.o)
    0x08000236   0x08000236   0x00000000   Code   RO         1095    .ARM.Collect$$libshutdown$$0000000F  c_w.l(libshutdown2.o)
    0x08000236   0x08000236   0x00000002   Code   RO         1096    .ARM.Collect$$libshutdown$$00000010  c_w.l(libshutdown2.o)
    0x08000238   0x08000238   0x00000000   Code   RO          914    .ARM.Collect$$rtentry$$00000000  c_w.l(__rtentry.o)
    0x08000238   0x08000238   0x00000000   Code   RO         1001    .ARM.Collect$$rtentry$$00000002  c_w.l(__rtentry2.o)
    0x08000238   0x08000238   0x00000006   Code   RO         1013    .ARM.Collect$$rtentry$$00000004  c_w.l(__rtentry4.o)
    0x0800023e   0x0800023e   0x00000000   Code   RO         1003    .ARM.Collect$$rtentry$$00000009  c_w.l(__rtentry2.o)
    0x0800023e   0x0800023e   0x00000004   Code   RO         1004    .ARM.Collect$$rtentry$$0000000A  c_w.l(__rtentry2.o)
    0x08000242   0x08000242   0x00000000   Code   RO         1006    .ARM.Collect$$rtentry$$0000000C  c_w.l(__rtentry2.o)
    0x08000242   0x08000242   0x00000008   Code   RO         1007    .ARM.Collect$$rtentry$$0000000D  c_w.l(__rtentry2.o)
    0x0800024a   0x0800024a   0x00000002   Code   RO         1069    .ARM.Collect$$rtexit$$00000000  c_w.l(rtexit.o)
    0x0800024c   0x0800024c   0x00000000   Code   RO         1102    .ARM.Collect$$rtexit$$00000002  c_w.l(rtexit2.o)
    0x0800024c   0x0800024c   0x00000004   Code   RO         1103    .ARM.Collect$$rtexit$$00000003  c_w.l(rtexit2.o)
    0x08000250   0x08000250   0x00000006   Code   RO         1104    .ARM.Collect$$rtexit$$00000004  c_w.l(rtexit2.o)
    0x08000256   0x08000256   0x00000002   PAD
    0x08000258   0x08000258   0x00000040   Code   RO          822  * .text               startup_stm32f407xx.o
    0x08000298   0x08000298   0x0000005e   Code   RO          848    .text               c_w.l(h1_alloc.o)
    0x080002f6   0x080002f6   0x0000004e   Code   RO          850    .text               c_w.l(h1_free.o)
    0x08000344   0x08000344   0x00000006   Code   RO          908    .text               c_w.l(heapauxi.o)
    0x0800034a   0x0800034a   0x00000002   PAD
    0x0800034c   0x0800034c   0x00000008   Code   RO          922    .text               c_w.l(rt_heap_descriptor_intlibspace.o)
    0x08000354   0x08000354   0x00000004   Code   RO          924    .text               c_w.l(hguard.o)
    0x08000358   0x08000358   0x0000008a   Code   RO          926    .text               c_w.l(init_alloc.o)
    0x080003e2   0x080003e2   0x0000000c   Code   RO          930    .text               c_w.l(h1_init.o)
    0x080003ee   0x080003ee   0x00000002   PAD
    0x080003f0   0x080003f0   0x00000008   Code   RO          997    .text               c_w.l(libspace.o)
    0x080003f8   0x080003f8   0x00000000   Code   RO         1019    .text               c_w.l(maybetermalloc1.o)
    0x080003f8   0x080003f8   0x00000034   Code   RO         1021    .text               c_w.l(h1_extend.o)
    0x0800042c   0x0800042c   0x0000000e   Code   RO         1025    .text               c_w.l(defsig_rtmem_outer.o)
    0x0800043a   0x0800043a   0x00000002   Code   RO         1036    .text               c_w.l(use_no_semi.o)
    0x0800043c   0x0800043c   0x00000000   Code   RO         1038    .text               c_w.l(indicate_semi.o)
    0x0800043c   0x0800043c   0x0000004a   Code   RO         1039    .text               c_w.l(sys_stackheap_outer.o)
    0x08000486   0x08000486   0x00000012   Code   RO         1045    .text               c_w.l(exit.o)
    0x08000498   0x08000498   0x0000000a   Code   RO         1047    .text               c_w.l(defsig_exit.o)
    0x080004a2   0x080004a2   0x00000002   PAD
    0x080004a4   0x080004a4   0x00000050   Code   RO         1053    .text               c_w.l(defsig_rtmem_inner.o)
    0x080004f4   0x080004f4   0x0000000c   Code   RO         1065    .text               c_w.l(sys_exit.o)
    0x08000500   0x08000500   0x00000032   Code   RO         1077    .text               c_w.l(defsig_general.o)
    0x08000532   0x08000532   0x0000000e   Code   RO         1097    .text               c_w.l(sys_wrch.o)
    0x08000540   0x08000540   0x00000100   Code   RO           33    .text.BSP_init      bsp.o
    0x08000640   0x08000640   0x00000010   Code   RO           39    .text.BSP_ledGreenOff  bsp.o
    0x08000650   0x08000650   0x00000010   Code   RO           37    .text.BSP_ledGreenOn  bsp.o
    0x08000660   0x08000660   0x00000030   Code   RO           53    .text.BSP_ledOrangeToggle  bsp.o
    0x08000690   0x08000690   0x00000080   Code   RO           65    .text.BSP_sendMorseCode  bsp.o
    0x08000710   0x08000710   0x00000062   Code   RO           31    .text.EXTI0_IRQHandler  bsp.o
    0x08000772   0x08000772   0x00000002   PAD
    0x08000774   0x08000774   0x0000000a   Code   RO          127    .text.NMI_Handler   qxk_port.o
    0x0800077e   0x0800077e   0x00000002   PAD
    0x08000780   0x08000780   0x000000b4   Code   RO          123    .text.PendSV_Handler  qxk_port.o
    0x08000834   0x08000834   0x00000028   Code   RO          339    .text.QActive_ctor  qf_qact.o
    0x0800085c   0x0800085c   0x000000b8   Code   RO          215    .text.QActive_get_  qf_actq.o
    0x08000914   0x08000914   0x000001d2   Code   RO          201    .text.QActive_post_  qf_actq.o
    0x08000ae6   0x08000ae6   0x00000002   PAD
    0x08000ae8   0x08000ae8   0x0000016a   Code   RO          341    .text.QActive_register_  qf_qact.o
    0x08000c52   0x08000c52   0x00000002   PAD
    0x08000c54   0x08000c54   0x00000152   Code   RO          534    .text.QActive_start_  qxk.o
    0x08000da6   0x08000da6   0x00000002   PAD
    0x08000da8   0x08000da8   0x00000040   Code   RO          354    .text.QEQueue_init  qf_qeq.o
    0x08000de8   0x08000de8   0x00000026   Code   RO          386    .text.QEvt_ctor     qf_time.o
    0x08000e0e   0x08000e0e   0x00000002   PAD
    0x08000e10   0x08000e10   0x00000010   Code   RO          205    .text.QEvt_getPoolId_  qf_actq.o
    0x08000e20   0x08000e20   0x00000010   Code   RO          267    .text.QEvt_getPoolId_  qf_dyn.o
    0x08000e30   0x08000e30   0x00000010   Code   RO          269    .text.QEvt_refCtr_dec_  qf_dyn.o
    0x08000e40   0x08000e40   0x00000010   Code   RO          207    .text.QEvt_refCtr_inc_  qf_actq.o
    0x08000e50   0x08000e50   0x0000002c   Code   RO          144    .text.QEvt_verify_  qep_hsm.o
    0x08000e7c   0x08000e7c   0x0000002c   Code   RO          203    .text.QEvt_verify_  qf_actq.o
    0x08000ea8   0x08000ea8   0x0000002c   Code   RO          265    .text.QEvt_verify_  qf_dyn.o
    0x08000ed4   0x08000ed4   0x00000030   Code   RO          191    .text.QF_bzero_     qf_act.o
    0x08000f04   0x08000f04   0x000000ba   Code   RO          263    .text.QF_gc         qf_dyn.o
    0x08000fbe   0x08000fbe   0x00000002   PAD
    0x08000fc0   0x08000fc0   0x0000006a   Code   RO          528    .text.QF_init       qxk.o
    0x0800102a   0x0800102a   0x00000002   PAD
    0x0800102c   0x0800102c   0x00000044   Code   RO           67    .text.QF_onStartup  bsp.o
    0x08001070   0x08001070   0x00000038   Code   RO          532    .text.QF_run        qxk.o
    0x080010a8   0x080010a8   0x00000028   Code   RO          136    .text.QHsm_ctor     qep_hsm.o
    0x080010d0   0x080010d0   0x00000238   Code   RO          140    .text.QHsm_dispatch_  qep_hsm.o
    0x08001308   0x08001308   0x00000186   Code   RO          138    .text.QHsm_init_    qep_hsm.o
    0x0800148e   0x0800148e   0x00000002   PAD
    0x08001490   0x08001490   0x0000000c   Code   RO          142    .text.QHsm_top      qep_hsm.o
    0x0800149c   0x0800149c   0x000002aa   Code   RO          146    .text.QHsm_tran_    qep_hsm.o
    0x08001746   0x08001746   0x00000002   PAD
    0x08001748   0x08001748   0x00000080   Code   RO          289    .text.QMPool_put    qf_mem.o
    0x080017c8   0x080017c8   0x00000014   Code   RO          464    .text.QPSet_findMax  qxk_sema.o
    0x080017dc   0x080017dc   0x00000014   Code   RO          492    .text.QPSet_findMax  qxk_mutex.o
    0x080017f0   0x080017f0   0x00000014   Code   RO          516    .text.QPSet_findMax  qxk.o
    0x08001804   0x08001804   0x00000018   Code   RO          456    .text.QPSet_hasElement  qxk_sema.o
    0x0800181c   0x0800181c   0x00000018   Code   RO          484    .text.QPSet_hasElement  qxk_mutex.o
    0x08001834   0x08001834   0x00000018   Code   RO          518    .text.QPSet_hasElement  qxk.o
    0x0800184c   0x0800184c   0x0000001a   Code   RO          209    .text.QPSet_insert  qf_actq.o
    0x08001866   0x08001866   0x00000002   PAD
    0x08001868   0x08001868   0x0000001a   Code   RO          431    .text.QPSet_insert  qxk_xthr.o
    0x08001882   0x08001882   0x00000002   PAD
    0x08001884   0x08001884   0x0000001a   Code   RO          454    .text.QPSet_insert  qxk_sema.o
    0x0800189e   0x0800189e   0x00000002   PAD
    0x080018a0   0x080018a0   0x0000001a   Code   RO          480    .text.QPSet_insert  qxk_mutex.o
    0x080018ba   0x080018ba   0x00000002   PAD
    0x080018bc   0x080018bc   0x0000001a   Code   RO          536    .text.QPSet_insert  qxk.o
    0x080018d6   0x080018d6   0x00000002   PAD
    0x080018d8   0x080018d8   0x00000012   Code   RO          514    .text.QPSet_isEmpty  qxk.o
    0x080018ea   0x080018ea   0x00000002   PAD
    0x080018ec   0x080018ec   0x00000012   Code   RO          462    .text.QPSet_notEmpty  qxk_sema.o
    0x080018fe   0x080018fe   0x00000002   PAD
    0x08001900   0x08001900   0x00000012   Code   RO          490    .text.QPSet_notEmpty  qxk_mutex.o
    0x08001912   0x08001912   0x00000002   PAD
    0x08001914   0x08001914   0x0000001a   Code   RO          427    .text.QPSet_remove  qxk_xthr.o
    0x0800192e   0x0800192e   0x00000002   PAD
    0x08001930   0x08001930   0x0000001a   Code   RO          450    .text.QPSet_remove  qxk_sema.o
    0x0800194a   0x0800194a   0x00000002   PAD
    0x0800194c   0x0800194c   0x0000001a   Code   RO          478    .text.QPSet_remove  qxk_mutex.o
    0x08001966   0x08001966   0x00000002   PAD
    0x08001968   0x08001968   0x0000001a   Code   RO          520    .text.QPSet_remove  qxk.o
    0x08001982   0x08001982   0x00000002   PAD
    0x08001984   0x08001984   0x0000000e   Code   RO          446    .text.QPSet_setEmpty  qxk_sema.o
    0x08001992   0x08001992   0x00000002   PAD
    0x08001994   0x08001994   0x00000014   Code   RO          211    .text.QPSet_update_  qf_actq.o
    0x080019a8   0x080019a8   0x00000014   Code   RO          429    .text.QPSet_update_  qxk_xthr.o
    0x080019bc   0x080019bc   0x00000014   Code   RO          452    .text.QPSet_update_  qxk_sema.o
    0x080019d0   0x080019d0   0x00000014   Code   RO          482    .text.QPSet_update_  qxk_mutex.o
    0x080019e4   0x080019e4   0x00000014   Code   RO          522    .text.QPSet_update_  qxk.o
    0x080019f8   0x080019f8   0x0000001c   Code   RO          512    .text.QPSet_verify_  qxk.o
    0x08001a14   0x08001a14   0x0000006a   Code   RO          384    .text.QTimeEvt_ctorX  qf_time.o
    0x08001a7e   0x08001a7e   0x00000002   PAD
    0x08001a80   0x08001a80   0x0000015e   Code   RO          398    .text.QTimeEvt_tick_  qf_time.o
    0x08001bde   0x08001bde   0x00000002   PAD
    0x08001be0   0x08001be0   0x00000200   Code   RO          508    .text.QXK_activate_  qxk.o
    0x08001de0   0x08001de0   0x00000050   Code   RO          121    .text.QXK_init      qxk_port.o
    0x08001e30   0x08001e30   0x00000016   Code   RO           77    .text.QXK_onIdle    bsp.o
    0x08001e46   0x08001e46   0x00000002   PAD
    0x08001e48   0x08001e48   0x00000178   Code   RO          506    .text.QXK_sched_    qxk.o
    0x08001fc0   0x08001fc0   0x000000b4   Code   RO          526    .text.QXK_threadExit_  qxk.o
    0x08002074   0x08002074   0x00000010   Code   RO          125    .text.QXK_thread_ret  qxk_port.o
    0x08002084   0x08002084   0x00000062   Code   RO          474    .text.QXMutex_init  qxk_mutex.o
    0x080020e6   0x080020e6   0x00000002   PAD
    0x080020e8   0x080020e8   0x000002bc   Code   RO          476    .text.QXMutex_lock  qxk_mutex.o
    0x080023a4   0x080023a4   0x0000026a   Code   RO          488    .text.QXMutex_unlock  qxk_mutex.o
    0x0800260e   0x0800260e   0x00000002   PAD
    0x08002610   0x08002610   0x00000062   Code   RO          444    .text.QXSemaphore_init  qxk_sema.o
    0x08002672   0x08002672   0x00000002   PAD
    0x08002674   0x08002674   0x000000fe   Code   RO          460    .text.QXSemaphore_signal  qxk_sema.o
    0x08002772   0x08002772   0x00000002   PAD
    0x08002774   0x08002774   0x00000172   Code   RO          448    .text.QXSemaphore_wait  qxk_sema.o
    0x080028e6   0x080028e6   0x00000002   PAD
    0x080028e8   0x080028e8   0x00000058   Code   RO          417    .text.QXThread_block_  qxk_xthr.o
    0x08002940   0x08002940   0x0000002e   Code   RO          411    .text.QXThread_ctor  qxk_xthr.o
    0x0800296e   0x0800296e   0x00000002   PAD
    0x08002970   0x08002970   0x000000ee   Code   RO          413    .text.QXThread_delay  qxk_xthr.o
    0x08002a5e   0x08002a5e   0x00000002   PAD
    0x08002a60   0x08002a60   0x00000116   Code   RO          119    .text.QXThread_stackInit_  qxk_port.o
    0x08002b76   0x08002b76   0x00000002   PAD
    0x08002b78   0x08002b78   0x000000ac   Code   RO          415    .text.QXThread_teArm_  qxk_xthr.o
    0x08002c24   0x08002c24   0x0000002e   Code   RO          421    .text.QXThread_teDisarm_  qxk_xthr.o
    0x08002c52   0x08002c52   0x00000002   PAD
    0x08002c54   0x08002c54   0x00000016   Code   RO          433    .text.QXThread_timeout_  qxk_xthr.o
    0x08002c6a   0x08002c6a   0x00000002   PAD
    0x08002c6c   0x08002c6c   0x0000004c   Code   RO          423    .text.QXThread_unblock_  qxk_xthr.o
    0x08002cb8   0x08002cb8   0x0000000a   Code   RO           79    .text.Q_onError     bsp.o
    0x08002cc2   0x08002cc2   0x00000002   PAD
    0x08002cc4   0x08002cc4   0x00000010   Code   RO          110    .text.Rectangle_area  rectangle.o
    0x08002cd4   0x08002cd4   0x0000003e   Code   RO          106    .text.Rectangle_ctor  rectangle.o
    0x08002d12   0x08002d12   0x00000002   PAD
    0x08002d14   0x08002d14   0x00000008   Code   RO          108    .text.Rectangle_draw  rectangle.o
    0x08002d1c   0x08002d1c   0x00000020   Code   RO           93    .text.Shape_ctor    shape.o
    0x08002d3c   0x08002d3c   0x00000062   Code   RO           97    .text.Shape_distanceFrom  shape.o
    0x08002d9e   0x08002d9e   0x00000002   PAD
    0x08002da0   0x08002da0   0x00000028   Code   RO           95    .text.Shape_moveBy  shape.o
    0x08002dc8   0x08002dc8   0x00000052   Code   RO           69    .text.SysTick_Config  bsp.o
    0x08002e1a   0x08002e1a   0x00000002   PAD
    0x08002e1c   0x08002e1c   0x0000003c   Code   RO           29    .text.SysTick_Handler  bsp.o
    0x08002e58   0x08002e58   0x0000012e   Code   RO          831    .text.SystemCoreClockUpdate  system_stm32f4xx.o
    0x08002f86   0x08002f86   0x00000002   PAD
    0x08002f88   0x08002f88   0x00000002   Code   RO          829    .text.SystemInit    system_stm32f4xx.o
    0x08002f8a   0x08002f8a   0x00000002   PAD
    0x08002f8c   0x08002f8c   0x00000030   Code   RO           73    .text.__NVIC_EnableIRQ  bsp.o
    0x08002fbc   0x08002fbc   0x00000042   Code   RO           71    .text.__NVIC_SetPriority  bsp.o
    0x08002ffe   0x08002ffe   0x00000002   PAD
    0x08003000   0x08003000   0x00000026   Code   RO           81    .text.__NVIC_SystemReset  bsp.o
    0x08003026   0x08003026   0x00000002   PAD
    0x08003028   0x08003028   0x000002b2   Code   RO            8    .text.main          main.o
    0x080032da   0x080032da   0x00000002   PAD
    0x080032dc   0x080032dc   0x0000001c   Code   RO            2    .text.main_blinky1  main.o
    0x080032f8   0x080032f8   0x00000034   Code   RO            4    .text.main_blinky2  main.o
    0x0800332c   0x0800332c   0x00000024   Code   RO            6    .text.main_blinky3  main.o
    0x08003350   0x08003350   0x00000010   Data   RO          834    .rodata.AHBPrescTable  system_stm32f4xx.o
    0x08003360   0x08003360   0x00000008   Data   RO          345    .rodata.QActive_ctor.vtable  qf_qact.o
    0x08003368   0x08003368   0x00000010   Data   RO          153    .rodata.QEvt_reserved_  qep_hsm.o
    0x08003378   0x08003378   0x00000028   Data   RO          540    .rodata.QF_init.idle_ao  qxk.o
    0x080033a0   0x080033a0   0x00000008   Data   RO          154    .rodata.QHsm_ctor.vtable  qep_hsm.o
    0x080033a8   0x080033a8   0x00000007   Data   RO           14    .rodata.Q_this_module_  main.o
    0x080033af   0x080033af   0x00000008   Data   RO          155    .rodata.Q_this_module_  qep_hsm.o
    0x080033b7   0x080033b7   0x00000008   Data   RO          227    .rodata.Q_this_module_  qf_actq.o
    0x080033bf   0x080033bf   0x00000007   Data   RO          277    .rodata.Q_this_module_  qf_dyn.o
    0x080033c6   0x080033c6   0x00000007   Data   RO          291    .rodata.Q_this_module_  qf_mem.o
    0x080033cd   0x080033cd   0x00000008   Data   RO          346    .rodata.Q_this_module_  qf_qact.o
    0x080033d5   0x080033d5   0x00000008   Data   RO          402    .rodata.Q_this_module_  qf_time.o
    0x080033dd   0x080033dd   0x00000009   Data   RO          435    .rodata.Q_this_module_  qxk_xthr.o
    0x080033e6   0x080033e6   0x00000009   Data   RO          466    .rodata.Q_this_module_  qxk_sema.o
    0x080033ef   0x080033ef   0x0000000a   Data   RO          494    .rodata.Q_this_module_  qxk_mutex.o
    0x080033f9   0x080033f9   0x00000004   Data   RO          538    .rodata.Q_this_module_  qxk.o
    0x080033fd   0x080033fd   0x00000003   PAD
    0x08003400   0x08003400   0x00000020   Data   RO         1128    Region$$Table       anon$$obj.o


    Execution Region ER_RW (Exec base: 0x20000000, Load base: 0x08003420, Size: 0x00000004, Max: 0xffffffff, ABSOLUTE)

    Exec Addr    Load Addr    Size         Type   Attr      Idx    E Section Name        Object

    0x20000000   0x08003420   0x00000004   Data   RW          833    .data.SystemCoreClock  system_stm32f4xx.o


    Execution Region ER_ZI (Exec base: 0x20000008, Load base: 0x08003424, Size: 0x00000a30, Max: 0xffffffff, ABSOLUTE)

    Exec Addr    Load Addr    Size         Type   Attr      Idx    E Section Name        Object

    0x20000008        -       0x00000060   Zero   RW          998    .bss                c_w.l(libspace.o)
    0x20000068        -       0x0000002c   Zero   RW           85    .bss.Morse_mutex    bsp.o
    0x20000094        -       0x00000084   Zero   RW          193    .bss.QActive_registry_  qf_act.o
    0x20000118        -       0x00000040   Zero   RW          194    .bss.QF_priv_       qf_act.o
    0x20000158        -       0x00000014   Zero   RW          403    .bss.QTimeEvt_timeEvtHead_  qf_time.o
    0x2000016c        -       0x00000020   Zero   RW          539    .bss.QXK_priv_      qxk.o
    0x2000018c        -       0x00000008   Zero   RW           10    .bss.SW1_sema       main.o
    0x20000194        -       0x00000004   Zero   RW           13    .bss.a              main.o
    0x20000198        -       0x0000003c   Zero   RW           15    .bss.blinky1        main.o
    0x200001d4        -       0x0000003c   Zero   RW           17    .bss.blinky2        main.o
    0x20000210        -       0x0000003c   Zero   RW           19    .bss.blinky3        main.o
    0x2000024c        -       0x00000008   Zero   RW           12    .bss.r1             main.o
    0x20000254        -       0x00000004   Zero   RW           11    .bss.s1             main.o
    0x20000258        -       0x000000a0   Zero   RW           16    .bss.stack_blinky1  main.o
    0x200002f8        -       0x000000a0   Zero   RW           18    .bss.stack_blinky2  main.o
    0x20000398        -       0x000000a0   Zero   RW           20    .bss.stack_blinky3  main.o
    0x20000438        -       0x00000200   Zero   RW          820    HEAP                startup_stm32f407xx.o
    0x20000638        -       0x00000400   Zero   RW          819    STACK               startup_stm32f407xx.o


==============================================================================

Image component sizes


      Code (inc. data)   RO Data    RW Data    ZI Data      Debug   Object Name

       956          0          0          0         44      10400   bsp.o
       806          0          7          0        684       4177   main.o
      1736          0         32          0          0       6086   qep_hsm.o
        48          0          0          0        196       3360   qf_act.o
       772          0          8          0          0       6297   qf_actq.o
       262          0          7          0          0       3122   qf_dyn.o
       128          0          7          0          0       2346   qf_mem.o
       402          0         16          0          0       3543   qf_qact.o
        64          0          0          0          0       2933   qf_qeq.o
       494          0          8          0         20       5476   qf_time.o
      1730          0         44          0         32       7266   qxk.o
      1550          0         10          0          0       5969   qxk_mutex.o
       564         20          0          0          0       3632   qxk_port.o
       870          0          9          0          0       5428   qxk_sema.o
       760          0          9          0          0       5835   qxk_xthr.o
        86          0          0          0          0       1248   rectangle.o
       170          0          0          0          0       1222   shape.o
        64         26        392          0       1536        912   startup_stm32f407xx.o
       304          0         16          4          0       2177   system_stm32f4xx.o

    ----------------------------------------------------------------------
     11856         46        600          4       2512      81429   Object Totals
         0          0         32          0          0          0   (incl. Generated)
        90          0          3          0          0          0   (incl. Padding)

    ----------------------------------------------------------------------

      Code (inc. data)   RO Data    RW Data    ZI Data      Debug   Library Member Name

         8          0          0          0          0         68   __main.o
         0          0          0          0          0          0   __rtentry.o
        12          0          0          0          0          0   __rtentry2.o
         6          0          0          0          0          0   __rtentry4.o
        94          8          0          0          0          0   __scatter.o
        26          0          0          0          0          0   __scatter_copy.o
        28          0          0          0          0          0   __scatter_zi.o
        10          0          0          0          0         68   defsig_exit.o
        50          0          0          0          0         88   defsig_general.o
        80         58          0          0          0         76   defsig_rtmem_inner.o
        14          0          0          0          0         80   defsig_rtmem_outer.o
        18          0          0          0          0         80   exit.o
        94          0          0          0          0         80   h1_alloc.o
        52          0          0          0          0         68   h1_extend.o
        78          0          0          0          0         80   h1_free.o
        12          0          0          0          0         84   h1_init.o
         6          0          0          0          0        152   heapauxi.o
         4          0          0          0          0        136   hguard.o
         0          0          0          0          0          0   indicate_semi.o
       138          0          0          0          0        168   init_alloc.o
         2          0          0          0          0          0   libinit.o
        10          0          0          0          0          0   libinit2.o
         2          0          0          0          0          0   libshutdown.o
         2          0          0          0          0          0   libshutdown2.o
         8          4          0          0         96         68   libspace.o
         0          0          0          0          0          0   maybetermalloc1.o
         8          4          0          0          0         68   rt_heap_descriptor_intlibspace.o
         2          0          0          0          0          0   rtexit.o
        10          0          0          0          0          0   rtexit2.o
        12          4          0          0          0         68   sys_exit.o
        74          0          0          0          0         80   sys_stackheap_outer.o
        14          0          0          0          0         76   sys_wrch.o
         2          0          0          0          0         68   use_no_semi.o

    ----------------------------------------------------------------------
       888         78          0          0         96       1656   Library Totals
        12          0          0          0          0          0   (incl. Padding)

    ----------------------------------------------------------------------

      Code (inc. data)   RO Data    RW Data    ZI Data      Debug   Library Name

       876         78          0          0         96       1656   c_w.l

    ----------------------------------------------------------------------
       888         78          0          0         96       1656   Library Totals

    ----------------------------------------------------------------------

==============================================================================


      Code (inc. data)   RO Data    RW Data    ZI Data      Debug   

     12744        124        600          4       2608      82029   Grand Totals
     12744        124        600          4       2608      82029   ELF Image Totals
     12744        124        600          4          0          0   ROM Totals

==============================================================================

    Total RO  Size (Code + RO Data)                13344 (  13.03kB)
    Total RW  Size (RW Data + ZI Data)              2612 (   2.55kB)
    Total ROM Size (Code + RO Data + RW Data)      13348 (  13.04kB)

==============================================================================

