Component: Arm Compiler for Embedded 6.23 Tool: armlink [5f102400]

==============================================================================

Section Cross References

    main.o(.text.Blinky1_ctor) refers to main.o(.text.Blinky1_initial) for Blinky1_initial
    main.o(.text.Blinky1_ctor) refers to qf_qact.o(.text.QActive_ctor) for QActive_ctor
    main.o(.text.Blinky1_ctor) refers to qf_time.o(.text.QTimeEvt_ctorX) for QTimeEvt_ctorX
    main.o(.ARM.exidx.text.Blinky1_ctor) refers to main.o(.text.Blinky1_ctor) for [Anonymous Symbol]
    main.o(.text.Blinky1_initial) refers to qf_time.o(.text.QTimeEvt_armX) for QTimeEvt_armX
    main.o(.text.Blinky1_initial) refers to main.o(.text.Blinky1_active) for Blinky1_active
    main.o(.ARM.exidx.text.Blinky1_initial) refers to main.o(.text.Blinky1_initial) for [Anonymous Symbol]
    main.o(.text.Blinky2_ctor) refers to main.o(.text.Blinky2_initial) for Blinky2_initial
    main.o(.text.Blinky2_ctor) refers to qf_qact.o(.text.QActive_ctor) for QActive_ctor
    main.o(.ARM.exidx.text.Blinky2_ctor) refers to main.o(.text.Blinky2_ctor) for [Anonymous Symbol]
    main.o(.text.Blinky2_initial) refers to main.o(.text.Blinky2_active) for Blinky2_active
    main.o(.ARM.exidx.text.Blinky2_initial) refers to main.o(.text.Blinky2_initial) for [Anonymous Symbol]
    main.o(.text.main) refers to bsp.o(.text.BSP_init) for BSP_init
    main.o(.text.main) refers to qxk.o(.text.QF_init) for QF_init
    main.o(.text.main) refers to main.o(.bss.blinky1) for blinky1
    main.o(.text.main) refers to main.o(.text.Blinky1_ctor) for Blinky1_ctor
    main.o(.text.main) refers to main.o(.bss.blinky1_queue) for blinky1_queue
    main.o(.text.main) refers to qxk.o(.text.QActive_start_) for QActive_start_
    main.o(.text.main) refers to main.o(.bss.blinky2) for blinky2
    main.o(.text.main) refers to main.o(.text.Blinky2_ctor) for Blinky2_ctor
    main.o(.text.main) refers to main.o(.bss.blinky2_queue) for blinky2_queue
    main.o(.text.main) refers to qxk.o(.text.QF_run) for QF_run
    main.o(.ARM.exidx.text.main) refers to main.o(.text.main) for [Anonymous Symbol]
    main.o(.text.Blinky1_active) refers to bsp.o(.text.BSP_ledGreenOn) for BSP_ledGreenOn
    main.o(.text.Blinky1_active) refers to bsp.o(.text.BSP_ledGreenOff) for BSP_ledGreenOff
    main.o(.text.Blinky1_active) refers to qep_hsm.o(.text.QHsm_top) for QHsm_top
    main.o(.ARM.exidx.text.Blinky1_active) refers to main.o(.text.Blinky1_active) for [Anonymous Symbol]
    main.o(.text.Blinky2_active) refers to bsp.o(.text.BSP_ledBlueOn) for BSP_ledBlueOn
    main.o(.text.Blinky2_active) refers to bsp.o(.text.BSP_ledBlueOff) for BSP_ledBlueOff
    main.o(.text.Blinky2_active) refers to qep_hsm.o(.text.QHsm_top) for QHsm_top
    main.o(.ARM.exidx.text.Blinky2_active) refers to main.o(.text.Blinky2_active) for [Anonymous Symbol]
    main.o(.rodata.AO_Blinky1) refers to main.o(.bss.blinky1) for blinky1
    main.o(.rodata.AO_Blinky2) refers to main.o(.bss.blinky2) for blinky2
    bsp.o(.text.SysTick_Handler) refers to qf_time.o(.text.QTimeEvt_tick_) for QTimeEvt_tick_
    bsp.o(.text.SysTick_Handler) refers to qxk.o(.text.QXK_sched_) for QXK_sched_
    bsp.o(.ARM.exidx.text.SysTick_Handler) refers to bsp.o(.text.SysTick_Handler) for [Anonymous Symbol]
    bsp.o(.text.EXTI0_IRQHandler) refers to main.o(.rodata.AO_Blinky2) for AO_Blinky2
    bsp.o(.text.EXTI0_IRQHandler) refers to bsp.o(.rodata.EXTI0_IRQHandler.buttonPressedEvt) for EXTI0_IRQHandler.buttonPressedEvt
    bsp.o(.text.EXTI0_IRQHandler) refers to qf_actq.o(.text.QActive_post_) for QActive_post_
    bsp.o(.text.EXTI0_IRQHandler) refers to qxk.o(.text.QXK_sched_) for QXK_sched_
    bsp.o(.ARM.exidx.text.EXTI0_IRQHandler) refers to bsp.o(.text.EXTI0_IRQHandler) for [Anonymous Symbol]
    bsp.o(.ARM.exidx.text.BSP_init) refers to bsp.o(.text.BSP_init) for [Anonymous Symbol]
    bsp.o(.ARM.exidx.text.turnOffAllLeds) refers to bsp.o(.text.turnOffAllLeds) for [Anonymous Symbol]
    bsp.o(.ARM.exidx.text.BSP_ledGreenOn) refers to bsp.o(.text.BSP_ledGreenOn) for [Anonymous Symbol]
    bsp.o(.ARM.exidx.text.BSP_ledGreenOff) refers to bsp.o(.text.BSP_ledGreenOff) for [Anonymous Symbol]
    bsp.o(.ARM.exidx.text.BSP_ledRedOn) refers to bsp.o(.text.BSP_ledRedOn) for [Anonymous Symbol]
    bsp.o(.ARM.exidx.text.BSP_ledRedOff) refers to bsp.o(.text.BSP_ledRedOff) for [Anonymous Symbol]
    bsp.o(.ARM.exidx.text.BSP_ledOrangeOn) refers to bsp.o(.text.BSP_ledOrangeOn) for [Anonymous Symbol]
    bsp.o(.ARM.exidx.text.BSP_ledOrangeOff) refers to bsp.o(.text.BSP_ledOrangeOff) for [Anonymous Symbol]
    bsp.o(.ARM.exidx.text.BSP_ledBlueOn) refers to bsp.o(.text.BSP_ledBlueOn) for [Anonymous Symbol]
    bsp.o(.ARM.exidx.text.BSP_ledBlueOff) refers to bsp.o(.text.BSP_ledBlueOff) for [Anonymous Symbol]
    bsp.o(.ARM.exidx.text.BSP_TestPinAOn) refers to bsp.o(.text.BSP_TestPinAOn) for [Anonymous Symbol]
[...]
    Removing stm32f4xx_hal.o(.ARM.exidx.text.HAL_DBGMCU_EnableDBGStopMode), (8 bytes).
    Removing stm32f4xx_hal.o(.text.HAL_DBGMCU_DisableDBGStopMode), (18 bytes).
    Removing stm32f4xx_hal.o(.ARM.exidx.text.HAL_DBGMCU_DisableDBGStopMode), (8 bytes).
    Removing stm32f4xx_hal.o(.text.HAL_DBGMCU_EnableDBGStandbyMode), (18 bytes).
    Removing stm32f4xx_hal.o(.ARM.exidx.text.HAL_DBGMCU_EnableDBGStandbyMode), (8 bytes).
    Removing stm32f4xx_hal.o(.text.HAL_DBGMCU_DisableDBGStandbyMode), (18 bytes).
    Removing stm32f4xx_hal.o(.ARM.exidx.text.HAL_DBGMCU_DisableDBGStandbyMode), (8 bytes).
    Removing stm32f4xx_hal.o(.text.HAL_EnableCompensationCell), (14 bytes).
    Removing stm32f4xx_hal.o(.ARM.exidx.text.HAL_EnableCompensationCell), (8 bytes).
    Removing stm32f4xx_hal.o(.text.HAL_DisableCompensationCell), (14 bytes).
    Removing stm32f4xx_hal.o(.ARM.exidx.text.HAL_DisableCompensationCell), (8 bytes).
    Removing stm32f4xx_hal.o(.text.HAL_GetUIDw0), (12 bytes).
    Removing stm32f4xx_hal.o(.ARM.exidx.text.HAL_GetUIDw0), (8 bytes).
    Removing stm32f4xx_hal.o(.text.HAL_GetUIDw1), (12 bytes).
    Removing stm32f4xx_hal.o(.ARM.exidx.text.HAL_GetUIDw1), (8 bytes).
    Removing stm32f4xx_hal.o(.text.HAL_GetUIDw2), (12 bytes).
    Removing stm32f4xx_hal.o(.ARM.exidx.text.HAL_GetUIDw2), (8 bytes).
    Removing stm32f4xx_hal.o(.data.uwTickPrio), (4 bytes).
    Removing stm32f4xx_hal.o(.data.uwTickFreq), (1 bytes).
    Removing stm32f4xx_hal.o(.bss.uwTick), (4 bytes).
    Removing stm32f4xx_hal_cortex.o(.text), (0 bytes).
    Removing stm32f4xx_hal_cortex.o(.text.HAL_NVIC_SetPriorityGrouping), (16 bytes).
    Removing stm32f4xx_hal_cortex.o(.ARM.exidx.text.HAL_NVIC_SetPriorityGrouping), (8 bytes).
    Removing stm32f4xx_hal_cortex.o(.text.__NVIC_SetPriorityGrouping), (60 bytes).
    Removing stm32f4xx_hal_cortex.o(.ARM.exidx.text.__NVIC_SetPriorityGrouping), (8 bytes).
    Removing stm32f4xx_hal_cortex.o(.text.HAL_NVIC_SetPriority), (50 bytes).
    Removing stm32f4xx_hal_cortex.o(.ARM.exidx.text.HAL_NVIC_SetPriority), (8 bytes).
    Removing stm32f4xx_hal_cortex.o(.text.__NVIC_GetPriorityGrouping), (16 bytes).
    Removing stm32f4xx_hal_cortex.o(.ARM.exidx.text.__NVIC_GetPriorityGrouping), (8 bytes).
    Removing stm32f4xx_hal_cortex.o(.text.__NVIC_SetPriority), (66 bytes).
    Removing stm32f4xx_hal_cortex.o(.ARM.exidx.text.__NVIC_SetPriority), (8 bytes).
    Removing stm32f4xx_hal_cortex.o(.text.NVIC_EncodePriority), (108 bytes).
    Removing stm32f4xx_hal_cortex.o(.ARM.exidx.text.NVIC_EncodePriority), (8 bytes).
    Removing stm32f4xx_hal_cortex.o(.text.HAL_NVIC_EnableIRQ), (20 bytes).
    Removing stm32f4xx_hal_cortex.o(.ARM.exidx.text.HAL_NVIC_EnableIRQ), (8 bytes).
    Removing stm32f4xx_hal_cortex.o(.text.__NVIC_EnableIRQ), (48 bytes).
    Removing stm32f4xx_hal_cortex.o(.ARM.exidx.text.__NVIC_EnableIRQ), (8 bytes).
    Removing stm32f4xx_hal_cortex.o(.text.HAL_NVIC_DisableIRQ), (20 bytes).
    Removing stm32f4xx_hal_cortex.o(.ARM.exidx.text.HAL_NVIC_DisableIRQ), (8 bytes).
    Removing stm32f4xx_hal_cortex.o(.text.__NVIC_DisableIRQ), (56 bytes).
    Removing stm32f4xx_hal_cortex.o(.ARM.exidx.text.__NVIC_DisableIRQ), (8 bytes).
    Removing stm32f4xx_hal_cortex.o(.text.HAL_NVIC_SystemReset), (4 bytes).
    Removing stm32f4xx_hal_cortex.o(.ARM.exidx.text.HAL_NVIC_SystemReset), (8 bytes).
    Removing stm32f4xx_hal_cortex.o(.text.__NVIC_SystemReset), (38 bytes).
    Removing stm32f4xx_hal_cortex.o(.ARM.exidx.text.__NVIC_SystemReset), (8 bytes).
    Removing stm32f4xx_hal_cortex.o(.text.HAL_SYSTICK_Config), (16 bytes).
    Removing stm32f4xx_hal_cortex.o(.ARM.exidx.text.HAL_SYSTICK_Config), (8 bytes).
    Removing stm32f4xx_hal_cortex.o(.text.SysTick_Config), (82 bytes).
    Removing stm32f4xx_hal_cortex.o(.ARM.exidx.text.SysTick_Config), (8 bytes).
    Removing stm32f4xx_hal_cortex.o(.text.HAL_MPU_Disable), (34 bytes).
    Removing stm32f4xx_hal_cortex.o(.ARM.exidx.text.HAL_MPU_Disable), (8 bytes).
    Removing stm32f4xx_hal_cortex.o(.text.HAL_MPU_Enable), (48 bytes).
    Removing stm32f4xx_hal_cortex.o(.ARM.exidx.text.HAL_MPU_Enable), (8 bytes).
    Removing stm32f4xx_hal_cortex.o(.text.HAL_MPU_ConfigRegion), (158 bytes).
    Removing stm32f4xx_hal_cortex.o(.ARM.exidx.text.HAL_MPU_ConfigRegion), (8 bytes).
    Removing stm32f4xx_hal_cortex.o(.text.HAL_NVIC_GetPriorityGrouping), (8 bytes).
    Removing stm32f4xx_hal_cortex.o(.ARM.exidx.text.HAL_NVIC_GetPriorityGrouping), (8 bytes).
    Removing stm32f4xx_hal_cortex.o(.text.HAL_NVIC_GetPriority), (36 bytes).
    Removing stm32f4xx_hal_cortex.o(.ARM.exidx.text.HAL_NVIC_GetPriority), (8 bytes).
    Removing stm32f4xx_hal_cortex.o(.text.NVIC_DecodePriority), (118 bytes).
    Removing stm32f4xx_hal_cortex.o(.ARM.exidx.text.NVIC_DecodePriority), (8 bytes).
    Removing stm32f4xx_hal_cortex.o(.text.__NVIC_GetPriority), (66 bytes).
    Removing stm32f4xx_hal_cortex.o(.ARM.exidx.text.__NVIC_GetPriority), (8 bytes).
    Removing stm32f4xx_hal_cortex.o(.text.HAL_NVIC_SetPendingIRQ), (20 bytes).
    Removing stm32f4xx_hal_cortex.o(.ARM.exidx.text.HAL_NVIC_SetPendingIRQ), (8 bytes).
    Removing stm32f4xx_hal_cortex.o(.text.__NVIC_SetPendingIRQ), (48 bytes).
    Removing stm32f4xx_hal_cortex.o(.ARM.exidx.text.__NVIC_SetPendingIRQ), (8 bytes).
    Removing stm32f4xx_hal_cortex.o(.text.HAL_NVIC_GetPendingIRQ), (20 bytes).
    Removing stm32f4xx_hal_cortex.o(.ARM.exidx.text.HAL_NVIC_GetPendingIRQ), (8 bytes).
    Removing stm32f4xx_hal_cortex.o(.text.__NVIC_GetPendingIRQ), (64 bytes).
    Removing stm32f4xx_hal_cortex.o(.ARM.exidx.text.__NVIC_GetPendingIRQ), (8 bytes).
    Removing stm32f4xx_hal_cortex.o(.text.HAL_NVIC_ClearPendingIRQ), (20 bytes).
    Removing stm32f4xx_hal_cortex.o(.ARM.exidx.text.HAL_NVIC_ClearPendingIRQ), (8 bytes).
    Removing stm32f4xx_hal_cortex.o(.text.__NVIC_ClearPendingIRQ), (48 bytes).
    Removing stm32f4xx_hal_cortex.o(.ARM.exidx.text.__NVIC_ClearPendingIRQ), (8 bytes).
    Removing stm32f4xx_hal_cortex.o(.text.HAL_NVIC_GetActive), (20 bytes).
    Removing stm32f4xx_hal_cortex.o(.ARM.exidx.text.HAL_NVIC_GetActive), (8 bytes).
    Removing stm32f4xx_hal_cortex.o(.text.__NVIC_GetActive), (64 bytes).
    Removing stm32f4xx_hal_cortex.o(.ARM.exidx.text.__NVIC_GetActive), (8 bytes).
    Removing stm32f4xx_hal_cortex.o(.text.HAL_SYSTICK_CLKSourceConfig), (52 bytes).
    Removing stm32f4xx_hal_cortex.o(.ARM.exidx.text.HAL_SYSTICK_CLKSourceConfig), (8 bytes).
    Removing stm32f4xx_hal_cortex.o(.text.HAL_SYSTICK_IRQHandler), (8 bytes).
    Removing stm32f4xx_hal_cortex.o(.ARM.exidx.text.HAL_SYSTICK_IRQHandler), (8 bytes).
    Removing stm32f4xx_hal_cortex.o(.text.HAL_SYSTICK_Callback), (2 bytes).
    Removing stm32f4xx_hal_cortex.o(.ARM.exidx.text.HAL_SYSTICK_Callback), (8 bytes).
    Removing stm32f4xx_hal_gpio.o(.text), (0 bytes).
    Removing stm32f4xx_hal_gpio.o(.text.HAL_GPIO_Init), (950 bytes).
    Removing stm32f4xx_hal_gpio.o(.ARM.exidx.text.HAL_GPIO_Init), (8 bytes).
    Removing stm32f4xx_hal_gpio.o(.text.HAL_GPIO_DeInit), (548 bytes).
    Removing stm32f4xx_hal_gpio.o(.ARM.exidx.text.HAL_GPIO_DeInit), (8 bytes).
    Removing stm32f4xx_hal_gpio.o(.text.HAL_GPIO_ReadPin), (46 bytes).
    Removing stm32f4xx_hal_gpio.o(.ARM.exidx.text.HAL_GPIO_ReadPin), (8 bytes).
    Removing stm32f4xx_hal_gpio.o(.text.HAL_GPIO_WritePin), (46 bytes).
    Removing stm32f4xx_hal_gpio.o(.ARM.exidx.text.HAL_GPIO_WritePin), (8 bytes).
    Removing stm32f4xx_hal_gpio.o(.text.HAL_GPIO_TogglePin), (38 bytes).
    Removing stm32f4xx_hal_gpio.o(.ARM.exidx.text.HAL_GPIO_TogglePin), (8 bytes).
    Removing stm32f4xx_hal_gpio.o(.text.HAL_GPIO_LockPin), (86 bytes).
    Removing stm32f4xx_hal_gpio.o(.ARM.exidx.text.HAL_GPIO_LockPin), (8 bytes).
    Removing stm32f4xx_hal_gpio.o(.text.HAL_GPIO_EXTI_IRQHandler), (56 bytes).
    Removing stm32f4xx_hal_gpio.o(.ARM.exidx.text.HAL_GPIO_EXTI_IRQHandler), (8 bytes).
    Removing stm32f4xx_hal_gpio.o(.text.HAL_GPIO_EXTI_Callback), (10 bytes).
    Removing stm32f4xx_hal_gpio.o(.ARM.exidx.text.HAL_GPIO_EXTI_Callback), (8 bytes).
    Removing stm32f4xx_hal_pwr.o(.text), (0 bytes).
    Removing stm32f4xx_hal_pwr.o(.text.HAL_PWR_DeInit), (26 bytes).
    Removing stm32f4xx_hal_pwr.o(.ARM.exidx.text.HAL_PWR_DeInit), (8 bytes).
    Removing stm32f4xx_hal_pwr.o(.text.HAL_PWR_EnableBkUpAccess), (30 bytes).
    Removing stm32f4xx_hal_pwr.o(.ARM.exidx.text.HAL_PWR_EnableBkUpAccess), (8 bytes).
    Removing stm32f4xx_hal_pwr.o(.text.HAL_PWR_DisableBkUpAccess), (30 bytes).
    Removing stm32f4xx_hal_pwr.o(.ARM.exidx.text.HAL_PWR_DisableBkUpAccess), (8 bytes).
    Removing stm32f4xx_hal_pwr.o(.text.HAL_PWR_ConfigPVD), (210 bytes).
    Removing stm32f4xx_hal_pwr.o(.ARM.exidx.text.HAL_PWR_ConfigPVD), (8 bytes).
    Removing stm32f4xx_hal_pwr.o(.text.HAL_PWR_EnablePVD), (12 bytes).
    Removing stm32f4xx_hal_pwr.o(.ARM.exidx.text.HAL_PWR_EnablePVD), (8 bytes).
    Removing stm32f4xx_hal_pwr.o(.text.HAL_PWR_DisablePVD), (12 bytes).
    Removing stm32f4xx_hal_pwr.o(.ARM.exidx.text.HAL_PWR_DisablePVD), (8 bytes).
    Removing stm32f4xx_hal_pwr.o(.text.HAL_PWR_EnableWakeUpPin), (24 bytes).
    Removing stm32f4xx_hal_pwr.o(.ARM.exidx.text.HAL_PWR_EnableWakeUpPin), (8 bytes).
    Removing stm32f4xx_hal_pwr.o(.text.HAL_PWR_DisableWakeUpPin), (24 bytes).
    Removing stm32f4xx_hal_pwr.o(.ARM.exidx.text.HAL_PWR_DisableWakeUpPin), (8 bytes).
    Removing stm32f4xx_hal_pwr.o(.text.HAL_PWR_EnterSLEEPMode), (50 bytes).
    Removing stm32f4xx_hal_pwr.o(.ARM.exidx.text.HAL_PWR_EnterSLEEPMode), (8 bytes).
    Removing stm32f4xx_hal_pwr.o(.text.HAL_PWR_EnterSTOPMode), (86 bytes).
    Removing stm32f4xx_hal_pwr.o(.ARM.exidx.text.HAL_PWR_EnterSTOPMode), (8 bytes).
    Removing stm32f4xx_hal_pwr.o(.text.HAL_PWR_EnterSTANDBYMode), (36 bytes).
    Removing stm32f4xx_hal_pwr.o(.ARM.exidx.text.HAL_PWR_EnterSTANDBYMode), (8 bytes).
    Removing stm32f4xx_hal_pwr.o(.text.HAL_PWR_PVD_IRQHandler), (42 bytes).
    Removing stm32f4xx_hal_pwr.o(.ARM.exidx.text.HAL_PWR_PVD_IRQHandler), (8 bytes).
    Removing stm32f4xx_hal_pwr.o(.text.HAL_PWR_PVDCallback), (2 bytes).
    Removing stm32f4xx_hal_pwr.o(.ARM.exidx.text.HAL_PWR_PVDCallback), (8 bytes).
    Removing stm32f4xx_hal_pwr.o(.text.HAL_PWR_EnableSleepOnExit), (18 bytes).
    Removing stm32f4xx_hal_pwr.o(.ARM.exidx.text.HAL_PWR_EnableSleepOnExit), (8 bytes).
    Removing stm32f4xx_hal_pwr.o(.text.HAL_PWR_DisableSleepOnExit), (18 bytes).
    Removing stm32f4xx_hal_pwr.o(.ARM.exidx.text.HAL_PWR_DisableSleepOnExit), (8 bytes).
    Removing stm32f4xx_hal_pwr.o(.text.HAL_PWR_EnableSEVOnPend), (18 bytes).
    Removing stm32f4xx_hal_pwr.o(.ARM.exidx.text.HAL_PWR_EnableSEVOnPend), (8 bytes).
    Removing stm32f4xx_hal_pwr.o(.text.HAL_PWR_DisableSEVOnPend), (18 bytes).
    Removing stm32f4xx_hal_pwr.o(.ARM.exidx.text.HAL_PWR_DisableSEVOnPend), (8 bytes).
    Removing stm32f4xx_hal_pwr_ex.o(.text), (0 bytes).
    Removing stm32f4xx_hal_pwr_ex.o(.text.HAL_PWREx_EnableBkUpReg), (92 bytes).
    Removing stm32f4xx_hal_pwr_ex.o(.ARM.exidx.text.HAL_PWREx_EnableBkUpReg), (8 bytes).
    Removing stm32f4xx_hal_pwr_ex.o(.text.HAL_PWREx_DisableBkUpReg), (90 bytes).
    Removing stm32f4xx_hal_pwr_ex.o(.ARM.exidx.text.HAL_PWREx_DisableBkUpReg), (8 bytes).
    Removing stm32f4xx_hal_pwr_ex.o(.text.HAL_PWREx_EnableFlashPowerDown), (12 bytes).
    Removing stm32f4xx_hal_pwr_ex.o(.ARM.exidx.text.HAL_PWREx_EnableFlashPowerDown), (8 bytes).
    Removing stm32f4xx_hal_pwr_ex.o(.text.HAL_PWREx_DisableFlashPowerDown), (12 bytes).
    Removing stm32f4xx_hal_pwr_ex.o(.ARM.exidx.text.HAL_PWREx_DisableFlashPowerDown), (8 bytes).
    Removing stm32f4xx_hal_pwr_ex.o(.text.HAL_PWREx_GetVoltageRange), (16 bytes).
    Removing stm32f4xx_hal_pwr_ex.o(.ARM.exidx.text.HAL_PWREx_GetVoltageRange), (8 bytes).
    Removing stm32f4xx_hal_pwr_ex.o(.text.HAL_PWREx_ControlVoltageScaling), (156 bytes).
    Removing stm32f4xx_hal_pwr_ex.o(.ARM.exidx.text.HAL_PWREx_ControlVoltageScaling), (8 bytes).
    Removing stm32f4xx_hal_rcc.o(.text), (0 bytes).
    Removing stm32f4xx_hal_rcc.o(.text.HAL_RCC_DeInit), (4 bytes).
    Removing stm32f4xx_hal_rcc.o(.ARM.exidx.text.HAL_RCC_DeInit), (8 bytes).
    Removing stm32f4xx_hal_rcc.o(.text.HAL_RCC_OscConfig), (1726 bytes).
    Removing stm32f4xx_hal_rcc.o(.ARM.exidx.text.HAL_RCC_OscConfig), (8 bytes).
    Removing stm32f4xx_hal_rcc.o(.text.HAL_RCC_ClockConfig), (610 bytes).
    Removing stm32f4xx_hal_rcc.o(.ARM.exidx.text.HAL_RCC_ClockConfig), (8 bytes).
    Removing stm32f4xx_hal_rcc.o(.text.HAL_RCC_GetSysClockFreq), (230 bytes).
    Removing stm32f4xx_hal_rcc.o(.ARM.exidx.text.HAL_RCC_GetSysClockFreq), (8 bytes).
    Removing stm32f4xx_hal_rcc.o(.text.HAL_RCC_MCOConfig), (208 bytes).
    Removing stm32f4xx_hal_rcc.o(.ARM.exidx.text.HAL_RCC_MCOConfig), (8 bytes).
    Removing stm32f4xx_hal_rcc.o(.text.HAL_RCC_EnableCSS), (12 bytes).
    Removing stm32f4xx_hal_rcc.o(.ARM.exidx.text.HAL_RCC_EnableCSS), (8 bytes).
    Removing stm32f4xx_hal_rcc.o(.text.HAL_RCC_DisableCSS), (12 bytes).
    Removing stm32f4xx_hal_rcc.o(.ARM.exidx.text.HAL_RCC_DisableCSS), (8 bytes).
    Removing stm32f4xx_hal_rcc.o(.text.HAL_RCC_GetHCLKFreq), (12 bytes).
    Removing stm32f4xx_hal_rcc.o(.ARM.exidx.text.HAL_RCC_GetHCLKFreq), (8 bytes).
    Removing stm32f4xx_hal_rcc.o(.text.HAL_RCC_GetPCLK1Freq), (34 bytes).
    Removing stm32f4xx_hal_rcc.o(.ARM.exidx.text.HAL_RCC_GetPCLK1Freq), (8 bytes).
    Removing stm32f4xx_hal_rcc.o(.text.HAL_RCC_GetPCLK2Freq), (34 bytes).
    Removing stm32f4xx_hal_rcc.o(.ARM.exidx.text.HAL_RCC_GetPCLK2Freq), (8 bytes).
    Removing stm32f4xx_hal_rcc.o(.text.HAL_RCC_GetOscConfig), (320 bytes).
    Removing stm32f4xx_hal_rcc.o(.ARM.exidx.text.HAL_RCC_GetOscConfig), (8 bytes).
    Removing stm32f4xx_hal_rcc.o(.text.HAL_RCC_GetClockConfig), (84 bytes).
    Removing stm32f4xx_hal_rcc.o(.ARM.exidx.text.HAL_RCC_GetClockConfig), (8 bytes).
    Removing stm32f4xx_hal_rcc.o(.text.HAL_RCC_NMI_IRQHandler), (40 bytes).
    Removing stm32f4xx_hal_rcc.o(.ARM.exidx.text.HAL_RCC_NMI_IRQHandler), (8 bytes).
    Removing stm32f4xx_hal_rcc.o(.text.HAL_RCC_CSSCallback), (2 bytes).
    Removing stm32f4xx_hal_rcc.o(.ARM.exidx.text.HAL_RCC_CSSCallback), (8 bytes).
    Removing stm32f4xx_hal_rcc_ex.o(.text), (0 bytes).
    Removing stm32f4xx_hal_rcc_ex.o(.text.HAL_RCCEx_PeriphCLKConfig), (568 bytes).
    Removing stm32f4xx_hal_rcc_ex.o(.ARM.exidx.text.HAL_RCCEx_PeriphCLKConfig), (8 bytes).
    Removing stm32f4xx_hal_rcc_ex.o(.text.HAL_RCCEx_GetPeriphCLKConfig), (80 bytes).
    Removing stm32f4xx_hal_rcc_ex.o(.ARM.exidx.text.HAL_RCCEx_GetPeriphCLKConfig), (8 bytes).
    Removing stm32f4xx_hal_rcc_ex.o(.text.HAL_RCCEx_GetPeriphCLKFreq), (194 bytes).
    Removing stm32f4xx_hal_rcc_ex.o(.ARM.exidx.text.HAL_RCCEx_GetPeriphCLKFreq), (8 bytes).
    Removing stm32f4xx_hal_rcc_ex.o(.text.HAL_RCCEx_EnablePLLI2S), (176 bytes).
    Removing stm32f4xx_hal_rcc_ex.o(.ARM.exidx.text.HAL_RCCEx_EnablePLLI2S), (8 bytes).
    Removing stm32f4xx_hal_rcc_ex.o(.text.HAL_RCCEx_DisablePLLI2S), (80 bytes).
    Removing stm32f4xx_hal_rcc_ex.o(.ARM.exidx.text.HAL_RCCEx_DisablePLLI2S), (8 bytes).
    Removing stm32f4xx_hal_rcc_ex.o(.text.HAL_RCC_DeInit), (512 bytes).
    Removing stm32f4xx_hal_rcc_ex.o(.ARM.exidx.text.HAL_RCC_DeInit), (8 bytes).
    Removing system_stm32f4xx.o(.text), (0 bytes).
    Removing system_stm32f4xx.o(.ARM.exidx.text.SystemInit), (8 bytes).
    Removing system_stm32f4xx.o(.ARM.exidx.text.SystemCoreClockUpdate), (8 bytes).
    Removing system_stm32f4xx.o(.rodata.APBPrescTable), (8 bytes).

542 unused section(s) (total 24099 bytes) removed from the image.

==============================================================================

Image Symbol Table

    Local Symbols

    Symbol Name                              Value     Ov Type        Size  Object(Section)

    ../clib/angel/boardlib.s                 0x00000000   Number         0  boardinit1.o ABSOLUTE
    ../clib/angel/boardlib.s                 0x00000000   Number         0  boardinit2.o ABSOLUTE
    ../clib/angel/boardlib.s                 0x00000000   Number         0  boardinit3.o ABSOLUTE
    ../clib/angel/boardlib.s                 0x00000000   Number         0  boardshut.o ABSOLUTE
    ../clib/angel/handlers.s                 0x00000000   Number         0  __scatter_copy.o ABSOLUTE
    ../clib/angel/handlers.s                 0x00000000   Number         0  __scatter_zi.o ABSOLUTE
    ../clib/angel/kernel.s                   0x00000000   Number         0  __rtentry.o ABSOLUTE
    ../clib/angel/kernel.s                   0x00000000   Number         0  __rtentry2.o ABSOLUTE
    ../clib/angel/kernel.s                   0x00000000   Number         0  __rtentry4.o ABSOLUTE
    ../clib/angel/kernel.s                   0x00000000   Number         0  rtexit.o ABSOLUTE
    ../clib/angel/kernel.s                   0x00000000   Number         0  rtexit2.o ABSOLUTE
    ../clib/angel/rt.s                       0x00000000   Number         0  aeabi_ldiv0.o ABSOLUTE
    ../clib/angel/rt.s                       0x00000000   Number         0  aeabi_ldiv0_sigfpe.o ABSOLUTE
    ../clib/angel/rt.s                       0x00000000   Number         0  rt_div0.o ABSOLUTE
    ../clib/angel/rt.s                       0x00000000   Number         0  rt_raise.o ABSOLUTE
    ../clib/angel/scatter.s                  0x00000000   Number         0  __scatter.o ABSOLUTE
    ../clib/angel/startup.s                  0x00000000   Number         0  __main.o ABSOLUTE
    ../clib/angel/sys.s                      0x00000000   Number         0  sys_stackheap_outer.o ABSOLUTE
    ../clib/angel/sys.s                      0x00000000   Number         0  libspace.o ABSOLUTE
    ../clib/angel/sys.s                      0x00000000   Number         0  use_no_semi.o ABSOLUTE
    ../clib/angel/sys.s                      0x00000000   Number         0  indicate_semi.o ABSOLUTE
    ../clib/angel/sysapp.c                   0x00000000   Number         0  sys_exit.o ABSOLUTE
    ../clib/angel/sysapp.c                   0x00000000   Number         0  sys_exit_hlt.o ABSOLUTE
    ../clib/angel/sysapp.c                   0x00000000   Number         0  sys_wrch.o ABSOLUTE
    ../clib/angel/sysapp.c                   0x00000000   Number         0  sys_wrch_hlt.o ABSOLUTE
    ../clib/angel/sysapp.c                   0x00000000   Number         0  sys_command.o ABSOLUTE
    ../clib/angel/sysapp.c                   0x00000000   Number         0  sys_command_hlt.o ABSOLUTE
    ../clib/armsys.c                         0x00000000   Number         0  argv_veneer.o ABSOLUTE
    ../clib/armsys.c                         0x00000000   Number         0  argv_veneer.o ABSOLUTE
    ../clib/armsys.c                         0x00000000   Number         0  _get_argv_nomalloc.o ABSOLUTE
    ../clib/armsys.c                         0x00000000   Number         0  no_argv.o ABSOLUTE
    ../clib/heapalloc.c                      0x00000000   Number         0  hrguard.o ABSOLUTE
    ../clib/heapaux.c                        0x00000000   Number         0  heapauxi.o ABSOLUTE
    ../clib/libinit.s                        0x00000000   Number         0  libinit.o ABSOLUTE
    ../clib/libinit.s                        0x00000000   Number         0  libinit2.o ABSOLUTE
    ../clib/libinit.s                        0x00000000   Number         0  libshutdown.o ABSOLUTE
    ../clib/libinit.s                        0x00000000   Number         0  libshutdown2.o ABSOLUTE
    ../clib/longlong.s                       0x00000000   Number         0  lludivv7m.o ABSOLUTE
    ../clib/signal.c                         0x00000000   Number         0  defsig_fpe_outer.o ABSOLUTE
    ../clib/signal.c                         0x00000000   Number         0  defsig_fpe_formal.o ABSOLUTE
    ../clib/signal.c                         0x00000000   Number         0  defsig_exit.o ABSOLUTE
    ../clib/signal.c                         0x00000000   Number         0  defsig_fpe_inner.o ABSOLUTE
    ../clib/signal.c                         0x00000000   Number         0  __raise.o ABSOLUTE
    ../clib/signal.c                         0x00000000   Number         0  defsig_general.o ABSOLUTE
    ../clib/signal.c                         0x00000000   Number         0  defsig_abrt_inner.o ABSOLUTE
    ../clib/signal.c                         0x00000000   Number         0  defsig_rtred_inner.o ABSOLUTE
    ../clib/signal.c                         0x00000000   Number         0  defsig_rtmem_inner.o ABSOLUTE
    ../clib/signal.c                         0x00000000   Number         0  defsig_rtmem_outer.o ABSOLUTE
    ../clib/signal.c                         0x00000000   Number         0  defsig_rtmem_formal.o ABSOLUTE
    ../clib/signal.c                         0x00000000   Number         0  defsig_stak_inner.o ABSOLUTE
    ../clib/signal.c                         0x00000000   Number         0  defsig_pvfn_inner.o ABSOLUTE
    ../clib/signal.c                         0x00000000   Number         0  defsig_cppl_inner.o ABSOLUTE
    ../clib/signal.c                         0x00000000   Number         0  defsig_segv_inner.o ABSOLUTE
    ../clib/signal.c                         0x00000000   Number         0  defsig_other.o ABSOLUTE
    ../clib/signal.s                         0x00000000   Number         0  defsig.o ABSOLUTE
    ../clib/stdlib.c                         0x00000000   Number         0  exit.o ABSOLUTE
    ../fplib/fpinit.s                        0x00000000   Number         0  fpinit.o ABSOLUTE
    ../fplib/fpinit_empty.s                  0x00000000   Number         0  fpinit_empty.o ABSOLUTE
    RTE/Device/STM32F407VGTx/startup_stm32f407xx.s 0x00000000   Number         0  startup_stm32f407xx.o ABSOLUTE
    bsp.c                                    0x00000000   Number         0  bsp.o ABSOLUTE
    dc.s                                     0x00000000   Number         0  dc.o ABSOLUTE
    main.c                                   0x00000000   Number         0  main.o ABSOLUTE
    qep_hsm.c                                0x00000000   Number         0  qep_hsm.o ABSOLUTE
    qep_msm.c                                0x00000000   Number         0  qep_msm.o ABSOLUTE
    qf_act.c                                 0x00000000   Number         0  qf_act.o ABSOLUTE
    qf_actq.c                                0x00000000   Number         0  qf_actq.o ABSOLUTE
    qf_defer.c                               0x00000000   Number         0  qf_defer.o ABSOLUTE
    qf_dyn.c                                 0x00000000   Number         0  qf_dyn.o ABSOLUTE
    qf_mem.c                                 0x00000000   Number         0  qf_mem.o ABSOLUTE
    qf_ps.c                                  0x00000000   Number         0  qf_ps.o ABSOLUTE
    qf_qact.c                                0x00000000   Number         0  qf_qact.o ABSOLUTE
    qf_qeq.c                                 0x00000000   Number         0  qf_qeq.o ABSOLUTE
    qf_qmact.c                               0x00000000   Number         0  qf_qmact.o ABSOLUTE
    qf_time.c                                0x00000000   Number         0  qf_time.o ABSOLUTE
    qxk.c                                    0x00000000   Number         0  qxk.o ABSOLUTE
    qxk_mutex.c                              0x00000000   Number         0  qxk_mutex.o ABSOLUTE
    qxk_port.c                               0x00000000   Number         0  qxk_port.o ABSOLUTE
    qxk_sema.c                               0x00000000   Number         0  qxk_sema.o ABSOLUTE
    qxk_xthr.c                               0x00000000   Number         0  qxk_xthr.o ABSOLUTE
    stm32f4xx_hal.c                          0x00000000   Number         0  stm32f4xx_hal.o ABSOLUTE
    stm32f4xx_hal_cortex.c                   0x00000000   Number         0  stm32f4xx_hal_cortex.o ABSOLUTE
    stm32f4xx_hal_gpio.c                     0x00000000   Number         0  stm32f4xx_hal_gpio.o ABSOLUTE
    stm32f4xx_hal_pwr.c                      0x00000000   Number         0  stm32f4xx_hal_pwr.o ABSOLUTE
    stm32f4xx_hal_pwr_ex.c                   0x00000000   Number         0  stm32f4xx_hal_pwr_ex.o ABSOLUTE
    stm32f4xx_hal_rcc.c                      0x00000000   Number         0  stm32f4xx_hal_rcc.o ABSOLUTE
    stm32f4xx_hal_rcc_ex.c                   0x00000000   Number         0  stm32f4xx_hal_rcc_ex.o ABSOLUTE
    system_stm32f4xx.c                       0x00000000   Number         0  system_stm32f4xx.o ABSOLUTE
    RESET                                    0x08000000   Section      392  startup_stm32f407xx.o(RESET)
    !!!main                                  0x08000188   Section        8  __main.o(!!!main)
    !!!scatter                               0x08000190   Section       92  __scatter.o(!!!scatter)
    !!handler_copy                           0x080001ec   Section       26  __scatter_copy.o(!!handler_copy)
    !!handler_null                           0x08000208   Section        2  __scatter.o(!!handler_null)
    !!handler_zi                             0x0800020c   Section       28  __scatter_zi.o(!!handler_zi)
    .ARM.Collect$$libinit$$00000000          0x08000228   Section        2  libinit.o(.ARM.Collect$$libinit$$00000000)
    .ARM.Collect$$libinit$$00000002          0x0800022a   Section        0  libinit2.o(.ARM.Collect$$libinit$$00000002)
    .ARM.Collect$$libinit$$00000004          0x0800022a   Section        0  libinit2.o(.ARM.Collect$$libinit$$00000004)
    .ARM.Collect$$libinit$$00000006          0x0800022a   Section        0  libinit2.o(.ARM.Collect$$libinit$$00000006)
    .ARM.Collect$$libinit$$0000000C          0x0800022a   Section        0  libinit2.o(.ARM.Collect$$libinit$$0000000C)
    .ARM.Collect$$libinit$$0000000E          0x0800022a   Section        0  libinit2.o(.ARM.Collect$$libinit$$0000000E)
    .ARM.Collect$$libinit$$00000010          0x0800022a   Section        0  libinit2.o(.ARM.Collect$$libinit$$00000010)
    .ARM.Collect$$libinit$$00000013          0x0800022a   Section        0  libinit2.o(.ARM.Collect$$libinit$$00000013)
    .ARM.Collect$$libinit$$00000015          0x0800022a   Section        0  libinit2.o(.ARM.Collect$$libinit$$00000015)
    .ARM.Collect$$libinit$$00000017          0x0800022a   Section        0  libinit2.o(.ARM.Collect$$libinit$$00000017)
    .ARM.Collect$$libinit$$00000019          0x0800022a   Section        0  libinit2.o(.ARM.Collect$$libinit$$00000019)
    .ARM.Collect$$libinit$$0000001B          0x0800022a   Section        0  libinit2.o(.ARM.Collect$$libinit$$0000001B)
    .ARM.Collect$$libinit$$0000001D          0x0800022a   Section        0  libinit2.o(.ARM.Collect$$libinit$$0000001D)
    .ARM.Collect$$libinit$$0000001F          0x0800022a   Section        0  libinit2.o(.ARM.Collect$$libinit$$0000001F)
    .ARM.Collect$$libinit$$00000021          0x0800022a   Section        0  libinit2.o(.ARM.Collect$$libinit$$00000021)
    .ARM.Collect$$libinit$$00000023          0x0800022a   Section        0  libinit2.o(.ARM.Collect$$libinit$$00000023)
    .ARM.Collect$$libinit$$00000025          0x0800022a   Section        0  libinit2.o(.ARM.Collect$$libinit$$00000025)
    .ARM.Collect$$libinit$$00000027          0x0800022a   Section        0  libinit2.o(.ARM.Collect$$libinit$$00000027)
    .ARM.Collect$$libinit$$0000002E          0x0800022a   Section        0  libinit2.o(.ARM.Collect$$libinit$$0000002E)
    .ARM.Collect$$libinit$$00000030          0x0800022a   Section        0  libinit2.o(.ARM.Collect$$libinit$$00000030)
    .ARM.Collect$$libinit$$00000032          0x0800022a   Section        0  libinit2.o(.ARM.Collect$$libinit$$00000032)
    .ARM.Collect$$libinit$$00000034          0x0800022a   Section        0  libinit2.o(.ARM.Collect$$libinit$$00000034)
    .ARM.Collect$$libinit$$00000035          0x0800022a   Section        2  libinit2.o(.ARM.Collect$$libinit$$00000035)
    .ARM.Collect$$libshutdown$$00000000      0x0800022c   Section        2  libshutdown.o(.ARM.Collect$$libshutdown$$00000000)
    .ARM.Collect$$libshutdown$$00000002      0x0800022e   Section        0  libshutdown2.o(.ARM.Collect$$libshutdown$$00000002)
    .ARM.Collect$$libshutdown$$00000004      0x0800022e   Section        0  libshutdown2.o(.ARM.Collect$$libshutdown$$00000004)
    .ARM.Collect$$libshutdown$$00000007      0x0800022e   Section        0  libshutdown2.o(.ARM.Collect$$libshutdown$$00000007)
    .ARM.Collect$$libshutdown$$0000000A      0x0800022e   Section        0  libshutdown2.o(.ARM.Collect$$libshutdown$$0000000A)
    .ARM.Collect$$libshutdown$$0000000C      0x0800022e   Section        0  libshutdown2.o(.ARM.Collect$$libshutdown$$0000000C)
    .ARM.Collect$$libshutdown$$0000000F      0x0800022e   Section        0  libshutdown2.o(.ARM.Collect$$libshutdown$$0000000F)
    .ARM.Collect$$libshutdown$$00000010      0x0800022e   Section        2  libshutdown2.o(.ARM.Collect$$libshutdown$$00000010)
    .ARM.Collect$$rtentry$$00000000          0x08000230   Section        0  __rtentry.o(.ARM.Collect$$rtentry$$00000000)
    .ARM.Collect$$rtentry$$00000002          0x08000230   Section        0  __rtentry2.o(.ARM.Collect$$rtentry$$00000002)
    .ARM.Collect$$rtentry$$00000004          0x08000230   Section        6  __rtentry4.o(.ARM.Collect$$rtentry$$00000004)
    .ARM.Collect$$rtentry$$00000009          0x08000236   Section        0  __rtentry2.o(.ARM.Collect$$rtentry$$00000009)
    .ARM.Collect$$rtentry$$0000000A          0x08000236   Section        4  __rtentry2.o(.ARM.Collect$$rtentry$$0000000A)
    .ARM.Collect$$rtentry$$0000000C          0x0800023a   Section        0  __rtentry2.o(.ARM.Collect$$rtentry$$0000000C)
    .ARM.Collect$$rtentry$$0000000D          0x0800023a   Section        8  __rtentry2.o(.ARM.Collect$$rtentry$$0000000D)
    .ARM.Collect$$rtexit$$00000000           0x08000242   Section        2  rtexit.o(.ARM.Collect$$rtexit$$00000000)
    .ARM.Collect$$rtexit$$00000002           0x08000244   Section        0  rtexit2.o(.ARM.Collect$$rtexit$$00000002)
    .ARM.Collect$$rtexit$$00000003           0x08000244   Section        4  rtexit2.o(.ARM.Collect$$rtexit$$00000003)
    .ARM.Collect$$rtexit$$00000004           0x08000248   Section        6  rtexit2.o(.ARM.Collect$$rtexit$$00000004)
    .text                                    0x08000250   Section       64  startup_stm32f407xx.o(.text)
    .text                                    0x08000290   Section        0  heapauxi.o(.text)
    .text                                    0x08000296   Section       74  sys_stackheap_outer.o(.text)
    .text                                    0x080002e0   Section        0  exit.o(.text)
    .text                                    0x080002f4   Section        8  libspace.o(.text)
    .text                                    0x080002fc   Section        0  sys_exit.o(.text)
    .text                                    0x08000308   Section        2  use_no_semi.o(.text)
    .text                                    0x0800030a   Section        0  indicate_semi.o(.text)
    [Anonymous Symbol]                       0x0800030c   Section        0  bsp.o(.text.BSP_init)
    [Anonymous Symbol]                       0x080003fc   Section        0  bsp.o(.text.BSP_ledBlueOff)
    [Anonymous Symbol]                       0x0800040c   Section        0  bsp.o(.text.BSP_ledBlueOn)
    [Anonymous Symbol]                       0x0800041c   Section        0  bsp.o(.text.BSP_ledGreenOff)
    [Anonymous Symbol]                       0x0800042c   Section        0  bsp.o(.text.BSP_ledGreenOn)
    Blinky1_active                           0x0800043d   Thumb Code    86  main.o(.text.Blinky1_active)
    [Anonymous Symbol]                       0x0800043c   Section        0  main.o(.text.Blinky1_active)
    [Anonymous Symbol]                       0x08000494   Section        0  main.o(.text.Blinky1_ctor)
    Blinky1_initial                          0x080004bd   Thumb Code    38  main.o(.text.Blinky1_initial)
    [Anonymous Symbol]                       0x080004bc   Section        0  main.o(.text.Blinky1_initial)
    Blinky2_active                           0x080004e5   Thumb Code    86  main.o(.text.Blinky2_active)
    [Anonymous Symbol]                       0x080004e4   Section        0  main.o(.text.Blinky2_active)
    [Anonymous Symbol]                       0x0800053c   Section        0  main.o(.text.Blinky2_ctor)
    Blinky2_initial                          0x08000555   Thumb Code    24  main.o(.text.Blinky2_initial)
    [Anonymous Symbol]                       0x08000554   Section        0  main.o(.text.Blinky2_initial)
    [Anonymous Symbol]                       0x0800056c   Section        0  bsp.o(.text.EXTI0_IRQHandler)
    [Anonymous Symbol]                       0x080005e0   Section        0  qxk_port.o(.text.NMI_Handler)
    [Anonymous Symbol]                       0x080005ec   Section        0  qxk_port.o(.text.PendSV_Handler)
    PendSV_activate                          0x08000614   Number         0  qxk_port.o(.text.PendSV_Handler)
    PendSV_save_ao                           0x0800062e   Number         0  qxk_port.o(.text.PendSV_Handler)
    PendSV_restore_ao                        0x08000636   Number         0  qxk_port.o(.text.PendSV_Handler)
    PendSV_return                            0x08000650   Number         0  qxk_port.o(.text.PendSV_Handler)
    PendSV_save_ex                           0x0800065c   Number         0  qxk_port.o(.text.PendSV_Handler)
    PendSV_restore_ex                        0x08000670   Number         0  qxk_port.o(.text.PendSV_Handler)
    [Anonymous Symbol]                       0x080006a0   Section        0  qf_qact.o(.text.QActive_ctor)
    [Anonymous Symbol]                       0x080006c8   Section        0  qf_actq.o(.text.QActive_get_)
    [Anonymous Symbol]                       0x08000780   Section        0  qf_actq.o(.text.QActive_post_)
    [Anonymous Symbol]                       0x08000954   Section        0  qf_qact.o(.text.QActive_register_)
    [Anonymous Symbol]                       0x08000ac0   Section        0  qxk.o(.text.QActive_start_)
    [Anonymous Symbol]                       0x08000c14   Section        0  qf_qeq.o(.text.QEQueue_init)
    QEvt_ctor                                0x08000c55   Thumb Code    38  qf_time.o(.text.QEvt_ctor)
    [Anonymous Symbol]                       0x08000c54   Section        0  qf_time.o(.text.QEvt_ctor)
    QEvt_getPoolId_                          0x08000c7d   Thumb Code    16  qf_actq.o(.text.QEvt_getPoolId_)
    [Anonymous Symbol]                       0x08000c7c   Section        0  qf_actq.o(.text.QEvt_getPoolId_)
    QEvt_getPoolId_                          0x08000c8d   Thumb Code    16  qf_dyn.o(.text.QEvt_getPoolId_)
    [Anonymous Symbol]                       0x08000c8c   Section        0  qf_dyn.o(.text.QEvt_getPoolId_)
    QEvt_refCtr_dec_                         0x08000c9d   Thumb Code    16  qf_dyn.o(.text.QEvt_refCtr_dec_)
    [Anonymous Symbol]                       0x08000c9c   Section        0  qf_dyn.o(.text.QEvt_refCtr_dec_)
    QEvt_refCtr_inc_                         0x08000cad   Thumb Code    16  qf_actq.o(.text.QEvt_refCtr_inc_)
    [Anonymous Symbol]                       0x08000cac   Section        0  qf_actq.o(.text.QEvt_refCtr_inc_)
    QEvt_verify_                             0x08000cbd   Thumb Code    44  qep_hsm.o(.text.QEvt_verify_)
    [Anonymous Symbol]                       0x08000cbc   Section        0  qep_hsm.o(.text.QEvt_verify_)
    QEvt_verify_                             0x08000ce9   Thumb Code    44  qf_actq.o(.text.QEvt_verify_)
    [Anonymous Symbol]                       0x08000ce8   Section        0  qf_actq.o(.text.QEvt_verify_)
    QEvt_verify_                             0x08000d15   Thumb Code    44  qf_dyn.o(.text.QEvt_verify_)
    [Anonymous Symbol]                       0x08000d14   Section        0  qf_dyn.o(.text.QEvt_verify_)
    [Anonymous Symbol]                       0x08000d40   Section        0  qf_act.o(.text.QF_bzero_)
    [Anonymous Symbol]                       0x08000d70   Section        0  qf_dyn.o(.text.QF_gc)
    [Anonymous Symbol]                       0x08000e2c   Section        0  qxk.o(.text.QF_init)
    [Anonymous Symbol]                       0x08000e98   Section        0  bsp.o(.text.QF_onStartup)
    [Anonymous Symbol]                       0x08000edc   Section        0  qxk.o(.text.QF_run)
    [Anonymous Symbol]                       0x08000f14   Section        0  qep_hsm.o(.text.QHsm_ctor)
    [Anonymous Symbol]                       0x08000f3c   Section        0  qep_hsm.o(.text.QHsm_dispatch_)
    [Anonymous Symbol]                       0x08001174   Section        0  qep_hsm.o(.text.QHsm_init_)
    [Anonymous Symbol]                       0x080012fc   Section        0  qep_hsm.o(.text.QHsm_top)
    [Anonymous Symbol]                       0x08001308   Section        0  qep_hsm.o(.text.QHsm_tran_)
    [Anonymous Symbol]                       0x080015b4   Section        0  qf_mem.o(.text.QMPool_put)
    QPSet_findMax                            0x08001635   Thumb Code    20  qxk.o(.text.QPSet_findMax)
    [Anonymous Symbol]                       0x08001634   Section        0  qxk.o(.text.QPSet_findMax)
    QPSet_hasElement                         0x08001649   Thumb Code    24  qxk.o(.text.QPSet_hasElement)
    [Anonymous Symbol]                       0x08001648   Section        0  qxk.o(.text.QPSet_hasElement)
    QPSet_insert                             0x08001661   Thumb Code    26  qf_actq.o(.text.QPSet_insert)
    [Anonymous Symbol]                       0x08001660   Section        0  qf_actq.o(.text.QPSet_insert)
    QPSet_insert                             0x0800167d   Thumb Code    26  qxk_xthr.o(.text.QPSet_insert)
    [Anonymous Symbol]                       0x0800167c   Section        0  qxk_xthr.o(.text.QPSet_insert)
    QPSet_insert                             0x08001699   Thumb Code    26  qxk.o(.text.QPSet_insert)
    [Anonymous Symbol]                       0x08001698   Section        0  qxk.o(.text.QPSet_insert)
    QPSet_isEmpty                            0x080016b5   Thumb Code    18  qxk.o(.text.QPSet_isEmpty)
    [Anonymous Symbol]                       0x080016b4   Section        0  qxk.o(.text.QPSet_isEmpty)
    QPSet_remove                             0x080016c9   Thumb Code    26  qxk.o(.text.QPSet_remove)
    [Anonymous Symbol]                       0x080016c8   Section        0  qxk.o(.text.QPSet_remove)
    QPSet_update_                            0x080016e5   Thumb Code    20  qf_actq.o(.text.QPSet_update_)
    [Anonymous Symbol]                       0x080016e4   Section        0  qf_actq.o(.text.QPSet_update_)
    QPSet_update_                            0x080016f9   Thumb Code    20  qxk_xthr.o(.text.QPSet_update_)
    [Anonymous Symbol]                       0x080016f8   Section        0  qxk_xthr.o(.text.QPSet_update_)
    QPSet_update_                            0x0800170d   Thumb Code    20  qxk.o(.text.QPSet_update_)
    [Anonymous Symbol]                       0x0800170c   Section        0  qxk.o(.text.QPSet_update_)
    QPSet_verify_                            0x08001721   Thumb Code    28  qxk.o(.text.QPSet_verify_)
    [Anonymous Symbol]                       0x08001720   Section        0  qxk.o(.text.QPSet_verify_)
    [Anonymous Symbol]                       0x0800173c   Section        0  qf_time.o(.text.QTimeEvt_armX)
    [Anonymous Symbol]                       0x080017f4   Section        0  qf_time.o(.text.QTimeEvt_ctorX)
    [Anonymous Symbol]                       0x08001860   Section        0  qf_time.o(.text.QTimeEvt_tick_)
    [Anonymous Symbol]                       0x080019c0   Section        0  qxk.o(.text.QXK_activate_)
    [Anonymous Symbol]                       0x08001bc0   Section        0  qxk_port.o(.text.QXK_init)
    [Anonymous Symbol]                       0x08001c10   Section        0  bsp.o(.text.QXK_onIdle)
    [Anonymous Symbol]                       0x08001c28   Section        0  qxk.o(.text.QXK_sched_)
    [Anonymous Symbol]                       0x08001da0   Section        0  qxk.o(.text.QXK_threadExit_)
    __tagsym$$used.0                         0x08001e54   Number         0  qxk_port.o(.text.QXK_thread_ret)
    [Anonymous Symbol]                       0x08001e54   Section        0  qxk_port.o(.text.QXK_thread_ret)
    [Anonymous Symbol]                       0x08001e64   Section        0  qxk_port.o(.text.QXThread_stackInit_)
    [Anonymous Symbol]                       0x08001f7c   Section        0  qxk_xthr.o(.text.QXThread_teDisarm_)
    [Anonymous Symbol]                       0x08001fac   Section        0  qxk_xthr.o(.text.QXThread_timeout_)
    [Anonymous Symbol]                       0x08001fc4   Section        0  qxk_xthr.o(.text.QXThread_unblock_)
    [Anonymous Symbol]                       0x08002010   Section        0  bsp.o(.text.Q_onError)
    SysTick_Config                           0x0800201d   Thumb Code    82  bsp.o(.text.SysTick_Config)
    [Anonymous Symbol]                       0x0800201c   Section        0  bsp.o(.text.SysTick_Config)
    [Anonymous Symbol]                       0x08002070   Section        0  bsp.o(.text.SysTick_Handler)
    [Anonymous Symbol]                       0x080020ac   Section        0  system_stm32f4xx.o(.text.SystemCoreClockUpdate)
    [Anonymous Symbol]                       0x080021dc   Section        0  system_stm32f4xx.o(.text.SystemInit)
    __NVIC_EnableIRQ                         0x080021e1   Thumb Code    48  bsp.o(.text.__NVIC_EnableIRQ)
    [Anonymous Symbol]                       0x080021e0   Section        0  bsp.o(.text.__NVIC_EnableIRQ)
    __NVIC_SetPriority                       0x08002211   Thumb Code    66  bsp.o(.text.__NVIC_SetPriority)
    [Anonymous Symbol]                       0x08002210   Section        0  bsp.o(.text.__NVIC_SetPriority)
    __NVIC_SystemReset                       0x08002255   Thumb Code    38  bsp.o(.text.__NVIC_SystemReset)
    [Anonymous Symbol]                       0x08002254   Section        0  bsp.o(.text.__NVIC_SystemReset)
    [Anonymous Symbol]                       0x0800227c   Section        0  main.o(.text.main)
    EXTI0_IRQHandler.buttonPressedEvt        0x08002300   Data           4  bsp.o(.rodata.EXTI0_IRQHandler.buttonPressedEvt)
    [Anonymous Symbol]                       0x08002300   Section        0  bsp.o(.rodata.EXTI0_IRQHandler.buttonPressedEvt)
    QActive_ctor.vtable                      0x08002304   Data           8  qf_qact.o(.rodata.QActive_ctor.vtable)
    [Anonymous Symbol]                       0x08002304   Section        0  qf_qact.o(.rodata.QActive_ctor.vtable)
    QF_init.idle_ao                          0x0800231c   Data          40  qxk.o(.rodata.QF_init.idle_ao)
    [Anonymous Symbol]                       0x0800231c   Section        0  qxk.o(.rodata.QF_init.idle_ao)
    QHsm_ctor.vtable                         0x08002344   Data           8  qep_hsm.o(.rodata.QHsm_ctor.vtable)
    [Anonymous Symbol]                       0x08002344   Section        0  qep_hsm.o(.rodata.QHsm_ctor.vtable)
    Q_this_module_                           0x0800234c   Data           8  qep_hsm.o(.rodata.Q_this_module_)
    [Anonymous Symbol]                       0x0800234c   Section        0  qep_hsm.o(.rodata.Q_this_module_)
    Q_this_module_                           0x08002354   Data           8  qf_actq.o(.rodata.Q_this_module_)
    [Anonymous Symbol]                       0x08002354   Section        0  qf_actq.o(.rodata.Q_this_module_)
    Q_this_module_                           0x0800235c   Data           7  qf_dyn.o(.rodata.Q_this_module_)
    [Anonymous Symbol]                       0x0800235c   Section        0  qf_dyn.o(.rodata.Q_this_module_)
    Q_this_module_                           0x08002363   Data           7  qf_mem.o(.rodata.Q_this_module_)
    [Anonymous Symbol]                       0x08002363   Section        0  qf_mem.o(.rodata.Q_this_module_)
    Q_this_module_                           0x0800236a   Data           8  qf_qact.o(.rodata.Q_this_module_)
    [Anonymous Symbol]                       0x0800236a   Section        0  qf_qact.o(.rodata.Q_this_module_)
    Q_this_module_                           0x08002372   Data           8  qf_time.o(.rodata.Q_this_module_)
    [Anonymous Symbol]                       0x08002372   Section        0  qf_time.o(.rodata.Q_this_module_)
    Q_this_module_                           0x0800237a   Data           4  qxk.o(.rodata.Q_this_module_)
    [Anonymous Symbol]                       0x0800237a   Section        0  qxk.o(.rodata.Q_this_module_)
    .bss                                     0x20000008   Section       96  libspace.o(.bss)
    Heap_Mem                                 0x20000218   Data         512  startup_stm32f407xx.o(HEAP)
    HEAP                                     0x20000218   Section      512  startup_stm32f407xx.o(HEAP)
    Stack_Mem                                0x20000418   Data        1024  startup_stm32f407xx.o(STACK)
    STACK                                    0x20000418   Section     1024  startup_stm32f407xx.o(STACK)
    __initial_sp                             0x20000818   Data           0  startup_stm32f407xx.o(STACK)

    Global Symbols

    Symbol Name                              Value     Ov Type        Size  Object(Section)

    BuildAttributes$$THM_ISAv4$E$P$D$K$B$S$7EM$PE$A:L22UL41UL21$X:L11$S22US41US21$IEEE1$IW$~IW$USESV6$~STKCKD$USESV7$~SHL$OSPACE$ROPI$EBA8$UX$STANDARDLIB$REQ8$PRES8$EABIv2 0x00000000   Number         0  anon$$obj.o ABSOLUTE
    __fp_init_empty                          0x00000000   Number         0  fpinit_empty.o ABSOLUTE
    __ARM_exceptions_init                     - Undefined Weak Reference
    __alloca_initialize                       - Undefined Weak Reference
    __arm_preinit_                            - Undefined Weak Reference
    __arm_relocate_pie_                       - Undefined Weak Reference
    __cpp_initialize__aeabi_                  - Undefined Weak Reference
    __cxa_finalize                            - Undefined Weak Reference
    __rt_locale                               - Undefined Weak Reference
    __sigvec_lookup                           - Undefined Weak Reference
    _atexit_init                              - Undefined Weak Reference
    _call_atexit_fns                          - Undefined Weak Reference
    _clock_init                               - Undefined Weak Reference
    _fp_trap_init                             - Undefined Weak Reference
    _fp_trap_shutdown                         - Undefined Weak Reference
    _get_lc_collate                           - Undefined Weak Reference
    _get_lc_ctype                             - Undefined Weak Reference
    _get_lc_monetary                          - Undefined Weak Reference
    _get_lc_numeric                           - Undefined Weak Reference
    _get_lc_time                              - Undefined Weak Reference
    _getenv_init                              - Undefined Weak Reference
    _handle_redirection                       - Undefined Weak Reference
    _init_alloc                               - Undefined Weak Reference
    _init_user_alloc                          - Undefined Weak Reference
    _initio                                   - Undefined Weak Reference
    _rand_init                                - Undefined Weak Reference
    _signal_finish                            - Undefined Weak Reference
    _signal_init                              - Undefined Weak Reference
    _terminate_alloc                          - Undefined Weak Reference
    _terminate_user_alloc                     - Undefined Weak Reference
    _terminateio                              - Undefined Weak Reference
    __Vectors_Size                           0x00000188   Number         0  startup_stm32f407xx.o ABSOLUTE
    __Vectors                                0x08000000   Data           4  startup_stm32f407xx.o(RESET)
    __Vectors_End                            0x08000188   Data           0  startup_stm32f407xx.o(RESET)
    __main                                   0x08000189   Thumb Code     8  __main.o(!!!main)
    __scatterload                            0x08000191   Thumb Code     0  __scatter.o(!!!scatter)
    __scatterload_rt2                        0x08000191   Thumb Code    84  __scatter.o(!!!scatter)
    __scatterload_rt2_thumb_only             0x08000191   Thumb Code     0  __scatter.o(!!!scatter)
    __scatterload_loop                       0x0800019b   Thumb Code     0  __scatter.o(!!!scatter)
    __scatterload_copy                       0x080001ed   Thumb Code    26  __scatter_copy.o(!!handler_copy)
    __scatterload_null                       0x08000209   Thumb Code     2  __scatter.o(!!handler_null)
    __scatterload_zeroinit                   0x0800020d   Thumb Code    28  __scatter_zi.o(!!handler_zi)
    __rt_lib_init                            0x08000229   Thumb Code     0  libinit.o(.ARM.Collect$$libinit$$00000000)
    __rt_lib_init_alloca_1                   0x0800022b   Thumb Code     0  libinit2.o(.ARM.Collect$$libinit$$00000030)
    __rt_lib_init_argv_1                     0x0800022b   Thumb Code     0  libinit2.o(.ARM.Collect$$libinit$$0000002E)
    __rt_lib_init_atexit_1                   0x0800022b   Thumb Code     0  libinit2.o(.ARM.Collect$$libinit$$0000001D)
    __rt_lib_init_clock_1                    0x0800022b   Thumb Code     0  libinit2.o(.ARM.Collect$$libinit$$00000023)
    __rt_lib_init_cpp_1                      0x0800022b   Thumb Code     0  libinit2.o(.ARM.Collect$$libinit$$00000034)
    __rt_lib_init_exceptions_1               0x0800022b   Thumb Code     0  libinit2.o(.ARM.Collect$$libinit$$00000032)
    __rt_lib_init_fp_1                       0x0800022b   Thumb Code     0  libinit2.o(.ARM.Collect$$libinit$$00000002)
    __rt_lib_init_fp_trap_1                  0x0800022b   Thumb Code     0  libinit2.o(.ARM.Collect$$libinit$$00000021)
    __rt_lib_init_getenv_1                   0x0800022b   Thumb Code     0  libinit2.o(.ARM.Collect$$libinit$$00000025)
    __rt_lib_init_heap_1                     0x0800022b   Thumb Code     0  libinit2.o(.ARM.Collect$$libinit$$0000000C)
    __rt_lib_init_lc_collate_1               0x0800022b   Thumb Code     0  libinit2.o(.ARM.Collect$$libinit$$00000013)
    __rt_lib_init_lc_ctype_1                 0x0800022b   Thumb Code     0  libinit2.o(.ARM.Collect$$libinit$$00000015)
    __rt_lib_init_lc_monetary_1              0x0800022b   Thumb Code     0  libinit2.o(.ARM.Collect$$libinit$$00000017)
    __rt_lib_init_lc_numeric_1               0x0800022b   Thumb Code     0  libinit2.o(.ARM.Collect$$libinit$$00000019)
    __rt_lib_init_lc_time_1                  0x0800022b   Thumb Code     0  libinit2.o(.ARM.Collect$$libinit$$0000001B)
    __rt_lib_init_preinit_1                  0x0800022b   Thumb Code     0  libinit2.o(.ARM.Collect$$libinit$$00000006)
    __rt_lib_init_rand_1                     0x0800022b   Thumb Code     0  libinit2.o(.ARM.Collect$$libinit$$00000010)
    __rt_lib_init_relocate_pie_1             0x0800022b   Thumb Code     0  libinit2.o(.ARM.Collect$$libinit$$00000004)
    __rt_lib_init_return                     0x0800022b   Thumb Code     0  libinit2.o(.ARM.Collect$$libinit$$00000035)
    __rt_lib_init_signal_1                   0x0800022b   Thumb Code     0  libinit2.o(.ARM.Collect$$libinit$$0000001F)
    __rt_lib_init_stdio_1                    0x0800022b   Thumb Code     0  libinit2.o(.ARM.Collect$$libinit$$00000027)
    __rt_lib_init_user_alloc_1               0x0800022b   Thumb Code     0  libinit2.o(.ARM.Collect$$libinit$$0000000E)
    __rt_lib_shutdown                        0x0800022d   Thumb Code     0  libshutdown.o(.ARM.Collect$$libshutdown$$00000000)
    __rt_lib_shutdown_cpp_1                  0x0800022f   Thumb Code     0  libshutdown2.o(.ARM.Collect$$libshutdown$$00000002)
    __rt_lib_shutdown_fp_trap_1              0x0800022f   Thumb Code     0  libshutdown2.o(.ARM.Collect$$libshutdown$$00000007)
    __rt_lib_shutdown_heap_1                 0x0800022f   Thumb Code     0  libshutdown2.o(.ARM.Collect$$libshutdown$$0000000F)
    __rt_lib_shutdown_return                 0x0800022f   Thumb Code     0  libshutdown2.o(.ARM.Collect$$libshutdown$$00000010)
    __rt_lib_shutdown_signal_1               0x0800022f   Thumb Code     0  libshutdown2.o(.ARM.Collect$$libshutdown$$0000000A)
    __rt_lib_shutdown_stdio_1                0x0800022f   Thumb Code     0  libshutdown2.o(.ARM.Collect$$libshutdown$$00000004)
    __rt_lib_shutdown_user_alloc_1           0x0800022f   Thumb Code     0  libshutdown2.o(.ARM.Collect$$libshutdown$$0000000C)
    __rt_entry                               0x08000231   Thumb Code     0  __rtentry.o(.ARM.Collect$$rtentry$$00000000)
    __rt_entry_presh_1                       0x08000231   Thumb Code     0  __rtentry2.o(.ARM.Collect$$rtentry$$00000002)
    __rt_entry_sh                            0x08000231   Thumb Code     0  __rtentry4.o(.ARM.Collect$$rtentry$$00000004)
    __rt_entry_li                            0x08000237   Thumb Code     0  __rtentry2.o(.ARM.Collect$$rtentry$$0000000A)
    __rt_entry_postsh_1                      0x08000237   Thumb Code     0  __rtentry2.o(.ARM.Collect$$rtentry$$00000009)
    __rt_entry_main                          0x0800023b   Thumb Code     0  __rtentry2.o(.ARM.Collect$$rtentry$$0000000D)
    __rt_entry_postli_1                      0x0800023b   Thumb Code     0  __rtentry2.o(.ARM.Collect$$rtentry$$0000000C)
    __rt_exit                                0x08000243   Thumb Code     0  rtexit.o(.ARM.Collect$$rtexit$$00000000)
    __rt_exit_ls                             0x08000245   Thumb Code     0  rtexit2.o(.ARM.Collect$$rtexit$$00000003)
    __rt_exit_prels_1                        0x08000245   Thumb Code     0  rtexit2.o(.ARM.Collect$$rtexit$$00000002)
    __rt_exit_exit                           0x08000249   Thumb Code     0  rtexit2.o(.ARM.Collect$$rtexit$$00000004)
    Reset_Handler                            0x08000251   Thumb Code     8  startup_stm32f407xx.o(.text)
    HardFault_Handler                        0x0800025b   Thumb Code     2  startup_stm32f407xx.o(.text)
    MemManage_Handler                        0x0800025d   Thumb Code     2  startup_stm32f407xx.o(.text)
    BusFault_Handler                         0x0800025f   Thumb Code     2  startup_stm32f407xx.o(.text)
    UsageFault_Handler                       0x08000261   Thumb Code     2  startup_stm32f407xx.o(.text)
    SVC_Handler                              0x08000263   Thumb Code     2  startup_stm32f407xx.o(.text)
    DebugMon_Handler                         0x08000265   Thumb Code     2  startup_stm32f407xx.o(.text)
    ADC_IRQHandler                           0x0800026b   Thumb Code     0  startup_stm32f407xx.o(.text)
    CAN1_RX0_IRQHandler                      0x0800026b   Thumb Code     0  startup_stm32f407xx.o(.text)
    CAN1_RX1_IRQHandler                      0x0800026b   Thumb Code     0  startup_stm32f407xx.o(.text)
    CAN1_SCE_IRQHandler                      0x0800026b   Thumb Code     0  startup_stm32f407xx.o(.text)
    CAN1_TX_IRQHandler                       0x0800026b   Thumb Code     0  startup_stm32f407xx.o(.text)
    CAN2_RX0_IRQHandler                      0x0800026b   Thumb Code     0  startup_stm32f407xx.o(.text)
    CAN2_RX1_IRQHandler                      0x0800026b   Thumb Code     0  startup_stm32f407xx.o(.text)
    CAN2_SCE_IRQHandler                      0x0800026b   Thumb Code     0  startup_stm32f407xx.o(.text)
    CAN2_TX_IRQHandler                       0x0800026b   Thumb Code     0  startup_stm32f407xx.o(.text)
    DCMI_IRQHandler                          0x0800026b   Thumb Code     0  startup_stm32f407xx.o(.text)
    DMA1_Stream0_IRQHandler                  0x0800026b   Thumb Code     0  startup_stm32f407xx.o(.text)
    DMA1_Stream1_IRQHandler                  0x0800026b   Thumb Code     0  startup_stm32f407xx.o(.text)
    DMA1_Stream2_IRQHandler                  0x0800026b   Thumb Code     0  startup_stm32f407xx.o(.text)
    DMA1_Stream3_IRQHandler                  0x0800026b   Thumb Code     0  startup_stm32f407xx.o(.text)
    DMA1_Stream4_IRQHandler                  0x0800026b   Thumb Code     0  startup_stm32f407xx.o(.text)
    DMA1_Stream5_IRQHandler                  0x0800026b   Thumb Code     0  startup_stm32f407xx.o(.text)
    DMA1_Stream6_IRQHandler                  0x0800026b   Thumb Code     0  startup_stm32f407xx.o(.text)
    DMA1_Stream7_IRQHandler                  0x0800026b   Thumb Code     0  startup_stm32f407xx.o(.text)
    DMA2_Stream0_IRQHandler                  0x0800026b   Thumb Code     0  startup_stm32f407xx.o(.text)
    DMA2_Stream1_IRQHandler                  0x0800026b   Thumb Code     0  startup_stm32f407xx.o(.text)
    DMA2_Stream2_IRQHandler                  0x0800026b   Thumb Code     0  startup_stm32f407xx.o(.text)
    DMA2_Stream3_IRQHandler                  0x0800026b   Thumb Code     0  startup_stm32f407xx.o(.text)
    DMA2_Stream4_IRQHandler                  0x0800026b   Thumb Code     0  startup_stm32f407xx.o(.text)
    DMA2_Stream5_IRQHandler                  0x0800026b   Thumb Code     0  startup_stm32f407xx.o(.text)
    DMA2_Stream6_IRQHandler                  0x0800026b   Thumb Code     0  startup_stm32f407xx.o(.text)
    DMA2_Stream7_IRQHandler                  0x0800026b   Thumb Code     0  startup_stm32f407xx.o(.text)
    ETH_IRQHandler                           0x0800026b   Thumb Code     0  startup_stm32f407xx.o(.text)
    ETH_WKUP_IRQHandler                      0x0800026b   Thumb Code     0  startup_stm32f407xx.o(.text)
    EXTI15_10_IRQHandler                     0x0800026b   Thumb Code     0  startup_stm32f407xx.o(.text)
    EXTI1_IRQHandler                         0x0800026b   Thumb Code     0  startup_stm32f407xx.o(.text)
    EXTI2_IRQHandler                         0x0800026b   Thumb Code     0  startup_stm32f407xx.o(.text)
    EXTI3_IRQHandler                         0x0800026b   Thumb Code     0  startup_stm32f407xx.o(.text)
    EXTI4_IRQHandler                         0x0800026b   Thumb Code     0  startup_stm32f407xx.o(.text)
    EXTI9_5_IRQHandler                       0x0800026b   Thumb Code     0  startup_stm32f407xx.o(.text)
    FLASH_IRQHandler                         0x0800026b   Thumb Code     0  startup_stm32f407xx.o(.text)
    FMC_IRQHandler                           0x0800026b   Thumb Code     0  startup_stm32f407xx.o(.text)
    FPU_IRQHandler                           0x0800026b   Thumb Code     0  startup_stm32f407xx.o(.text)
    HASH_RNG_IRQHandler                      0x0800026b   Thumb Code     0  startup_stm32f407xx.o(.text)
    I2C1_ER_IRQHandler                       0x0800026b   Thumb Code     0  startup_stm32f407xx.o(.text)
    I2C1_EV_IRQHandler                       0x0800026b   Thumb Code     0  startup_stm32f407xx.o(.text)
    I2C2_ER_IRQHandler                       0x0800026b   Thumb Code     0  startup_stm32f407xx.o(.text)
    I2C2_EV_IRQHandler                       0x0800026b   Thumb Code     0  startup_stm32f407xx.o(.text)
    I2C3_ER_IRQHandler                       0x0800026b   Thumb Code     0  startup_stm32f407xx.o(.text)
    I2C3_EV_IRQHandler                       0x0800026b   Thumb Code     0  startup_stm32f407xx.o(.text)
    OTG_FS_IRQHandler                        0x0800026b   Thumb Code     0  startup_stm32f407xx.o(.text)
    OTG_FS_WKUP_IRQHandler                   0x0800026b   Thumb Code     0  startup_stm32f407xx.o(.text)
    OTG_HS_EP1_IN_IRQHandler                 0x0800026b   Thumb Code     0  startup_stm32f407xx.o(.text)
    OTG_HS_EP1_OUT_IRQHandler                0x0800026b   Thumb Code     0  startup_stm32f407xx.o(.text)
    OTG_HS_IRQHandler                        0x0800026b   Thumb Code     0  startup_stm32f407xx.o(.text)
    OTG_HS_WKUP_IRQHandler                   0x0800026b   Thumb Code     0  startup_stm32f407xx.o(.text)
    PVD_IRQHandler                           0x0800026b   Thumb Code     0  startup_stm32f407xx.o(.text)
    RCC_IRQHandler                           0x0800026b   Thumb Code     0  startup_stm32f407xx.o(.text)
    RTC_Alarm_IRQHandler                     0x0800026b   Thumb Code     0  startup_stm32f407xx.o(.text)
    RTC_WKUP_IRQHandler                      0x0800026b   Thumb Code     0  startup_stm32f407xx.o(.text)
    SDIO_IRQHandler                          0x0800026b   Thumb Code     0  startup_stm32f407xx.o(.text)
    SPI1_IRQHandler                          0x0800026b   Thumb Code     0  startup_stm32f407xx.o(.text)
    SPI2_IRQHandler                          0x0800026b   Thumb Code     0  startup_stm32f407xx.o(.text)
    SPI3_IRQHandler                          0x0800026b   Thumb Code     0  startup_stm32f407xx.o(.text)
    TAMP_STAMP_IRQHandler                    0x0800026b   Thumb Code     0  startup_stm32f407xx.o(.text)
    TIM1_BRK_TIM9_IRQHandler                 0x0800026b   Thumb Code     0  startup_stm32f407xx.o(.text)
    TIM1_CC_IRQHandler                       0x0800026b   Thumb Code     0  startup_stm32f407xx.o(.text)
    TIM1_TRG_COM_TIM11_IRQHandler            0x0800026b   Thumb Code     0  startup_stm32f407xx.o(.text)
    TIM1_UP_TIM10_IRQHandler                 0x0800026b   Thumb Code     0  startup_stm32f407xx.o(.text)
    TIM2_IRQHandler                          0x0800026b   Thumb Code     0  startup_stm32f407xx.o(.text)
    TIM3_IRQHandler                          0x0800026b   Thumb Code     0  startup_stm32f407xx.o(.text)
    TIM4_IRQHandler                          0x0800026b   Thumb Code     0  startup_stm32f407xx.o(.text)
    TIM5_IRQHandler                          0x0800026b   Thumb Code     0  startup_stm32f407xx.o(.text)
    TIM6_DAC_IRQHandler                      0x0800026b   Thumb Code     0  startup_stm32f407xx.o(.text)
    TIM7_IRQHandler                          0x0800026b   Thumb Code     0  startup_stm32f407xx.o(.text)
    TIM8_BRK_TIM12_IRQHandler                0x0800026b   Thumb Code     0  startup_stm32f407xx.o(.text)
    TIM8_CC_IRQHandler                       0x0800026b   Thumb Code     0  startup_stm32f407xx.o(.text)
    TIM8_TRG_COM_TIM14_IRQHandler            0x0800026b   Thumb Code     0  startup_stm32f407xx.o(.text)
    TIM8_UP_TIM13_IRQHandler                 0x0800026b   Thumb Code     0  startup_stm32f407xx.o(.text)
    UART4_IRQHandler                         0x0800026b   Thumb Code     0  startup_stm32f407xx.o(.text)
    UART5_IRQHandler                         0x0800026b   Thumb Code     0  startup_stm32f407xx.o(.text)
    USART1_IRQHandler                        0x0800026b   Thumb Code     0  startup_stm32f407xx.o(.text)
    USART2_IRQHandler                        0x0800026b   Thumb Code     0  startup_stm32f407xx.o(.text)
    USART3_IRQHandler                        0x0800026b   Thumb Code     0  startup_stm32f407xx.o(.text)
    USART6_IRQHandler                        0x0800026b   Thumb Code     0  startup_stm32f407xx.o(.text)
    WWDG_IRQHandler                          0x0800026b   Thumb Code     0  startup_stm32f407xx.o(.text)
    __user_initial_stackheap                 0x0800026d   Thumb Code     0  startup_stm32f407xx.o(.text)
    __use_two_region_memory                  0x08000291   Thumb Code     2  heapauxi.o(.text)
    __rt_heap_escrow$2region                 0x08000293   Thumb Code     2  heapauxi.o(.text)
    __rt_heap_expand$2region                 0x08000295   Thumb Code     2  heapauxi.o(.text)
    __user_setup_stackheap                   0x08000297   Thumb Code    74  sys_stackheap_outer.o(.text)
    exit                                     0x080002e1   Thumb Code    18  exit.o(.text)
    __user_libspace                          0x080002f5   Thumb Code     8  libspace.o(.text)
    __user_perproc_libspace                  0x080002f5   Thumb Code     0  libspace.o(.text)
    __user_perthread_libspace                0x080002f5   Thumb Code     0  libspace.o(.text)
    _sys_exit                                0x080002fd   Thumb Code     8  sys_exit.o(.text)
    __I$use$semihosting                      0x08000309   Thumb Code     0  use_no_semi.o(.text)
    __use_no_semihosting_swi                 0x08000309   Thumb Code     2  use_no_semi.o(.text)
    __semihosting_library_function           0x0800030b   Thumb Code     0  indicate_semi.o(.text)
    BSP_init                                 0x0800030d   Thumb Code   240  bsp.o(.text.BSP_init)
    BSP_ledBlueOff                           0x080003fd   Thumb Code    16  bsp.o(.text.BSP_ledBlueOff)
    BSP_ledBlueOn                            0x0800040d   Thumb Code    16  bsp.o(.text.BSP_ledBlueOn)
    BSP_ledGreenOff                          0x0800041d   Thumb Code    16  bsp.o(.text.BSP_ledGreenOff)
    BSP_ledGreenOn                           0x0800042d   Thumb Code    16  bsp.o(.text.BSP_ledGreenOn)
    Blinky1_ctor                             0x08000495   Thumb Code    38  main.o(.text.Blinky1_ctor)
    Blinky2_ctor                             0x0800053d   Thumb Code    24  main.o(.text.Blinky2_ctor)
    EXTI0_IRQHandler                         0x0800056d   Thumb Code   114  bsp.o(.text.EXTI0_IRQHandler)
    NMI_Handler                              0x080005e1   Thumb Code    10  qxk_port.o(.text.NMI_Handler)
    PendSV_Handler                           0x080005ed   Thumb Code   162  qxk_port.o(.text.PendSV_Handler)
    QActive_ctor                             0x080006a1   Thumb Code    40  qf_qact.o(.text.QActive_ctor)
    QActive_get_                             0x080006c9   Thumb Code   184  qf_actq.o(.text.QActive_get_)
    QActive_post_                            0x08000781   Thumb Code   466  qf_actq.o(.text.QActive_post_)
    QActive_register_                        0x08000955   Thumb Code   362  qf_qact.o(.text.QActive_register_)
    QActive_start_                           0x08000ac1   Thumb Code   338  qxk.o(.text.QActive_start_)
    QEQueue_init                             0x08000c15   Thumb Code    64  qf_qeq.o(.text.QEQueue_init)
    QF_bzero_                                0x08000d41   Thumb Code    48  qf_act.o(.text.QF_bzero_)
    QF_gc                                    0x08000d71   Thumb Code   186  qf_dyn.o(.text.QF_gc)
    QF_init                                  0x08000e2d   Thumb Code   106  qxk.o(.text.QF_init)
    QF_onStartup                             0x08000e99   Thumb Code    66  bsp.o(.text.QF_onStartup)
    QF_run                                   0x08000edd   Thumb Code    56  qxk.o(.text.QF_run)
    QHsm_ctor                                0x08000f15   Thumb Code    40  qep_hsm.o(.text.QHsm_ctor)
    QHsm_dispatch_                           0x08000f3d   Thumb Code   568  qep_hsm.o(.text.QHsm_dispatch_)
    QHsm_init_                               0x08001175   Thumb Code   390  qep_hsm.o(.text.QHsm_init_)
    QHsm_top                                 0x080012fd   Thumb Code    12  qep_hsm.o(.text.QHsm_top)
    QHsm_tran_                               0x08001309   Thumb Code   682  qep_hsm.o(.text.QHsm_tran_)
    QMPool_put                               0x080015b5   Thumb Code   128  qf_mem.o(.text.QMPool_put)
    QTimeEvt_armX                            0x0800173d   Thumb Code   184  qf_time.o(.text.QTimeEvt_armX)
    QTimeEvt_ctorX                           0x080017f5   Thumb Code   106  qf_time.o(.text.QTimeEvt_ctorX)
    QTimeEvt_tick_                           0x08001861   Thumb Code   350  qf_time.o(.text.QTimeEvt_tick_)
    QXK_activate_                            0x080019c1   Thumb Code   512  qxk.o(.text.QXK_activate_)
    QXK_init                                 0x08001bc1   Thumb Code    80  qxk_port.o(.text.QXK_init)
    QXK_onIdle                               0x08001c11   Thumb Code    22  bsp.o(.text.QXK_onIdle)
    QXK_sched_                               0x08001c29   Thumb Code   376  qxk.o(.text.QXK_sched_)
    QXK_threadExit_                          0x08001da1   Thumb Code   180  qxk.o(.text.QXK_threadExit_)
    QXK_thread_ret                           0x08001e55   Thumb Code    10  qxk_port.o(.text.QXK_thread_ret)
    QXThread_stackInit_                      0x08001e65   Thumb Code   278  qxk_port.o(.text.QXThread_stackInit_)
    QXThread_teDisarm_                       0x08001f7d   Thumb Code    46  qxk_xthr.o(.text.QXThread_teDisarm_)
    QXThread_timeout_                        0x08001fad   Thumb Code    22  qxk_xthr.o(.text.QXThread_timeout_)
    QXThread_unblock_                        0x08001fc5   Thumb Code    76  qxk_xthr.o(.text.QXThread_unblock_)
    Q_onError                                0x08002011   Thumb Code    10  bsp.o(.text.Q_onError)
    SysTick_Handler                          0x08002071   Thumb Code    60  bsp.o(.text.SysTick_Handler)
    SystemCoreClockUpdate                    0x080020ad   Thumb Code   302  system_stm32f4xx.o(.text.SystemCoreClockUpdate)
    SystemInit                               0x080021dd   Thumb Code     2  system_stm32f4xx.o(.text.SystemInit)
    main                                     0x0800227d   Thumb Code   112  main.o(.text.main)
    AHBPrescTable                            0x080022ec   Data          16  system_stm32f4xx.o(.rodata.AHBPrescTable)
    AO_Blinky2                               0x080022fc   Data           4  main.o(.rodata.AO_Blinky2)
    QEvt_reserved_                           0x0800230c   Data          16  qep_hsm.o(.rodata.QEvt_reserved_)
    Region$$Table$$Base                      0x08002380   Number         0  anon$$obj.o(Region$$Table)
    Region$$Table$$Limit                     0x080023a0   Number         0  anon$$obj.o(Region$$Table)
    SystemCoreClock                          0x20000000   Data           4  system_stm32f4xx.o(.data.SystemCoreClock)
    __libspace_start                         0x20000008   Data          96  libspace.o(.bss)
    QActive_registry_                        0x20000068   Data         132  qf_act.o(.bss.QActive_registry_)
    __temporary_stack_top$libspace           0x20000068   Data           0  libspace.o(.bss)
    QF_priv_                                 0x200000ec   Data          64  qf_act.o(.bss.QF_priv_)
    QTimeEvt_timeEvtHead_                    0x2000012c   Data          20  qf_time.o(.bss.QTimeEvt_timeEvtHead_)
    QXK_priv_                                0x20000140   Data          32  qxk.o(.bss.QXK_priv_)
    blinky1                                  0x20000160   Data          60  main.o(.bss.blinky1)
    blinky1_queue                            0x2000019c   Data          40  main.o(.bss.blinky1_queue)
    blinky2                                  0x200001c4   Data          40  main.o(.bss.blinky2)
    blinky2_queue                            0x200001ec   Data          40  main.o(.bss.blinky2_queue)



==============================================================================

Memory Map of the image

  Image Entry point : 0x08000251

  Load Region LR_1 (Base: 0x08000000, Size: 0x000023a4, Max: 0xffffffff, ABSOLUTE)

    Execution Region ER_RO (Exec base: 0x08000000, Load base: 0x08000000, Size: 0x000023a0, Max: 0xffffffff, ABSOLUTE)

    Exec Addr    Load Addr    Size         Type   Attr      Idx    E Section Name        Object

    0x08000000   0x08000000   0x00000188   Data   RO          786    RESET               startup_stm32f407xx.o
    0x08000188   0x08000188   0x00000008   Code   RO          813  * !!!main             c_w.l(__main.o)
    0x08000190   0x08000190   0x0000005c   Code   RO          988    !!!scatter          c_w.l(__scatter.o)
    0x080001ec   0x080001ec   0x0000001a   Code   RO          992    !!handler_copy      c_w.l(__scatter_copy.o)
    0x08000206   0x08000206   0x00000002   PAD
    0x08000208   0x08000208   0x00000002   Code   RO          989    !!handler_null      c_w.l(__scatter.o)
    0x0800020a   0x0800020a   0x00000002   PAD
    0x0800020c   0x0800020c   0x0000001c   Code   RO          994    !!handler_zi        c_w.l(__scatter_zi.o)
    0x08000228   0x08000228   0x00000002   Code   RO          850    .ARM.Collect$$libinit$$00000000  c_w.l(libinit.o)
    0x0800022a   0x0800022a   0x00000000   Code   RO          863    .ARM.Collect$$libinit$$00000002  c_w.l(libinit2.o)
    0x0800022a   0x0800022a   0x00000000   Code   RO          865    .ARM.Collect$$libinit$$00000004  c_w.l(libinit2.o)
    0x0800022a   0x0800022a   0x00000000   Code   RO          867    .ARM.Collect$$libinit$$00000006  c_w.l(libinit2.o)
    0x0800022a   0x0800022a   0x00000000   Code   RO          870    .ARM.Collect$$libinit$$0000000C  c_w.l(libinit2.o)
    0x0800022a   0x0800022a   0x00000000   Code   RO          872    .ARM.Collect$$libinit$$0000000E  c_w.l(libinit2.o)
    0x0800022a   0x0800022a   0x00000000   Code   RO          874    .ARM.Collect$$libinit$$00000010  c_w.l(libinit2.o)
    0x0800022a   0x0800022a   0x00000000   Code   RO          877    .ARM.Collect$$libinit$$00000013  c_w.l(libinit2.o)
    0x0800022a   0x0800022a   0x00000000   Code   RO          879    .ARM.Collect$$libinit$$00000015  c_w.l(libinit2.o)
    0x0800022a   0x0800022a   0x00000000   Code   RO          881    .ARM.Collect$$libinit$$00000017  c_w.l(libinit2.o)
    0x0800022a   0x0800022a   0x00000000   Code   RO          883    .ARM.Collect$$libinit$$00000019  c_w.l(libinit2.o)
    0x0800022a   0x0800022a   0x00000000   Code   RO          885    .ARM.Collect$$libinit$$0000001B  c_w.l(libinit2.o)
    0x0800022a   0x0800022a   0x00000000   Code   RO          887    .ARM.Collect$$libinit$$0000001D  c_w.l(libinit2.o)
    0x0800022a   0x0800022a   0x00000000   Code   RO          889    .ARM.Collect$$libinit$$0000001F  c_w.l(libinit2.o)
    0x0800022a   0x0800022a   0x00000000   Code   RO          891    .ARM.Collect$$libinit$$00000021  c_w.l(libinit2.o)
    0x0800022a   0x0800022a   0x00000000   Code   RO          893    .ARM.Collect$$libinit$$00000023  c_w.l(libinit2.o)
    0x0800022a   0x0800022a   0x00000000   Code   RO          895    .ARM.Collect$$libinit$$00000025  c_w.l(libinit2.o)
    0x0800022a   0x0800022a   0x00000000   Code   RO          897    .ARM.Collect$$libinit$$00000027  c_w.l(libinit2.o)
    0x0800022a   0x0800022a   0x00000000   Code   RO          901    .ARM.Collect$$libinit$$0000002E  c_w.l(libinit2.o)
    0x0800022a   0x0800022a   0x00000000   Code   RO          903    .ARM.Collect$$libinit$$00000030  c_w.l(libinit2.o)
    0x0800022a   0x0800022a   0x00000000   Code   RO          905    .ARM.Collect$$libinit$$00000032  c_w.l(libinit2.o)
    0x0800022a   0x0800022a   0x00000000   Code   RO          907    .ARM.Collect$$libinit$$00000034  c_w.l(libinit2.o)
    0x0800022a   0x0800022a   0x00000002   Code   RO          908    .ARM.Collect$$libinit$$00000035  c_w.l(libinit2.o)
    0x0800022c   0x0800022c   0x00000002   Code   RO          943    .ARM.Collect$$libshutdown$$00000000  c_w.l(libshutdown.o)
    0x0800022e   0x0800022e   0x00000000   Code   RO          971    .ARM.Collect$$libshutdown$$00000002  c_w.l(libshutdown2.o)
    0x0800022e   0x0800022e   0x00000000   Code   RO          973    .ARM.Collect$$libshutdown$$00000004  c_w.l(libshutdown2.o)
    0x0800022e   0x0800022e   0x00000000   Code   RO          976    .ARM.Collect$$libshutdown$$00000007  c_w.l(libshutdown2.o)
    0x0800022e   0x0800022e   0x00000000   Code   RO          979    .ARM.Collect$$libshutdown$$0000000A  c_w.l(libshutdown2.o)
    0x0800022e   0x0800022e   0x00000000   Code   RO          981    .ARM.Collect$$libshutdown$$0000000C  c_w.l(libshutdown2.o)
    0x0800022e   0x0800022e   0x00000000   Code   RO          984    .ARM.Collect$$libshutdown$$0000000F  c_w.l(libshutdown2.o)
    0x0800022e   0x0800022e   0x00000002   Code   RO          985    .ARM.Collect$$libshutdown$$00000010  c_w.l(libshutdown2.o)
    0x08000230   0x08000230   0x00000000   Code   RO          815    .ARM.Collect$$rtentry$$00000000  c_w.l(__rtentry.o)
    0x08000230   0x08000230   0x00000000   Code   RO          821    .ARM.Collect$$rtentry$$00000002  c_w.l(__rtentry2.o)
    0x08000230   0x08000230   0x00000006   Code   RO          833    .ARM.Collect$$rtentry$$00000004  c_w.l(__rtentry4.o)
    0x08000236   0x08000236   0x00000000   Code   RO          823    .ARM.Collect$$rtentry$$00000009  c_w.l(__rtentry2.o)
    0x08000236   0x08000236   0x00000004   Code   RO          824    .ARM.Collect$$rtentry$$0000000A  c_w.l(__rtentry2.o)
    0x0800023a   0x0800023a   0x00000000   Code   RO          826    .ARM.Collect$$rtentry$$0000000C  c_w.l(__rtentry2.o)
    0x0800023a   0x0800023a   0x00000008   Code   RO          827    .ARM.Collect$$rtentry$$0000000D  c_w.l(__rtentry2.o)
    0x08000242   0x08000242   0x00000002   Code   RO          854    .ARM.Collect$$rtexit$$00000000  c_w.l(rtexit.o)
    0x08000244   0x08000244   0x00000000   Code   RO          914    .ARM.Collect$$rtexit$$00000002  c_w.l(rtexit2.o)
    0x08000244   0x08000244   0x00000004   Code   RO          915    .ARM.Collect$$rtexit$$00000003  c_w.l(rtexit2.o)
    0x08000248   0x08000248   0x00000006   Code   RO          916    .ARM.Collect$$rtexit$$00000004  c_w.l(rtexit2.o)
    0x0800024e   0x0800024e   0x00000002   PAD
    0x08000250   0x08000250   0x00000040   Code   RO          787  * .text               startup_stm32f407xx.o
    0x08000290   0x08000290   0x00000006   Code   RO          811    .text               c_w.l(heapauxi.o)
    0x08000296   0x08000296   0x0000004a   Code   RO          837    .text               c_w.l(sys_stackheap_outer.o)
    0x080002e0   0x080002e0   0x00000012   Code   RO          839    .text               c_w.l(exit.o)
    0x080002f2   0x080002f2   0x00000002   PAD
    0x080002f4   0x080002f4   0x00000008   Code   RO          851    .text               c_w.l(libspace.o)
    0x080002fc   0x080002fc   0x0000000c   Code   RO          909    .text               c_w.l(sys_exit.o)
    0x08000308   0x08000308   0x00000002   Code   RO          932    .text               c_w.l(use_no_semi.o)
    0x0800030a   0x0800030a   0x00000000   Code   RO          934    .text               c_w.l(indicate_semi.o)
    0x0800030a   0x0800030a   0x00000002   PAD
    0x0800030c   0x0800030c   0x000000f0   Code   RO           34    .text.BSP_init      bsp.o
    0x080003fc   0x080003fc   0x00000010   Code   RO           52    .text.BSP_ledBlueOff  bsp.o
    0x0800040c   0x0800040c   0x00000010   Code   RO           50    .text.BSP_ledBlueOn  bsp.o
    0x0800041c   0x0800041c   0x00000010   Code   RO           40    .text.BSP_ledGreenOff  bsp.o
    0x0800042c   0x0800042c   0x00000010   Code   RO           38    .text.BSP_ledGreenOn  bsp.o
    0x0800043c   0x0800043c   0x00000056   Code   RO           12    .text.Blinky1_active  main.o
    0x08000492   0x08000492   0x00000002   PAD
    0x08000494   0x08000494   0x00000026   Code   RO            2    .text.Blinky1_ctor  main.o
    0x080004ba   0x080004ba   0x00000002   PAD
    0x080004bc   0x080004bc   0x00000026   Code   RO            4    .text.Blinky1_initial  main.o
    0x080004e2   0x080004e2   0x00000002   PAD
    0x080004e4   0x080004e4   0x00000056   Code   RO           14    .text.Blinky2_active  main.o
    0x0800053a   0x0800053a   0x00000002   PAD
    0x0800053c   0x0800053c   0x00000018   Code   RO            6    .text.Blinky2_ctor  main.o
    0x08000554   0x08000554   0x00000018   Code   RO            8    .text.Blinky2_initial  main.o
    0x0800056c   0x0800056c   0x00000072   Code   RO           32    .text.EXTI0_IRQHandler  bsp.o
    0x080005de   0x080005de   0x00000002   PAD
    0x080005e0   0x080005e0   0x0000000a   Code   RO           92    .text.NMI_Handler   qxk_port.o
    0x080005ea   0x080005ea   0x00000002   PAD
    0x080005ec   0x080005ec   0x000000b4   Code   RO           88    .text.PendSV_Handler  qxk_port.o
    0x080006a0   0x080006a0   0x00000028   Code   RO          304    .text.QActive_ctor  qf_qact.o
    0x080006c8   0x080006c8   0x000000b8   Code   RO          180    .text.QActive_get_  qf_actq.o
    0x08000780   0x08000780   0x000001d2   Code   RO          166    .text.QActive_post_  qf_actq.o
    0x08000952   0x08000952   0x00000002   PAD
    0x08000954   0x08000954   0x0000016a   Code   RO          306    .text.QActive_register_  qf_qact.o
    0x08000abe   0x08000abe   0x00000002   PAD
    0x08000ac0   0x08000ac0   0x00000152   Code   RO          499    .text.QActive_start_  qxk.o
    0x08000c12   0x08000c12   0x00000002   PAD
    0x08000c14   0x08000c14   0x00000040   Code   RO          319    .text.QEQueue_init  qf_qeq.o
    0x08000c54   0x08000c54   0x00000026   Code   RO          351    .text.QEvt_ctor     qf_time.o
    0x08000c7a   0x08000c7a   0x00000002   PAD
    0x08000c7c   0x08000c7c   0x00000010   Code   RO          170    .text.QEvt_getPoolId_  qf_actq.o
    0x08000c8c   0x08000c8c   0x00000010   Code   RO          232    .text.QEvt_getPoolId_  qf_dyn.o
    0x08000c9c   0x08000c9c   0x00000010   Code   RO          234    .text.QEvt_refCtr_dec_  qf_dyn.o
    0x08000cac   0x08000cac   0x00000010   Code   RO          172    .text.QEvt_refCtr_inc_  qf_actq.o
    0x08000cbc   0x08000cbc   0x0000002c   Code   RO          109    .text.QEvt_verify_  qep_hsm.o
    0x08000ce8   0x08000ce8   0x0000002c   Code   RO          168    .text.QEvt_verify_  qf_actq.o
    0x08000d14   0x08000d14   0x0000002c   Code   RO          230    .text.QEvt_verify_  qf_dyn.o
    0x08000d40   0x08000d40   0x00000030   Code   RO          156    .text.QF_bzero_     qf_act.o
    0x08000d70   0x08000d70   0x000000ba   Code   RO          228    .text.QF_gc         qf_dyn.o
    0x08000e2a   0x08000e2a   0x00000002   PAD
    0x08000e2c   0x08000e2c   0x0000006a   Code   RO          493    .text.QF_init       qxk.o
    0x08000e96   0x08000e96   0x00000002   PAD
    0x08000e98   0x08000e98   0x00000042   Code   RO           58    .text.QF_onStartup  bsp.o
    0x08000eda   0x08000eda   0x00000002   PAD
    0x08000edc   0x08000edc   0x00000038   Code   RO          497    .text.QF_run        qxk.o
    0x08000f14   0x08000f14   0x00000028   Code   RO          101    .text.QHsm_ctor     qep_hsm.o
    0x08000f3c   0x08000f3c   0x00000238   Code   RO          105    .text.QHsm_dispatch_  qep_hsm.o
    0x08001174   0x08001174   0x00000186   Code   RO          103    .text.QHsm_init_    qep_hsm.o
    0x080012fa   0x080012fa   0x00000002   PAD
    0x080012fc   0x080012fc   0x0000000c   Code   RO          107    .text.QHsm_top      qep_hsm.o
    0x08001308   0x08001308   0x000002aa   Code   RO          111    .text.QHsm_tran_    qep_hsm.o
    0x080015b2   0x080015b2   0x00000002   PAD
    0x080015b4   0x080015b4   0x00000080   Code   RO          254    .text.QMPool_put    qf_mem.o
    0x08001634   0x08001634   0x00000014   Code   RO          481    .text.QPSet_findMax  qxk.o
    0x08001648   0x08001648   0x00000018   Code   RO          483    .text.QPSet_hasElement  qxk.o
    0x08001660   0x08001660   0x0000001a   Code   RO          174    .text.QPSet_insert  qf_actq.o
    0x0800167a   0x0800167a   0x00000002   PAD
    0x0800167c   0x0800167c   0x0000001a   Code   RO          396    .text.QPSet_insert  qxk_xthr.o
    0x08001696   0x08001696   0x00000002   PAD
    0x08001698   0x08001698   0x0000001a   Code   RO          501    .text.QPSet_insert  qxk.o
    0x080016b2   0x080016b2   0x00000002   PAD
    0x080016b4   0x080016b4   0x00000012   Code   RO          479    .text.QPSet_isEmpty  qxk.o
    0x080016c6   0x080016c6   0x00000002   PAD
    0x080016c8   0x080016c8   0x0000001a   Code   RO          485    .text.QPSet_remove  qxk.o
    0x080016e2   0x080016e2   0x00000002   PAD
    0x080016e4   0x080016e4   0x00000014   Code   RO          176    .text.QPSet_update_  qf_actq.o
    0x080016f8   0x080016f8   0x00000014   Code   RO          394    .text.QPSet_update_  qxk_xthr.o
    0x0800170c   0x0800170c   0x00000014   Code   RO          487    .text.QPSet_update_  qxk.o
    0x08001720   0x08001720   0x0000001c   Code   RO          477    .text.QPSet_verify_  qxk.o
    0x0800173c   0x0800173c   0x000000b8   Code   RO          353    .text.QTimeEvt_armX  qf_time.o
    0x080017f4   0x080017f4   0x0000006a   Code   RO          349    .text.QTimeEvt_ctorX  qf_time.o
    0x0800185e   0x0800185e   0x00000002   PAD
    0x08001860   0x08001860   0x0000015e   Code   RO          363    .text.QTimeEvt_tick_  qf_time.o
    0x080019be   0x080019be   0x00000002   PAD
    0x080019c0   0x080019c0   0x00000200   Code   RO          473    .text.QXK_activate_  qxk.o
    0x08001bc0   0x08001bc0   0x00000050   Code   RO           86    .text.QXK_init      qxk_port.o
    0x08001c10   0x08001c10   0x00000016   Code   RO           68    .text.QXK_onIdle    bsp.o
    0x08001c26   0x08001c26   0x00000002   PAD
    0x08001c28   0x08001c28   0x00000178   Code   RO          471    .text.QXK_sched_    qxk.o
    0x08001da0   0x08001da0   0x000000b4   Code   RO          491    .text.QXK_threadExit_  qxk.o
    0x08001e54   0x08001e54   0x00000010   Code   RO           90    .text.QXK_thread_ret  qxk_port.o
    0x08001e64   0x08001e64   0x00000116   Code   RO           84    .text.QXThread_stackInit_  qxk_port.o
    0x08001f7a   0x08001f7a   0x00000002   PAD
    0x08001f7c   0x08001f7c   0x0000002e   Code   RO          386    .text.QXThread_teDisarm_  qxk_xthr.o
    0x08001faa   0x08001faa   0x00000002   PAD
    0x08001fac   0x08001fac   0x00000016   Code   RO          398    .text.QXThread_timeout_  qxk_xthr.o
    0x08001fc2   0x08001fc2   0x00000002   PAD
    0x08001fc4   0x08001fc4   0x0000004c   Code   RO          388    .text.QXThread_unblock_  qxk_xthr.o
    0x08002010   0x08002010   0x0000000a   Code   RO           70    .text.Q_onError     bsp.o
    0x0800201a   0x0800201a   0x00000002   PAD
    0x0800201c   0x0800201c   0x00000052   Code   RO           60    .text.SysTick_Config  bsp.o
    0x0800206e   0x0800206e   0x00000002   PAD
    0x08002070   0x08002070   0x0000003c   Code   RO           30    .text.SysTick_Handler  bsp.o
    0x080020ac   0x080020ac   0x0000012e   Code   RO          796    .text.SystemCoreClockUpdate  system_stm32f4xx.o
    0x080021da   0x080021da   0x00000002   PAD
    0x080021dc   0x080021dc   0x00000002   Code   RO          794    .text.SystemInit    system_stm32f4xx.o
    0x080021de   0x080021de   0x00000002   PAD
    0x080021e0   0x080021e0   0x00000030   Code   RO           64    .text.__NVIC_EnableIRQ  bsp.o
    0x08002210   0x08002210   0x00000042   Code   RO           62    .text.__NVIC_SetPriority  bsp.o
    0x08002252   0x08002252   0x00000002   PAD
    0x08002254   0x08002254   0x00000026   Code   RO           72    .text.__NVIC_SystemReset  bsp.o
    0x0800227a   0x0800227a   0x00000002   PAD
    0x0800227c   0x0800227c   0x00000070   Code   RO           10    .text.main          main.o
    0x080022ec   0x080022ec   0x00000010   Data   RO          799    .rodata.AHBPrescTable  system_stm32f4xx.o
    0x080022fc   0x080022fc   0x00000004   Data   RO           19    .rodata.AO_Blinky2  main.o
    0x08002300   0x08002300   0x00000004   Data   RO           76    .rodata.EXTI0_IRQHandler.buttonPressedEvt  bsp.o
    0x08002304   0x08002304   0x00000008   Data   RO          310    .rodata.QActive_ctor.vtable  qf_qact.o
    0x0800230c   0x0800230c   0x00000010   Data   RO          118    .rodata.QEvt_reserved_  qep_hsm.o
    0x0800231c   0x0800231c   0x00000028   Data   RO          505    .rodata.QF_init.idle_ao  qxk.o
    0x08002344   0x08002344   0x00000008   Data   RO          119    .rodata.QHsm_ctor.vtable  qep_hsm.o
    0x0800234c   0x0800234c   0x00000008   Data   RO          120    .rodata.Q_this_module_  qep_hsm.o
    0x08002354   0x08002354   0x00000008   Data   RO          192    .rodata.Q_this_module_  qf_actq.o
    0x0800235c   0x0800235c   0x00000007   Data   RO          242    .rodata.Q_this_module_  qf_dyn.o
    0x08002363   0x08002363   0x00000007   Data   RO          256    .rodata.Q_this_module_  qf_mem.o
    0x0800236a   0x0800236a   0x00000008   Data   RO          311    .rodata.Q_this_module_  qf_qact.o
    0x08002372   0x08002372   0x00000008   Data   RO          367    .rodata.Q_this_module_  qf_time.o
    0x0800237a   0x0800237a   0x00000004   Data   RO          503    .rodata.Q_this_module_  qxk.o
    0x0800237e   0x0800237e   0x00000002   PAD
    0x08002380   0x08002380   0x00000020   Data   RO          987    Region$$Table       anon$$obj.o


    Execution Region ER_RW (Exec base: 0x20000000, Load base: 0x080023a0, Size: 0x00000004, Max: 0xffffffff, ABSOLUTE)

    Exec Addr    Load Addr    Size         Type   Attr      Idx    E Section Name        Object

    0x20000000   0x080023a0   0x00000004   Data   RW          798    .data.SystemCoreClock  system_stm32f4xx.o


    Execution Region ER_ZI (Exec base: 0x20000008, Load base: 0x080023a4, Size: 0x00000810, Max: 0xffffffff, ABSOLUTE)

    Exec Addr    Load Addr    Size         Type   Attr      Idx    E Section Name        Object

    0x20000008        -       0x00000060   Zero   RW          852    .bss                c_w.l(libspace.o)
    0x20000068        -       0x00000084   Zero   RW          158    .bss.QActive_registry_  qf_act.o
    0x200000ec        -       0x00000040   Zero   RW          159    .bss.QF_priv_       qf_act.o
    0x2000012c        -       0x00000014   Zero   RW          368    .bss.QTimeEvt_timeEvtHead_  qf_time.o
    0x20000140        -       0x00000020   Zero   RW          504    .bss.QXK_priv_      qxk.o
    0x20000160        -       0x0000003c   Zero   RW           16    .bss.blinky1        main.o
    0x2000019c        -       0x00000028   Zero   RW           20    .bss.blinky1_queue  main.o
    0x200001c4        -       0x00000028   Zero   RW           18    .bss.blinky2        main.o
    0x200001ec        -       0x00000028   Zero   RW           21    .bss.blinky2_queue  main.o
    0x20000214   0x080023a4   0x00000004   PAD
    0x20000218        -       0x00000200   Zero   RW          785    HEAP                startup_stm32f407xx.o
    0x20000418        -       0x00000400   Zero   RW          784    STACK               startup_stm32f407xx.o


==============================================================================

Image component sizes


      Code (inc. data)   RO Data    RW Data    ZI Data      Debug   Object Name

       810          0          4          0          0       7722   bsp.o
       408          0          4          0        180       4192   main.o
      1736          0         32          0          0       6086   qep_hsm.o
        48          0          0          0        196       3360   qf_act.o
       772          0          8          0          0       6297   qf_actq.o
       262          0          7          0          0       3122   qf_dyn.o
       128          0          7          0          0       2346   qf_mem.o
       402          0         16          0          0       3543   qf_qact.o
        64          0          0          0          0       2933   qf_qeq.o
       678          0          8          0         20       5476   qf_time.o
      1730          0         44          0         32       7266   qxk.o
       564         20          0          0          0       3632   qxk_port.o
       190          0          0          0          0       5835   qxk_xthr.o
        64         26        392          0       1536        912   startup_stm32f407xx.o
       304          0         16          4          0       2177   system_stm32f4xx.o

    ----------------------------------------------------------------------
      8224         46        572          4       1968      64899   Object Totals
         0          0         32          0          0          0   (incl. Generated)
        64          0          2          0          4          0   (incl. Padding)

    ----------------------------------------------------------------------

      Code (inc. data)   RO Data    RW Data    ZI Data      Debug   Library Member Name

         8          0          0          0          0         68   __main.o
         0          0          0          0          0          0   __rtentry.o
        12          0          0          0          0          0   __rtentry2.o
         6          0          0          0          0          0   __rtentry4.o
        94          8          0          0          0          0   __scatter.o
        26          0          0          0          0          0   __scatter_copy.o
        28          0          0          0          0          0   __scatter_zi.o
        18          0          0          0          0         80   exit.o
         6          0          0          0          0        152   heapauxi.o
         0          0          0          0          0          0   indicate_semi.o
         2          0          0          0          0          0   libinit.o
         2          0          0          0          0          0   libinit2.o
         2          0          0          0          0          0   libshutdown.o
         2          0          0          0          0          0   libshutdown2.o
         8          4          0          0         96         68   libspace.o
         2          0          0          0          0          0   rtexit.o
        10          0          0          0          0          0   rtexit2.o
        12          4          0          0          0         68   sys_exit.o
        74          0          0          0          0         80   sys_stackheap_outer.o
         2          0          0          0          0         68   use_no_semi.o

    ----------------------------------------------------------------------
       324         16          0          0         96        584   Library Totals
        10          0          0          0          0          0   (incl. Padding)

    ----------------------------------------------------------------------

      Code (inc. data)   RO Data    RW Data    ZI Data      Debug   Library Name

       314         16          0          0         96        584   c_w.l

    ----------------------------------------------------------------------
       324         16          0          0         96        584   Library Totals

    ----------------------------------------------------------------------

==============================================================================


      Code (inc. data)   RO Data    RW Data    ZI Data      Debug   

      8548         62        572          4       2064      65183   Grand Totals
      8548         62        572          4       2064      65183   ELF Image Totals
      8548         62        572          4          0          0   ROM Totals

==============================================================================

    Total RO  Size (Code + RO Data)                 9120 (   8.91kB)
    Total RW  Size (RW Data + ZI Data)              2068 (   2.02kB)
    Total ROM Size (Code + RO Data + RW Data)       9124 (   8.91kB)

==============================================================================

