Component: Arm Compiler for Embedded 6.23 Tool: armlink [5f102400]

==============================================================================

Section Cross References

    main.o(.text.TimeBomb_initial) refers to main.o(.text.TimeBomb_wait4button) for TimeBomb_wait4button
    main.o(.ARM.exidx.text.TimeBomb_initial) refers to main.o(.text.TimeBomb_initial) for [Anonymous Symbol]
    main.o(.text.TimeBomb_wait4button) refers to bsp.o(.text.BSP_ledGreenOn) for BSP_ledGreenOn
    main.o(.text.TimeBomb_wait4button) refers to bsp.o(.text.BSP_ledGreenOff) for BSP_ledGreenOff
    main.o(.text.TimeBomb_wait4button) refers to main.o(.text.TimeBomb_blink) for TimeBomb_blink
    main.o(.text.TimeBomb_wait4button) refers to main.o(.text.TimeBomb_armed) for TimeBomb_armed
    main.o(.ARM.exidx.text.TimeBomb_wait4button) refers to main.o(.text.TimeBomb_wait4button) for [Anonymous Symbol]
    main.o(.text.TimeBomb_armed) refers to bsp.o(.text.BSP_ledRedOff) for BSP_ledRedOff
    main.o(.text.TimeBomb_armed) refers to bsp.o(.text.BSP_ledGreenOff) for BSP_ledGreenOff
    main.o(.text.TimeBomb_armed) refers to bsp.o(.text.BSP_ledBlueOff) for BSP_ledBlueOff
    main.o(.text.TimeBomb_armed) refers to main.o(.text.TimeBomb_wait4button) for TimeBomb_wait4button
    main.o(.text.TimeBomb_armed) refers to main.o(.text.TimeBomb_defused) for TimeBomb_defused
    main.o(.text.TimeBomb_armed) refers to uc_ao.o(.text.Hsm_top) for Hsm_top
    main.o(.ARM.exidx.text.TimeBomb_armed) refers to main.o(.text.TimeBomb_armed) for [Anonymous Symbol]
    main.o(.text.TimeBomb_defused) refers to bsp.o(.text.BSP_ledBlueOn) for BSP_ledBlueOn
    main.o(.text.TimeBomb_defused) refers to bsp.o(.text.BSP_ledBlueOff) for BSP_ledBlueOff
    main.o(.text.TimeBomb_defused) refers to main.o(.text.TimeBomb_armed) for TimeBomb_armed
    main.o(.text.TimeBomb_defused) refers to uc_ao.o(.text.Hsm_top) for Hsm_top
    main.o(.ARM.exidx.text.TimeBomb_defused) refers to main.o(.text.TimeBomb_defused) for [Anonymous Symbol]
    main.o(.text.TimeBomb_blink) refers to bsp.o(.text.BSP_ledRedOn) for BSP_ledRedOn
    main.o(.text.TimeBomb_blink) refers to uc_ao.o(.text.TimeEvent_arm) for TimeEvent_arm
    main.o(.text.TimeBomb_blink) refers to bsp.o(.text.BSP_ledRedOff) for BSP_ledRedOff
    main.o(.text.TimeBomb_blink) refers to main.o(.text.TimeBomb_pause) for TimeBomb_pause
    main.o(.text.TimeBomb_blink) refers to main.o(.text.TimeBomb_armed) for TimeBomb_armed
    main.o(.ARM.exidx.text.TimeBomb_blink) refers to main.o(.text.TimeBomb_blink) for [Anonymous Symbol]
    main.o(.text.TimeBomb_pause) refers to uc_ao.o(.text.TimeEvent_arm) for TimeEvent_arm
    main.o(.text.TimeBomb_pause) refers to main.o(.text.TimeBomb_blink) for TimeBomb_blink
    main.o(.text.TimeBomb_pause) refers to main.o(.text.TimeBomb_armed) for TimeBomb_armed
    main.o(.text.TimeBomb_pause) refers to main.o(.text.TimeBomb_boom) for TimeBomb_boom
    main.o(.ARM.exidx.text.TimeBomb_pause) refers to main.o(.text.TimeBomb_pause) for [Anonymous Symbol]
    main.o(.text.TimeBomb_boom) refers to bsp.o(.text.BSP_ledRedOn) for BSP_ledRedOn
    main.o(.text.TimeBomb_boom) refers to bsp.o(.text.BSP_ledGreenOn) for BSP_ledGreenOn
    main.o(.text.TimeBomb_boom) refers to bsp.o(.text.BSP_ledBlueOn) for BSP_ledBlueOn
    main.o(.text.TimeBomb_boom) refers to main.o(.text.TimeBomb_armed) for TimeBomb_armed
    main.o(.ARM.exidx.text.TimeBomb_boom) refers to main.o(.text.TimeBomb_boom) for [Anonymous Symbol]
    main.o(.text.TimeBomb_ctor) refers to main.o(.text.TimeBomb_initial) for TimeBomb_initial
    main.o(.text.TimeBomb_ctor) refers to uc_ao.o(.text.Active_ctor) for Active_ctor
    main.o(.text.TimeBomb_ctor) refers to uc_ao.o(.text.TimeEvent_ctor) for TimeEvent_ctor
    main.o(.ARM.exidx.text.TimeBomb_ctor) refers to main.o(.text.TimeBomb_ctor) for [Anonymous Symbol]
    main.o(.text.main) refers to bsp.o(.text.BSP_init) for BSP_init
    main.o(.text.main) refers to os_core.o(.text.OSInit) for OSInit
    main.o(.text.main) refers to main.o(.bss.timeBomb) for timeBomb
    main.o(.text.main) refers to main.o(.text.TimeBomb_initial) for TimeBomb_initial
    main.o(.text.main) refers to uc_ao.o(.text.Active_ctor) for Active_ctor
    main.o(.text.main) refers to uc_ao.o(.text.TimeEvent_ctor) for TimeEvent_ctor
    main.o(.text.main) refers to main.o(.data.AO_TimeBomb) for AO_TimeBomb
    main.o(.text.main) refers to main.o(.bss.stack_timeBomb) for stack_timeBomb
    main.o(.text.main) refers to main.o(.bss.timeBomb_queue) for timeBomb_queue
    main.o(.text.main) refers to uc_ao.o(.text.Active_start) for Active_start
    main.o(.text.main) refers to bsp.o(.text.BSP_start) for BSP_start
    main.o(.text.main) refers to os_core.o(.text.OSStart) for OSStart
    main.o(.ARM.exidx.text.main) refers to main.o(.text.main) for [Anonymous Symbol]
    main.o(.data.AO_TimeBomb) refers to main.o(.bss.timeBomb) for [Anonymous Symbol]
[...]
    ../clib/angel/sys.s                      0x00000000   Number         0  libspace.o ABSOLUTE
    ../clib/angel/sys.s                      0x00000000   Number         0  use_no_semi.o ABSOLUTE
    ../clib/angel/sys.s                      0x00000000   Number         0  indicate_semi.o ABSOLUTE
    ../clib/angel/sysapp.c                   0x00000000   Number         0  sys_exit.o ABSOLUTE
    ../clib/angel/sysapp.c                   0x00000000   Number         0  sys_exit_hlt.o ABSOLUTE
    ../clib/angel/sysapp.c                   0x00000000   Number         0  sys_wrch.o ABSOLUTE
    ../clib/angel/sysapp.c                   0x00000000   Number         0  sys_wrch_hlt.o ABSOLUTE
    ../clib/angel/sysapp.c                   0x00000000   Number         0  sys_command.o ABSOLUTE
    ../clib/angel/sysapp.c                   0x00000000   Number         0  sys_command_hlt.o ABSOLUTE
    ../clib/armsys.c                         0x00000000   Number         0  argv_veneer.o ABSOLUTE
    ../clib/armsys.c                         0x00000000   Number         0  argv_veneer.o ABSOLUTE
    ../clib/armsys.c                         0x00000000   Number         0  _get_argv_nomalloc.o ABSOLUTE
    ../clib/armsys.c                         0x00000000   Number         0  no_argv.o ABSOLUTE
    ../clib/heapalloc.c                      0x00000000   Number         0  hrguard.o ABSOLUTE
    ../clib/heapaux.c                        0x00000000   Number         0  heapauxi.o ABSOLUTE
    ../clib/libinit.s                        0x00000000   Number         0  libinit.o ABSOLUTE
    ../clib/libinit.s                        0x00000000   Number         0  libinit2.o ABSOLUTE
    ../clib/libinit.s                        0x00000000   Number         0  libshutdown.o ABSOLUTE
    ../clib/libinit.s                        0x00000000   Number         0  libshutdown2.o ABSOLUTE
    ../clib/longlong.s                       0x00000000   Number         0  lludivv7m.o ABSOLUTE
    ../clib/memcpset.s                       0x00000000   Number         0  rt_memclr.o ABSOLUTE
    ../clib/memcpset.s                       0x00000000   Number         0  rt_memclr_w.o ABSOLUTE
    ../clib/signal.c                         0x00000000   Number         0  defsig_fpe_outer.o ABSOLUTE
    ../clib/signal.c                         0x00000000   Number         0  defsig_fpe_formal.o ABSOLUTE
    ../clib/signal.c                         0x00000000   Number         0  defsig_exit.o ABSOLUTE
    ../clib/signal.c                         0x00000000   Number         0  defsig_fpe_inner.o ABSOLUTE
    ../clib/signal.c                         0x00000000   Number         0  __raise.o ABSOLUTE
    ../clib/signal.c                         0x00000000   Number         0  defsig_general.o ABSOLUTE
    ../clib/signal.c                         0x00000000   Number         0  defsig_abrt_inner.o ABSOLUTE
    ../clib/signal.c                         0x00000000   Number         0  defsig_rtred_inner.o ABSOLUTE
    ../clib/signal.c                         0x00000000   Number         0  defsig_rtmem_inner.o ABSOLUTE
    ../clib/signal.c                         0x00000000   Number         0  defsig_rtmem_outer.o ABSOLUTE
    ../clib/signal.c                         0x00000000   Number         0  defsig_rtmem_formal.o ABSOLUTE
    ../clib/signal.c                         0x00000000   Number         0  defsig_stak_inner.o ABSOLUTE
    ../clib/signal.c                         0x00000000   Number         0  defsig_pvfn_inner.o ABSOLUTE
    ../clib/signal.c                         0x00000000   Number         0  defsig_cppl_inner.o ABSOLUTE
    ../clib/signal.c                         0x00000000   Number         0  defsig_segv_inner.o ABSOLUTE
    ../clib/signal.c                         0x00000000   Number         0  defsig_other.o ABSOLUTE
    ../clib/signal.s                         0x00000000   Number         0  defsig.o ABSOLUTE
    ../clib/stdlib.c                         0x00000000   Number         0  exit.o ABSOLUTE
    ../fplib/fpinit.s                        0x00000000   Number         0  fpinit.o ABSOLUTE
    RTE/Device/STM32F407VGTx/startup_stm32f407xx.s 0x00000000   Number         0  startup_stm32f407xx.o ABSOLUTE
    bsp.c                                    0x00000000   Number         0  bsp.o ABSOLUTE
    dc.s                                     0x00000000   Number         0  dc.o ABSOLUTE
    main.c                                   0x00000000   Number         0  main.o ABSOLUTE
    os_core.c                                0x00000000   Number         0  os_core.o ABSOLUTE
    os_cpu_c.c                               0x00000000   Number         0  os_cpu_c.o ABSOLUTE
    os_dbg.c                                 0x00000000   Number         0  os_dbg.o ABSOLUTE
    os_flag.c                                0x00000000   Number         0  os_flag.o ABSOLUTE
    os_mbox.c                                0x00000000   Number         0  os_mbox.o ABSOLUTE
    os_mem.c                                 0x00000000   Number         0  os_mem.o ABSOLUTE
    os_mutex.c                               0x00000000   Number         0  os_mutex.o ABSOLUTE
    os_q.c                                   0x00000000   Number         0  os_q.o ABSOLUTE
    os_sem.c                                 0x00000000   Number         0  os_sem.o ABSOLUTE
    os_task.c                                0x00000000   Number         0  os_task.o ABSOLUTE
    os_time.c                                0x00000000   Number         0  os_time.o ABSOLUTE
    os_tmr.c                                 0x00000000   Number         0  os_tmr.o ABSOLUTE
    stm32f4xx_hal.c                          0x00000000   Number         0  stm32f4xx_hal.o ABSOLUTE
    stm32f4xx_hal_cortex.c                   0x00000000   Number         0  stm32f4xx_hal_cortex.o ABSOLUTE
    stm32f4xx_hal_gpio.c                     0x00000000   Number         0  stm32f4xx_hal_gpio.o ABSOLUTE
    stm32f4xx_hal_pwr.c                      0x00000000   Number         0  stm32f4xx_hal_pwr.o ABSOLUTE
    stm32f4xx_hal_pwr_ex.c                   0x00000000   Number         0  stm32f4xx_hal_pwr_ex.o ABSOLUTE
    stm32f4xx_hal_rcc.c                      0x00000000   Number         0  stm32f4xx_hal_rcc.o ABSOLUTE
    stm32f4xx_hal_rcc_ex.c                   0x00000000   Number         0  stm32f4xx_hal_rcc_ex.o ABSOLUTE
    system_stm32f4xx.c                       0x00000000   Number         0  system_stm32f4xx.o ABSOLUTE
    uc_ao.c                                  0x00000000   Number         0  uc_ao.o ABSOLUTE
    ucos2/Ports/ARM-Cortex-M/ARMv7-M/ARM/os_cpu_a.asm 0x00000000   Number         0  os_cpu_a.o ABSOLUTE
    RESET                                    0x08000000   Section      392  startup_stm32f407xx.o(RESET)
    !!!main                                  0x08000188   Section        8  __main.o(!!!main)
    !!!scatter                               0x08000190   Section       92  __scatter.o(!!!scatter)
    !!handler_copy                           0x080001ec   Section       26  __scatter_copy.o(!!handler_copy)
    !!handler_null                           0x08000208   Section        2  __scatter.o(!!handler_null)
    !!handler_zi                             0x0800020c   Section       28  __scatter_zi.o(!!handler_zi)
    .ARM.Collect$$libinit$$00000000          0x08000228   Section        2  libinit.o(.ARM.Collect$$libinit$$00000000)
    .ARM.Collect$$libinit$$00000001          0x0800022a   Section        4  libinit2.o(.ARM.Collect$$libinit$$00000001)
    .ARM.Collect$$libinit$$00000004          0x0800022e   Section        0  libinit2.o(.ARM.Collect$$libinit$$00000004)
    .ARM.Collect$$libinit$$00000006          0x0800022e   Section        0  libinit2.o(.ARM.Collect$$libinit$$00000006)
    .ARM.Collect$$libinit$$0000000C          0x0800022e   Section        0  libinit2.o(.ARM.Collect$$libinit$$0000000C)
    .ARM.Collect$$libinit$$0000000E          0x0800022e   Section        0  libinit2.o(.ARM.Collect$$libinit$$0000000E)
    .ARM.Collect$$libinit$$00000010          0x0800022e   Section        0  libinit2.o(.ARM.Collect$$libinit$$00000010)
    .ARM.Collect$$libinit$$00000013          0x0800022e   Section        0  libinit2.o(.ARM.Collect$$libinit$$00000013)
    .ARM.Collect$$libinit$$00000015          0x0800022e   Section        0  libinit2.o(.ARM.Collect$$libinit$$00000015)
    .ARM.Collect$$libinit$$00000017          0x0800022e   Section        0  libinit2.o(.ARM.Collect$$libinit$$00000017)
    .ARM.Collect$$libinit$$00000019          0x0800022e   Section        0  libinit2.o(.ARM.Collect$$libinit$$00000019)
    .ARM.Collect$$libinit$$0000001B          0x0800022e   Section        0  libinit2.o(.ARM.Collect$$libinit$$0000001B)
    .ARM.Collect$$libinit$$0000001D          0x0800022e   Section        0  libinit2.o(.ARM.Collect$$libinit$$0000001D)
    .ARM.Collect$$libinit$$0000001F          0x0800022e   Section        0  libinit2.o(.ARM.Collect$$libinit$$0000001F)
    .ARM.Collect$$libinit$$00000021          0x0800022e   Section        0  libinit2.o(.ARM.Collect$$libinit$$00000021)
    .ARM.Collect$$libinit$$00000023          0x0800022e   Section        0  libinit2.o(.ARM.Collect$$libinit$$00000023)
    .ARM.Collect$$libinit$$00000025          0x0800022e   Section        0  libinit2.o(.ARM.Collect$$libinit$$00000025)
    .ARM.Collect$$libinit$$00000027          0x0800022e   Section        0  libinit2.o(.ARM.Collect$$libinit$$00000027)
    .ARM.Collect$$libinit$$0000002E          0x0800022e   Section        0  libinit2.o(.ARM.Collect$$libinit$$0000002E)
    .ARM.Collect$$libinit$$00000030          0x0800022e   Section        0  libinit2.o(.ARM.Collect$$libinit$$00000030)
    .ARM.Collect$$libinit$$00000032          0x0800022e   Section        0  libinit2.o(.ARM.Collect$$libinit$$00000032)
    .ARM.Collect$$libinit$$00000034          0x0800022e   Section        0  libinit2.o(.ARM.Collect$$libinit$$00000034)
    .ARM.Collect$$libinit$$00000035          0x0800022e   Section        2  libinit2.o(.ARM.Collect$$libinit$$00000035)
    .ARM.Collect$$libshutdown$$00000000      0x08000230   Section        2  libshutdown.o(.ARM.Collect$$libshutdown$$00000000)
    .ARM.Collect$$libshutdown$$00000002      0x08000232   Section        0  libshutdown2.o(.ARM.Collect$$libshutdown$$00000002)
    .ARM.Collect$$libshutdown$$00000004      0x08000232   Section        0  libshutdown2.o(.ARM.Collect$$libshutdown$$00000004)
    .ARM.Collect$$libshutdown$$00000007      0x08000232   Section        0  libshutdown2.o(.ARM.Collect$$libshutdown$$00000007)
    .ARM.Collect$$libshutdown$$0000000A      0x08000232   Section        0  libshutdown2.o(.ARM.Collect$$libshutdown$$0000000A)
    .ARM.Collect$$libshutdown$$0000000C      0x08000232   Section        0  libshutdown2.o(.ARM.Collect$$libshutdown$$0000000C)
    .ARM.Collect$$libshutdown$$0000000F      0x08000232   Section        0  libshutdown2.o(.ARM.Collect$$libshutdown$$0000000F)
    .ARM.Collect$$libshutdown$$00000010      0x08000232   Section        2  libshutdown2.o(.ARM.Collect$$libshutdown$$00000010)
    .ARM.Collect$$rtentry$$00000000          0x08000234   Section        0  __rtentry.o(.ARM.Collect$$rtentry$$00000000)
    .ARM.Collect$$rtentry$$00000002          0x08000234   Section        0  __rtentry2.o(.ARM.Collect$$rtentry$$00000002)
    .ARM.Collect$$rtentry$$00000004          0x08000234   Section        6  __rtentry4.o(.ARM.Collect$$rtentry$$00000004)
    .ARM.Collect$$rtentry$$00000009          0x0800023a   Section        0  __rtentry2.o(.ARM.Collect$$rtentry$$00000009)
    .ARM.Collect$$rtentry$$0000000A          0x0800023a   Section        4  __rtentry2.o(.ARM.Collect$$rtentry$$0000000A)
    .ARM.Collect$$rtentry$$0000000C          0x0800023e   Section        0  __rtentry2.o(.ARM.Collect$$rtentry$$0000000C)
    .ARM.Collect$$rtentry$$0000000D          0x0800023e   Section        8  __rtentry2.o(.ARM.Collect$$rtentry$$0000000D)
    .ARM.Collect$$rtexit$$00000000           0x08000246   Section        2  rtexit.o(.ARM.Collect$$rtexit$$00000000)
    .ARM.Collect$$rtexit$$00000002           0x08000248   Section        0  rtexit2.o(.ARM.Collect$$rtexit$$00000002)
    .ARM.Collect$$rtexit$$00000003           0x08000248   Section        4  rtexit2.o(.ARM.Collect$$rtexit$$00000003)
    .ARM.Collect$$rtexit$$00000004           0x0800024c   Section        6  rtexit2.o(.ARM.Collect$$rtexit$$00000004)
    $v0                                      0x08000254   Number         0  os_cpu_a.o(.text)
    .text                                    0x08000254   Section      296  os_cpu_a.o(.text)
    $v0                                      0x0800037c   Number         0  startup_stm32f407xx.o(.text)
    .text                                    0x0800037c   Section       64  startup_stm32f407xx.o(.text)
    .text                                    0x080003bc   Section       68  rt_memclr.o(.text)
    .text                                    0x08000400   Section       78  rt_memclr_w.o(.text)
    .text                                    0x0800044e   Section        0  heapauxi.o(.text)
    .text                                    0x08000454   Section       74  sys_stackheap_outer.o(.text)
    .text                                    0x0800049e   Section        0  exit.o(.text)
    .text                                    0x080004b0   Section        8  libspace.o(.text)
    .text                                    0x080004b8   Section        0  sys_exit.o(.text)
    .text                                    0x080004c4   Section        2  use_no_semi.o(.text)
    [Anonymous Symbol]                       0x080004c6   Section        0  uc_ao.o(.text.Active_ctor)
    .text                                    0x080004c6   Section        0  indicate_semi.o(.text)
    Active_eventLoop                         0x080004cd   Thumb Code    76  uc_ao.o(.text.Active_eventLoop)
    [Anonymous Symbol]                       0x080004cc   Section        0  uc_ao.o(.text.Active_eventLoop)
    [Anonymous Symbol]                       0x08000518   Section        0  uc_ao.o(.text.Active_post)
    [Anonymous Symbol]                       0x0800051e   Section        0  uc_ao.o(.text.Active_start)
    [Anonymous Symbol]                       0x0800059e   Section        0  bsp.o(.text.App_TCBInitHook)
    [Anonymous Symbol]                       0x080005a0   Section        0  bsp.o(.text.App_TaskCreateHook)
    [Anonymous Symbol]                       0x080005a2   Section        0  bsp.o(.text.App_TaskDelHook)
    [Anonymous Symbol]                       0x080005a4   Section        0  bsp.o(.text.App_TaskIdleHook)
    [Anonymous Symbol]                       0x080005a6   Section        0  bsp.o(.text.App_TaskReturnHook)
    [Anonymous Symbol]                       0x080005a8   Section        0  bsp.o(.text.App_TaskStatHook)
    [Anonymous Symbol]                       0x080005aa   Section        0  bsp.o(.text.App_TaskSwHook)
    [Anonymous Symbol]                       0x080005ac   Section        0  bsp.o(.text.App_TimeTickHook)
    [Anonymous Symbol]                       0x08000666   Section        0  bsp.o(.text.BSP_init)
    [Anonymous Symbol]                       0x0800072a   Section        0  bsp.o(.text.BSP_ledBlueOff)
    [Anonymous Symbol]                       0x0800073a   Section        0  bsp.o(.text.BSP_ledBlueOn)
    [Anonymous Symbol]                       0x0800074a   Section        0  bsp.o(.text.BSP_ledGreenOff)
    [Anonymous Symbol]                       0x0800075a   Section        0  bsp.o(.text.BSP_ledGreenOn)
    [Anonymous Symbol]                       0x0800076a   Section        0  bsp.o(.text.BSP_ledRedOff)
    [Anonymous Symbol]                       0x0800077a   Section        0  bsp.o(.text.BSP_ledRedOn)
    [Anonymous Symbol]                       0x0800078a   Section        0  bsp.o(.text.BSP_start)
    [Anonymous Symbol]                       0x080007d8   Section        0  uc_ao.o(.text.Hsm_dispatch)
    [Anonymous Symbol]                       0x08000824   Section        0  uc_ao.o(.text.Hsm_init)
    [Anonymous Symbol]                       0x0800084e   Section        0  uc_ao.o(.text.Hsm_top)
    [Anonymous Symbol]                       0x08000852   Section        0  os_dbg.o(.text.OSDebugInit)
    [Anonymous Symbol]                       0x08000854   Section        0  os_core.o(.text.OSEventNameSet)
    [Anonymous Symbol]                       0x08000898   Section        0  os_core.o(.text.OSInit)
    [Anonymous Symbol]                       0x08000a9c   Section        0  os_cpu_c.o(.text.OSInitHookBegin)
    [Anonymous Symbol]                       0x08000aee   Section        0  os_cpu_c.o(.text.OSInitHookEnd)
    [Anonymous Symbol]                       0x08000af0   Section        0  os_core.o(.text.OSIntEnter)
    [Anonymous Symbol]                       0x08000b14   Section        0  os_core.o(.text.OSIntExit)
    [Anonymous Symbol]                       0x08000bce   Section        0  os_q.o(.text.OSQCreate)
    [Anonymous Symbol]                       0x08000c5c   Section        0  os_q.o(.text.OSQPend)
    [Anonymous Symbol]                       0x08000d4c   Section        0  os_q.o(.text.OSQPost)
    [Anonymous Symbol]                       0x08000dc0   Section        0  os_core.o(.text.OSSchedLock)
    [Anonymous Symbol]                       0x08000dfe   Section        0  os_core.o(.text.OSSchedUnlock)
    [Anonymous Symbol]                       0x08000e4e   Section        0  os_sem.o(.text.OSSemCreate)
    [Anonymous Symbol]                       0x08000ea0   Section        0  os_sem.o(.text.OSSemPend)
    [Anonymous Symbol]                       0x08000f70   Section        0  os_sem.o(.text.OSSemPost)
    [Anonymous Symbol]                       0x08000fce   Section        0  os_core.o(.text.OSStart)
    [Anonymous Symbol]                       0x0800103a   Section        0  os_cpu_c.o(.text.OSTCBInitHook)
    [Anonymous Symbol]                       0x0800103e   Section        0  os_task.o(.text.OSTaskCreateExt)
    [Anonymous Symbol]                       0x08001108   Section        0  os_cpu_c.o(.text.OSTaskCreateHook)
    [Anonymous Symbol]                       0x0800110c   Section        0  os_task.o(.text.OSTaskDel)
    [Anonymous Symbol]                       0x08001264   Section        0  os_cpu_c.o(.text.OSTaskDelHook)
    [Anonymous Symbol]                       0x08001268   Section        0  os_cpu_c.o(.text.OSTaskIdleHook)
    [Anonymous Symbol]                       0x0800126c   Section        0  os_task.o(.text.OSTaskNameSet)
    [Anonymous Symbol]                       0x080012ca   Section        0  os_cpu_c.o(.text.OSTaskReturnHook)
    [Anonymous Symbol]                       0x080012ce   Section        0  os_cpu_c.o(.text.OSTaskStatHook)
    [Anonymous Symbol]                       0x080012d4   Section        0  os_task.o(.text.OSTaskStkChk)
    [Anonymous Symbol]                       0x0800135a   Section        0  os_cpu_c.o(.text.OSTaskStkInit)
    [Anonymous Symbol]                       0x08001490   Section        0  os_task.o(.text.OSTaskSuspend)
    [Anonymous Symbol]                       0x08001544   Section        0  os_cpu_c.o(.text.OSTaskSwHook)
    [Anonymous Symbol]                       0x0800156e   Section        0  os_time.o(.text.OSTimeDly)
    [Anonymous Symbol]                       0x080015e0   Section        0  os_core.o(.text.OSTimeTick)
    [Anonymous Symbol]                       0x080016a6   Section        0  os_cpu_c.o(.text.OSTimeTickHook)
    [Anonymous Symbol]                       0x080016ce   Section        0  os_tmr.o(.text.OSTmrSignal)
    [Anonymous Symbol]                       0x080016dc   Section        0  os_tmr.o(.text.OSTmr_Init)
    OSTmr_Link                               0x08001819   Thumb Code   110  os_tmr.o(.text.OSTmr_Link)
    [Anonymous Symbol]                       0x08001818   Section        0  os_tmr.o(.text.OSTmr_Link)
    OSTmr_Task                               0x08001889   Thumb Code   148  os_tmr.o(.text.OSTmr_Task)
    [Anonymous Symbol]                       0x08001888   Section        0  os_tmr.o(.text.OSTmr_Task)
    OSTmr_Unlink                             0x0800191d   Thumb Code    90  os_tmr.o(.text.OSTmr_Unlink)
    [Anonymous Symbol]                       0x0800191c   Section        0  os_tmr.o(.text.OSTmr_Unlink)
    [Anonymous Symbol]                       0x08001976   Section        0  os_core.o(.text.OS_Dummy)
    [Anonymous Symbol]                       0x08001978   Section        0  os_core.o(.text.OS_EventTaskRdy)
    [Anonymous Symbol]                       0x08001a24   Section        0  os_core.o(.text.OS_EventTaskRemove)
    [Anonymous Symbol]                       0x08001a54   Section        0  os_core.o(.text.OS_EventTaskRemoveMulti)
    [Anonymous Symbol]                       0x08001a90   Section        0  os_core.o(.text.OS_EventTaskWait)
    [Anonymous Symbol]                       0x08001af8   Section        0  os_core.o(.text.OS_EventWaitListInit)
    [Anonymous Symbol]                       0x08001b08   Section        0  os_flag.o(.text.OS_FlagInit)
    [Anonymous Symbol]                       0x08001b54   Section        0  os_flag.o(.text.OS_FlagUnlink)
    [Anonymous Symbol]                       0x08001b72   Section        0  os_core.o(.text.OS_MemClr)
    [Anonymous Symbol]                       0x08001b80   Section        0  os_mem.o(.text.OS_MemInit)
    [Anonymous Symbol]                       0x08001bc0   Section        0  os_q.o(.text.OS_QInit)
    [Anonymous Symbol]                       0x08001bf0   Section        0  os_core.o(.text.OS_Sched)
    [Anonymous Symbol]                       0x08001c8a   Section        0  os_core.o(.text.OS_TCBInit)
    [Anonymous Symbol]                       0x08001da8   Section        0  os_core.o(.text.OS_TaskIdle)
    [Anonymous Symbol]                       0x08001dc6   Section        0  os_task.o(.text.OS_TaskReturn)
    [Anonymous Symbol]                       0x08001de0   Section        0  os_core.o(.text.OS_TaskStat)
    [Anonymous Symbol]                       0x08001ea0   Section        0  os_core.o(.text.OS_TaskStatStkChk)
    [Anonymous Symbol]                       0x08001edc   Section        0  bsp.o(.text.Q_onAssert)
    [Anonymous Symbol]                       0x08001eee   Section        0  os_cpu_c.o(.text.SysTick_Handler)
    [Anonymous Symbol]                       0x08001f10   Section        0  system_stm32f4xx.o(.text.SystemCoreClockUpdate)
    [Anonymous Symbol]                       0x08001f94   Section        0  system_stm32f4xx.o(.text.SystemInit)
    [Anonymous Symbol]                       0x08001fa6   Section        0  main.o(.text.TimeBomb_armed)
    [Anonymous Symbol]                       0x08001fe8   Section        0  main.o(.text.TimeBomb_blink)
    [Anonymous Symbol]                       0x08002030   Section        0  main.o(.text.TimeBomb_boom)
    [Anonymous Symbol]                       0x08002056   Section        0  main.o(.text.TimeBomb_defused)
    [Anonymous Symbol]                       0x0800208c   Section        0  main.o(.text.TimeBomb_initial)
    [Anonymous Symbol]                       0x0800209c   Section        0  main.o(.text.TimeBomb_pause)
    [Anonymous Symbol]                       0x080020e4   Section        0  main.o(.text.TimeBomb_wait4button)
    [Anonymous Symbol]                       0x08002122   Section        0  uc_ao.o(.text.TimeEvent_arm)
    [Anonymous Symbol]                       0x0800213c   Section        0  uc_ao.o(.text.TimeEvent_ctor)
    [Anonymous Symbol]                       0x08002184   Section        0  uc_ao.o(.text.TimeEvent_tick)
    [Anonymous Symbol]                       0x080021d8   Section        0  main.o(.text.main)
    $v0                                      0x08002242   Number         0  fpinit.o(x$fpl$fpinit)
    x$fpl$fpinit                             0x08002242   Section       26  fpinit.o(x$fpl$fpinit)
    App_TimeTickHook.button2PressedEvt       0x0800226c   Data           2  bsp.o(.rodata.App_TimeTickHook.button2PressedEvt)
    [Anonymous Symbol]                       0x0800226c   Section        0  bsp.o(.rodata.App_TimeTickHook.button2PressedEvt)
    App_TimeTickHook.button2ReleasedEvt      0x0800226e   Data           2  bsp.o(.rodata.App_TimeTickHook.button2ReleasedEvt)
    [Anonymous Symbol]                       0x0800226e   Section        0  bsp.o(.rodata.App_TimeTickHook.button2ReleasedEvt)
    App_TimeTickHook.buttonPressedEvt        0x08002270   Data           2  bsp.o(.rodata.App_TimeTickHook.buttonPressedEvt)
    [Anonymous Symbol]                       0x08002270   Section        0  bsp.o(.rodata.App_TimeTickHook.buttonPressedEvt)
    App_TimeTickHook.buttonReleasedEvt       0x08002272   Data           2  bsp.o(.rodata.App_TimeTickHook.buttonReleasedEvt)
    [Anonymous Symbol]                       0x08002272   Section        0  bsp.o(.rodata.App_TimeTickHook.buttonReleasedEvt)
    Q_this_module_                           0x08002374   Data           6  uc_ao.o(.rodata.Q_this_module_)
    [Anonymous Symbol]                       0x08002374   Section        0  uc_ao.o(.rodata.Q_this_module_)
    entryEvt                                 0x0800237a   Data           2  uc_ao.o(.rodata.entryEvt)
    [Anonymous Symbol]                       0x0800237a   Section        0  uc_ao.o(.rodata.entryEvt)
    exitEvt                                  0x0800237c   Data           2  uc_ao.o(.rodata.exitEvt)
    [Anonymous Symbol]                       0x0800237c   Section        0  uc_ao.o(.rodata.exitEvt)
    .L.str                                   0x0800237e   Data           2  os_core.o(.rodata.str1.1)
    .L.str                                   0x0800237e   Data           2  os_core.o(.rodata.str1.1)
    .L.str                                   0x0800237e   Data           2  os_core.o(.rodata.str1.1)
    .L.str                                   0x0800237e   Data           2  os_core.o(.rodata.str1.1)
    .L.str                                   0x0800237e   Data           2  os_core.o(.rodata.str1.1)
    .L.str                                   0x0800237e   Data           2  os_core.o(.rodata.str1.1)
    [Anonymous Symbol]                       0x0800237e   Section        0  os_core.o(.rodata.str1.1)
    .bss                                     0x20000008   Section       96  libspace.o(.bss)
    App_TimeTickHook.buttons.0               0x20000068   Data           4  bsp.o(.bss.App_TimeTickHook.buttons.0)
    [Anonymous Symbol]                       0x20000068   Section        0  bsp.o(.bss.App_TimeTickHook.buttons.0)
    App_TimeTickHook.buttons.1               0x2000006c   Data           4  bsp.o(.bss.App_TimeTickHook.buttons.1)
    [Anonymous Symbol]                       0x2000006c   Section        0  bsp.o(.bss.App_TimeTickHook.buttons.1)
    OSTmrCtr                                 0x20000fcc   Data           2  os_cpu_c.o(.bss.OSTmrCtr)
    [Anonymous Symbol]                       0x20000fcc   Section        0  os_cpu_c.o(.bss.OSTmrCtr)
    l_tevt                                   0x200018a4   Data          40  uc_ao.o(.bss.l_tevt)
    [Anonymous Symbol]                       0x200018a4   Section        0  uc_ao.o(.bss.l_tevt)
    l_tevtNum                                0x200018cc   Data           4  uc_ao.o(.bss.l_tevtNum)
    [Anonymous Symbol]                       0x200018cc   Section        0  uc_ao.o(.bss.l_tevtNum)
    timeBomb                                 0x20001a60   Data          36  main.o(.bss.timeBomb)
    [Anonymous Symbol]                       0x20001a60   Section        0  main.o(.bss.timeBomb)
    timeBomb_queue                           0x20001a84   Data          40  main.o(.bss.timeBomb_queue)
    [Anonymous Symbol]                       0x20001a84   Section        0  main.o(.bss.timeBomb_queue)
    Heap_Mem                                 0x20001ab0   Data         512  startup_stm32f407xx.o(HEAP)
    HEAP                                     0x20001ab0   Section      512  startup_stm32f407xx.o(HEAP)
    Stack_Mem                                0x20001cb0   Data        1024  startup_stm32f407xx.o(STACK)
    STACK                                    0x20001cb0   Section     1024  startup_stm32f407xx.o(STACK)
    __initial_sp                             0x200020b0   Data           0  startup_stm32f407xx.o(STACK)

    Global Symbols

    Symbol Name                              Value     Ov Type        Size  Object(Section)

    BuildAttributes$$THM_ISAv4$E$P$D$K$B$S$7EM$VFPi3$EXTD16$VFPS$VFMA$PE$A:L22UL41UL21$X:L11$S22US41US21$IEEE1$IW$~IW$USESV6$~STKCKD$USESV7$~SHL$OSPACE$ROPI$EBA8$UX$STANDARDLIB$REQ8$PRES8$EABIv2 0x00000000   Number         0  anon$$obj.o ABSOLUTE
    __ARM_exceptions_init                     - Undefined Weak Reference
    __alloca_initialize                       - Undefined Weak Reference
    __arm_preinit_                            - Undefined Weak Reference
    __arm_relocate_pie_                       - Undefined Weak Reference
    __cpp_initialize__aeabi_                  - Undefined Weak Reference
    __cxa_finalize                            - Undefined Weak Reference
    __rt_locale                               - Undefined Weak Reference
    __sigvec_lookup                           - Undefined Weak Reference
    _atexit_init                              - Undefined Weak Reference
    _call_atexit_fns                          - Undefined Weak Reference
    _clock_init                               - Undefined Weak Reference
    _fp_trap_init                             - Undefined Weak Reference
    _fp_trap_shutdown                         - Undefined Weak Reference
    _get_lc_collate                           - Undefined Weak Reference
    _get_lc_ctype                             - Undefined Weak Reference
    _get_lc_monetary                          - Undefined Weak Reference
    _get_lc_numeric                           - Undefined Weak Reference
    _get_lc_time                              - Undefined Weak Reference
    _getenv_init                              - Undefined Weak Reference
    _handle_redirection                       - Undefined Weak Reference
    _init_alloc                               - Undefined Weak Reference
    _init_user_alloc                          - Undefined Weak Reference
    _initio                                   - Undefined Weak Reference
    _rand_init                                - Undefined Weak Reference
    _signal_finish                            - Undefined Weak Reference
    _signal_init                              - Undefined Weak Reference
    _terminate_alloc                          - Undefined Weak Reference
    _terminate_user_alloc                     - Undefined Weak Reference
    _terminateio                              - Undefined Weak Reference
    __Vectors_Size                           0x00000188   Number         0  startup_stm32f407xx.o ABSOLUTE
    __Vectors                                0x08000000   Data           4  startup_stm32f407xx.o(RESET)
    __Vectors_End                            0x08000188   Data           0  startup_stm32f407xx.o(RESET)
    __main                                   0x08000189   Thumb Code     8  __main.o(!!!main)
    __scatterload                            0x08000191   Thumb Code     0  __scatter.o(!!!scatter)
    __scatterload_rt2                        0x08000191   Thumb Code    84  __scatter.o(!!!scatter)
    __scatterload_rt2_thumb_only             0x08000191   Thumb Code     0  __scatter.o(!!!scatter)
    __scatterload_loop                       0x0800019b   Thumb Code     0  __scatter.o(!!!scatter)
    __scatterload_copy                       0x080001ed   Thumb Code    26  __scatter_copy.o(!!handler_copy)
    __scatterload_null                       0x08000209   Thumb Code     2  __scatter.o(!!handler_null)
    __scatterload_zeroinit                   0x0800020d   Thumb Code    28  __scatter_zi.o(!!handler_zi)
    __rt_lib_init                            0x08000229   Thumb Code     0  libinit.o(.ARM.Collect$$libinit$$00000000)
    __rt_lib_init_fp_1                       0x0800022b   Thumb Code     0  libinit2.o(.ARM.Collect$$libinit$$00000001)
    __rt_lib_init_alloca_1                   0x0800022f   Thumb Code     0  libinit2.o(.ARM.Collect$$libinit$$00000030)
    __rt_lib_init_argv_1                     0x0800022f   Thumb Code     0  libinit2.o(.ARM.Collect$$libinit$$0000002E)
    __rt_lib_init_atexit_1                   0x0800022f   Thumb Code     0  libinit2.o(.ARM.Collect$$libinit$$0000001D)
    __rt_lib_init_clock_1                    0x0800022f   Thumb Code     0  libinit2.o(.ARM.Collect$$libinit$$00000023)
    __rt_lib_init_cpp_1                      0x0800022f   Thumb Code     0  libinit2.o(.ARM.Collect$$libinit$$00000034)
    __rt_lib_init_exceptions_1               0x0800022f   Thumb Code     0  libinit2.o(.ARM.Collect$$libinit$$00000032)
    __rt_lib_init_fp_trap_1                  0x0800022f   Thumb Code     0  libinit2.o(.ARM.Collect$$libinit$$00000021)
    __rt_lib_init_getenv_1                   0x0800022f   Thumb Code     0  libinit2.o(.ARM.Collect$$libinit$$00000025)
    __rt_lib_init_heap_1                     0x0800022f   Thumb Code     0  libinit2.o(.ARM.Collect$$libinit$$0000000C)
    __rt_lib_init_lc_collate_1               0x0800022f   Thumb Code     0  libinit2.o(.ARM.Collect$$libinit$$00000013)
    __rt_lib_init_lc_ctype_1                 0x0800022f   Thumb Code     0  libinit2.o(.ARM.Collect$$libinit$$00000015)
    __rt_lib_init_lc_monetary_1              0x0800022f   Thumb Code     0  libinit2.o(.ARM.Collect$$libinit$$00000017)
    __rt_lib_init_lc_numeric_1               0x0800022f   Thumb Code     0  libinit2.o(.ARM.Collect$$libinit$$00000019)
    __rt_lib_init_lc_time_1                  0x0800022f   Thumb Code     0  libinit2.o(.ARM.Collect$$libinit$$0000001B)
    __rt_lib_init_preinit_1                  0x0800022f   Thumb Code     0  libinit2.o(.ARM.Collect$$libinit$$00000006)
    __rt_lib_init_rand_1                     0x0800022f   Thumb Code     0  libinit2.o(.ARM.Collect$$libinit$$00000010)
    __rt_lib_init_relocate_pie_1             0x0800022f   Thumb Code     0  libinit2.o(.ARM.Collect$$libinit$$00000004)
    __rt_lib_init_return                     0x0800022f   Thumb Code     0  libinit2.o(.ARM.Collect$$libinit$$00000035)
    __rt_lib_init_signal_1                   0x0800022f   Thumb Code     0  libinit2.o(.ARM.Collect$$libinit$$0000001F)
    __rt_lib_init_stdio_1                    0x0800022f   Thumb Code     0  libinit2.o(.ARM.Collect$$libinit$$00000027)
    __rt_lib_init_user_alloc_1               0x0800022f   Thumb Code     0  libinit2.o(.ARM.Collect$$libinit$$0000000E)
    __rt_lib_shutdown                        0x08000231   Thumb Code     0  libshutdown.o(.ARM.Collect$$libshutdown$$00000000)
    __rt_lib_shutdown_cpp_1                  0x08000233   Thumb Code     0  libshutdown2.o(.ARM.Collect$$libshutdown$$00000002)
    __rt_lib_shutdown_fp_trap_1              0x08000233   Thumb Code     0  libshutdown2.o(.ARM.Collect$$libshutdown$$00000007)
    __rt_lib_shutdown_heap_1                 0x08000233   Thumb Code     0  libshutdown2.o(.ARM.Collect$$libshutdown$$0000000F)
    __rt_lib_shutdown_return                 0x08000233   Thumb Code     0  libshutdown2.o(.ARM.Collect$$libshutdown$$00000010)
    __rt_lib_shutdown_signal_1               0x08000233   Thumb Code     0  libshutdown2.o(.ARM.Collect$$libshutdown$$0000000A)
    __rt_lib_shutdown_stdio_1                0x08000233   Thumb Code     0  libshutdown2.o(.ARM.Collect$$libshutdown$$00000004)
    __rt_lib_shutdown_user_alloc_1           0x08000233   Thumb Code     0  libshutdown2.o(.ARM.Collect$$libshutdown$$0000000C)
    __rt_entry                               0x08000235   Thumb Code     0  __rtentry.o(.ARM.Collect$$rtentry$$00000000)
    __rt_entry_presh_1                       0x08000235   Thumb Code     0  __rtentry2.o(.ARM.Collect$$rtentry$$00000002)
    __rt_entry_sh                            0x08000235   Thumb Code     0  __rtentry4.o(.ARM.Collect$$rtentry$$00000004)
    __rt_entry_li                            0x0800023b   Thumb Code     0  __rtentry2.o(.ARM.Collect$$rtentry$$0000000A)
    __rt_entry_postsh_1                      0x0800023b   Thumb Code     0  __rtentry2.o(.ARM.Collect$$rtentry$$00000009)
    __rt_entry_main                          0x0800023f   Thumb Code     0  __rtentry2.o(.ARM.Collect$$rtentry$$0000000D)
    __rt_entry_postli_1                      0x0800023f   Thumb Code     0  __rtentry2.o(.ARM.Collect$$rtentry$$0000000C)
    __rt_exit                                0x08000247   Thumb Code     0  rtexit.o(.ARM.Collect$$rtexit$$00000000)
    __rt_exit_ls                             0x08000249   Thumb Code     0  rtexit2.o(.ARM.Collect$$rtexit$$00000003)
    __rt_exit_prels_1                        0x08000249   Thumb Code     0  rtexit2.o(.ARM.Collect$$rtexit$$00000002)
    __rt_exit_exit                           0x0800024d   Thumb Code     0  rtexit2.o(.ARM.Collect$$rtexit$$00000004)
    OS_CPU_FP_Reg_Push                       0x08000255   Thumb Code     0  os_cpu_a.o(.text)
    OS_CPU_FP_Reg_Pop                        0x08000267   Thumb Code     0  os_cpu_a.o(.text)
    OS_CPU_SR_Save                           0x08000273   Thumb Code     0  os_cpu_a.o(.text)
    OS_CPU_SR_Restore                        0x0800028f   Thumb Code     0  os_cpu_a.o(.text)
    OSStartHighRdy                           0x080002a1   Thumb Code     0  os_cpu_a.o(.text)
    OSCtxSw                                  0x080002f9   Thumb Code     0  os_cpu_a.o(.text)
    OSIntCtxSw                               0x080002f9   Thumb Code     0  os_cpu_a.o(.text)
    PendSV_Handler                           0x08000303   Thumb Code     0  os_cpu_a.o(.text)
    Reset_Handler                            0x0800037d   Thumb Code     8  startup_stm32f407xx.o(.text)
    NMI_Handler                              0x08000385   Thumb Code     2  startup_stm32f407xx.o(.text)
    HardFault_Handler                        0x08000387   Thumb Code     2  startup_stm32f407xx.o(.text)
    MemManage_Handler                        0x08000389   Thumb Code     2  startup_stm32f407xx.o(.text)
    BusFault_Handler                         0x0800038b   Thumb Code     2  startup_stm32f407xx.o(.text)
    UsageFault_Handler                       0x0800038d   Thumb Code     2  startup_stm32f407xx.o(.text)
    SVC_Handler                              0x0800038f   Thumb Code     2  startup_stm32f407xx.o(.text)
    DebugMon_Handler                         0x08000391   Thumb Code     2  startup_stm32f407xx.o(.text)
    ADC_IRQHandler                           0x08000397   Thumb Code     0  startup_stm32f407xx.o(.text)
    CAN1_RX0_IRQHandler                      0x08000397   Thumb Code     0  startup_stm32f407xx.o(.text)
    CAN1_RX1_IRQHandler                      0x08000397   Thumb Code     0  startup_stm32f407xx.o(.text)
    CAN1_SCE_IRQHandler                      0x08000397   Thumb Code     0  startup_stm32f407xx.o(.text)
    CAN1_TX_IRQHandler                       0x08000397   Thumb Code     0  startup_stm32f407xx.o(.text)
    CAN2_RX0_IRQHandler                      0x08000397   Thumb Code     0  startup_stm32f407xx.o(.text)
    CAN2_RX1_IRQHandler                      0x08000397   Thumb Code     0  startup_stm32f407xx.o(.text)
    CAN2_SCE_IRQHandler                      0x08000397   Thumb Code     0  startup_stm32f407xx.o(.text)
    CAN2_TX_IRQHandler                       0x08000397   Thumb Code     0  startup_stm32f407xx.o(.text)
    DCMI_IRQHandler                          0x08000397   Thumb Code     0  startup_stm32f407xx.o(.text)
    DMA1_Stream0_IRQHandler                  0x08000397   Thumb Code     0  startup_stm32f407xx.o(.text)
    DMA1_Stream1_IRQHandler                  0x08000397   Thumb Code     0  startup_stm32f407xx.o(.text)
    DMA1_Stream2_IRQHandler                  0x08000397   Thumb Code     0  startup_stm32f407xx.o(.text)
    DMA1_Stream3_IRQHandler                  0x08000397   Thumb Code     0  startup_stm32f407xx.o(.text)
    DMA1_Stream4_IRQHandler                  0x08000397   Thumb Code     0  startup_stm32f407xx.o(.text)
    DMA1_Stream5_IRQHandler                  0x08000397   Thumb Code     0  startup_stm32f407xx.o(.text)
    DMA1_Stream6_IRQHandler                  0x08000397   Thumb Code     0  startup_stm32f407xx.o(.text)
    DMA1_Stream7_IRQHandler                  0x08000397   Thumb Code     0  startup_stm32f407xx.o(.text)
    DMA2_Stream0_IRQHandler                  0x08000397   Thumb Code     0  startup_stm32f407xx.o(.text)
    DMA2_Stream1_IRQHandler                  0x08000397   Thumb Code     0  startup_stm32f407xx.o(.text)
    DMA2_Stream2_IRQHandler                  0x08000397   Thumb Code     0  startup_stm32f407xx.o(.text)
    DMA2_Stream3_IRQHandler                  0x08000397   Thumb Code     0  startup_stm32f407xx.o(.text)
    DMA2_Stream4_IRQHandler                  0x08000397   Thumb Code     0  startup_stm32f407xx.o(.text)
    DMA2_Stream5_IRQHandler                  0x08000397   Thumb Code     0  startup_stm32f407xx.o(.text)
    DMA2_Stream6_IRQHandler                  0x08000397   Thumb Code     0  startup_stm32f407xx.o(.text)
    DMA2_Stream7_IRQHandler                  0x08000397   Thumb Code     0  startup_stm32f407xx.o(.text)
    ETH_IRQHandler                           0x08000397   Thumb Code     0  startup_stm32f407xx.o(.text)
    ETH_WKUP_IRQHandler                      0x08000397   Thumb Code     0  startup_stm32f407xx.o(.text)
    EXTI0_IRQHandler                         0x08000397   Thumb Code     0  startup_stm32f407xx.o(.text)
    EXTI15_10_IRQHandler                     0x08000397   Thumb Code     0  startup_stm32f407xx.o(.text)
    EXTI1_IRQHandler                         0x08000397   Thumb Code     0  startup_stm32f407xx.o(.text)
    EXTI2_IRQHandler                         0x08000397   Thumb Code     0  startup_stm32f407xx.o(.text)
    EXTI3_IRQHandler                         0x08000397   Thumb Code     0  startup_stm32f407xx.o(.text)
    EXTI4_IRQHandler                         0x08000397   Thumb Code     0  startup_stm32f407xx.o(.text)
    EXTI9_5_IRQHandler                       0x08000397   Thumb Code     0  startup_stm32f407xx.o(.text)
    FLASH_IRQHandler                         0x08000397   Thumb Code     0  startup_stm32f407xx.o(.text)
    FMC_IRQHandler                           0x08000397   Thumb Code     0  startup_stm32f407xx.o(.text)
    FPU_IRQHandler                           0x08000397   Thumb Code     0  startup_stm32f407xx.o(.text)
    HASH_RNG_IRQHandler                      0x08000397   Thumb Code     0  startup_stm32f407xx.o(.text)
    I2C1_ER_IRQHandler                       0x08000397   Thumb Code     0  startup_stm32f407xx.o(.text)
    I2C1_EV_IRQHandler                       0x08000397   Thumb Code     0  startup_stm32f407xx.o(.text)
    I2C2_ER_IRQHandler                       0x08000397   Thumb Code     0  startup_stm32f407xx.o(.text)
    I2C2_EV_IRQHandler                       0x08000397   Thumb Code     0  startup_stm32f407xx.o(.text)
    I2C3_ER_IRQHandler                       0x08000397   Thumb Code     0  startup_stm32f407xx.o(.text)
    I2C3_EV_IRQHandler                       0x08000397   Thumb Code     0  startup_stm32f407xx.o(.text)
    OTG_FS_IRQHandler                        0x08000397   Thumb Code     0  startup_stm32f407xx.o(.text)
    OTG_FS_WKUP_IRQHandler                   0x08000397   Thumb Code     0  startup_stm32f407xx.o(.text)
    OTG_HS_EP1_IN_IRQHandler                 0x08000397   Thumb Code     0  startup_stm32f407xx.o(.text)
    OTG_HS_EP1_OUT_IRQHandler                0x08000397   Thumb Code     0  startup_stm32f407xx.o(.text)
    OTG_HS_IRQHandler                        0x08000397   Thumb Code     0  startup_stm32f407xx.o(.text)
    OTG_HS_WKUP_IRQHandler                   0x08000397   Thumb Code     0  startup_stm32f407xx.o(.text)
    PVD_IRQHandler                           0x08000397   Thumb Code     0  startup_stm32f407xx.o(.text)
    RCC_IRQHandler                           0x08000397   Thumb Code     0  startup_stm32f407xx.o(.text)
    RTC_Alarm_IRQHandler                     0x08000397   Thumb Code     0  startup_stm32f407xx.o(.text)
    RTC_WKUP_IRQHandler                      0x08000397   Thumb Code     0  startup_stm32f407xx.o(.text)
    SDIO_IRQHandler                          0x08000397   Thumb Code     0  startup_stm32f407xx.o(.text)
    SPI1_IRQHandler                          0x08000397   Thumb Code     0  startup_stm32f407xx.o(.text)
    SPI2_IRQHandler                          0x08000397   Thumb Code     0  startup_stm32f407xx.o(.text)
    SPI3_IRQHandler                          0x08000397   Thumb Code     0  startup_stm32f407xx.o(.text)
    TAMP_STAMP_IRQHandler                    0x08000397   Thumb Code     0  startup_stm32f407xx.o(.text)
    TIM1_BRK_TIM9_IRQHandler                 0x08000397   Thumb Code     0  startup_stm32f407xx.o(.text)
    TIM1_CC_IRQHandler                       0x08000397   Thumb Code     0  startup_stm32f407xx.o(.text)
    TIM1_TRG_COM_TIM11_IRQHandler            0x08000397   Thumb Code     0  startup_stm32f407xx.o(.text)
    TIM1_UP_TIM10_IRQHandler                 0x08000397   Thumb Code     0  startup_stm32f407xx.o(.text)
    TIM2_IRQHandler                          0x08000397   Thumb Code     0  startup_stm32f407xx.o(.text)
    TIM3_IRQHandler                          0x08000397   Thumb Code     0  startup_stm32f407xx.o(.text)
    TIM4_IRQHandler                          0x08000397   Thumb Code     0  startup_stm32f407xx.o(.text)
    TIM5_IRQHandler                          0x08000397   Thumb Code     0  startup_stm32f407xx.o(.text)
    TIM6_DAC_IRQHandler                      0x08000397   Thumb Code     0  startup_stm32f407xx.o(.text)
    TIM7_IRQHandler                          0x08000397   Thumb Code     0  startup_stm32f407xx.o(.text)
    TIM8_BRK_TIM12_IRQHandler                0x08000397   Thumb Code     0  startup_stm32f407xx.o(.text)
    TIM8_CC_IRQHandler                       0x08000397   Thumb Code     0  startup_stm32f407xx.o(.text)
    TIM8_TRG_COM_TIM14_IRQHandler            0x08000397   Thumb Code     0  startup_stm32f407xx.o(.text)
    TIM8_UP_TIM13_IRQHandler                 0x08000397   Thumb Code     0  startup_stm32f407xx.o(.text)
    UART4_IRQHandler                         0x08000397   Thumb Code     0  startup_stm32f407xx.o(.text)
    UART5_IRQHandler                         0x08000397   Thumb Code     0  startup_stm32f407xx.o(.text)
    USART1_IRQHandler                        0x08000397   Thumb Code     0  startup_stm32f407xx.o(.text)
    USART2_IRQHandler                        0x08000397   Thumb Code     0  startup_stm32f407xx.o(.text)
    USART3_IRQHandler                        0x08000397   Thumb Code     0  startup_stm32f407xx.o(.text)
    USART6_IRQHandler                        0x08000397   Thumb Code     0  startup_stm32f407xx.o(.text)
    WWDG_IRQHandler                          0x08000397   Thumb Code     0  startup_stm32f407xx.o(.text)
    __user_initial_stackheap                 0x08000399   Thumb Code     0  startup_stm32f407xx.o(.text)
    __aeabi_memclr                           0x080003bd   Thumb Code     0  rt_memclr.o(.text)
    __rt_memclr                              0x080003bd   Thumb Code     0  rt_memclr.o(.text)
    _memset                                  0x080003c1   Thumb Code    64  rt_memclr.o(.text)
    __aeabi_memclr4                          0x08000401   Thumb Code     0  rt_memclr_w.o(.text)
    __aeabi_memclr8                          0x08000401   Thumb Code     0  rt_memclr_w.o(.text)
    __rt_memclr_w                            0x08000401   Thumb Code     0  rt_memclr_w.o(.text)
    _memset_w                                0x08000405   Thumb Code    74  rt_memclr_w.o(.text)
    __use_two_region_memory                  0x0800044f   Thumb Code     2  heapauxi.o(.text)
    __rt_heap_escrow$2region                 0x08000451   Thumb Code     2  heapauxi.o(.text)
    __rt_heap_expand$2region                 0x08000453   Thumb Code     2  heapauxi.o(.text)
    __user_setup_stackheap                   0x08000455   Thumb Code    74  sys_stackheap_outer.o(.text)
    exit                                     0x0800049f   Thumb Code    18  exit.o(.text)
    __user_libspace                          0x080004b1   Thumb Code     8  libspace.o(.text)
    __user_perproc_libspace                  0x080004b1   Thumb Code     0  libspace.o(.text)
    __user_perthread_libspace                0x080004b1   Thumb Code     0  libspace.o(.text)
    _sys_exit                                0x080004b9   Thumb Code     8  sys_exit.o(.text)
    __I$use$semihosting                      0x080004c5   Thumb Code     0  use_no_semi.o(.text)
    __use_no_semihosting_swi                 0x080004c5   Thumb Code     2  use_no_semi.o(.text)
    Active_ctor                              0x080004c7   Thumb Code     4  uc_ao.o(.text.Active_ctor)
    __semihosting_library_function           0x080004c7   Thumb Code     0  indicate_semi.o(.text)
    Active_post                              0x08000519   Thumb Code     6  uc_ao.o(.text.Active_post)
    Active_start                             0x0800051f   Thumb Code   128  uc_ao.o(.text.Active_start)
    App_TCBInitHook                          0x0800059f   Thumb Code     2  bsp.o(.text.App_TCBInitHook)
    App_TaskCreateHook                       0x080005a1   Thumb Code     2  bsp.o(.text.App_TaskCreateHook)
    App_TaskDelHook                          0x080005a3   Thumb Code     2  bsp.o(.text.App_TaskDelHook)
    App_TaskIdleHook                         0x080005a5   Thumb Code     2  bsp.o(.text.App_TaskIdleHook)
    App_TaskReturnHook                       0x080005a7   Thumb Code     2  bsp.o(.text.App_TaskReturnHook)
    App_TaskStatHook                         0x080005a9   Thumb Code     2  bsp.o(.text.App_TaskStatHook)
    App_TaskSwHook                           0x080005ab   Thumb Code     2  bsp.o(.text.App_TaskSwHook)
    App_TimeTickHook                         0x080005ad   Thumb Code   186  bsp.o(.text.App_TimeTickHook)
    BSP_init                                 0x08000667   Thumb Code   196  bsp.o(.text.BSP_init)
    BSP_ledBlueOff                           0x0800072b   Thumb Code    16  bsp.o(.text.BSP_ledBlueOff)
    BSP_ledBlueOn                            0x0800073b   Thumb Code    16  bsp.o(.text.BSP_ledBlueOn)
    BSP_ledGreenOff                          0x0800074b   Thumb Code    16  bsp.o(.text.BSP_ledGreenOff)
    BSP_ledGreenOn                           0x0800075b   Thumb Code    16  bsp.o(.text.BSP_ledGreenOn)
    BSP_ledRedOff                            0x0800076b   Thumb Code    16  bsp.o(.text.BSP_ledRedOff)
    BSP_ledRedOn                             0x0800077b   Thumb Code    16  bsp.o(.text.BSP_ledRedOn)
    BSP_start                                0x0800078b   Thumb Code    78  bsp.o(.text.BSP_start)
    Hsm_dispatch                             0x080007d9   Thumb Code    76  uc_ao.o(.text.Hsm_dispatch)
    Hsm_init                                 0x08000825   Thumb Code    42  uc_ao.o(.text.Hsm_init)
    Hsm_top                                  0x0800084f   Thumb Code     4  uc_ao.o(.text.Hsm_top)
    OSDebugInit                              0x08000853   Thumb Code     2  os_dbg.o(.text.OSDebugInit)
    OSEventNameSet                           0x08000855   Thumb Code    66  os_core.o(.text.OSEventNameSet)
    OSInit                                   0x08000899   Thumb Code   484  os_core.o(.text.OSInit)
    OSInitHookBegin                          0x08000a9d   Thumb Code    82  os_cpu_c.o(.text.OSInitHookBegin)
    OSInitHookEnd                            0x08000aef   Thumb Code     2  os_cpu_c.o(.text.OSInitHookEnd)
    OSIntEnter                               0x08000af1   Thumb Code    36  os_core.o(.text.OSIntEnter)
    OSIntExit                                0x08000b15   Thumb Code   186  os_core.o(.text.OSIntExit)
    OSQCreate                                0x08000bcf   Thumb Code   142  os_q.o(.text.OSQCreate)
    OSQPend                                  0x08000c5d   Thumb Code   240  os_q.o(.text.OSQPend)
    OSQPost                                  0x08000d4d   Thumb Code   116  os_q.o(.text.OSQPost)
    OSSchedLock                              0x08000dc1   Thumb Code    62  os_core.o(.text.OSSchedLock)
    OSSchedUnlock                            0x08000dff   Thumb Code    80  os_core.o(.text.OSSchedUnlock)
    OSSemCreate                              0x08000e4f   Thumb Code    82  os_sem.o(.text.OSSemCreate)
    OSSemPend                                0x08000ea1   Thumb Code   208  os_sem.o(.text.OSSemPend)
    OSSemPost                                0x08000f71   Thumb Code    94  os_sem.o(.text.OSSemPost)
    OSStart                                  0x08000fcf   Thumb Code   108  os_core.o(.text.OSStart)
    OSTCBInitHook                            0x0800103b   Thumb Code     4  os_cpu_c.o(.text.OSTCBInitHook)
    OSTaskCreateExt                          0x0800103f   Thumb Code   202  os_task.o(.text.OSTaskCreateExt)
    OSTaskCreateHook                         0x08001109   Thumb Code     4  os_cpu_c.o(.text.OSTaskCreateHook)
    OSTaskDel                                0x0800110d   Thumb Code   340  os_task.o(.text.OSTaskDel)
    OSTaskDelHook                            0x08001265   Thumb Code     4  os_cpu_c.o(.text.OSTaskDelHook)
    OSTaskIdleHook                           0x08001269   Thumb Code     4  os_cpu_c.o(.text.OSTaskIdleHook)
    OSTaskNameSet                            0x0800126d   Thumb Code    94  os_task.o(.text.OSTaskNameSet)
    OSTaskReturnHook                         0x080012cb   Thumb Code     4  os_cpu_c.o(.text.OSTaskReturnHook)
    OSTaskStatHook                           0x080012cf   Thumb Code     4  os_cpu_c.o(.text.OSTaskStatHook)
    OSTaskStkChk                             0x080012d5   Thumb Code   134  os_task.o(.text.OSTaskStkChk)
    OSTaskStkInit                            0x0800135b   Thumb Code   310  os_cpu_c.o(.text.OSTaskStkInit)
    OSTaskSuspend                            0x08001491   Thumb Code   180  os_task.o(.text.OSTaskSuspend)
    OSTaskSwHook                             0x08001545   Thumb Code    42  os_cpu_c.o(.text.OSTaskSwHook)
    OSTimeDly                                0x0800156f   Thumb Code   114  os_time.o(.text.OSTimeDly)
    OSTimeTick                               0x080015e1   Thumb Code   198  os_core.o(.text.OSTimeTick)
    OSTimeTickHook                           0x080016a7   Thumb Code    40  os_cpu_c.o(.text.OSTimeTickHook)
    OSTmrSignal                              0x080016cf   Thumb Code    14  os_tmr.o(.text.OSTmrSignal)
    OSTmr_Init                               0x080016dd   Thumb Code   260  os_tmr.o(.text.OSTmr_Init)
    OS_Dummy                                 0x08001977   Thumb Code     2  os_core.o(.text.OS_Dummy)
    OS_EventTaskRdy                          0x08001979   Thumb Code   172  os_core.o(.text.OS_EventTaskRdy)
    OS_EventTaskRemove                       0x08001a25   Thumb Code    46  os_core.o(.text.OS_EventTaskRemove)
    OS_EventTaskRemoveMulti                  0x08001a55   Thumb Code    60  os_core.o(.text.OS_EventTaskRemoveMulti)
    OS_EventTaskWait                         0x08001a91   Thumb Code   104  os_core.o(.text.OS_EventTaskWait)
    OS_EventWaitListInit                     0x08001af9   Thumb Code    14  os_core.o(.text.OS_EventWaitListInit)
    OS_FlagInit                              0x08001b09   Thumb Code    76  os_flag.o(.text.OS_FlagInit)
    OS_FlagUnlink                            0x08001b55   Thumb Code    30  os_flag.o(.text.OS_FlagUnlink)
    OS_MemClr                                0x08001b73   Thumb Code    12  os_core.o(.text.OS_MemClr)
    OS_MemInit                               0x08001b81   Thumb Code    62  os_mem.o(.text.OS_MemInit)
    OS_QInit                                 0x08001bc1   Thumb Code    48  os_q.o(.text.OS_QInit)
    OS_Sched                                 0x08001bf1   Thumb Code   154  os_core.o(.text.OS_Sched)
    OS_TCBInit                               0x08001c8b   Thumb Code   286  os_core.o(.text.OS_TCBInit)
    OS_TaskIdle                              0x08001da9   Thumb Code    30  os_core.o(.text.OS_TaskIdle)
    OS_TaskReturn                            0x08001dc7   Thumb Code    26  os_task.o(.text.OS_TaskReturn)
    OS_TaskStat                              0x08001de1   Thumb Code   190  os_core.o(.text.OS_TaskStat)
    OS_TaskStatStkChk                        0x08001ea1   Thumb Code    58  os_core.o(.text.OS_TaskStatStkChk)
    Q_onAssert                               0x08001edd   Thumb Code    18  bsp.o(.text.Q_onAssert)
    SysTick_Handler                          0x08001eef   Thumb Code    32  os_cpu_c.o(.text.SysTick_Handler)
    SystemCoreClockUpdate                    0x08001f11   Thumb Code   132  system_stm32f4xx.o(.text.SystemCoreClockUpdate)
    SystemInit                               0x08001f95   Thumb Code    18  system_stm32f4xx.o(.text.SystemInit)
    TimeBomb_armed                           0x08001fa7   Thumb Code    66  main.o(.text.TimeBomb_armed)
    TimeBomb_blink                           0x08001fe9   Thumb Code    72  main.o(.text.TimeBomb_blink)
    TimeBomb_boom                            0x08002031   Thumb Code    38  main.o(.text.TimeBomb_boom)
    TimeBomb_defused                         0x08002057   Thumb Code    54  main.o(.text.TimeBomb_defused)
    TimeBomb_initial                         0x0800208d   Thumb Code    16  main.o(.text.TimeBomb_initial)
    TimeBomb_pause                           0x0800209d   Thumb Code    72  main.o(.text.TimeBomb_pause)
    TimeBomb_wait4button                     0x080020e5   Thumb Code    62  main.o(.text.TimeBomb_wait4button)
    TimeEvent_arm                            0x08002123   Thumb Code    26  uc_ao.o(.text.TimeEvent_arm)
    TimeEvent_ctor                           0x0800213d   Thumb Code    72  uc_ao.o(.text.TimeEvent_ctor)
    TimeEvent_tick                           0x08002185   Thumb Code    84  uc_ao.o(.text.TimeEvent_tick)
    main                                     0x080021d9   Thumb Code   106  main.o(.text.main)
    _fp_init                                 0x08002243   Thumb Code    26  fpinit.o(x$fpl$fpinit)
    __fplib_config_fpu_vfp                   0x0800225b   Thumb Code     0  fpinit.o(x$fpl$fpinit)
    __fplib_config_pureend_doubles           0x0800225b   Thumb Code     0  fpinit.o(x$fpl$fpinit)
    AHBPrescTable                            0x0800225c   Data          16  system_stm32f4xx.o(.rodata.AHBPrescTable)
    OSUnMapTbl                               0x08002274   Data         256  os_core.o(.rodata.OSUnMapTbl)
    Region$$Table$$Base                      0x08002380   Number         0  anon$$obj.o(Region$$Table)
    Region$$Table$$Limit                     0x080023a0   Number         0  anon$$obj.o(Region$$Table)
    AO_TimeBomb                              0x20000000   Data           4  main.o(.data.AO_TimeBomb)
    SystemCoreClock                          0x20000004   Data           4  system_stm32f4xx.o(.data.SystemCoreClock)
    __libspace_start                         0x20000008   Data          96  libspace.o(.bss)
    __temporary_stack_top$libspace           0x20000068   Data           0  libspace.o(.bss)
    OSCPUUsage                               0x20000070   Data           1  os_core.o(.bss.OSCPUUsage)
    OSCtxSwCtr                               0x20000074   Data           4  os_core.o(.bss.OSCtxSwCtr)
    OSEventFreeList                          0x20000078   Data           4  os_core.o(.bss.OSEventFreeList)
    OSEventTbl                               0x2000007c   Data         240  os_core.o(.bss.OSEventTbl)
    OSFlagFreeList                           0x2000016c   Data           4  os_core.o(.bss.OSFlagFreeList)
    OSFlagTbl                                0x20000170   Data          80  os_core.o(.bss.OSFlagTbl)
    OSIdleCtr                                0x200001c0   Data           4  os_core.o(.bss.OSIdleCtr)
    OSIdleCtrMax                             0x200001c4   Data           4  os_core.o(.bss.OSIdleCtrMax)
    OSIdleCtrRun                             0x200001c8   Data           4  os_core.o(.bss.OSIdleCtrRun)
    OSIntNesting                             0x200001cc   Data           1  os_core.o(.bss.OSIntNesting)
    OSLockNesting                            0x200001cd   Data           1  os_core.o(.bss.OSLockNesting)
    OSMemFreeList                            0x200001d0   Data           4  os_core.o(.bss.OSMemFreeList)
    OSMemTbl                                 0x200001d4   Data         120  os_core.o(.bss.OSMemTbl)
    OSPrioCur                                0x2000024c   Data           1  os_core.o(.bss.OSPrioCur)
    OSPrioHighRdy                            0x2000024d   Data           1  os_core.o(.bss.OSPrioHighRdy)
    OSQFreeList                              0x20000250   Data           4  os_core.o(.bss.OSQFreeList)
    OSQTbl                                   0x20000254   Data          96  os_core.o(.bss.OSQTbl)
    OSRdyGrp                                 0x200002b4   Data           1  os_core.o(.bss.OSRdyGrp)
    OSRdyTbl                                 0x200002b8   Data           8  os_core.o(.bss.OSRdyTbl)
    OSRunning                                0x200002c0   Data           1  os_core.o(.bss.OSRunning)
    OSStatRdy                                0x200002c1   Data           1  os_core.o(.bss.OSStatRdy)
    OSTCBCur                                 0x200002c4   Data           4  os_core.o(.bss.OSTCBCur)
    OSTCBFreeList                            0x200002c8   Data           4  os_core.o(.bss.OSTCBFreeList)
    OSTCBHighRdy                             0x200002cc   Data           4  os_core.o(.bss.OSTCBHighRdy)
    OSTCBList                                0x200002d0   Data           4  os_core.o(.bss.OSTCBList)
    OSTCBPrioTbl                             0x200002d4   Data         256  os_core.o(.bss.OSTCBPrioTbl)
    OSTCBTbl                                 0x200003d4   Data        2024  os_core.o(.bss.OSTCBTbl)
    OSTaskCtr                                0x20000bbc   Data           1  os_core.o(.bss.OSTaskCtr)
    OSTaskIdleStk                            0x20000bc0   Data         512  os_core.o(.bss.OSTaskIdleStk)
    OSTaskRegNextAvailID                     0x20000dc0   Data           1  os_core.o(.bss.OSTaskRegNextAvailID)
    OSTaskStatStk                            0x20000dc4   Data         512  os_core.o(.bss.OSTaskStatStk)
    OSTickStepState                          0x20000fc4   Data           1  os_core.o(.bss.OSTickStepState)
    OSTime                                   0x20000fc8   Data           4  os_core.o(.bss.OSTime)
    OSTmrFree                                0x20000fce   Data           2  os_core.o(.bss.OSTmrFree)
    OSTmrFreeList                            0x20000fd0   Data           4  os_core.o(.bss.OSTmrFreeList)
    OSTmrSem                                 0x20000fd4   Data           4  os_core.o(.bss.OSTmrSem)
    OSTmrSemSignal                           0x20000fd8   Data           4  os_core.o(.bss.OSTmrSemSignal)
    OSTmrTaskStk                             0x20000fdc   Data         512  os_core.o(.bss.OSTmrTaskStk)
    OSTmrTbl                                 0x200011dc   Data         640  os_core.o(.bss.OSTmrTbl)
    OSTmrTime                                0x2000145c   Data           4  os_core.o(.bss.OSTmrTime)
    OSTmrUsed                                0x20001460   Data           2  os_core.o(.bss.OSTmrUsed)
    OSTmrWheelTbl                            0x20001464   Data          56  os_core.o(.bss.OSTmrWheelTbl)
    OS_CPU_ExceptStk                         0x2000149c   Data        1024  os_cpu_c.o(.bss.OS_CPU_ExceptStk)
    OS_CPU_ExceptStkBase                     0x2000189c   Data           4  os_cpu_c.o(.bss.OS_CPU_ExceptStkBase)
    OS_KA_BASEPRI_Boundary                   0x200018a0   Data           4  os_cpu_c.o(.bss.OS_KA_BASEPRI_Boundary)
    stack_timeBomb                           0x200018d0   Data         400  main.o(.bss.stack_timeBomb)



==============================================================================

Memory Map of the image

  Image Entry point : 0x0800037d

  Load Region LR_1 (Base: 0x08000000, Size: 0x000023a8, Max: 0xffffffff, ABSOLUTE)

    Execution Region ER_RO (Exec base: 0x08000000, Load base: 0x08000000, Size: 0x000023a0, Max: 0xffffffff, ABSOLUTE)

    Exec Addr    Load Addr    Size         Type   Attr      Idx    E Section Name        Object

    0x08000000   0x08000000   0x00000188   Data   RO          852    RESET               startup_stm32f407xx.o
    0x08000188   0x08000188   0x00000008   Code   RO          882  * !!!main             c_w.l(__main.o)
    0x08000190   0x08000190   0x0000005c   Code   RO         1057    !!!scatter          c_w.l(__scatter.o)
    0x080001ec   0x080001ec   0x0000001a   Code   RO         1061    !!handler_copy      c_w.l(__scatter_copy.o)
    0x08000206   0x08000206   0x00000002   PAD
    0x08000208   0x08000208   0x00000002   Code   RO         1058    !!handler_null      c_w.l(__scatter.o)
    0x0800020a   0x0800020a   0x00000002   PAD
    0x0800020c   0x0800020c   0x0000001c   Code   RO         1063    !!handler_zi        c_w.l(__scatter_zi.o)
    0x08000228   0x08000228   0x00000002   Code   RO          919    .ARM.Collect$$libinit$$00000000  c_w.l(libinit.o)
    0x0800022a   0x0800022a   0x00000004   Code   RO          931    .ARM.Collect$$libinit$$00000001  c_w.l(libinit2.o)
    0x0800022e   0x0800022e   0x00000000   Code   RO          934    .ARM.Collect$$libinit$$00000004  c_w.l(libinit2.o)
    0x0800022e   0x0800022e   0x00000000   Code   RO          936    .ARM.Collect$$libinit$$00000006  c_w.l(libinit2.o)
    0x0800022e   0x0800022e   0x00000000   Code   RO          939    .ARM.Collect$$libinit$$0000000C  c_w.l(libinit2.o)
    0x0800022e   0x0800022e   0x00000000   Code   RO          941    .ARM.Collect$$libinit$$0000000E  c_w.l(libinit2.o)
    0x0800022e   0x0800022e   0x00000000   Code   RO          943    .ARM.Collect$$libinit$$00000010  c_w.l(libinit2.o)
    0x0800022e   0x0800022e   0x00000000   Code   RO          946    .ARM.Collect$$libinit$$00000013  c_w.l(libinit2.o)
    0x0800022e   0x0800022e   0x00000000   Code   RO          948    .ARM.Collect$$libinit$$00000015  c_w.l(libinit2.o)
    0x0800022e   0x0800022e   0x00000000   Code   RO          950    .ARM.Collect$$libinit$$00000017  c_w.l(libinit2.o)
    0x0800022e   0x0800022e   0x00000000   Code   RO          952    .ARM.Collect$$libinit$$00000019  c_w.l(libinit2.o)
    0x0800022e   0x0800022e   0x00000000   Code   RO          954    .ARM.Collect$$libinit$$0000001B  c_w.l(libinit2.o)
    0x0800022e   0x0800022e   0x00000000   Code   RO          956    .ARM.Collect$$libinit$$0000001D  c_w.l(libinit2.o)
    0x0800022e   0x0800022e   0x00000000   Code   RO          958    .ARM.Collect$$libinit$$0000001F  c_w.l(libinit2.o)
    0x0800022e   0x0800022e   0x00000000   Code   RO          960    .ARM.Collect$$libinit$$00000021  c_w.l(libinit2.o)
    0x0800022e   0x0800022e   0x00000000   Code   RO          962    .ARM.Collect$$libinit$$00000023  c_w.l(libinit2.o)
    0x0800022e   0x0800022e   0x00000000   Code   RO          964    .ARM.Collect$$libinit$$00000025  c_w.l(libinit2.o)
    0x0800022e   0x0800022e   0x00000000   Code   RO          966    .ARM.Collect$$libinit$$00000027  c_w.l(libinit2.o)
    0x0800022e   0x0800022e   0x00000000   Code   RO          970    .ARM.Collect$$libinit$$0000002E  c_w.l(libinit2.o)
    0x0800022e   0x0800022e   0x00000000   Code   RO          972    .ARM.Collect$$libinit$$00000030  c_w.l(libinit2.o)
    0x0800022e   0x0800022e   0x00000000   Code   RO          974    .ARM.Collect$$libinit$$00000032  c_w.l(libinit2.o)
    0x0800022e   0x0800022e   0x00000000   Code   RO          976    .ARM.Collect$$libinit$$00000034  c_w.l(libinit2.o)
    0x0800022e   0x0800022e   0x00000002   Code   RO          977    .ARM.Collect$$libinit$$00000035  c_w.l(libinit2.o)
    0x08000230   0x08000230   0x00000002   Code   RO         1012    .ARM.Collect$$libshutdown$$00000000  c_w.l(libshutdown.o)
    0x08000232   0x08000232   0x00000000   Code   RO         1040    .ARM.Collect$$libshutdown$$00000002  c_w.l(libshutdown2.o)
    0x08000232   0x08000232   0x00000000   Code   RO         1042    .ARM.Collect$$libshutdown$$00000004  c_w.l(libshutdown2.o)
    0x08000232   0x08000232   0x00000000   Code   RO         1045    .ARM.Collect$$libshutdown$$00000007  c_w.l(libshutdown2.o)
    0x08000232   0x08000232   0x00000000   Code   RO         1048    .ARM.Collect$$libshutdown$$0000000A  c_w.l(libshutdown2.o)
    0x08000232   0x08000232   0x00000000   Code   RO         1050    .ARM.Collect$$libshutdown$$0000000C  c_w.l(libshutdown2.o)
    0x08000232   0x08000232   0x00000000   Code   RO         1053    .ARM.Collect$$libshutdown$$0000000F  c_w.l(libshutdown2.o)
    0x08000232   0x08000232   0x00000002   Code   RO         1054    .ARM.Collect$$libshutdown$$00000010  c_w.l(libshutdown2.o)
    0x08000234   0x08000234   0x00000000   Code   RO          884    .ARM.Collect$$rtentry$$00000000  c_w.l(__rtentry.o)
    0x08000234   0x08000234   0x00000000   Code   RO          890    .ARM.Collect$$rtentry$$00000002  c_w.l(__rtentry2.o)
    0x08000234   0x08000234   0x00000006   Code   RO          902    .ARM.Collect$$rtentry$$00000004  c_w.l(__rtentry4.o)
    0x0800023a   0x0800023a   0x00000000   Code   RO          892    .ARM.Collect$$rtentry$$00000009  c_w.l(__rtentry2.o)
    0x0800023a   0x0800023a   0x00000004   Code   RO          893    .ARM.Collect$$rtentry$$0000000A  c_w.l(__rtentry2.o)
    0x0800023e   0x0800023e   0x00000000   Code   RO          895    .ARM.Collect$$rtentry$$0000000C  c_w.l(__rtentry2.o)
    0x0800023e   0x0800023e   0x00000008   Code   RO          896    .ARM.Collect$$rtentry$$0000000D  c_w.l(__rtentry2.o)
    0x08000246   0x08000246   0x00000002   Code   RO          923    .ARM.Collect$$rtexit$$00000000  c_w.l(rtexit.o)
    0x08000248   0x08000248   0x00000000   Code   RO          983    .ARM.Collect$$rtexit$$00000002  c_w.l(rtexit2.o)
    0x08000248   0x08000248   0x00000004   Code   RO          984    .ARM.Collect$$rtexit$$00000003  c_w.l(rtexit2.o)
    0x0800024c   0x0800024c   0x00000006   Code   RO          985    .ARM.Collect$$rtexit$$00000004  c_w.l(rtexit2.o)
    0x08000252   0x08000252   0x00000002   PAD
    0x08000254   0x08000254   0x00000128   Code   RO          488    .text               os_cpu_a.o
    0x0800037c   0x0800037c   0x00000040   Code   RO          853  * .text               startup_stm32f407xx.o
    0x080003bc   0x080003bc   0x00000044   Code   RO          876    .text               c_w.l(rt_memclr.o)
    0x08000400   0x08000400   0x0000004e   Code   RO          878    .text               c_w.l(rt_memclr_w.o)
    0x0800044e   0x0800044e   0x00000006   Code   RO          880    .text               c_w.l(heapauxi.o)
    0x08000454   0x08000454   0x0000004a   Code   RO          906    .text               c_w.l(sys_stackheap_outer.o)
    0x0800049e   0x0800049e   0x00000012   Code   RO          908    .text               c_w.l(exit.o)
    0x080004b0   0x080004b0   0x00000008   Code   RO          920    .text               c_w.l(libspace.o)
    0x080004b8   0x080004b8   0x0000000c   Code   RO          978    .text               c_w.l(sys_exit.o)
    0x080004c4   0x080004c4   0x00000002   Code   RO         1001    .text               c_w.l(use_no_semi.o)
    0x080004c6   0x080004c6   0x00000000   Code   RO         1003    .text               c_w.l(indicate_semi.o)
    0x080004c6   0x080004c6   0x00000004   Code   RO          101    .text.Active_ctor   uc_ao.o
    0x080004ca   0x080004ca   0x00000002   PAD
    0x080004cc   0x080004cc   0x0000004c   Code   RO          105    .text.Active_eventLoop  uc_ao.o
    0x08000518   0x08000518   0x00000006   Code   RO          107    .text.Active_post   uc_ao.o
    0x0800051e   0x0800051e   0x00000080   Code   RO          103    .text.Active_start  uc_ao.o
    0x0800059e   0x0800059e   0x00000002   Code   RO           51    .text.App_TCBInitHook  bsp.o
    0x080005a0   0x080005a0   0x00000002   Code   RO           41    .text.App_TaskCreateHook  bsp.o
    0x080005a2   0x080005a2   0x00000002   Code   RO           43    .text.App_TaskDelHook  bsp.o
    0x080005a4   0x080005a4   0x00000002   Code   RO           39    .text.App_TaskIdleHook  bsp.o
    0x080005a6   0x080005a6   0x00000002   Code   RO           45    .text.App_TaskReturnHook  bsp.o
    0x080005a8   0x080005a8   0x00000002   Code   RO           47    .text.App_TaskStatHook  bsp.o
    0x080005aa   0x080005aa   0x00000002   Code   RO           49    .text.App_TaskSwHook  bsp.o
    0x080005ac   0x080005ac   0x000000ba   Code   RO           33    .text.App_TimeTickHook  bsp.o
    0x08000666   0x08000666   0x000000c4   Code   RO           53    .text.BSP_init      bsp.o
    0x0800072a   0x0800072a   0x00000010   Code   RO           69    .text.BSP_ledBlueOff  bsp.o
    0x0800073a   0x0800073a   0x00000010   Code   RO           67    .text.BSP_ledBlueOn  bsp.o
    0x0800074a   0x0800074a   0x00000010   Code   RO           61    .text.BSP_ledGreenOff  bsp.o
    0x0800075a   0x0800075a   0x00000010   Code   RO           59    .text.BSP_ledGreenOn  bsp.o
    0x0800076a   0x0800076a   0x00000010   Code   RO           65    .text.BSP_ledRedOff  bsp.o
    0x0800077a   0x0800077a   0x00000010   Code   RO           63    .text.BSP_ledRedOn  bsp.o
    0x0800078a   0x0800078a   0x0000004e   Code   RO           55    .text.BSP_start     bsp.o
    0x080007d8   0x080007d8   0x0000004c   Code   RO           97    .text.Hsm_dispatch  uc_ao.o
    0x08000824   0x08000824   0x0000002a   Code   RO           95    .text.Hsm_init      uc_ao.o
    0x0800084e   0x0800084e   0x00000004   Code   RO           99    .text.Hsm_top       uc_ao.o
    0x08000852   0x08000852   0x00000002   Code   RO          494    .text.OSDebugInit   os_dbg.o
    0x08000854   0x08000854   0x00000042   Code   RO          134    .text.OSEventNameSet  os_core.o
    0x08000896   0x08000896   0x00000002   PAD
    0x08000898   0x08000898   0x00000204   Code   RO          144    .text.OSInit        os_core.o
    0x08000a9c   0x08000a9c   0x00000052   Code   RO          558    .text.OSInitHookBegin  os_cpu_c.o
    0x08000aee   0x08000aee   0x00000002   Code   RO          560    .text.OSInitHookEnd  os_cpu_c.o
    0x08000af0   0x08000af0   0x00000024   Code   RO          146    .text.OSIntEnter    os_core.o
    0x08000b14   0x08000b14   0x000000ba   Code   RO          148    .text.OSIntExit     os_core.o
    0x08000bce   0x08000bce   0x0000008e   Code   RO          344    .text.OSQCreate     os_q.o
    0x08000c5c   0x08000c5c   0x000000f0   Code   RO          350    .text.OSQPend       os_q.o
    0x08000d4c   0x08000d4c   0x00000074   Code   RO          354    .text.OSQPost       os_q.o
    0x08000dc0   0x08000dc0   0x0000003e   Code   RO          150    .text.OSSchedLock   os_core.o
    0x08000dfe   0x08000dfe   0x00000050   Code   RO          152    .text.OSSchedUnlock  os_core.o
    0x08000e4e   0x08000e4e   0x00000052   Code   RO          375    .text.OSSemCreate   os_sem.o
    0x08000ea0   0x08000ea0   0x000000d0   Code   RO          379    .text.OSSemPend     os_sem.o
    0x08000f70   0x08000f70   0x0000005e   Code   RO          383    .text.OSSemPost     os_sem.o
    0x08000fce   0x08000fce   0x0000006c   Code   RO          154    .text.OSStart       os_core.o
    0x0800103a   0x0800103a   0x00000004   Code   RO          576    .text.OSTCBInitHook  os_cpu_c.o
    0x0800103e   0x0800103e   0x000000ca   Code   RO          402    .text.OSTaskCreateExt  os_task.o
    0x08001108   0x08001108   0x00000004   Code   RO          562    .text.OSTaskCreateHook  os_cpu_c.o
    0x0800110c   0x0800110c   0x00000158   Code   RO          406    .text.OSTaskDel     os_task.o
    0x08001264   0x08001264   0x00000004   Code   RO          564    .text.OSTaskDelHook  os_cpu_c.o
    0x08001268   0x08001268   0x00000004   Code   RO          566    .text.OSTaskIdleHook  os_cpu_c.o
    0x0800126c   0x0800126c   0x0000005e   Code   RO          412    .text.OSTaskNameSet  os_task.o
    0x080012ca   0x080012ca   0x00000004   Code   RO          568    .text.OSTaskReturnHook  os_cpu_c.o
    0x080012ce   0x080012ce   0x00000004   Code   RO          570    .text.OSTaskStatHook  os_cpu_c.o
    0x080012d2   0x080012d2   0x00000002   PAD
    0x080012d4   0x080012d4   0x00000086   Code   RO          416    .text.OSTaskStkChk  os_task.o
    0x0800135a   0x0800135a   0x00000136   Code   RO          572    .text.OSTaskStkInit  os_cpu_c.o
    0x08001490   0x08001490   0x000000b4   Code   RO          418    .text.OSTaskSuspend  os_task.o
    0x08001544   0x08001544   0x0000002a   Code   RO          574    .text.OSTaskSwHook  os_cpu_c.o
    0x0800156e   0x0800156e   0x00000072   Code   RO          438    .text.OSTimeDly     os_time.o
    0x080015e0   0x080015e0   0x000000c6   Code   RO          158    .text.OSTimeTick    os_core.o
    0x080016a6   0x080016a6   0x00000028   Code   RO          578    .text.OSTimeTickHook  os_cpu_c.o
    0x080016ce   0x080016ce   0x0000000e   Code   RO          474    .text.OSTmrSignal   os_tmr.o
    0x080016dc   0x080016dc   0x0000013c   Code   RO          476    .text.OSTmr_Init    os_tmr.o
    0x08001818   0x08001818   0x0000006e   Code   RO          470    .text.OSTmr_Link    os_tmr.o
    0x08001886   0x08001886   0x00000002   PAD
    0x08001888   0x08001888   0x00000094   Code   RO          478    .text.OSTmr_Task    os_tmr.o
    0x0800191c   0x0800191c   0x0000005a   Code   RO          460    .text.OSTmr_Unlink  os_tmr.o
    0x08001976   0x08001976   0x00000002   Code   RO          162    .text.OS_Dummy      os_core.o
    0x08001978   0x08001978   0x000000ac   Code   RO          164    .text.OS_EventTaskRdy  os_core.o
    0x08001a24   0x08001a24   0x0000002e   Code   RO          166    .text.OS_EventTaskRemove  os_core.o
    0x08001a52   0x08001a52   0x00000002   PAD
    0x08001a54   0x08001a54   0x0000003c   Code   RO          142    .text.OS_EventTaskRemoveMulti  os_core.o
    0x08001a90   0x08001a90   0x00000068   Code   RO          168    .text.OS_EventTaskWait  os_core.o
    0x08001af8   0x08001af8   0x0000000e   Code   RO          170    .text.OS_EventWaitListInit  os_core.o
    0x08001b06   0x08001b06   0x00000002   PAD
    0x08001b08   0x08001b08   0x0000004c   Code   RO          260    .text.OS_FlagInit   os_flag.o
    0x08001b54   0x08001b54   0x0000001e   Code   RO          252    .text.OS_FlagUnlink  os_flag.o
    0x08001b72   0x08001b72   0x0000000c   Code   RO          172    .text.OS_MemClr     os_core.o
    0x08001b7e   0x08001b7e   0x00000002   PAD
    0x08001b80   0x08001b80   0x0000003e   Code   RO          308    .text.OS_MemInit    os_mem.o
    0x08001bbe   0x08001bbe   0x00000002   PAD
    0x08001bc0   0x08001bc0   0x00000030   Code   RO          362    .text.OS_QInit      os_q.o
    0x08001bf0   0x08001bf0   0x0000009a   Code   RO          140    .text.OS_Sched      os_core.o
    0x08001c8a   0x08001c8a   0x0000011e   Code   RO          182    .text.OS_TCBInit    os_core.o
    0x08001da8   0x08001da8   0x0000001e   Code   RO          176    .text.OS_TaskIdle   os_core.o
    0x08001dc6   0x08001dc6   0x0000001a   Code   RO          428    .text.OS_TaskReturn  os_task.o
    0x08001de0   0x08001de0   0x000000be   Code   RO          178    .text.OS_TaskStat   os_core.o
    0x08001e9e   0x08001e9e   0x00000002   PAD
    0x08001ea0   0x08001ea0   0x0000003a   Code   RO          180    .text.OS_TaskStatStkChk  os_core.o
    0x08001eda   0x08001eda   0x00000002   PAD
    0x08001edc   0x08001edc   0x00000012   Code   RO           75    .text.Q_onAssert    bsp.o
    0x08001eee   0x08001eee   0x00000020   Code   RO          580    .text.SysTick_Handler  os_cpu_c.o
    0x08001f0e   0x08001f0e   0x00000002   PAD
    0x08001f10   0x08001f10   0x00000084   Code   RO          860    .text.SystemCoreClockUpdate  system_stm32f4xx.o
    0x08001f94   0x08001f94   0x00000012   Code   RO          858    .text.SystemInit    system_stm32f4xx.o
    0x08001fa6   0x08001fa6   0x00000042   Code   RO            6    .text.TimeBomb_armed  main.o
    0x08001fe8   0x08001fe8   0x00000048   Code   RO           10    .text.TimeBomb_blink  main.o
    0x08002030   0x08002030   0x00000026   Code   RO           14    .text.TimeBomb_boom  main.o
    0x08002056   0x08002056   0x00000036   Code   RO            8    .text.TimeBomb_defused  main.o
    0x0800208c   0x0800208c   0x00000010   Code   RO            2    .text.TimeBomb_initial  main.o
    0x0800209c   0x0800209c   0x00000048   Code   RO           12    .text.TimeBomb_pause  main.o
    0x080020e4   0x080020e4   0x0000003e   Code   RO            4    .text.TimeBomb_wait4button  main.o
    0x08002122   0x08002122   0x0000001a   Code   RO          111    .text.TimeEvent_arm  uc_ao.o
    0x0800213c   0x0800213c   0x00000048   Code   RO          109    .text.TimeEvent_ctor  uc_ao.o
    0x08002184   0x08002184   0x00000054   Code   RO          115    .text.TimeEvent_tick  uc_ao.o
    0x080021d8   0x080021d8   0x0000006a   Code   RO           18    .text.main          main.o
    0x08002242   0x08002242   0x0000001a   Code   RO          995    x$fpl$fpinit        fz_wm.l(fpinit.o)
    0x0800225c   0x0800225c   0x00000010   Data   RO          863    .rodata.AHBPrescTable  system_stm32f4xx.o
    0x0800226c   0x0800226c   0x00000002   Data   RO           83    .rodata.App_TimeTickHook.button2PressedEvt  bsp.o
    0x0800226e   0x0800226e   0x00000002   Data   RO           84    .rodata.App_TimeTickHook.button2ReleasedEvt  bsp.o
    0x08002270   0x08002270   0x00000002   Data   RO           81    .rodata.App_TimeTickHook.buttonPressedEvt  bsp.o
    0x08002272   0x08002272   0x00000002   Data   RO           82    .rodata.App_TimeTickHook.buttonReleasedEvt  bsp.o
    0x08002274   0x08002274   0x00000100   Data   RO          184    .rodata.OSUnMapTbl  os_core.o
    0x08002374   0x08002374   0x00000006   Data   RO          117    .rodata.Q_this_module_  uc_ao.o
    0x0800237a   0x0800237a   0x00000002   Data   RO          118    .rodata.entryEvt    uc_ao.o
    0x0800237c   0x0800237c   0x00000002   Data   RO          119    .rodata.exitEvt     uc_ao.o
    0x0800237e   0x0800237e   0x00000002   Data   RO          205    .rodata.str1.1      os_core.o
    0x08002380   0x08002380   0x00000020   Data   RO         1056    Region$$Table       anon$$obj.o


    Execution Region ER_RW (Exec base: 0x20000000, Load base: 0x080023a0, Size: 0x00000008, Max: 0xffffffff, ABSOLUTE)

    Exec Addr    Load Addr    Size         Type   Attr      Idx    E Section Name        Object

    0x20000000   0x080023a0   0x00000004   Data   RW           21    .data.AO_TimeBomb   main.o
    0x20000004   0x080023a4   0x00000004   Data   RW          862    .data.SystemCoreClock  system_stm32f4xx.o


    Execution Region ER_ZI (Exec base: 0x20000008, Load base: 0x080023a8, Size: 0x000020a8, Max: 0xffffffff, ABSOLUTE)

    Exec Addr    Load Addr    Size         Type   Attr      Idx    E Section Name        Object

    0x20000008        -       0x00000060   Zero   RW          921    .bss                c_w.l(libspace.o)
    0x20000068        -       0x00000004   Zero   RW           79    .bss.App_TimeTickHook.buttons.0  bsp.o
    0x2000006c        -       0x00000004   Zero   RW           80    .bss.App_TimeTickHook.buttons.1  bsp.o
    0x20000070        -       0x00000001   Zero   RW          202    .bss.OSCPUUsage     os_core.o
    0x20000071   0x080023a8   0x00000003   PAD
    0x20000074        -       0x00000004   Zero   RW          193    .bss.OSCtxSwCtr     os_core.o
    0x20000078        -       0x00000004   Zero   RW          207    .bss.OSEventFreeList  os_core.o
    0x2000007c        -       0x000000f0   Zero   RW          208    .bss.OSEventTbl     os_core.o
    0x2000016c        -       0x00000004   Zero   RW          210    .bss.OSFlagFreeList  os_core.o
    0x20000170        -       0x00000050   Zero   RW          209    .bss.OSFlagTbl      os_core.o
    0x200001c0        -       0x00000004   Zero   RW          194    .bss.OSIdleCtr      os_core.o
    0x200001c4        -       0x00000004   Zero   RW          195    .bss.OSIdleCtrMax   os_core.o
    0x200001c8        -       0x00000004   Zero   RW          203    .bss.OSIdleCtrRun   os_core.o
    0x200001cc        -       0x00000001   Zero   RW          185    .bss.OSIntNesting   os_core.o
    0x200001cd        -       0x00000001   Zero   RW          186    .bss.OSLockNesting  os_core.o
    0x200001ce   0x080023a8   0x00000002   PAD
    0x200001d0        -       0x00000004   Zero   RW          214    .bss.OSMemFreeList  os_core.o
    0x200001d4        -       0x00000078   Zero   RW          215    .bss.OSMemTbl       os_core.o
    0x2000024c        -       0x00000001   Zero   RW          192    .bss.OSPrioCur      os_core.o
    0x2000024d        -       0x00000001   Zero   RW          190    .bss.OSPrioHighRdy  os_core.o
    0x2000024e   0x080023a8   0x00000002   PAD
    0x20000250        -       0x00000004   Zero   RW          216    .bss.OSQFreeList    os_core.o
    0x20000254        -       0x00000060   Zero   RW          217    .bss.OSQTbl         os_core.o
    0x200002b4        -       0x00000001   Zero   RW          200    .bss.OSRdyGrp       os_core.o
    0x200002b5   0x080023a8   0x00000003   PAD
    0x200002b8        -       0x00000008   Zero   RW          201    .bss.OSRdyTbl       os_core.o
    0x200002c0        -       0x00000001   Zero   RW          188    .bss.OSRunning      os_core.o
    0x200002c1        -       0x00000001   Zero   RW          196    .bss.OSStatRdy      os_core.o
    0x200002c2   0x080023a8   0x00000002   PAD
    0x200002c4        -       0x00000004   Zero   RW          187    .bss.OSTCBCur       os_core.o
    0x200002c8        -       0x00000004   Zero   RW          204    .bss.OSTCBFreeList  os_core.o
    0x200002cc        -       0x00000004   Zero   RW          191    .bss.OSTCBHighRdy   os_core.o
    0x200002d0        -       0x00000004   Zero   RW          199    .bss.OSTCBList      os_core.o
    0x200002d4        -       0x00000100   Zero   RW          189    .bss.OSTCBPrioTbl   os_core.o
    0x200003d4        -       0x000007e8   Zero   RW          213    .bss.OSTCBTbl       os_core.o
    0x20000bbc        -       0x00000001   Zero   RW          206    .bss.OSTaskCtr      os_core.o
    0x20000bbd   0x080023a8   0x00000003   PAD
    0x20000bc0        -       0x00000200   Zero   RW          212    .bss.OSTaskIdleStk  os_core.o
    0x20000dc0        -       0x00000001   Zero   RW          218    .bss.OSTaskRegNextAvailID  os_core.o
    0x20000dc1   0x080023a8   0x00000003   PAD
    0x20000dc4        -       0x00000200   Zero   RW          211    .bss.OSTaskStatStk  os_core.o
    0x20000fc4        -       0x00000001   Zero   RW          198    .bss.OSTickStepState  os_core.o
    0x20000fc5   0x080023a8   0x00000003   PAD
    0x20000fc8        -       0x00000004   Zero   RW          197    .bss.OSTime         os_core.o
    0x20000fcc        -       0x00000002   Zero   RW          588    .bss.OSTmrCtr       os_cpu_c.o
    0x20000fce        -       0x00000002   Zero   RW          219    .bss.OSTmrFree      os_core.o
    0x20000fd0        -       0x00000004   Zero   RW          225    .bss.OSTmrFreeList  os_core.o
    0x20000fd4        -       0x00000004   Zero   RW          222    .bss.OSTmrSem       os_core.o
    0x20000fd8        -       0x00000004   Zero   RW          223    .bss.OSTmrSemSignal  os_core.o
    0x20000fdc        -       0x00000200   Zero   RW          226    .bss.OSTmrTaskStk   os_core.o
    0x200011dc        -       0x00000280   Zero   RW          224    .bss.OSTmrTbl       os_core.o
    0x2000145c        -       0x00000004   Zero   RW          221    .bss.OSTmrTime      os_core.o
    0x20001460        -       0x00000002   Zero   RW          220    .bss.OSTmrUsed      os_core.o
    0x20001462   0x080023a8   0x00000002   PAD
    0x20001464        -       0x00000038   Zero   RW          227    .bss.OSTmrWheelTbl  os_core.o
    0x2000149c        -       0x00000400   Zero   RW          586    .bss.OS_CPU_ExceptStk  os_cpu_c.o
    0x2000189c        -       0x00000004   Zero   RW          587    .bss.OS_CPU_ExceptStkBase  os_cpu_c.o
    0x200018a0        -       0x00000004   Zero   RW          589    .bss.OS_KA_BASEPRI_Boundary  os_cpu_c.o
    0x200018a4        -       0x00000028   Zero   RW          121    .bss.l_tevt         uc_ao.o
    0x200018cc        -       0x00000004   Zero   RW          120    .bss.l_tevtNum      uc_ao.o
    0x200018d0        -       0x00000190   Zero   RW           23    .bss.stack_timeBomb  main.o
    0x20001a60        -       0x00000024   Zero   RW           20    .bss.timeBomb       main.o
    0x20001a84        -       0x00000028   Zero   RW           22    .bss.timeBomb_queue  main.o
    0x20001aac   0x080023a8   0x00000004   PAD
    0x20001ab0        -       0x00000200   Zero   RW          851    HEAP                startup_stm32f407xx.o
    0x20001cb0        -       0x00000400   Zero   RW          850    STACK               startup_stm32f407xx.o


==============================================================================

Image component sizes


      Code (inc. data)   RO Data    RW Data    ZI Data      Debug   Object Name

       588          0          8          0          8      10421   bsp.o
       486          0          0          4        476       4965   main.o
      2380         32        258          0       5139      16479   os_core.o
       296         34          0          0          0        496   os_cpu_a.o
       532          0          0          0       1034       6166   os_cpu_c.o
         2          0          0          0          0       2372   os_dbg.o
       106          0          0          0          0      10964   os_flag.o
        62          0          0          0          0       4462   os_mem.o
       546          0          0          0          0       7958   os_q.o
       384          0          0          0          0       5442   os_sem.o
       980          4          0          0          0      11241   os_task.o
       114          0          0          0          0       3960   os_time.o
       678         56          0          0          0       8365   os_tmr.o
        64         26        392          0       1536        928   startup_stm32f407xx.o
       150          4         16          4          0       3021   system_stm32f4xx.o
       518          0         10          0         44       5849   uc_ao.o

    ----------------------------------------------------------------------
      7908        156        716          8       8264     103089   Object Totals
         0          0         32          0          0          0   (incl. Generated)
        22          0          0          0         27          0   (incl. Padding)

    ----------------------------------------------------------------------

      Code (inc. data)   RO Data    RW Data    ZI Data      Debug   Library Member Name

         8          0          0          0          0         68   __main.o
         0          0          0          0          0          0   __rtentry.o
        12          0          0          0          0          0   __rtentry2.o
         6          0          0          0          0          0   __rtentry4.o
        94          8          0          0          0          0   __scatter.o
        26          0          0          0          0          0   __scatter_copy.o
        28          0          0          0          0          0   __scatter_zi.o
        18          0          0          0          0         80   exit.o
         6          0          0          0          0        152   heapauxi.o
         0          0          0          0          0          0   indicate_semi.o
         2          0          0          0          0          0   libinit.o
         6          0          0          0          0          0   libinit2.o
         2          0          0          0          0          0   libshutdown.o
         2          0          0          0          0          0   libshutdown2.o
         8          4          0          0         96         68   libspace.o
        68          0          0          0          0         68   rt_memclr.o
        78          0          0          0          0         80   rt_memclr_w.o
         2          0          0          0          0          0   rtexit.o
        10          0          0          0          0          0   rtexit2.o
        12          4          0          0          0         68   sys_exit.o
        74          0          0          0          0         80   sys_stackheap_outer.o
         2          0          0          0          0         68   use_no_semi.o
        26          0          0          0          0        116   fpinit.o

    ----------------------------------------------------------------------
       496         16          0          0         96        848   Library Totals
         6          0          0          0          0          0   (incl. Padding)

    ----------------------------------------------------------------------

      Code (inc. data)   RO Data    RW Data    ZI Data      Debug   Library Name

       464         16          0          0         96        732   c_w.l
        26          0          0          0          0        116   fz_wm.l

    ----------------------------------------------------------------------
       496         16          0          0         96        848   Library Totals

    ----------------------------------------------------------------------

==============================================================================


      Code (inc. data)   RO Data    RW Data    ZI Data      Debug   

      8404        172        716          8       8360     103485   Grand Totals
      8404        172        716          8       8360     103485   ELF Image Totals
      8404        172        716          8          0          0   ROM Totals

==============================================================================

    Total RO  Size (Code + RO Data)                 9120 (   8.91kB)
    Total RW  Size (RW Data + ZI Data)              8368 (   8.17kB)
    Total ROM Size (Code + RO Data + RW Data)       9128 (   8.91kB)

==============================================================================

