<!doctype html public "-//w3c//dtd html 4.0 transitional//en">
<html><head>
<title>Static Call Graph - [.\Objects\lessonx.out]</title></head>
<body><HR>
<H1>Static Call Graph for image .\Objects\lessonx.out</H1><HR>
<BR><P>#&#060CALLGRAPH&#062# ARM Linker, 6220000: Last Updated: Mon Feb  3 11:33:05 2025
<BR><P>
<H3>Maximum Stack Usage =        304 bytes + Unknown(Functions without stacksize, Cycles, Untraceable Function Pointers)</H3><H3>
Call chain for Maximum Stack Depth:</H3>
__rt_entry_main &rArr; main &rArr; QActive_start_ &rArr; QXK_activate_ &rArr; QF_gc &rArr; QMPool_put &rArr; Q_onError
<P>
<H3>
Functions with no stack information
</H3><UL>
 <LI><a href="#[6a]">__user_initial_stackheap</a>
</UL>
</UL>
<P>
<H3>
Mutually Recursive functions
</H3> <LI><a href="#[2]">HardFault_Handler</a>&nbsp;&nbsp;&nbsp;&rArr;&nbsp;&nbsp;&nbsp;<a href="#[2]">HardFault_Handler</a><BR>
 <LI><a href="#[3]">MemManage_Handler</a>&nbsp;&nbsp;&nbsp;&rArr;&nbsp;&nbsp;&nbsp;<a href="#[3]">MemManage_Handler</a><BR>
 <LI><a href="#[4]">BusFault_Handler</a>&nbsp;&nbsp;&nbsp;&rArr;&nbsp;&nbsp;&nbsp;<a href="#[4]">BusFault_Handler</a><BR>
 <LI><a href="#[5]">UsageFault_Handler</a>&nbsp;&nbsp;&nbsp;&rArr;&nbsp;&nbsp;&nbsp;<a href="#[5]">UsageFault_Handler</a><BR>
 <LI><a href="#[6]">SVC_Handler</a>&nbsp;&nbsp;&nbsp;&rArr;&nbsp;&nbsp;&nbsp;<a href="#[6]">SVC_Handler</a><BR>
 <LI><a href="#[7]">DebugMon_Handler</a>&nbsp;&nbsp;&nbsp;&rArr;&nbsp;&nbsp;&nbsp;<a href="#[7]">DebugMon_Handler</a><BR>
 <LI><a href="#[1c]">ADC_IRQHandler</a>&nbsp;&nbsp;&nbsp;&rArr;&nbsp;&nbsp;&nbsp;<a href="#[1c]">ADC_IRQHandler</a><BR>
</UL>
<P>
<H3>
Function Pointers
</H3><UL>
 <LI><a href="#[1c]">ADC_IRQHandler</a> from startup_stm32f407xx.o(.text) referenced from startup_stm32f407xx.o(RESET)
 <LI><a href="#[4]">BusFault_Handler</a> from startup_stm32f407xx.o(.text) referenced from startup_stm32f407xx.o(RESET)
 <LI><a href="#[1e]">CAN1_RX0_IRQHandler</a> from startup_stm32f407xx.o(.text) referenced from startup_stm32f407xx.o(RESET)
 <LI><a href="#[1f]">CAN1_RX1_IRQHandler</a> from startup_stm32f407xx.o(.text) referenced from startup_stm32f407xx.o(RESET)
 <LI><a href="#[20]">CAN1_SCE_IRQHandler</a> from startup_stm32f407xx.o(.text) referenced from startup_stm32f407xx.o(RESET)
 <LI><a href="#[1d]">CAN1_TX_IRQHandler</a> from startup_stm32f407xx.o(.text) referenced from startup_stm32f407xx.o(RESET)
 <LI><a href="#[4a]">CAN2_RX0_IRQHandler</a> from startup_stm32f407xx.o(.text) referenced from startup_stm32f407xx.o(RESET)
 <LI><a href="#[4b]">CAN2_RX1_IRQHandler</a> from startup_stm32f407xx.o(.text) referenced from startup_stm32f407xx.o(RESET)
 <LI><a href="#[4c]">CAN2_SCE_IRQHandler</a> from startup_stm32f407xx.o(.text) referenced from startup_stm32f407xx.o(RESET)
 <LI><a href="#[49]">CAN2_TX_IRQHandler</a> from startup_stm32f407xx.o(.text) referenced from startup_stm32f407xx.o(RESET)
 <LI><a href="#[58]">DCMI_IRQHandler</a> from startup_stm32f407xx.o(.text) referenced from startup_stm32f407xx.o(RESET)
 <LI><a href="#[15]">DMA1_Stream0_IRQHandler</a> from startup_stm32f407xx.o(.text) referenced from startup_stm32f407xx.o(RESET)
 <LI><a href="#[16]">DMA1_Stream1_IRQHandler</a> from startup_stm32f407xx.o(.text) referenced from startup_stm32f407xx.o(RESET)
 <LI><a href="#[17]">DMA1_Stream2_IRQHandler</a> from startup_stm32f407xx.o(.text) referenced from startup_stm32f407xx.o(RESET)
 <LI><a href="#[18]">DMA1_Stream3_IRQHandler</a> from startup_stm32f407xx.o(.text) referenced from startup_stm32f407xx.o(RESET)
 <LI><a href="#[19]">DMA1_Stream4_IRQHandler</a> from startup_stm32f407xx.o(.text) referenced from startup_stm32f407xx.o(RESET)
 <LI><a href="#[1a]">DMA1_Stream5_IRQHandler</a> from startup_stm32f407xx.o(.text) referenced from startup_stm32f407xx.o(RESET)
 <LI><a href="#[1b]">DMA1_Stream6_IRQHandler</a> from startup_stm32f407xx.o(.text) referenced from startup_stm32f407xx.o(RESET)
 <LI><a href="#[39]">DMA1_Stream7_IRQHandler</a> from startup_stm32f407xx.o(.text) referenced from startup_stm32f407xx.o(RESET)
 <LI><a href="#[42]">DMA2_Stream0_IRQHandler</a> from startup_stm32f407xx.o(.text) referenced from startup_stm32f407xx.o(RESET)
 <LI><a href="#[43]">DMA2_Stream1_IRQHandler</a> from startup_stm32f407xx.o(.text) referenced from startup_stm32f407xx.o(RESET)
 <LI><a href="#[44]">DMA2_Stream2_IRQHandler</a> from startup_stm32f407xx.o(.text) referenced from startup_stm32f407xx.o(RESET)
 <LI><a href="#[45]">DMA2_Stream3_IRQHandler</a> from startup_stm32f407xx.o(.text) referenced from startup_stm32f407xx.o(RESET)
 <LI><a href="#[46]">DMA2_Stream4_IRQHandler</a> from startup_stm32f407xx.o(.text) referenced from startup_stm32f407xx.o(RESET)
 <LI><a href="#[4e]">DMA2_Stream5_IRQHandler</a> from startup_stm32f407xx.o(.text) referenced from startup_stm32f407xx.o(RESET)
 <LI><a href="#[4f]">DMA2_Stream6_IRQHandler</a> from startup_stm32f407xx.o(.text) referenced from startup_stm32f407xx.o(RESET)
 <LI><a href="#[50]">DMA2_Stream7_IRQHandler</a> from startup_stm32f407xx.o(.text) referenced from startup_stm32f407xx.o(RESET)
 <LI><a href="#[7]">DebugMon_Handler</a> from startup_stm32f407xx.o(.text) referenced from startup_stm32f407xx.o(RESET)
 <LI><a href="#[47]">ETH_IRQHandler</a> from startup_stm32f407xx.o(.text) referenced from startup_stm32f407xx.o(RESET)
 <LI><a href="#[48]">ETH_WKUP_IRQHandler</a> from startup_stm32f407xx.o(.text) referenced from startup_stm32f407xx.o(RESET)
 <LI><a href="#[10]">EXTI0_IRQHandler</a> from bsp.o(.text.EXTI0_IRQHandler) referenced from startup_stm32f407xx.o(RESET)
 <LI><a href="#[32]">EXTI15_10_IRQHandler</a> from startup_stm32f407xx.o(.text) referenced from startup_stm32f407xx.o(RESET)
 <LI><a href="#[11]">EXTI1_IRQHandler</a> from startup_stm32f407xx.o(.text) referenced from startup_stm32f407xx.o(RESET)
 <LI><a href="#[12]">EXTI2_IRQHandler</a> from startup_stm32f407xx.o(.text) referenced from startup_stm32f407xx.o(RESET)
 <LI><a href="#[13]">EXTI3_IRQHandler</a> from startup_stm32f407xx.o(.text) referenced from startup_stm32f407xx.o(RESET)
 <LI><a href="#[14]">EXTI4_IRQHandler</a> from startup_stm32f407xx.o(.text) referenced from startup_stm32f407xx.o(RESET)
 <LI><a href="#[21]">EXTI9_5_IRQHandler</a> from startup_stm32f407xx.o(.text) referenced from startup_stm32f407xx.o(RESET)
 <LI><a href="#[e]">FLASH_IRQHandler</a> from startup_stm32f407xx.o(.text) referenced from startup_stm32f407xx.o(RESET)
 <LI><a href="#[3a]">FMC_IRQHandler</a> from startup_stm32f407xx.o(.text) referenced from startup_stm32f407xx.o(RESET)
 <LI><a href="#[5a]">FPU_IRQHandler</a> from startup_stm32f407xx.o(.text) referenced from startup_stm32f407xx.o(RESET)
 <LI><a href="#[59]">HASH_RNG_IRQHandler</a> from startup_stm32f407xx.o(.text) referenced from startup_stm32f407xx.o(RESET)
 <LI><a href="#[2]">HardFault_Handler</a> from startup_stm32f407xx.o(.text) referenced from startup_stm32f407xx.o(RESET)
 <LI><a href="#[2a]">I2C1_ER_IRQHandler</a> from startup_stm32f407xx.o(.text) referenced from startup_stm32f407xx.o(RESET)
 <LI><a href="#[29]">I2C1_EV_IRQHandler</a> from startup_stm32f407xx.o(.text) referenced from startup_stm32f407xx.o(RESET)
 <LI><a href="#[2c]">I2C2_ER_IRQHandler</a> from startup_stm32f407xx.o(.text) referenced from startup_stm32f407xx.o(RESET)
 <LI><a href="#[2b]">I2C2_EV_IRQHandler</a> from startup_stm32f407xx.o(.text) referenced from startup_stm32f407xx.o(RESET)
 <LI><a href="#[53]">I2C3_ER_IRQHandler</a> from startup_stm32f407xx.o(.text) referenced from startup_stm32f407xx.o(RESET)
 <LI><a href="#[52]">I2C3_EV_IRQHandler</a> from startup_stm32f407xx.o(.text) referenced from startup_stm32f407xx.o(RESET)
 <LI><a href="#[3]">MemManage_Handler</a> from startup_stm32f407xx.o(.text) referenced from startup_stm32f407xx.o(RESET)
 <LI><a href="#[1]">NMI_Handler</a> from qxk_port.o(.text.NMI_Handler) referenced from startup_stm32f407xx.o(RESET)
 <LI><a href="#[4d]">OTG_FS_IRQHandler</a> from startup_stm32f407xx.o(.text) referenced from startup_stm32f407xx.o(RESET)
 <LI><a href="#[34]">OTG_FS_WKUP_IRQHandler</a> from startup_stm32f407xx.o(.text) referenced from startup_stm32f407xx.o(RESET)
 <LI><a href="#[55]">OTG_HS_EP1_IN_IRQHandler</a> from startup_stm32f407xx.o(.text) referenced from startup_stm32f407xx.o(RESET)
 <LI><a href="#[54]">OTG_HS_EP1_OUT_IRQHandler</a> from startup_stm32f407xx.o(.text) referenced from startup_stm32f407xx.o(RESET)
 <LI><a href="#[57]">OTG_HS_IRQHandler</a> from startup_stm32f407xx.o(.text) referenced from startup_stm32f407xx.o(RESET)
 <LI><a href="#[56]">OTG_HS_WKUP_IRQHandler</a> from startup_stm32f407xx.o(.text) referenced from startup_stm32f407xx.o(RESET)
 <LI><a href="#[b]">PVD_IRQHandler</a> from startup_stm32f407xx.o(.text) referenced from startup_stm32f407xx.o(RESET)
 <LI><a href="#[8]">PendSV_Handler</a> from qxk_port.o(.text.PendSV_Handler) referenced from startup_stm32f407xx.o(RESET)
 <LI><a href="#[65]">QHsm_dispatch_</a> from qep_hsm.o(.text.QHsm_dispatch_) referenced from qf_qact.o(.rodata.QActive_ctor.vtable)
 <LI><a href="#[65]">QHsm_dispatch_</a> from qep_hsm.o(.text.QHsm_dispatch_) referenced from qep_hsm.o(.rodata.QHsm_ctor.vtable)
 <LI><a href="#[64]">QHsm_init_</a> from qep_hsm.o(.text.QHsm_init_) referenced from qf_qact.o(.rodata.QActive_ctor.vtable)
 <LI><a href="#[64]">QHsm_init_</a> from qep_hsm.o(.text.QHsm_init_) referenced from qep_hsm.o(.rodata.QHsm_ctor.vtable)
 <LI><a href="#[5f]">QHsm_top</a> from qep_hsm.o(.text.QHsm_top) referenced 2 times from qep_hsm.o(.text.QHsm_ctor)
 <LI><a href="#[5f]">QHsm_top</a> from qep_hsm.o(.text.QHsm_top) referenced 2 times from qep_hsm.o(.text.QHsm_init_)
 <LI><a href="#[5d]">QXK_activate_</a> from qxk.o(.text.QXK_activate_) referenced from qxk_port.o(.text.PendSV_Handler)
 <LI><a href="#[60]">QXK_threadExit_</a> from qxk.o(.text.QXK_threadExit_) referenced 2 times from qxk_port.o(.text.QXThread_stackInit_)
 <LI><a href="#[5e]">QXK_thread_ret</a> from qxk_port.o(.text.QXK_thread_ret) referenced from qxk_port.o(.text.PendSV_Handler)
 <LI><a href="#[f]">RCC_IRQHandler</a> from startup_stm32f407xx.o(.text) referenced from startup_stm32f407xx.o(RESET)
 <LI><a href="#[33]">RTC_Alarm_IRQHandler</a> from startup_stm32f407xx.o(.text) referenced from startup_stm32f407xx.o(RESET)
 <LI><a href="#[d]">RTC_WKUP_IRQHandler</a> from startup_stm32f407xx.o(.text) referenced from startup_stm32f407xx.o(RESET)
 <LI><a href="#[67]">Rectangle_area</a> from rectangle.o(.text.Rectangle_area) referenced from rectangle.o(.rodata.Rectangle_ctor.vtable)
 <LI><a href="#[66]">Rectangle_draw</a> from rectangle.o(.text.Rectangle_draw) referenced from rectangle.o(.rodata.Rectangle_ctor.vtable)
 <LI><a href="#[0]">Reset_Handler</a> from startup_stm32f407xx.o(.text) referenced from startup_stm32f407xx.o(RESET)
 <LI><a href="#[3b]">SDIO_IRQHandler</a> from startup_stm32f407xx.o(.text) referenced from startup_stm32f407xx.o(RESET)
 <LI><a href="#[2d]">SPI1_IRQHandler</a> from startup_stm32f407xx.o(.text) referenced from startup_stm32f407xx.o(RESET)
 <LI><a href="#[2e]">SPI2_IRQHandler</a> from startup_stm32f407xx.o(.text) referenced from startup_stm32f407xx.o(RESET)
 <LI><a href="#[3d]">SPI3_IRQHandler</a> from startup_stm32f407xx.o(.text) referenced from startup_stm32f407xx.o(RESET)
 <LI><a href="#[6]">SVC_Handler</a> from startup_stm32f407xx.o(.text) referenced from startup_stm32f407xx.o(RESET)
 <LI><a href="#[69]">Shape_area</a> from shape.o(.text.Shape_area) referenced from shape.o(.rodata.Shape_ctor.vtable)
 <LI><a href="#[68]">Shape_draw</a> from shape.o(.text.Shape_draw) referenced from shape.o(.rodata.Shape_ctor.vtable)
 <LI><a href="#[9]">SysTick_Handler</a> from bsp.o(.text.SysTick_Handler) referenced from startup_stm32f407xx.o(RESET)
 <LI><a href="#[5b]">SystemInit</a> from system_stm32f4xx.o(.text.SystemInit) referenced from startup_stm32f407xx.o(.text)
 <LI><a href="#[c]">TAMP_STAMP_IRQHandler</a> from startup_stm32f407xx.o(.text) referenced from startup_stm32f407xx.o(RESET)
 <LI><a href="#[22]">TIM1_BRK_TIM9_IRQHandler</a> from startup_stm32f407xx.o(.text) referenced from startup_stm32f407xx.o(RESET)
 <LI><a href="#[25]">TIM1_CC_IRQHandler</a> from startup_stm32f407xx.o(.text) referenced from startup_stm32f407xx.o(RESET)
 <LI><a href="#[24]">TIM1_TRG_COM_TIM11_IRQHandler</a> from startup_stm32f407xx.o(.text) referenced from startup_stm32f407xx.o(RESET)
 <LI><a href="#[23]">TIM1_UP_TIM10_IRQHandler</a> from startup_stm32f407xx.o(.text) referenced from startup_stm32f407xx.o(RESET)
 <LI><a href="#[26]">TIM2_IRQHandler</a> from startup_stm32f407xx.o(.text) referenced from startup_stm32f407xx.o(RESET)
 <LI><a href="#[27]">TIM3_IRQHandler</a> from startup_stm32f407xx.o(.text) referenced from startup_stm32f407xx.o(RESET)
 <LI><a href="#[28]">TIM4_IRQHandler</a> from startup_stm32f407xx.o(.text) referenced from startup_stm32f407xx.o(RESET)
 <LI><a href="#[3c]">TIM5_IRQHandler</a> from startup_stm32f407xx.o(.text) referenced from startup_stm32f407xx.o(RESET)
 <LI><a href="#[40]">TIM6_DAC_IRQHandler</a> from startup_stm32f407xx.o(.text) referenced from startup_stm32f407xx.o(RESET)
 <LI><a href="#[41]">TIM7_IRQHandler</a> from startup_stm32f407xx.o(.text) referenced from startup_stm32f407xx.o(RESET)
 <LI><a href="#[35]">TIM8_BRK_TIM12_IRQHandler</a> from startup_stm32f407xx.o(.text) referenced from startup_stm32f407xx.o(RESET)
 <LI><a href="#[38]">TIM8_CC_IRQHandler</a> from startup_stm32f407xx.o(.text) referenced from startup_stm32f407xx.o(RESET)
 <LI><a href="#[37]">TIM8_TRG_COM_TIM14_IRQHandler</a> from startup_stm32f407xx.o(.text) referenced from startup_stm32f407xx.o(RESET)
 <LI><a href="#[36]">TIM8_UP_TIM13_IRQHandler</a> from startup_stm32f407xx.o(.text) referenced from startup_stm32f407xx.o(RESET)
 <LI><a href="#[3e]">UART4_IRQHandler</a> from startup_stm32f407xx.o(.text) referenced from startup_stm32f407xx.o(RESET)
 <LI><a href="#[3f]">UART5_IRQHandler</a> from startup_stm32f407xx.o(.text) referenced from startup_stm32f407xx.o(RESET)
 <LI><a href="#[2f]">USART1_IRQHandler</a> from startup_stm32f407xx.o(.text) referenced from startup_stm32f407xx.o(RESET)
 <LI><a href="#[30]">USART2_IRQHandler</a> from startup_stm32f407xx.o(.text) referenced from startup_stm32f407xx.o(RESET)
 <LI><a href="#[31]">USART3_IRQHandler</a> from startup_stm32f407xx.o(.text) referenced from startup_stm32f407xx.o(RESET)
 <LI><a href="#[51]">USART6_IRQHandler</a> from startup_stm32f407xx.o(.text) referenced from startup_stm32f407xx.o(RESET)
 <LI><a href="#[5]">UsageFault_Handler</a> from startup_stm32f407xx.o(.text) referenced from startup_stm32f407xx.o(RESET)
 <LI><a href="#[a]">WWDG_IRQHandler</a> from startup_stm32f407xx.o(.text) referenced from startup_stm32f407xx.o(RESET)
 <LI><a href="#[5c]">__main</a> from __main.o(!!!main) referenced from startup_stm32f407xx.o(.text)
 <LI><a href="#[61]">main_blinky1</a> from main.o(.text.main_blinky1) referenced 2 times from main.o(.text.main)
 <LI><a href="#[62]">main_blinky2</a> from main.o(.text.main_blinky2) referenced 2 times from main.o(.text.main)
 <LI><a href="#[63]">main_blinky3</a> from main.o(.text.main_blinky3) referenced 2 times from main.o(.text.main)
</UL>
<P>
<H3>
Global Symbols
</H3>
<P><STRONG><a name="[5c]"></a>__main</STRONG> (Thumb, 8 bytes, Stack size 0 bytes, __main.o(!!!main))
<BR><BR>[Calls]<UL><LI><a href="#[6b]">&gt;&gt;</a>&nbsp;&nbsp;&nbsp;__scatterload
<LI><a href="#[6c]">&gt;&gt;</a>&nbsp;&nbsp;&nbsp;__rt_entry
</UL>
<BR>[Address Reference Count : 1]<UL><LI> startup_stm32f407xx.o(.text)
</UL>
<P><STRONG><a name="[6b]"></a>__scatterload</STRONG> (Thumb, 0 bytes, Stack size unknown bytes, __scatter.o(!!!scatter))
<BR><BR>[Called By]<UL><LI><a href="#[5c]">&gt;&gt;</a>&nbsp;&nbsp;&nbsp;__main
</UL>

<P><STRONG><a name="[6d]"></a>__scatterload_rt2</STRONG> (Thumb, 84 bytes, Stack size unknown bytes, __scatter.o(!!!scatter), UNUSED)
<BR><BR>[Calls]<UL><LI><a href="#[6c]">&gt;&gt;</a>&nbsp;&nbsp;&nbsp;__rt_entry
</UL>

<P><STRONG><a name="[dd]"></a>__scatterload_rt2_thumb_only</STRONG> (Thumb, 0 bytes, Stack size unknown bytes, __scatter.o(!!!scatter), UNUSED)

<P><STRONG><a name="[de]"></a>__scatterload_loop</STRONG> (Thumb, 0 bytes, Stack size unknown bytes, __scatter.o(!!!scatter), UNUSED)

<P><STRONG><a name="[6e]"></a>__scatterload_copy</STRONG> (Thumb, 26 bytes, Stack size unknown bytes, __scatter_copy.o(!!handler_copy), UNUSED)
<BR><BR>[Calls]<UL><LI><a href="#[6e]">&gt;&gt;</a>&nbsp;&nbsp;&nbsp;__scatterload_copy
</UL>
<BR>[Called By]<UL><LI><a href="#[6e]">&gt;&gt;</a>&nbsp;&nbsp;&nbsp;__scatterload_copy
</UL>

<P><STRONG><a name="[df]"></a>__scatterload_null</STRONG> (Thumb, 2 bytes, Stack size unknown bytes, __scatter.o(!!handler_null), UNUSED)

<P><STRONG><a name="[e0]"></a>__scatterload_zeroinit</STRONG> (Thumb, 28 bytes, Stack size unknown bytes, __scatter_zi.o(!!handler_zi), UNUSED)

<P><STRONG><a name="[74]"></a>__rt_lib_init</STRONG> (Thumb, 0 bytes, Stack size unknown bytes, libinit.o(.ARM.Collect$$libinit$$00000000))
<BR><BR>[Called By]<UL><LI><a href="#[73]">&gt;&gt;</a>&nbsp;&nbsp;&nbsp;__rt_entry_li
</UL>

<P><STRONG><a name="[e1]"></a>__rt_lib_init_fp_1</STRONG> (Thumb, 0 bytes, Stack size unknown bytes, libinit2.o(.ARM.Collect$$libinit$$00000002))

<P><STRONG><a name="[6f]"></a>__rt_lib_init_heap_2</STRONG> (Thumb, 0 bytes, Stack size unknown bytes, libinit2.o(.ARM.Collect$$libinit$$00000007))
<BR><BR>[Stack]<UL><LI>Max Depth = 64 + Unknown Stack Size
<LI>Call Chain = __rt_lib_init_heap_2 &rArr; _init_alloc &rArr; __rt_SIGRTMEM &rArr; __rt_SIGRTMEM_inner &rArr; __default_signal_display &rArr; _ttywrch
</UL>
<BR>[Calls]<UL><LI><a href="#[70]">&gt;&gt;</a>&nbsp;&nbsp;&nbsp;_init_alloc
</UL>

<P><STRONG><a name="[e2]"></a>__rt_lib_init_preinit_1</STRONG> (Thumb, 0 bytes, Stack size unknown bytes, libinit2.o(.ARM.Collect$$libinit$$00000006))

<P><STRONG><a name="[e3]"></a>__rt_lib_init_relocate_pie_1</STRONG> (Thumb, 0 bytes, Stack size unknown bytes, libinit2.o(.ARM.Collect$$libinit$$00000004))

<P><STRONG><a name="[e4]"></a>__rt_lib_init_alloca_1</STRONG> (Thumb, 0 bytes, Stack size unknown bytes, libinit2.o(.ARM.Collect$$libinit$$00000030))

<P><STRONG><a name="[e5]"></a>__rt_lib_init_argv_1</STRONG> (Thumb, 0 bytes, Stack size unknown bytes, libinit2.o(.ARM.Collect$$libinit$$0000002E))

<P><STRONG><a name="[e6]"></a>__rt_lib_init_atexit_1</STRONG> (Thumb, 0 bytes, Stack size unknown bytes, libinit2.o(.ARM.Collect$$libinit$$0000001D))

<P><STRONG><a name="[e7]"></a>__rt_lib_init_clock_1</STRONG> (Thumb, 0 bytes, Stack size unknown bytes, libinit2.o(.ARM.Collect$$libinit$$00000023))

<P><STRONG><a name="[e8]"></a>__rt_lib_init_cpp_1</STRONG> (Thumb, 0 bytes, Stack size unknown bytes, libinit2.o(.ARM.Collect$$libinit$$00000034))

<P><STRONG><a name="[e9]"></a>__rt_lib_init_exceptions_1</STRONG> (Thumb, 0 bytes, Stack size unknown bytes, libinit2.o(.ARM.Collect$$libinit$$00000032))

<P><STRONG><a name="[ea]"></a>__rt_lib_init_fp_trap_1</STRONG> (Thumb, 0 bytes, Stack size unknown bytes, libinit2.o(.ARM.Collect$$libinit$$00000021))

<P><STRONG><a name="[eb]"></a>__rt_lib_init_getenv_1</STRONG> (Thumb, 0 bytes, Stack size unknown bytes, libinit2.o(.ARM.Collect$$libinit$$00000025))

<P><STRONG><a name="[ec]"></a>__rt_lib_init_heap_1</STRONG> (Thumb, 0 bytes, Stack size unknown bytes, libinit2.o(.ARM.Collect$$libinit$$0000000C))

<P><STRONG><a name="[ed]"></a>__rt_lib_init_lc_collate_1</STRONG> (Thumb, 0 bytes, Stack size unknown bytes, libinit2.o(.ARM.Collect$$libinit$$00000013))

<P><STRONG><a name="[ee]"></a>__rt_lib_init_lc_ctype_1</STRONG> (Thumb, 0 bytes, Stack size unknown bytes, libinit2.o(.ARM.Collect$$libinit$$00000015))

<P><STRONG><a name="[ef]"></a>__rt_lib_init_lc_monetary_1</STRONG> (Thumb, 0 bytes, Stack size unknown bytes, libinit2.o(.ARM.Collect$$libinit$$00000017))

<P><STRONG><a name="[f0]"></a>__rt_lib_init_lc_numeric_1</STRONG> (Thumb, 0 bytes, Stack size unknown bytes, libinit2.o(.ARM.Collect$$libinit$$00000019))

<P><STRONG><a name="[f1]"></a>__rt_lib_init_lc_time_1</STRONG> (Thumb, 0 bytes, Stack size unknown bytes, libinit2.o(.ARM.Collect$$libinit$$0000001B))

<P><STRONG><a name="[f2]"></a>__rt_lib_init_rand_1</STRONG> (Thumb, 0 bytes, Stack size unknown bytes, libinit2.o(.ARM.Collect$$libinit$$00000010))

<P><STRONG><a name="[f3]"></a>__rt_lib_init_return</STRONG> (Thumb, 0 bytes, Stack size unknown bytes, libinit2.o(.ARM.Collect$$libinit$$00000035))

<P><STRONG><a name="[f4]"></a>__rt_lib_init_signal_1</STRONG> (Thumb, 0 bytes, Stack size unknown bytes, libinit2.o(.ARM.Collect$$libinit$$0000001F))

<P><STRONG><a name="[f5]"></a>__rt_lib_init_stdio_1</STRONG> (Thumb, 0 bytes, Stack size unknown bytes, libinit2.o(.ARM.Collect$$libinit$$00000027))

<P><STRONG><a name="[f6]"></a>__rt_lib_init_user_alloc_1</STRONG> (Thumb, 0 bytes, Stack size unknown bytes, libinit2.o(.ARM.Collect$$libinit$$0000000E))

<P><STRONG><a name="[79]"></a>__rt_lib_shutdown</STRONG> (Thumb, 0 bytes, Stack size unknown bytes, libshutdown.o(.ARM.Collect$$libshutdown$$00000000))
<BR><BR>[Called By]<UL><LI><a href="#[78]">&gt;&gt;</a>&nbsp;&nbsp;&nbsp;__rt_exit_ls
</UL>

<P><STRONG><a name="[f7]"></a>__rt_lib_shutdown_cpp_1</STRONG> (Thumb, 0 bytes, Stack size unknown bytes, libshutdown2.o(.ARM.Collect$$libshutdown$$00000002))

<P><STRONG><a name="[f8]"></a>__rt_lib_shutdown_fp_trap_1</STRONG> (Thumb, 0 bytes, Stack size unknown bytes, libshutdown2.o(.ARM.Collect$$libshutdown$$00000007))

<P><STRONG><a name="[f9]"></a>__rt_lib_shutdown_heap_1</STRONG> (Thumb, 0 bytes, Stack size unknown bytes, libshutdown2.o(.ARM.Collect$$libshutdown$$0000000F))

<P><STRONG><a name="[fa]"></a>__rt_lib_shutdown_return</STRONG> (Thumb, 0 bytes, Stack size unknown bytes, libshutdown2.o(.ARM.Collect$$libshutdown$$00000010))

<P><STRONG><a name="[fb]"></a>__rt_lib_shutdown_signal_1</STRONG> (Thumb, 0 bytes, Stack size unknown bytes, libshutdown2.o(.ARM.Collect$$libshutdown$$0000000A))

<P><STRONG><a name="[fc]"></a>__rt_lib_shutdown_stdio_1</STRONG> (Thumb, 0 bytes, Stack size unknown bytes, libshutdown2.o(.ARM.Collect$$libshutdown$$00000004))

<P><STRONG><a name="[fd]"></a>__rt_lib_shutdown_user_alloc_1</STRONG> (Thumb, 0 bytes, Stack size unknown bytes, libshutdown2.o(.ARM.Collect$$libshutdown$$0000000C))

<P><STRONG><a name="[6c]"></a>__rt_entry</STRONG> (Thumb, 0 bytes, Stack size unknown bytes, __rtentry.o(.ARM.Collect$$rtentry$$00000000))
<BR><BR>[Called By]<UL><LI><a href="#[6d]">&gt;&gt;</a>&nbsp;&nbsp;&nbsp;__scatterload_rt2
<LI><a href="#[5c]">&gt;&gt;</a>&nbsp;&nbsp;&nbsp;__main
</UL>

<P><STRONG><a name="[fe]"></a>__rt_entry_presh_1</STRONG> (Thumb, 0 bytes, Stack size unknown bytes, __rtentry2.o(.ARM.Collect$$rtentry$$00000002))

<P><STRONG><a name="[71]"></a>__rt_entry_sh</STRONG> (Thumb, 0 bytes, Stack size unknown bytes, __rtentry4.o(.ARM.Collect$$rtentry$$00000004))
<BR><BR>[Stack]<UL><LI>Max Depth = 8 + Unknown Stack Size
<LI>Call Chain = __rt_entry_sh &rArr; __user_setup_stackheap
</UL>
<BR>[Calls]<UL><LI><a href="#[72]">&gt;&gt;</a>&nbsp;&nbsp;&nbsp;__user_setup_stackheap
</UL>

<P><STRONG><a name="[73]"></a>__rt_entry_li</STRONG> (Thumb, 0 bytes, Stack size unknown bytes, __rtentry2.o(.ARM.Collect$$rtentry$$0000000A))
<BR><BR>[Calls]<UL><LI><a href="#[74]">&gt;&gt;</a>&nbsp;&nbsp;&nbsp;__rt_lib_init
</UL>

<P><STRONG><a name="[ff]"></a>__rt_entry_postsh_1</STRONG> (Thumb, 0 bytes, Stack size unknown bytes, __rtentry2.o(.ARM.Collect$$rtentry$$00000009))

<P><STRONG><a name="[75]"></a>__rt_entry_main</STRONG> (Thumb, 0 bytes, Stack size unknown bytes, __rtentry2.o(.ARM.Collect$$rtentry$$0000000D))
<BR><BR>[Stack]<UL><LI>Max Depth = 304 + Unknown Stack Size
<LI>Call Chain = __rt_entry_main &rArr; main &rArr; QActive_start_ &rArr; QXK_activate_ &rArr; QF_gc &rArr; QMPool_put &rArr; Q_onError
</UL>
<BR>[Calls]<UL><LI><a href="#[76]">&gt;&gt;</a>&nbsp;&nbsp;&nbsp;main
<LI><a href="#[77]">&gt;&gt;</a>&nbsp;&nbsp;&nbsp;exit
</UL>

<P><STRONG><a name="[100]"></a>__rt_entry_postli_1</STRONG> (Thumb, 0 bytes, Stack size unknown bytes, __rtentry2.o(.ARM.Collect$$rtentry$$0000000C))

<P><STRONG><a name="[87]"></a>__rt_exit</STRONG> (Thumb, 0 bytes, Stack size unknown bytes, rtexit.o(.ARM.Collect$$rtexit$$00000000))
<BR><BR>[Called By]<UL><LI><a href="#[77]">&gt;&gt;</a>&nbsp;&nbsp;&nbsp;exit
</UL>

<P><STRONG><a name="[78]"></a>__rt_exit_ls</STRONG> (Thumb, 0 bytes, Stack size unknown bytes, rtexit2.o(.ARM.Collect$$rtexit$$00000003))
<BR><BR>[Calls]<UL><LI><a href="#[79]">&gt;&gt;</a>&nbsp;&nbsp;&nbsp;__rt_lib_shutdown
</UL>

<P><STRONG><a name="[101]"></a>__rt_exit_prels_1</STRONG> (Thumb, 0 bytes, Stack size unknown bytes, rtexit2.o(.ARM.Collect$$rtexit$$00000002))

<P><STRONG><a name="[7a]"></a>__rt_exit_exit</STRONG> (Thumb, 0 bytes, Stack size unknown bytes, rtexit2.o(.ARM.Collect$$rtexit$$00000004))
<BR><BR>[Calls]<UL><LI><a href="#[7b]">&gt;&gt;</a>&nbsp;&nbsp;&nbsp;_sys_exit
</UL>

<P><STRONG><a name="[0]"></a>Reset_Handler</STRONG> (Thumb, 8 bytes, Stack size 0 bytes, startup_stm32f407xx.o(.text))
<BR>[Address Reference Count : 1]<UL><LI> startup_stm32f407xx.o(RESET)
</UL>
<P><STRONG><a name="[2]"></a>HardFault_Handler</STRONG> (Thumb, 2 bytes, Stack size 0 bytes, startup_stm32f407xx.o(.text))
<BR><BR>[Calls]<UL><LI><a href="#[2]">&gt;&gt;</a>&nbsp;&nbsp;&nbsp;HardFault_Handler
</UL>
<BR>[Called By]<UL><LI><a href="#[2]">&gt;&gt;</a>&nbsp;&nbsp;&nbsp;HardFault_Handler
</UL>
<BR>[Address Reference Count : 1]<UL><LI> startup_stm32f407xx.o(RESET)
</UL>
<P><STRONG><a name="[3]"></a>MemManage_Handler</STRONG> (Thumb, 2 bytes, Stack size 0 bytes, startup_stm32f407xx.o(.text))
<BR><BR>[Calls]<UL><LI><a href="#[3]">&gt;&gt;</a>&nbsp;&nbsp;&nbsp;MemManage_Handler
</UL>
<BR>[Called By]<UL><LI><a href="#[3]">&gt;&gt;</a>&nbsp;&nbsp;&nbsp;MemManage_Handler
</UL>
<BR>[Address Reference Count : 1]<UL><LI> startup_stm32f407xx.o(RESET)
</UL>
<P><STRONG><a name="[4]"></a>BusFault_Handler</STRONG> (Thumb, 2 bytes, Stack size 0 bytes, startup_stm32f407xx.o(.text))
<BR><BR>[Calls]<UL><LI><a href="#[4]">&gt;&gt;</a>&nbsp;&nbsp;&nbsp;BusFault_Handler
</UL>
<BR>[Called By]<UL><LI><a href="#[4]">&gt;&gt;</a>&nbsp;&nbsp;&nbsp;BusFault_Handler
</UL>
<BR>[Address Reference Count : 1]<UL><LI> startup_stm32f407xx.o(RESET)
</UL>
<P><STRONG><a name="[5]"></a>UsageFault_Handler</STRONG> (Thumb, 2 bytes, Stack size 0 bytes, startup_stm32f407xx.o(.text))
<BR><BR>[Calls]<UL><LI><a href="#[5]">&gt;&gt;</a>&nbsp;&nbsp;&nbsp;UsageFault_Handler
</UL>
<BR>[Called By]<UL><LI><a href="#[5]">&gt;&gt;</a>&nbsp;&nbsp;&nbsp;UsageFault_Handler
</UL>
<BR>[Address Reference Count : 1]<UL><LI> startup_stm32f407xx.o(RESET)
</UL>
<P><STRONG><a name="[6]"></a>SVC_Handler</STRONG> (Thumb, 2 bytes, Stack size 0 bytes, startup_stm32f407xx.o(.text))
<BR><BR>[Calls]<UL><LI><a href="#[6]">&gt;&gt;</a>&nbsp;&nbsp;&nbsp;SVC_Handler
</UL>
<BR>[Called By]<UL><LI><a href="#[6]">&gt;&gt;</a>&nbsp;&nbsp;&nbsp;SVC_Handler
</UL>
<BR>[Address Reference Count : 1]<UL><LI> startup_stm32f407xx.o(RESET)
</UL>
<P><STRONG><a name="[7]"></a>DebugMon_Handler</STRONG> (Thumb, 2 bytes, Stack size 0 bytes, startup_stm32f407xx.o(.text))
<BR><BR>[Calls]<UL><LI><a href="#[7]">&gt;&gt;</a>&nbsp;&nbsp;&nbsp;DebugMon_Handler
</UL>
<BR>[Called By]<UL><LI><a href="#[7]">&gt;&gt;</a>&nbsp;&nbsp;&nbsp;DebugMon_Handler
</UL>
<BR>[Address Reference Count : 1]<UL><LI> startup_stm32f407xx.o(RESET)
</UL>
<P><STRONG><a name="[1c]"></a>ADC_IRQHandler</STRONG> (Thumb, 0 bytes, Stack size 0 bytes, startup_stm32f407xx.o(.text))
<BR><BR>[Calls]<UL><LI><a href="#[1c]">&gt;&gt;</a>&nbsp;&nbsp;&nbsp;ADC_IRQHandler
</UL>
<BR>[Called By]<UL><LI><a href="#[1c]">&gt;&gt;</a>&nbsp;&nbsp;&nbsp;ADC_IRQHandler
</UL>
<BR>[Address Reference Count : 1]<UL><LI> startup_stm32f407xx.o(RESET)
</UL>
<P><STRONG><a name="[1e]"></a>CAN1_RX0_IRQHandler</STRONG> (Thumb, 0 bytes, Stack size 0 bytes, startup_stm32f407xx.o(.text))
<BR>[Address Reference Count : 1]<UL><LI> startup_stm32f407xx.o(RESET)
</UL>
<P><STRONG><a name="[1f]"></a>CAN1_RX1_IRQHandler</STRONG> (Thumb, 0 bytes, Stack size 0 bytes, startup_stm32f407xx.o(.text))
<BR>[Address Reference Count : 1]<UL><LI> startup_stm32f407xx.o(RESET)
</UL>
<P><STRONG><a name="[20]"></a>CAN1_SCE_IRQHandler</STRONG> (Thumb, 0 bytes, Stack size 0 bytes, startup_stm32f407xx.o(.text))
<BR>[Address Reference Count : 1]<UL><LI> startup_stm32f407xx.o(RESET)
</UL>
<P><STRONG><a name="[1d]"></a>CAN1_TX_IRQHandler</STRONG> (Thumb, 0 bytes, Stack size 0 bytes, startup_stm32f407xx.o(.text))
<BR>[Address Reference Count : 1]<UL><LI> startup_stm32f407xx.o(RESET)
</UL>
<P><STRONG><a name="[4a]"></a>CAN2_RX0_IRQHandler</STRONG> (Thumb, 0 bytes, Stack size 0 bytes, startup_stm32f407xx.o(.text))
<BR>[Address Reference Count : 1]<UL><LI> startup_stm32f407xx.o(RESET)
</UL>
<P><STRONG><a name="[4b]"></a>CAN2_RX1_IRQHandler</STRONG> (Thumb, 0 bytes, Stack size 0 bytes, startup_stm32f407xx.o(.text))
<BR>[Address Reference Count : 1]<UL><LI> startup_stm32f407xx.o(RESET)
</UL>
<P><STRONG><a name="[4c]"></a>CAN2_SCE_IRQHandler</STRONG> (Thumb, 0 bytes, Stack size 0 bytes, startup_stm32f407xx.o(.text))
<BR>[Address Reference Count : 1]<UL><LI> startup_stm32f407xx.o(RESET)
</UL>
<P><STRONG><a name="[49]"></a>CAN2_TX_IRQHandler</STRONG> (Thumb, 0 bytes, Stack size 0 bytes, startup_stm32f407xx.o(.text))
<BR>[Address Reference Count : 1]<UL><LI> startup_stm32f407xx.o(RESET)
</UL>
<P><STRONG><a name="[58]"></a>DCMI_IRQHandler</STRONG> (Thumb, 0 bytes, Stack size 0 bytes, startup_stm32f407xx.o(.text))
<BR>[Address Reference Count : 1]<UL><LI> startup_stm32f407xx.o(RESET)
</UL>
<P><STRONG><a name="[15]"></a>DMA1_Stream0_IRQHandler</STRONG> (Thumb, 0 bytes, Stack size 0 bytes, startup_stm32f407xx.o(.text))
<BR>[Address Reference Count : 1]<UL><LI> startup_stm32f407xx.o(RESET)
</UL>
<P><STRONG><a name="[16]"></a>DMA1_Stream1_IRQHandler</STRONG> (Thumb, 0 bytes, Stack size 0 bytes, startup_stm32f407xx.o(.text))
<BR>[Address Reference Count : 1]<UL><LI> startup_stm32f407xx.o(RESET)
</UL>
<P><STRONG><a name="[17]"></a>DMA1_Stream2_IRQHandler</STRONG> (Thumb, 0 bytes, Stack size 0 bytes, startup_stm32f407xx.o(.text))
<BR>[Address Reference Count : 1]<UL><LI> startup_stm32f407xx.o(RESET)
</UL>
<P><STRONG><a name="[18]"></a>DMA1_Stream3_IRQHandler</STRONG> (Thumb, 0 bytes, Stack size 0 bytes, startup_stm32f407xx.o(.text))
<BR>[Address Reference Count : 1]<UL><LI> startup_stm32f407xx.o(RESET)
</UL>
<P><STRONG><a name="[19]"></a>DMA1_Stream4_IRQHandler</STRONG> (Thumb, 0 bytes, Stack size 0 bytes, startup_stm32f407xx.o(.text))
<BR>[Address Reference Count : 1]<UL><LI> startup_stm32f407xx.o(RESET)
</UL>
<P><STRONG><a name="[1a]"></a>DMA1_Stream5_IRQHandler</STRONG> (Thumb, 0 bytes, Stack size 0 bytes, startup_stm32f407xx.o(.text))
<BR>[Address Reference Count : 1]<UL><LI> startup_stm32f407xx.o(RESET)
</UL>
<P><STRONG><a name="[1b]"></a>DMA1_Stream6_IRQHandler</STRONG> (Thumb, 0 bytes, Stack size 0 bytes, startup_stm32f407xx.o(.text))
<BR>[Address Reference Count : 1]<UL><LI> startup_stm32f407xx.o(RESET)
</UL>
<P><STRONG><a name="[39]"></a>DMA1_Stream7_IRQHandler</STRONG> (Thumb, 0 bytes, Stack size 0 bytes, startup_stm32f407xx.o(.text))
<BR>[Address Reference Count : 1]<UL><LI> startup_stm32f407xx.o(RESET)
</UL>
<P><STRONG><a name="[42]"></a>DMA2_Stream0_IRQHandler</STRONG> (Thumb, 0 bytes, Stack size 0 bytes, startup_stm32f407xx.o(.text))
<BR>[Address Reference Count : 1]<UL><LI> startup_stm32f407xx.o(RESET)
</UL>
<P><STRONG><a name="[43]"></a>DMA2_Stream1_IRQHandler</STRONG> (Thumb, 0 bytes, Stack size 0 bytes, startup_stm32f407xx.o(.text))
<BR>[Address Reference Count : 1]<UL><LI> startup_stm32f407xx.o(RESET)
</UL>
<P><STRONG><a name="[44]"></a>DMA2_Stream2_IRQHandler</STRONG> (Thumb, 0 bytes, Stack size 0 bytes, startup_stm32f407xx.o(.text))
<BR>[Address Reference Count : 1]<UL><LI> startup_stm32f407xx.o(RESET)
</UL>
<P><STRONG><a name="[45]"></a>DMA2_Stream3_IRQHandler</STRONG> (Thumb, 0 bytes, Stack size 0 bytes, startup_stm32f407xx.o(.text))
<BR>[Address Reference Count : 1]<UL><LI> startup_stm32f407xx.o(RESET)
</UL>
<P><STRONG><a name="[46]"></a>DMA2_Stream4_IRQHandler</STRONG> (Thumb, 0 bytes, Stack size 0 bytes, startup_stm32f407xx.o(.text))
<BR>[Address Reference Count : 1]<UL><LI> startup_stm32f407xx.o(RESET)
</UL>
<P><STRONG><a name="[4e]"></a>DMA2_Stream5_IRQHandler</STRONG> (Thumb, 0 bytes, Stack size 0 bytes, startup_stm32f407xx.o(.text))
<BR>[Address Reference Count : 1]<UL><LI> startup_stm32f407xx.o(RESET)
</UL>
<P><STRONG><a name="[4f]"></a>DMA2_Stream6_IRQHandler</STRONG> (Thumb, 0 bytes, Stack size 0 bytes, startup_stm32f407xx.o(.text))
<BR>[Address Reference Count : 1]<UL><LI> startup_stm32f407xx.o(RESET)
</UL>
<P><STRONG><a name="[50]"></a>DMA2_Stream7_IRQHandler</STRONG> (Thumb, 0 bytes, Stack size 0 bytes, startup_stm32f407xx.o(.text))
<BR>[Address Reference Count : 1]<UL><LI> startup_stm32f407xx.o(RESET)
</UL>
<P><STRONG><a name="[47]"></a>ETH_IRQHandler</STRONG> (Thumb, 0 bytes, Stack size 0 bytes, startup_stm32f407xx.o(.text))
<BR>[Address Reference Count : 1]<UL><LI> startup_stm32f407xx.o(RESET)
</UL>
<P><STRONG><a name="[48]"></a>ETH_WKUP_IRQHandler</STRONG> (Thumb, 0 bytes, Stack size 0 bytes, startup_stm32f407xx.o(.text))
<BR>[Address Reference Count : 1]<UL><LI> startup_stm32f407xx.o(RESET)
</UL>
<P><STRONG><a name="[32]"></a>EXTI15_10_IRQHandler</STRONG> (Thumb, 0 bytes, Stack size 0 bytes, startup_stm32f407xx.o(.text))
<BR>[Address Reference Count : 1]<UL><LI> startup_stm32f407xx.o(RESET)
</UL>
<P><STRONG><a name="[11]"></a>EXTI1_IRQHandler</STRONG> (Thumb, 0 bytes, Stack size 0 bytes, startup_stm32f407xx.o(.text))
<BR>[Address Reference Count : 1]<UL><LI> startup_stm32f407xx.o(RESET)
</UL>
<P><STRONG><a name="[12]"></a>EXTI2_IRQHandler</STRONG> (Thumb, 0 bytes, Stack size 0 bytes, startup_stm32f407xx.o(.text))
<BR>[Address Reference Count : 1]<UL><LI> startup_stm32f407xx.o(RESET)
</UL>
<P><STRONG><a name="[13]"></a>EXTI3_IRQHandler</STRONG> (Thumb, 0 bytes, Stack size 0 bytes, startup_stm32f407xx.o(.text))
<BR>[Address Reference Count : 1]<UL><LI> startup_stm32f407xx.o(RESET)
</UL>
<P><STRONG><a name="[14]"></a>EXTI4_IRQHandler</STRONG> (Thumb, 0 bytes, Stack size 0 bytes, startup_stm32f407xx.o(.text))
<BR>[Address Reference Count : 1]<UL><LI> startup_stm32f407xx.o(RESET)
</UL>
<P><STRONG><a name="[21]"></a>EXTI9_5_IRQHandler</STRONG> (Thumb, 0 bytes, Stack size 0 bytes, startup_stm32f407xx.o(.text))
<BR>[Address Reference Count : 1]<UL><LI> startup_stm32f407xx.o(RESET)
</UL>
<P><STRONG><a name="[e]"></a>FLASH_IRQHandler</STRONG> (Thumb, 0 bytes, Stack size 0 bytes, startup_stm32f407xx.o(.text))
<BR>[Address Reference Count : 1]<UL><LI> startup_stm32f407xx.o(RESET)
</UL>
<P><STRONG><a name="[3a]"></a>FMC_IRQHandler</STRONG> (Thumb, 0 bytes, Stack size 0 bytes, startup_stm32f407xx.o(.text))
<BR>[Address Reference Count : 1]<UL><LI> startup_stm32f407xx.o(RESET)
</UL>
<P><STRONG><a name="[5a]"></a>FPU_IRQHandler</STRONG> (Thumb, 0 bytes, Stack size 0 bytes, startup_stm32f407xx.o(.text))
<BR>[Address Reference Count : 1]<UL><LI> startup_stm32f407xx.o(RESET)
</UL>
<P><STRONG><a name="[59]"></a>HASH_RNG_IRQHandler</STRONG> (Thumb, 0 bytes, Stack size 0 bytes, startup_stm32f407xx.o(.text))
<BR>[Address Reference Count : 1]<UL><LI> startup_stm32f407xx.o(RESET)
</UL>
<P><STRONG><a name="[2a]"></a>I2C1_ER_IRQHandler</STRONG> (Thumb, 0 bytes, Stack size 0 bytes, startup_stm32f407xx.o(.text))
<BR>[Address Reference Count : 1]<UL><LI> startup_stm32f407xx.o(RESET)
</UL>
<P><STRONG><a name="[29]"></a>I2C1_EV_IRQHandler</STRONG> (Thumb, 0 bytes, Stack size 0 bytes, startup_stm32f407xx.o(.text))
<BR>[Address Reference Count : 1]<UL><LI> startup_stm32f407xx.o(RESET)
</UL>
<P><STRONG><a name="[2c]"></a>I2C2_ER_IRQHandler</STRONG> (Thumb, 0 bytes, Stack size 0 bytes, startup_stm32f407xx.o(.text))
<BR>[Address Reference Count : 1]<UL><LI> startup_stm32f407xx.o(RESET)
</UL>
<P><STRONG><a name="[2b]"></a>I2C2_EV_IRQHandler</STRONG> (Thumb, 0 bytes, Stack size 0 bytes, startup_stm32f407xx.o(.text))
<BR>[Address Reference Count : 1]<UL><LI> startup_stm32f407xx.o(RESET)
</UL>
<P><STRONG><a name="[53]"></a>I2C3_ER_IRQHandler</STRONG> (Thumb, 0 bytes, Stack size 0 bytes, startup_stm32f407xx.o(.text))
<BR>[Address Reference Count : 1]<UL><LI> startup_stm32f407xx.o(RESET)
</UL>
<P><STRONG><a name="[52]"></a>I2C3_EV_IRQHandler</STRONG> (Thumb, 0 bytes, Stack size 0 bytes, startup_stm32f407xx.o(.text))
<BR>[Address Reference Count : 1]<UL><LI> startup_stm32f407xx.o(RESET)
</UL>
<P><STRONG><a name="[4d]"></a>OTG_FS_IRQHandler</STRONG> (Thumb, 0 bytes, Stack size 0 bytes, startup_stm32f407xx.o(.text))
<BR>[Address Reference Count : 1]<UL><LI> startup_stm32f407xx.o(RESET)
</UL>
<P><STRONG><a name="[34]"></a>OTG_FS_WKUP_IRQHandler</STRONG> (Thumb, 0 bytes, Stack size 0 bytes, startup_stm32f407xx.o(.text))
<BR>[Address Reference Count : 1]<UL><LI> startup_stm32f407xx.o(RESET)
</UL>
<P><STRONG><a name="[55]"></a>OTG_HS_EP1_IN_IRQHandler</STRONG> (Thumb, 0 bytes, Stack size 0 bytes, startup_stm32f407xx.o(.text))
<BR>[Address Reference Count : 1]<UL><LI> startup_stm32f407xx.o(RESET)
</UL>
<P><STRONG><a name="[54]"></a>OTG_HS_EP1_OUT_IRQHandler</STRONG> (Thumb, 0 bytes, Stack size 0 bytes, startup_stm32f407xx.o(.text))
<BR>[Address Reference Count : 1]<UL><LI> startup_stm32f407xx.o(RESET)
</UL>
<P><STRONG><a name="[57]"></a>OTG_HS_IRQHandler</STRONG> (Thumb, 0 bytes, Stack size 0 bytes, startup_stm32f407xx.o(.text))
<BR>[Address Reference Count : 1]<UL><LI> startup_stm32f407xx.o(RESET)
</UL>
<P><STRONG><a name="[56]"></a>OTG_HS_WKUP_IRQHandler</STRONG> (Thumb, 0 bytes, Stack size 0 bytes, startup_stm32f407xx.o(.text))
<BR>[Address Reference Count : 1]<UL><LI> startup_stm32f407xx.o(RESET)
</UL>
<P><STRONG><a name="[b]"></a>PVD_IRQHandler</STRONG> (Thumb, 0 bytes, Stack size 0 bytes, startup_stm32f407xx.o(.text))
<BR>[Address Reference Count : 1]<UL><LI> startup_stm32f407xx.o(RESET)
</UL>
<P><STRONG><a name="[f]"></a>RCC_IRQHandler</STRONG> (Thumb, 0 bytes, Stack size 0 bytes, startup_stm32f407xx.o(.text))
<BR>[Address Reference Count : 1]<UL><LI> startup_stm32f407xx.o(RESET)
</UL>
<P><STRONG><a name="[33]"></a>RTC_Alarm_IRQHandler</STRONG> (Thumb, 0 bytes, Stack size 0 bytes, startup_stm32f407xx.o(.text))
<BR>[Address Reference Count : 1]<UL><LI> startup_stm32f407xx.o(RESET)
</UL>
<P><STRONG><a name="[d]"></a>RTC_WKUP_IRQHandler</STRONG> (Thumb, 0 bytes, Stack size 0 bytes, startup_stm32f407xx.o(.text))
<BR>[Address Reference Count : 1]<UL><LI> startup_stm32f407xx.o(RESET)
</UL>
<P><STRONG><a name="[3b]"></a>SDIO_IRQHandler</STRONG> (Thumb, 0 bytes, Stack size 0 bytes, startup_stm32f407xx.o(.text))
<BR>[Address Reference Count : 1]<UL><LI> startup_stm32f407xx.o(RESET)
</UL>
<P><STRONG><a name="[2d]"></a>SPI1_IRQHandler</STRONG> (Thumb, 0 bytes, Stack size 0 bytes, startup_stm32f407xx.o(.text))
<BR>[Address Reference Count : 1]<UL><LI> startup_stm32f407xx.o(RESET)
</UL>
<P><STRONG><a name="[2e]"></a>SPI2_IRQHandler</STRONG> (Thumb, 0 bytes, Stack size 0 bytes, startup_stm32f407xx.o(.text))
<BR>[Address Reference Count : 1]<UL><LI> startup_stm32f407xx.o(RESET)
</UL>
<P><STRONG><a name="[3d]"></a>SPI3_IRQHandler</STRONG> (Thumb, 0 bytes, Stack size 0 bytes, startup_stm32f407xx.o(.text))
<BR>[Address Reference Count : 1]<UL><LI> startup_stm32f407xx.o(RESET)
</UL>
<P><STRONG><a name="[c]"></a>TAMP_STAMP_IRQHandler</STRONG> (Thumb, 0 bytes, Stack size 0 bytes, startup_stm32f407xx.o(.text))
<BR>[Address Reference Count : 1]<UL><LI> startup_stm32f407xx.o(RESET)
</UL>
<P><STRONG><a name="[22]"></a>TIM1_BRK_TIM9_IRQHandler</STRONG> (Thumb, 0 bytes, Stack size 0 bytes, startup_stm32f407xx.o(.text))
<BR>[Address Reference Count : 1]<UL><LI> startup_stm32f407xx.o(RESET)
</UL>
<P><STRONG><a name="[25]"></a>TIM1_CC_IRQHandler</STRONG> (Thumb, 0 bytes, Stack size 0 bytes, startup_stm32f407xx.o(.text))
<BR>[Address Reference Count : 1]<UL><LI> startup_stm32f407xx.o(RESET)
</UL>
<P><STRONG><a name="[24]"></a>TIM1_TRG_COM_TIM11_IRQHandler</STRONG> (Thumb, 0 bytes, Stack size 0 bytes, startup_stm32f407xx.o(.text))
<BR>[Address Reference Count : 1]<UL><LI> startup_stm32f407xx.o(RESET)
</UL>
<P><STRONG><a name="[23]"></a>TIM1_UP_TIM10_IRQHandler</STRONG> (Thumb, 0 bytes, Stack size 0 bytes, startup_stm32f407xx.o(.text))
<BR>[Address Reference Count : 1]<UL><LI> startup_stm32f407xx.o(RESET)
</UL>
<P><STRONG><a name="[26]"></a>TIM2_IRQHandler</STRONG> (Thumb, 0 bytes, Stack size 0 bytes, startup_stm32f407xx.o(.text))
<BR>[Address Reference Count : 1]<UL><LI> startup_stm32f407xx.o(RESET)
</UL>
<P><STRONG><a name="[27]"></a>TIM3_IRQHandler</STRONG> (Thumb, 0 bytes, Stack size 0 bytes, startup_stm32f407xx.o(.text))
<BR>[Address Reference Count : 1]<UL><LI> startup_stm32f407xx.o(RESET)
</UL>
<P><STRONG><a name="[28]"></a>TIM4_IRQHandler</STRONG> (Thumb, 0 bytes, Stack size 0 bytes, startup_stm32f407xx.o(.text))
<BR>[Address Reference Count : 1]<UL><LI> startup_stm32f407xx.o(RESET)
</UL>
<P><STRONG><a name="[3c]"></a>TIM5_IRQHandler</STRONG> (Thumb, 0 bytes, Stack size 0 bytes, startup_stm32f407xx.o(.text))
<BR>[Address Reference Count : 1]<UL><LI> startup_stm32f407xx.o(RESET)
</UL>
<P><STRONG><a name="[40]"></a>TIM6_DAC_IRQHandler</STRONG> (Thumb, 0 bytes, Stack size 0 bytes, startup_stm32f407xx.o(.text))
<BR>[Address Reference Count : 1]<UL><LI> startup_stm32f407xx.o(RESET)
</UL>
<P><STRONG><a name="[41]"></a>TIM7_IRQHandler</STRONG> (Thumb, 0 bytes, Stack size 0 bytes, startup_stm32f407xx.o(.text))
<BR>[Address Reference Count : 1]<UL><LI> startup_stm32f407xx.o(RESET)
</UL>
<P><STRONG><a name="[35]"></a>TIM8_BRK_TIM12_IRQHandler</STRONG> (Thumb, 0 bytes, Stack size 0 bytes, startup_stm32f407xx.o(.text))
<BR>[Address Reference Count : 1]<UL><LI> startup_stm32f407xx.o(RESET)
</UL>
<P><STRONG><a name="[38]"></a>TIM8_CC_IRQHandler</STRONG> (Thumb, 0 bytes, Stack size 0 bytes, startup_stm32f407xx.o(.text))
<BR>[Address Reference Count : 1]<UL><LI> startup_stm32f407xx.o(RESET)
</UL>
<P><STRONG><a name="[37]"></a>TIM8_TRG_COM_TIM14_IRQHandler</STRONG> (Thumb, 0 bytes, Stack size 0 bytes, startup_stm32f407xx.o(.text))
<BR>[Address Reference Count : 1]<UL><LI> startup_stm32f407xx.o(RESET)
</UL>
<P><STRONG><a name="[36]"></a>TIM8_UP_TIM13_IRQHandler</STRONG> (Thumb, 0 bytes, Stack size 0 bytes, startup_stm32f407xx.o(.text))
<BR>[Address Reference Count : 1]<UL><LI> startup_stm32f407xx.o(RESET)
</UL>
<P><STRONG><a name="[3e]"></a>UART4_IRQHandler</STRONG> (Thumb, 0 bytes, Stack size 0 bytes, startup_stm32f407xx.o(.text))
<BR>[Address Reference Count : 1]<UL><LI> startup_stm32f407xx.o(RESET)
</UL>
<P><STRONG><a name="[3f]"></a>UART5_IRQHandler</STRONG> (Thumb, 0 bytes, Stack size 0 bytes, startup_stm32f407xx.o(.text))
<BR>[Address Reference Count : 1]<UL><LI> startup_stm32f407xx.o(RESET)
</UL>
<P><STRONG><a name="[2f]"></a>USART1_IRQHandler</STRONG> (Thumb, 0 bytes, Stack size 0 bytes, startup_stm32f407xx.o(.text))
<BR>[Address Reference Count : 1]<UL><LI> startup_stm32f407xx.o(RESET)
</UL>
<P><STRONG><a name="[30]"></a>USART2_IRQHandler</STRONG> (Thumb, 0 bytes, Stack size 0 bytes, startup_stm32f407xx.o(.text))
<BR>[Address Reference Count : 1]<UL><LI> startup_stm32f407xx.o(RESET)
</UL>
<P><STRONG><a name="[31]"></a>USART3_IRQHandler</STRONG> (Thumb, 0 bytes, Stack size 0 bytes, startup_stm32f407xx.o(.text))
<BR>[Address Reference Count : 1]<UL><LI> startup_stm32f407xx.o(RESET)
</UL>
<P><STRONG><a name="[51]"></a>USART6_IRQHandler</STRONG> (Thumb, 0 bytes, Stack size 0 bytes, startup_stm32f407xx.o(.text))
<BR>[Address Reference Count : 1]<UL><LI> startup_stm32f407xx.o(RESET)
</UL>
<P><STRONG><a name="[a]"></a>WWDG_IRQHandler</STRONG> (Thumb, 0 bytes, Stack size 0 bytes, startup_stm32f407xx.o(.text))
<BR>[Address Reference Count : 1]<UL><LI> startup_stm32f407xx.o(RESET)
</UL>
<P><STRONG><a name="[6a]"></a>__user_initial_stackheap</STRONG> (Thumb, 0 bytes, Stack size unknown bytes, startup_stm32f407xx.o(.text))
<BR><BR>[Called By]<UL><LI><a href="#[72]">&gt;&gt;</a>&nbsp;&nbsp;&nbsp;__user_setup_stackheap
</UL>

<P><STRONG><a name="[7c]"></a>malloc</STRONG> (Thumb, 94 bytes, Stack size 16 bytes, h1_alloc.o(.text))
<BR><BR>[Stack]<UL><LI>Max Depth = 48<LI>Call Chain = malloc &rArr; __Heap_Full &rArr; __Heap_ProvideMemory &rArr; free
</UL>
<BR>[Calls]<UL><LI><a href="#[7e]">&gt;&gt;</a>&nbsp;&nbsp;&nbsp;__Heap_Full
<LI><a href="#[7d]">&gt;&gt;</a>&nbsp;&nbsp;&nbsp;__rt_heap_descriptor
</UL>
<BR>[Called By]<UL><LI><a href="#[76]">&gt;&gt;</a>&nbsp;&nbsp;&nbsp;main
</UL>

<P><STRONG><a name="[7f]"></a>free</STRONG> (Thumb, 78 bytes, Stack size 16 bytes, h1_free.o(.text))
<BR><BR>[Stack]<UL><LI>Max Depth = 16<LI>Call Chain = free
</UL>
<BR>[Calls]<UL><LI><a href="#[7d]">&gt;&gt;</a>&nbsp;&nbsp;&nbsp;__rt_heap_descriptor
</UL>
<BR>[Called By]<UL><LI><a href="#[76]">&gt;&gt;</a>&nbsp;&nbsp;&nbsp;main
<LI><a href="#[80]">&gt;&gt;</a>&nbsp;&nbsp;&nbsp;__Heap_ProvideMemory
</UL>

<P><STRONG><a name="[102]"></a>__use_two_region_memory</STRONG> (Thumb, 2 bytes, Stack size 0 bytes, heapauxi.o(.text), UNUSED)

<P><STRONG><a name="[103]"></a>__rt_heap_escrow</STRONG> (Thumb, 2 bytes, Stack size 0 bytes, heapauxi.o(.text), UNUSED)

<P><STRONG><a name="[104]"></a>__rt_heap_expand</STRONG> (Thumb, 2 bytes, Stack size 0 bytes, heapauxi.o(.text), UNUSED)

<P><STRONG><a name="[7d]"></a>__rt_heap_descriptor</STRONG> (Thumb, 8 bytes, Stack size 0 bytes, rt_heap_descriptor_intlibspace.o(.text))
<BR><BR>[Called By]<UL><LI><a href="#[7f]">&gt;&gt;</a>&nbsp;&nbsp;&nbsp;free
<LI><a href="#[7c]">&gt;&gt;</a>&nbsp;&nbsp;&nbsp;malloc
<LI><a href="#[70]">&gt;&gt;</a>&nbsp;&nbsp;&nbsp;_init_alloc
</UL>

<P><STRONG><a name="[105]"></a>__use_no_heap</STRONG> (Thumb, 2 bytes, Stack size 0 bytes, hguard.o(.text), UNUSED)

<P><STRONG><a name="[106]"></a>__heap$guard</STRONG> (Thumb, 2 bytes, Stack size 0 bytes, hguard.o(.text), UNUSED)

<P><STRONG><a name="[107]"></a>_terminate_user_alloc</STRONG> (Thumb, 2 bytes, Stack size 0 bytes, init_alloc.o(.text), UNUSED)

<P><STRONG><a name="[108]"></a>_init_user_alloc</STRONG> (Thumb, 2 bytes, Stack size 0 bytes, init_alloc.o(.text), UNUSED)

<P><STRONG><a name="[7e]"></a>__Heap_Full</STRONG> (Thumb, 34 bytes, Stack size 16 bytes, init_alloc.o(.text))
<BR><BR>[Stack]<UL><LI>Max Depth = 32<LI>Call Chain = __Heap_Full &rArr; __Heap_ProvideMemory &rArr; free
</UL>
<BR>[Calls]<UL><LI><a href="#[80]">&gt;&gt;</a>&nbsp;&nbsp;&nbsp;__Heap_ProvideMemory
</UL>
<BR>[Called By]<UL><LI><a href="#[7c]">&gt;&gt;</a>&nbsp;&nbsp;&nbsp;malloc
</UL>

<P><STRONG><a name="[81]"></a>__Heap_Broken</STRONG> (Thumb, 6 bytes, Stack size 0 bytes, init_alloc.o(.text), UNUSED)
<BR><BR>[Calls]<UL><LI><a href="#[82]">&gt;&gt;</a>&nbsp;&nbsp;&nbsp;__rt_SIGRTMEM
</UL>

<P><STRONG><a name="[70]"></a>_init_alloc</STRONG> (Thumb, 94 bytes, Stack size 24 bytes, init_alloc.o(.text))
<BR><BR>[Stack]<UL><LI>Max Depth = 64<LI>Call Chain = _init_alloc &rArr; __rt_SIGRTMEM &rArr; __rt_SIGRTMEM_inner &rArr; __default_signal_display &rArr; _ttywrch
</UL>
<BR>[Calls]<UL><LI><a href="#[82]">&gt;&gt;</a>&nbsp;&nbsp;&nbsp;__rt_SIGRTMEM
<LI><a href="#[80]">&gt;&gt;</a>&nbsp;&nbsp;&nbsp;__Heap_ProvideMemory
<LI><a href="#[83]">&gt;&gt;</a>&nbsp;&nbsp;&nbsp;__Heap_Initialize
<LI><a href="#[7d]">&gt;&gt;</a>&nbsp;&nbsp;&nbsp;__rt_heap_descriptor
</UL>
<BR>[Called By]<UL><LI><a href="#[6f]">&gt;&gt;</a>&nbsp;&nbsp;&nbsp;__rt_lib_init_heap_2
</UL>

<P><STRONG><a name="[83]"></a>__Heap_Initialize</STRONG> (Thumb, 8 bytes, Stack size 0 bytes, h1_init.o(.text))
<BR><BR>[Called By]<UL><LI><a href="#[70]">&gt;&gt;</a>&nbsp;&nbsp;&nbsp;_init_alloc
</UL>

<P><STRONG><a name="[109]"></a>__Heap_DescSize</STRONG> (Thumb, 4 bytes, Stack size 0 bytes, h1_init.o(.text), UNUSED)

<P><STRONG><a name="[10a]"></a>__user_libspace</STRONG> (Thumb, 8 bytes, Stack size 0 bytes, libspace.o(.text), UNUSED)

<P><STRONG><a name="[86]"></a>__user_perproc_libspace</STRONG> (Thumb, 0 bytes, Stack size 0 bytes, libspace.o(.text))
<BR><BR>[Called By]<UL><LI><a href="#[72]">&gt;&gt;</a>&nbsp;&nbsp;&nbsp;__user_setup_stackheap
</UL>

<P><STRONG><a name="[10b]"></a>__user_perthread_libspace</STRONG> (Thumb, 0 bytes, Stack size 0 bytes, libspace.o(.text), UNUSED)

<P><STRONG><a name="[80]"></a>__Heap_ProvideMemory</STRONG> (Thumb, 52 bytes, Stack size 0 bytes, h1_extend.o(.text))
<BR><BR>[Stack]<UL><LI>Max Depth = 16<LI>Call Chain = __Heap_ProvideMemory &rArr; free
</UL>
<BR>[Calls]<UL><LI><a href="#[7f]">&gt;&gt;</a>&nbsp;&nbsp;&nbsp;free
</UL>
<BR>[Called By]<UL><LI><a href="#[70]">&gt;&gt;</a>&nbsp;&nbsp;&nbsp;_init_alloc
<LI><a href="#[7e]">&gt;&gt;</a>&nbsp;&nbsp;&nbsp;__Heap_Full
</UL>

<P><STRONG><a name="[10c]"></a>_maybe_terminate_alloc</STRONG> (Thumb, 0 bytes, Stack size 0 bytes, maybetermalloc1.o(.text), UNUSED)

<P><STRONG><a name="[82]"></a>__rt_SIGRTMEM</STRONG> (Thumb, 14 bytes, Stack size 8 bytes, defsig_rtmem_outer.o(.text))
<BR><BR>[Stack]<UL><LI>Max Depth = 40<LI>Call Chain = __rt_SIGRTMEM &rArr; __rt_SIGRTMEM_inner &rArr; __default_signal_display &rArr; _ttywrch
</UL>
<BR>[Calls]<UL><LI><a href="#[84]">&gt;&gt;</a>&nbsp;&nbsp;&nbsp;__rt_SIGRTMEM_inner
<LI><a href="#[85]">&gt;&gt;</a>&nbsp;&nbsp;&nbsp;__sig_exit
</UL>
<BR>[Called By]<UL><LI><a href="#[70]">&gt;&gt;</a>&nbsp;&nbsp;&nbsp;_init_alloc
<LI><a href="#[81]">&gt;&gt;</a>&nbsp;&nbsp;&nbsp;__Heap_Broken
</UL>

<P><STRONG><a name="[10d]"></a>__I$use$semihosting</STRONG> (Thumb, 0 bytes, Stack size 0 bytes, use_no_semi.o(.text), UNUSED)

<P><STRONG><a name="[10e]"></a>__use_no_semihosting_swi</STRONG> (Thumb, 2 bytes, Stack size 0 bytes, use_no_semi.o(.text), UNUSED)

<P><STRONG><a name="[10f]"></a>__semihosting_library_function</STRONG> (Thumb, 0 bytes, Stack size 8 bytes, indicate_semi.o(.text), UNUSED)

<P><STRONG><a name="[72]"></a>__user_setup_stackheap</STRONG> (Thumb, 74 bytes, Stack size 8 bytes, sys_stackheap_outer.o(.text))
<BR><BR>[Stack]<UL><LI>Max Depth = 8 + Unknown Stack Size
<LI>Call Chain = __user_setup_stackheap
</UL>
<BR>[Calls]<UL><LI><a href="#[6a]">&gt;&gt;</a>&nbsp;&nbsp;&nbsp;__user_initial_stackheap
<LI><a href="#[86]">&gt;&gt;</a>&nbsp;&nbsp;&nbsp;__user_perproc_libspace
</UL>
<BR>[Called By]<UL><LI><a href="#[71]">&gt;&gt;</a>&nbsp;&nbsp;&nbsp;__rt_entry_sh
</UL>

<P><STRONG><a name="[77]"></a>exit</STRONG> (Thumb, 18 bytes, Stack size 8 bytes, exit.o(.text))
<BR><BR>[Stack]<UL><LI>Max Depth = 8 + Unknown Stack Size
<LI>Call Chain = exit
</UL>
<BR>[Calls]<UL><LI><a href="#[87]">&gt;&gt;</a>&nbsp;&nbsp;&nbsp;__rt_exit
</UL>
<BR>[Called By]<UL><LI><a href="#[75]">&gt;&gt;</a>&nbsp;&nbsp;&nbsp;__rt_entry_main
</UL>

<P><STRONG><a name="[85]"></a>__sig_exit</STRONG> (Thumb, 10 bytes, Stack size 0 bytes, defsig_exit.o(.text))
<BR><BR>[Calls]<UL><LI><a href="#[7b]">&gt;&gt;</a>&nbsp;&nbsp;&nbsp;_sys_exit
</UL>
<BR>[Called By]<UL><LI><a href="#[82]">&gt;&gt;</a>&nbsp;&nbsp;&nbsp;__rt_SIGRTMEM
</UL>

<P><STRONG><a name="[84]"></a>__rt_SIGRTMEM_inner</STRONG> (Thumb, 22 bytes, Stack size 8 bytes, defsig_rtmem_inner.o(.text))
<BR><BR>[Stack]<UL><LI>Max Depth = 32<LI>Call Chain = __rt_SIGRTMEM_inner &rArr; __default_signal_display &rArr; _ttywrch
</UL>
<BR>[Calls]<UL><LI><a href="#[88]">&gt;&gt;</a>&nbsp;&nbsp;&nbsp;__default_signal_display
</UL>
<BR>[Called By]<UL><LI><a href="#[82]">&gt;&gt;</a>&nbsp;&nbsp;&nbsp;__rt_SIGRTMEM
</UL>

<P><STRONG><a name="[7b]"></a>_sys_exit</STRONG> (Thumb, 8 bytes, Stack size 0 bytes, sys_exit.o(.text))
<BR><BR>[Called By]<UL><LI><a href="#[7a]">&gt;&gt;</a>&nbsp;&nbsp;&nbsp;__rt_exit_exit
<LI><a href="#[85]">&gt;&gt;</a>&nbsp;&nbsp;&nbsp;__sig_exit
</UL>

<P><STRONG><a name="[88]"></a>__default_signal_display</STRONG> (Thumb, 50 bytes, Stack size 16 bytes, defsig_general.o(.text))
<BR><BR>[Stack]<UL><LI>Max Depth = 24<LI>Call Chain = __default_signal_display &rArr; _ttywrch
</UL>
<BR>[Calls]<UL><LI><a href="#[89]">&gt;&gt;</a>&nbsp;&nbsp;&nbsp;_ttywrch
</UL>
<BR>[Called By]<UL><LI><a href="#[84]">&gt;&gt;</a>&nbsp;&nbsp;&nbsp;__rt_SIGRTMEM_inner
</UL>

<P><STRONG><a name="[89]"></a>_ttywrch</STRONG> (Thumb, 14 bytes, Stack size 8 bytes, sys_wrch.o(.text))
<BR><BR>[Stack]<UL><LI>Max Depth = 8<LI>Call Chain = _ttywrch
</UL>
<BR>[Called By]<UL><LI><a href="#[88]">&gt;&gt;</a>&nbsp;&nbsp;&nbsp;__default_signal_display
</UL>

<P><STRONG><a name="[8a]"></a>BSP_init</STRONG> (Thumb, 256 bytes, Stack size 8 bytes, bsp.o(.text.BSP_init))
<BR><BR>[Stack]<UL><LI>Max Depth = 64<LI>Call Chain = BSP_init &rArr; QXMutex_init &rArr; QActive_register_ &rArr; Q_onError
</UL>
<BR>[Calls]<UL><LI><a href="#[8b]">&gt;&gt;</a>&nbsp;&nbsp;&nbsp;QXMutex_init
</UL>
<BR>[Called By]<UL><LI><a href="#[76]">&gt;&gt;</a>&nbsp;&nbsp;&nbsp;main
</UL>

<P><STRONG><a name="[8f]"></a>BSP_ledGreenOff</STRONG> (Thumb, 16 bytes, Stack size 0 bytes, bsp.o(.text.BSP_ledGreenOff))
<BR><BR>[Called By]<UL><LI><a href="#[8c]">&gt;&gt;</a>&nbsp;&nbsp;&nbsp;BSP_sendMorseCode
</UL>

<P><STRONG><a name="[8e]"></a>BSP_ledGreenOn</STRONG> (Thumb, 16 bytes, Stack size 0 bytes, bsp.o(.text.BSP_ledGreenOn))
<BR><BR>[Called By]<UL><LI><a href="#[8c]">&gt;&gt;</a>&nbsp;&nbsp;&nbsp;BSP_sendMorseCode
</UL>

<P><STRONG><a name="[dc]"></a>BSP_ledOrangeToggle</STRONG> (Thumb, 48 bytes, Stack size 4 bytes, bsp.o(.text.BSP_ledOrangeToggle))
<BR><BR>[Stack]<UL><LI>Max Depth = 4<LI>Call Chain = BSP_ledOrangeToggle
</UL>
<BR>[Called By]<UL><LI><a href="#[62]">&gt;&gt;</a>&nbsp;&nbsp;&nbsp;main_blinky2
</UL>

<P><STRONG><a name="[8c]"></a>BSP_sendMorseCode</STRONG> (Thumb, 128 bytes, Stack size 16 bytes, bsp.o(.text.BSP_sendMorseCode))
<BR><BR>[Stack]<UL><LI>Max Depth = 168<LI>Call Chain = BSP_sendMorseCode &rArr; QXMutex_unlock &rArr; QXK_activate_ &rArr; QF_gc &rArr; QMPool_put &rArr; Q_onError
</UL>
<BR>[Calls]<UL><LI><a href="#[90]">&gt;&gt;</a>&nbsp;&nbsp;&nbsp;QXMutex_unlock
<LI><a href="#[8d]">&gt;&gt;</a>&nbsp;&nbsp;&nbsp;QXMutex_lock
<LI><a href="#[8f]">&gt;&gt;</a>&nbsp;&nbsp;&nbsp;BSP_ledGreenOff
<LI><a href="#[8e]">&gt;&gt;</a>&nbsp;&nbsp;&nbsp;BSP_ledGreenOn
</UL>
<BR>[Called By]<UL><LI><a href="#[63]">&gt;&gt;</a>&nbsp;&nbsp;&nbsp;main_blinky3
<LI><a href="#[61]">&gt;&gt;</a>&nbsp;&nbsp;&nbsp;main_blinky1
</UL>

<P><STRONG><a name="[10]"></a>EXTI0_IRQHandler</STRONG> (Thumb, 98 bytes, Stack size 8 bytes, bsp.o(.text.EXTI0_IRQHandler))
<BR><BR>[Stack]<UL><LI>Max Depth = 80<LI>Call Chain = EXTI0_IRQHandler &rArr; QXSemaphore_signal &rArr; QXK_sched_ &rArr; QPSet_hasElement
</UL>
<BR>[Calls]<UL><LI><a href="#[91]">&gt;&gt;</a>&nbsp;&nbsp;&nbsp;QXSemaphore_signal
<LI><a href="#[92]">&gt;&gt;</a>&nbsp;&nbsp;&nbsp;QXK_sched_
</UL>
<BR>[Address Reference Count : 1]<UL><LI> startup_stm32f407xx.o(RESET)
</UL>
<P><STRONG><a name="[1]"></a>NMI_Handler</STRONG> (Thumb, 10 bytes, Stack size 0 bytes, qxk_port.o(.text.NMI_Handler))
<BR>[Address Reference Count : 1]<UL><LI> startup_stm32f407xx.o(RESET)
</UL>
<P><STRONG><a name="[8]"></a>PendSV_Handler</STRONG> (Thumb, 162 bytes, Stack size 0 bytes, qxk_port.o(.text.PendSV_Handler))
<BR>[Address Reference Count : 1]<UL><LI> startup_stm32f407xx.o(RESET)
</UL>
<P><STRONG><a name="[93]"></a>QActive_ctor</STRONG> (Thumb, 40 bytes, Stack size 16 bytes, qf_qact.o(.text.QActive_ctor))
<BR><BR>[Stack]<UL><LI>Max Depth = 32<LI>Call Chain = QActive_ctor &rArr; QF_bzero_
</UL>
<BR>[Calls]<UL><LI><a href="#[94]">&gt;&gt;</a>&nbsp;&nbsp;&nbsp;QF_bzero_
<LI><a href="#[95]">&gt;&gt;</a>&nbsp;&nbsp;&nbsp;QHsm_ctor
</UL>
<BR>[Called By]<UL><LI><a href="#[d1]">&gt;&gt;</a>&nbsp;&nbsp;&nbsp;QXThread_ctor
</UL>

<P><STRONG><a name="[96]"></a>QActive_get_</STRONG> (Thumb, 184 bytes, Stack size 24 bytes, qf_actq.o(.text.QActive_get_))
<BR><BR>[Stack]<UL><LI>Max Depth = 32<LI>Call Chain = QActive_get_ &rArr; Q_onError
</UL>
<BR>[Calls]<UL><LI><a href="#[97]">&gt;&gt;</a>&nbsp;&nbsp;&nbsp;Q_onError
</UL>
<BR>[Called By]<UL><LI><a href="#[5d]">&gt;&gt;</a>&nbsp;&nbsp;&nbsp;QXK_activate_
</UL>

<P><STRONG><a name="[98]"></a>QActive_post_</STRONG> (Thumb, 466 bytes, Stack size 56 bytes, qf_actq.o(.text.QActive_post_))
<BR><BR>[Stack]<UL><LI>Max Depth = 160<LI>Call Chain = QActive_post_ &rArr; QXK_activate_ &rArr; QF_gc &rArr; QMPool_put &rArr; Q_onError
</UL>
<BR>[Calls]<UL><LI><a href="#[9f]">&gt;&gt;</a>&nbsp;&nbsp;&nbsp;QF_gc
<LI><a href="#[9c]">&gt;&gt;</a>&nbsp;&nbsp;&nbsp;QXThread_teDisarm_
<LI><a href="#[9e]">&gt;&gt;</a>&nbsp;&nbsp;&nbsp;QPSet_update_
<LI><a href="#[9d]">&gt;&gt;</a>&nbsp;&nbsp;&nbsp;QPSet_insert
<LI><a href="#[9b]">&gt;&gt;</a>&nbsp;&nbsp;&nbsp;QEvt_refCtr_inc_
<LI><a href="#[9a]">&gt;&gt;</a>&nbsp;&nbsp;&nbsp;QEvt_getPoolId_
<LI><a href="#[99]">&gt;&gt;</a>&nbsp;&nbsp;&nbsp;QEvt_verify_
<LI><a href="#[5d]">&gt;&gt;</a>&nbsp;&nbsp;&nbsp;QXK_activate_
<LI><a href="#[92]">&gt;&gt;</a>&nbsp;&nbsp;&nbsp;QXK_sched_
<LI><a href="#[97]">&gt;&gt;</a>&nbsp;&nbsp;&nbsp;Q_onError
</UL>
<BR>[Called By]<UL><LI><a href="#[b7]">&gt;&gt;</a>&nbsp;&nbsp;&nbsp;QTimeEvt_tick_
</UL>

<P><STRONG><a name="[a0]"></a>QActive_register_</STRONG> (Thumb, 362 bytes, Stack size 24 bytes, qf_qact.o(.text.QActive_register_))
<BR><BR>[Stack]<UL><LI>Max Depth = 32<LI>Call Chain = QActive_register_ &rArr; Q_onError
</UL>
<BR>[Calls]<UL><LI><a href="#[97]">&gt;&gt;</a>&nbsp;&nbsp;&nbsp;Q_onError
</UL>
<BR>[Called By]<UL><LI><a href="#[8b]">&gt;&gt;</a>&nbsp;&nbsp;&nbsp;QXMutex_init
<LI><a href="#[a1]">&gt;&gt;</a>&nbsp;&nbsp;&nbsp;QActive_start_
</UL>

<P><STRONG><a name="[a1]"></a>QActive_start_</STRONG> (Thumb, 338 bytes, Stack size 40 bytes, qxk.o(.text.QActive_start_))
<BR><BR>[Stack]<UL><LI>Max Depth = 144<LI>Call Chain = QActive_start_ &rArr; QXK_activate_ &rArr; QF_gc &rArr; QMPool_put &rArr; Q_onError
</UL>
<BR>[Calls]<UL><LI><a href="#[a4]">&gt;&gt;</a>&nbsp;&nbsp;&nbsp;QPSet_insert
<LI><a href="#[a5]">&gt;&gt;</a>&nbsp;&nbsp;&nbsp;QPSet_update_
<LI><a href="#[a2]">&gt;&gt;</a>&nbsp;&nbsp;&nbsp;QEQueue_init
<LI><a href="#[a0]">&gt;&gt;</a>&nbsp;&nbsp;&nbsp;QActive_register_
<LI><a href="#[5d]">&gt;&gt;</a>&nbsp;&nbsp;&nbsp;QXK_activate_
<LI><a href="#[a3]">&gt;&gt;</a>&nbsp;&nbsp;&nbsp;QXThread_stackInit_
<LI><a href="#[92]">&gt;&gt;</a>&nbsp;&nbsp;&nbsp;QXK_sched_
<LI><a href="#[97]">&gt;&gt;</a>&nbsp;&nbsp;&nbsp;Q_onError
</UL>
<BR>[Called By]<UL><LI><a href="#[76]">&gt;&gt;</a>&nbsp;&nbsp;&nbsp;main
</UL>

<P><STRONG><a name="[a2]"></a>QEQueue_init</STRONG> (Thumb, 64 bytes, Stack size 12 bytes, qf_qeq.o(.text.QEQueue_init))
<BR><BR>[Stack]<UL><LI>Max Depth = 12<LI>Call Chain = QEQueue_init
</UL>
<BR>[Called By]<UL><LI><a href="#[a1]">&gt;&gt;</a>&nbsp;&nbsp;&nbsp;QActive_start_
</UL>

<P><STRONG><a name="[94]"></a>QF_bzero_</STRONG> (Thumb, 48 bytes, Stack size 16 bytes, qf_act.o(.text.QF_bzero_))
<BR><BR>[Stack]<UL><LI>Max Depth = 16<LI>Call Chain = QF_bzero_
</UL>
<BR>[Called By]<UL><LI><a href="#[93]">&gt;&gt;</a>&nbsp;&nbsp;&nbsp;QActive_ctor
<LI><a href="#[aa]">&gt;&gt;</a>&nbsp;&nbsp;&nbsp;QF_init
</UL>

<P><STRONG><a name="[9f]"></a>QF_gc</STRONG> (Thumb, 186 bytes, Stack size 24 bytes, qf_dyn.o(.text.QF_gc))
<BR><BR>[Stack]<UL><LI>Max Depth = 64<LI>Call Chain = QF_gc &rArr; QMPool_put &rArr; Q_onError
</UL>
<BR>[Calls]<UL><LI><a href="#[a9]">&gt;&gt;</a>&nbsp;&nbsp;&nbsp;QMPool_put
<LI><a href="#[a8]">&gt;&gt;</a>&nbsp;&nbsp;&nbsp;QEvt_refCtr_dec_
<LI><a href="#[a7]">&gt;&gt;</a>&nbsp;&nbsp;&nbsp;QEvt_getPoolId_
<LI><a href="#[a6]">&gt;&gt;</a>&nbsp;&nbsp;&nbsp;QEvt_verify_
<LI><a href="#[97]">&gt;&gt;</a>&nbsp;&nbsp;&nbsp;Q_onError
</UL>
<BR>[Called By]<UL><LI><a href="#[98]">&gt;&gt;</a>&nbsp;&nbsp;&nbsp;QActive_post_
<LI><a href="#[5d]">&gt;&gt;</a>&nbsp;&nbsp;&nbsp;QXK_activate_
</UL>

<P><STRONG><a name="[aa]"></a>QF_init</STRONG> (Thumb, 106 bytes, Stack size 16 bytes, qxk.o(.text.QF_init))
<BR><BR>[Stack]<UL><LI>Max Depth = 32<LI>Call Chain = QF_init &rArr; QF_bzero_
</UL>
<BR>[Calls]<UL><LI><a href="#[a5]">&gt;&gt;</a>&nbsp;&nbsp;&nbsp;QPSet_update_
<LI><a href="#[94]">&gt;&gt;</a>&nbsp;&nbsp;&nbsp;QF_bzero_
<LI><a href="#[ab]">&gt;&gt;</a>&nbsp;&nbsp;&nbsp;QXK_init
</UL>
<BR>[Called By]<UL><LI><a href="#[76]">&gt;&gt;</a>&nbsp;&nbsp;&nbsp;main
</UL>

<P><STRONG><a name="[ac]"></a>QF_onStartup</STRONG> (Thumb, 68 bytes, Stack size 16 bytes, bsp.o(.text.QF_onStartup))
<BR><BR>[Stack]<UL><LI>Max Depth = 40<LI>Call Chain = QF_onStartup &rArr; SystemCoreClockUpdate
</UL>
<BR>[Calls]<UL><LI><a href="#[ad]">&gt;&gt;</a>&nbsp;&nbsp;&nbsp;SystemCoreClockUpdate
<LI><a href="#[b0]">&gt;&gt;</a>&nbsp;&nbsp;&nbsp;__NVIC_EnableIRQ
<LI><a href="#[af]">&gt;&gt;</a>&nbsp;&nbsp;&nbsp;__NVIC_SetPriority
<LI><a href="#[ae]">&gt;&gt;</a>&nbsp;&nbsp;&nbsp;SysTick_Config
</UL>
<BR>[Called By]<UL><LI><a href="#[b1]">&gt;&gt;</a>&nbsp;&nbsp;&nbsp;QF_run
</UL>

<P><STRONG><a name="[b1]"></a>QF_run</STRONG> (Thumb, 56 bytes, Stack size 8 bytes, qxk.o(.text.QF_run))
<BR><BR>[Stack]<UL><LI>Max Depth = 112<LI>Call Chain = QF_run &rArr; QXK_activate_ &rArr; QF_gc &rArr; QMPool_put &rArr; Q_onError
</UL>
<BR>[Calls]<UL><LI><a href="#[5d]">&gt;&gt;</a>&nbsp;&nbsp;&nbsp;QXK_activate_
<LI><a href="#[b2]">&gt;&gt;</a>&nbsp;&nbsp;&nbsp;QXK_onIdle
<LI><a href="#[ac]">&gt;&gt;</a>&nbsp;&nbsp;&nbsp;QF_onStartup
<LI><a href="#[92]">&gt;&gt;</a>&nbsp;&nbsp;&nbsp;QXK_sched_
</UL>
<BR>[Called By]<UL><LI><a href="#[76]">&gt;&gt;</a>&nbsp;&nbsp;&nbsp;main
</UL>

<P><STRONG><a name="[95]"></a>QHsm_ctor</STRONG> (Thumb, 40 bytes, Stack size 8 bytes, qep_hsm.o(.text.QHsm_ctor))
<BR><BR>[Stack]<UL><LI>Max Depth = 8<LI>Call Chain = QHsm_ctor
</UL>
<BR>[Called By]<UL><LI><a href="#[93]">&gt;&gt;</a>&nbsp;&nbsp;&nbsp;QActive_ctor
</UL>

<P><STRONG><a name="[65]"></a>QHsm_dispatch_</STRONG> (Thumb, 568 bytes, Stack size 64 bytes, qep_hsm.o(.text.QHsm_dispatch_))
<BR><BR>[Stack]<UL><LI>Max Depth = 120<LI>Call Chain = QHsm_dispatch_ &rArr; QHsm_tran_ &rArr; Q_onError
</UL>
<BR>[Calls]<UL><LI><a href="#[b4]">&gt;&gt;</a>&nbsp;&nbsp;&nbsp;QHsm_tran_
<LI><a href="#[b3]">&gt;&gt;</a>&nbsp;&nbsp;&nbsp;QEvt_verify_
<LI><a href="#[97]">&gt;&gt;</a>&nbsp;&nbsp;&nbsp;Q_onError
</UL>
<BR>[Address Reference Count : 2]<UL><LI> qep_hsm.o(.rodata.QHsm_ctor.vtable)
<LI> qf_qact.o(.rodata.QActive_ctor.vtable)
</UL>
<P><STRONG><a name="[64]"></a>QHsm_init_</STRONG> (Thumb, 390 bytes, Stack size 64 bytes, qep_hsm.o(.text.QHsm_init_))
<BR><BR>[Stack]<UL><LI>Max Depth = 72<LI>Call Chain = QHsm_init_ &rArr; Q_onError
</UL>
<BR>[Calls]<UL><LI><a href="#[97]">&gt;&gt;</a>&nbsp;&nbsp;&nbsp;Q_onError
</UL>
<BR>[Address Reference Count : 2]<UL><LI> qep_hsm.o(.rodata.QHsm_ctor.vtable)
<LI> qf_qact.o(.rodata.QActive_ctor.vtable)
</UL>
<P><STRONG><a name="[5f]"></a>QHsm_top</STRONG> (Thumb, 12 bytes, Stack size 8 bytes, qep_hsm.o(.text.QHsm_top))
<BR><BR>[Stack]<UL><LI>Max Depth = 8<LI>Call Chain = QHsm_top
</UL>
<BR>[Address Reference Count : 2]<UL><LI> qep_hsm.o(.text.QHsm_init_)
<LI> qep_hsm.o(.text.QHsm_ctor)
</UL>
<P><STRONG><a name="[b4]"></a>QHsm_tran_</STRONG> (Thumb, 682 bytes, Stack size 48 bytes, qep_hsm.o(.text.QHsm_tran_))
<BR><BR>[Stack]<UL><LI>Max Depth = 56<LI>Call Chain = QHsm_tran_ &rArr; Q_onError
</UL>
<BR>[Calls]<UL><LI><a href="#[97]">&gt;&gt;</a>&nbsp;&nbsp;&nbsp;Q_onError
</UL>
<BR>[Called By]<UL><LI><a href="#[65]">&gt;&gt;</a>&nbsp;&nbsp;&nbsp;QHsm_dispatch_
</UL>

<P><STRONG><a name="[a9]"></a>QMPool_put</STRONG> (Thumb, 128 bytes, Stack size 32 bytes, qf_mem.o(.text.QMPool_put))
<BR><BR>[Stack]<UL><LI>Max Depth = 40<LI>Call Chain = QMPool_put &rArr; Q_onError
</UL>
<BR>[Calls]<UL><LI><a href="#[97]">&gt;&gt;</a>&nbsp;&nbsp;&nbsp;Q_onError
</UL>
<BR>[Called By]<UL><LI><a href="#[9f]">&gt;&gt;</a>&nbsp;&nbsp;&nbsp;QF_gc
</UL>

<P><STRONG><a name="[b5]"></a>QTimeEvt_ctorX</STRONG> (Thumb, 106 bytes, Stack size 32 bytes, qf_time.o(.text.QTimeEvt_ctorX))
<BR><BR>[Stack]<UL><LI>Max Depth = 40<LI>Call Chain = QTimeEvt_ctorX &rArr; QEvt_ctor
</UL>
<BR>[Calls]<UL><LI><a href="#[b6]">&gt;&gt;</a>&nbsp;&nbsp;&nbsp;QEvt_ctor
<LI><a href="#[97]">&gt;&gt;</a>&nbsp;&nbsp;&nbsp;Q_onError
</UL>
<BR>[Called By]<UL><LI><a href="#[d1]">&gt;&gt;</a>&nbsp;&nbsp;&nbsp;QXThread_ctor
</UL>

<P><STRONG><a name="[b7]"></a>QTimeEvt_tick_</STRONG> (Thumb, 350 bytes, Stack size 32 bytes, qf_time.o(.text.QTimeEvt_tick_))
<BR><BR>[Stack]<UL><LI>Max Depth = 192<LI>Call Chain = QTimeEvt_tick_ &rArr; QActive_post_ &rArr; QXK_activate_ &rArr; QF_gc &rArr; QMPool_put &rArr; Q_onError
</UL>
<BR>[Calls]<UL><LI><a href="#[b8]">&gt;&gt;</a>&nbsp;&nbsp;&nbsp;QXThread_timeout_
<LI><a href="#[98]">&gt;&gt;</a>&nbsp;&nbsp;&nbsp;QActive_post_
<LI><a href="#[97]">&gt;&gt;</a>&nbsp;&nbsp;&nbsp;Q_onError
</UL>
<BR>[Called By]<UL><LI><a href="#[9]">&gt;&gt;</a>&nbsp;&nbsp;&nbsp;SysTick_Handler
</UL>

<P><STRONG><a name="[5d]"></a>QXK_activate_</STRONG> (Thumb, 512 bytes, Stack size 40 bytes, qxk.o(.text.QXK_activate_))
<BR><BR>[Stack]<UL><LI>Max Depth = 104<LI>Call Chain = QXK_activate_ &rArr; QF_gc &rArr; QMPool_put &rArr; Q_onError
</UL>
<BR>[Calls]<UL><LI><a href="#[a5]">&gt;&gt;</a>&nbsp;&nbsp;&nbsp;QPSet_update_
<LI><a href="#[ba]">&gt;&gt;</a>&nbsp;&nbsp;&nbsp;QPSet_remove
<LI><a href="#[bd]">&gt;&gt;</a>&nbsp;&nbsp;&nbsp;QPSet_hasElement
<LI><a href="#[bc]">&gt;&gt;</a>&nbsp;&nbsp;&nbsp;QPSet_findMax
<LI><a href="#[bb]">&gt;&gt;</a>&nbsp;&nbsp;&nbsp;QPSet_isEmpty
<LI><a href="#[b9]">&gt;&gt;</a>&nbsp;&nbsp;&nbsp;QPSet_verify_
<LI><a href="#[96]">&gt;&gt;</a>&nbsp;&nbsp;&nbsp;QActive_get_
<LI><a href="#[9f]">&gt;&gt;</a>&nbsp;&nbsp;&nbsp;QF_gc
<LI><a href="#[97]">&gt;&gt;</a>&nbsp;&nbsp;&nbsp;Q_onError
</UL>
<BR>[Called By]<UL><LI><a href="#[98]">&gt;&gt;</a>&nbsp;&nbsp;&nbsp;QActive_post_
<LI><a href="#[90]">&gt;&gt;</a>&nbsp;&nbsp;&nbsp;QXMutex_unlock
<LI><a href="#[b1]">&gt;&gt;</a>&nbsp;&nbsp;&nbsp;QF_run
<LI><a href="#[a1]">&gt;&gt;</a>&nbsp;&nbsp;&nbsp;QActive_start_
</UL>
<BR>[Address Reference Count : 1]<UL><LI> qxk_port.o(.text.PendSV_Handler)
</UL>
<P><STRONG><a name="[ab]"></a>QXK_init</STRONG> (Thumb, 80 bytes, Stack size 4 bytes, qxk_port.o(.text.QXK_init))
<BR><BR>[Stack]<UL><LI>Max Depth = 4<LI>Call Chain = QXK_init
</UL>
<BR>[Called By]<UL><LI><a href="#[aa]">&gt;&gt;</a>&nbsp;&nbsp;&nbsp;QF_init
</UL>

<P><STRONG><a name="[b2]"></a>QXK_onIdle</STRONG> (Thumb, 22 bytes, Stack size 0 bytes, bsp.o(.text.QXK_onIdle))
<BR><BR>[Called By]<UL><LI><a href="#[b1]">&gt;&gt;</a>&nbsp;&nbsp;&nbsp;QF_run
</UL>

<P><STRONG><a name="[92]"></a>QXK_sched_</STRONG> (Thumb, 376 bytes, Stack size 24 bytes, qxk.o(.text.QXK_sched_))
<BR><BR>[Stack]<UL><LI>Max Depth = 32<LI>Call Chain = QXK_sched_ &rArr; QPSet_hasElement
</UL>
<BR>[Calls]<UL><LI><a href="#[bd]">&gt;&gt;</a>&nbsp;&nbsp;&nbsp;QPSet_hasElement
<LI><a href="#[bc]">&gt;&gt;</a>&nbsp;&nbsp;&nbsp;QPSet_findMax
<LI><a href="#[bb]">&gt;&gt;</a>&nbsp;&nbsp;&nbsp;QPSet_isEmpty
<LI><a href="#[b9]">&gt;&gt;</a>&nbsp;&nbsp;&nbsp;QPSet_verify_
<LI><a href="#[97]">&gt;&gt;</a>&nbsp;&nbsp;&nbsp;Q_onError
</UL>
<BR>[Called By]<UL><LI><a href="#[d3]">&gt;&gt;</a>&nbsp;&nbsp;&nbsp;QXThread_unblock_
<LI><a href="#[ce]">&gt;&gt;</a>&nbsp;&nbsp;&nbsp;QXThread_block_
<LI><a href="#[98]">&gt;&gt;</a>&nbsp;&nbsp;&nbsp;QActive_post_
<LI><a href="#[60]">&gt;&gt;</a>&nbsp;&nbsp;&nbsp;QXK_threadExit_
<LI><a href="#[90]">&gt;&gt;</a>&nbsp;&nbsp;&nbsp;QXMutex_unlock
<LI><a href="#[8d]">&gt;&gt;</a>&nbsp;&nbsp;&nbsp;QXMutex_lock
<LI><a href="#[91]">&gt;&gt;</a>&nbsp;&nbsp;&nbsp;QXSemaphore_signal
<LI><a href="#[10]">&gt;&gt;</a>&nbsp;&nbsp;&nbsp;EXTI0_IRQHandler
<LI><a href="#[9]">&gt;&gt;</a>&nbsp;&nbsp;&nbsp;SysTick_Handler
<LI><a href="#[b1]">&gt;&gt;</a>&nbsp;&nbsp;&nbsp;QF_run
<LI><a href="#[a1]">&gt;&gt;</a>&nbsp;&nbsp;&nbsp;QActive_start_
<LI><a href="#[cc]">&gt;&gt;</a>&nbsp;&nbsp;&nbsp;QXSemaphore_wait
</UL>

<P><STRONG><a name="[60]"></a>QXK_threadExit_</STRONG> (Thumb, 180 bytes, Stack size 32 bytes, qxk.o(.text.QXK_threadExit_))
<BR><BR>[Stack]<UL><LI>Max Depth = 64<LI>Call Chain = QXK_threadExit_ &rArr; QXK_sched_ &rArr; QPSet_hasElement
</UL>
<BR>[Calls]<UL><LI><a href="#[a5]">&gt;&gt;</a>&nbsp;&nbsp;&nbsp;QPSet_update_
<LI><a href="#[ba]">&gt;&gt;</a>&nbsp;&nbsp;&nbsp;QPSet_remove
<LI><a href="#[92]">&gt;&gt;</a>&nbsp;&nbsp;&nbsp;QXK_sched_
<LI><a href="#[97]">&gt;&gt;</a>&nbsp;&nbsp;&nbsp;Q_onError
</UL>
<BR>[Address Reference Count : 1]<UL><LI> qxk_port.o(.text.QXThread_stackInit_)
</UL>
<P><STRONG><a name="[5e]"></a>QXK_thread_ret</STRONG> (Thumb, 10 bytes, Stack size 0 bytes, qxk_port.o(.text.QXK_thread_ret))
<BR>[Address Reference Count : 1]<UL><LI> qxk_port.o(.text.PendSV_Handler)
</UL>
<P><STRONG><a name="[8b]"></a>QXMutex_init</STRONG> (Thumb, 98 bytes, Stack size 24 bytes, qxk_mutex.o(.text.QXMutex_init))
<BR><BR>[Stack]<UL><LI>Max Depth = 56<LI>Call Chain = QXMutex_init &rArr; QActive_register_ &rArr; Q_onError
</UL>
<BR>[Calls]<UL><LI><a href="#[a0]">&gt;&gt;</a>&nbsp;&nbsp;&nbsp;QActive_register_
<LI><a href="#[97]">&gt;&gt;</a>&nbsp;&nbsp;&nbsp;Q_onError
</UL>
<BR>[Called By]<UL><LI><a href="#[8a]">&gt;&gt;</a>&nbsp;&nbsp;&nbsp;BSP_init
</UL>

<P><STRONG><a name="[8d]"></a>QXMutex_lock</STRONG> (Thumb, 700 bytes, Stack size 56 bytes, qxk_mutex.o(.text.QXMutex_lock))
<BR><BR>[Stack]<UL><LI>Max Depth = 88<LI>Call Chain = QXMutex_lock &rArr; QXThread_teArm_ &rArr; Q_onError
</UL>
<BR>[Calls]<UL><LI><a href="#[c2]">&gt;&gt;</a>&nbsp;&nbsp;&nbsp;QPSet_hasElement
<LI><a href="#[c0]">&gt;&gt;</a>&nbsp;&nbsp;&nbsp;QPSet_update_
<LI><a href="#[bf]">&gt;&gt;</a>&nbsp;&nbsp;&nbsp;QPSet_insert
<LI><a href="#[be]">&gt;&gt;</a>&nbsp;&nbsp;&nbsp;QPSet_remove
<LI><a href="#[c1]">&gt;&gt;</a>&nbsp;&nbsp;&nbsp;QXThread_teArm_
<LI><a href="#[92]">&gt;&gt;</a>&nbsp;&nbsp;&nbsp;QXK_sched_
<LI><a href="#[97]">&gt;&gt;</a>&nbsp;&nbsp;&nbsp;Q_onError
</UL>
<BR>[Called By]<UL><LI><a href="#[8c]">&gt;&gt;</a>&nbsp;&nbsp;&nbsp;BSP_sendMorseCode
</UL>

<P><STRONG><a name="[90]"></a>QXMutex_unlock</STRONG> (Thumb, 618 bytes, Stack size 48 bytes, qxk_mutex.o(.text.QXMutex_unlock))
<BR><BR>[Stack]<UL><LI>Max Depth = 152<LI>Call Chain = QXMutex_unlock &rArr; QXK_activate_ &rArr; QF_gc &rArr; QMPool_put &rArr; Q_onError
</UL>
<BR>[Calls]<UL><LI><a href="#[c4]">&gt;&gt;</a>&nbsp;&nbsp;&nbsp;QPSet_findMax
<LI><a href="#[c3]">&gt;&gt;</a>&nbsp;&nbsp;&nbsp;QPSet_notEmpty
<LI><a href="#[c0]">&gt;&gt;</a>&nbsp;&nbsp;&nbsp;QPSet_update_
<LI><a href="#[bf]">&gt;&gt;</a>&nbsp;&nbsp;&nbsp;QPSet_insert
<LI><a href="#[be]">&gt;&gt;</a>&nbsp;&nbsp;&nbsp;QPSet_remove
<LI><a href="#[9c]">&gt;&gt;</a>&nbsp;&nbsp;&nbsp;QXThread_teDisarm_
<LI><a href="#[5d]">&gt;&gt;</a>&nbsp;&nbsp;&nbsp;QXK_activate_
<LI><a href="#[92]">&gt;&gt;</a>&nbsp;&nbsp;&nbsp;QXK_sched_
<LI><a href="#[97]">&gt;&gt;</a>&nbsp;&nbsp;&nbsp;Q_onError
</UL>
<BR>[Called By]<UL><LI><a href="#[8c]">&gt;&gt;</a>&nbsp;&nbsp;&nbsp;BSP_sendMorseCode
</UL>

<P><STRONG><a name="[c5]"></a>QXSemaphore_init</STRONG> (Thumb, 98 bytes, Stack size 24 bytes, qxk_sema.o(.text.QXSemaphore_init))
<BR><BR>[Stack]<UL><LI>Max Depth = 32<LI>Call Chain = QXSemaphore_init &rArr; Q_onError
</UL>
<BR>[Calls]<UL><LI><a href="#[c6]">&gt;&gt;</a>&nbsp;&nbsp;&nbsp;QPSet_setEmpty
<LI><a href="#[97]">&gt;&gt;</a>&nbsp;&nbsp;&nbsp;Q_onError
</UL>
<BR>[Called By]<UL><LI><a href="#[76]">&gt;&gt;</a>&nbsp;&nbsp;&nbsp;main
</UL>

<P><STRONG><a name="[91]"></a>QXSemaphore_signal</STRONG> (Thumb, 254 bytes, Stack size 40 bytes, qxk_sema.o(.text.QXSemaphore_signal))
<BR><BR>[Stack]<UL><LI>Max Depth = 72<LI>Call Chain = QXSemaphore_signal &rArr; QXK_sched_ &rArr; QPSet_hasElement
</UL>
<BR>[Calls]<UL><LI><a href="#[c8]">&gt;&gt;</a>&nbsp;&nbsp;&nbsp;QPSet_findMax
<LI><a href="#[c7]">&gt;&gt;</a>&nbsp;&nbsp;&nbsp;QPSet_notEmpty
<LI><a href="#[c9]">&gt;&gt;</a>&nbsp;&nbsp;&nbsp;QPSet_insert
<LI><a href="#[ca]">&gt;&gt;</a>&nbsp;&nbsp;&nbsp;QPSet_update_
<LI><a href="#[cb]">&gt;&gt;</a>&nbsp;&nbsp;&nbsp;QPSet_remove
<LI><a href="#[9c]">&gt;&gt;</a>&nbsp;&nbsp;&nbsp;QXThread_teDisarm_
<LI><a href="#[92]">&gt;&gt;</a>&nbsp;&nbsp;&nbsp;QXK_sched_
<LI><a href="#[97]">&gt;&gt;</a>&nbsp;&nbsp;&nbsp;Q_onError
</UL>
<BR>[Called By]<UL><LI><a href="#[10]">&gt;&gt;</a>&nbsp;&nbsp;&nbsp;EXTI0_IRQHandler
</UL>

<P><STRONG><a name="[cc]"></a>QXSemaphore_wait</STRONG> (Thumb, 370 bytes, Stack size 48 bytes, qxk_sema.o(.text.QXSemaphore_wait))
<BR><BR>[Stack]<UL><LI>Max Depth = 80<LI>Call Chain = QXSemaphore_wait &rArr; QXThread_teArm_ &rArr; Q_onError
</UL>
<BR>[Calls]<UL><LI><a href="#[cd]">&gt;&gt;</a>&nbsp;&nbsp;&nbsp;QPSet_hasElement
<LI><a href="#[c9]">&gt;&gt;</a>&nbsp;&nbsp;&nbsp;QPSet_insert
<LI><a href="#[ca]">&gt;&gt;</a>&nbsp;&nbsp;&nbsp;QPSet_update_
<LI><a href="#[cb]">&gt;&gt;</a>&nbsp;&nbsp;&nbsp;QPSet_remove
<LI><a href="#[c1]">&gt;&gt;</a>&nbsp;&nbsp;&nbsp;QXThread_teArm_
<LI><a href="#[92]">&gt;&gt;</a>&nbsp;&nbsp;&nbsp;QXK_sched_
<LI><a href="#[97]">&gt;&gt;</a>&nbsp;&nbsp;&nbsp;Q_onError
</UL>
<BR>[Called By]<UL><LI><a href="#[62]">&gt;&gt;</a>&nbsp;&nbsp;&nbsp;main_blinky2
</UL>

<P><STRONG><a name="[ce]"></a>QXThread_block_</STRONG> (Thumb, 88 bytes, Stack size 24 bytes, qxk_xthr.o(.text.QXThread_block_))
<BR><BR>[Stack]<UL><LI>Max Depth = 56<LI>Call Chain = QXThread_block_ &rArr; QXK_sched_ &rArr; QPSet_hasElement
</UL>
<BR>[Calls]<UL><LI><a href="#[d0]">&gt;&gt;</a>&nbsp;&nbsp;&nbsp;QPSet_update_
<LI><a href="#[cf]">&gt;&gt;</a>&nbsp;&nbsp;&nbsp;QPSet_remove
<LI><a href="#[92]">&gt;&gt;</a>&nbsp;&nbsp;&nbsp;QXK_sched_
<LI><a href="#[97]">&gt;&gt;</a>&nbsp;&nbsp;&nbsp;Q_onError
</UL>
<BR>[Called By]<UL><LI><a href="#[d2]">&gt;&gt;</a>&nbsp;&nbsp;&nbsp;QXThread_delay
</UL>

<P><STRONG><a name="[d1]"></a>QXThread_ctor</STRONG> (Thumb, 46 bytes, Stack size 24 bytes, qxk_xthr.o(.text.QXThread_ctor))
<BR><BR>[Stack]<UL><LI>Max Depth = 64<LI>Call Chain = QXThread_ctor &rArr; QTimeEvt_ctorX &rArr; QEvt_ctor
</UL>
<BR>[Calls]<UL><LI><a href="#[b5]">&gt;&gt;</a>&nbsp;&nbsp;&nbsp;QTimeEvt_ctorX
<LI><a href="#[93]">&gt;&gt;</a>&nbsp;&nbsp;&nbsp;QActive_ctor
</UL>
<BR>[Called By]<UL><LI><a href="#[76]">&gt;&gt;</a>&nbsp;&nbsp;&nbsp;main
</UL>

<P><STRONG><a name="[d2]"></a>QXThread_delay</STRONG> (Thumb, 238 bytes, Stack size 24 bytes, qxk_xthr.o(.text.QXThread_delay))
<BR><BR>[Stack]<UL><LI>Max Depth = 80<LI>Call Chain = QXThread_delay &rArr; QXThread_block_ &rArr; QXK_sched_ &rArr; QPSet_hasElement
</UL>
<BR>[Calls]<UL><LI><a href="#[ce]">&gt;&gt;</a>&nbsp;&nbsp;&nbsp;QXThread_block_
<LI><a href="#[c1]">&gt;&gt;</a>&nbsp;&nbsp;&nbsp;QXThread_teArm_
<LI><a href="#[97]">&gt;&gt;</a>&nbsp;&nbsp;&nbsp;Q_onError
</UL>
<BR>[Called By]<UL><LI><a href="#[63]">&gt;&gt;</a>&nbsp;&nbsp;&nbsp;main_blinky3
<LI><a href="#[61]">&gt;&gt;</a>&nbsp;&nbsp;&nbsp;main_blinky1
</UL>

<P><STRONG><a name="[a3]"></a>QXThread_stackInit_</STRONG> (Thumb, 278 bytes, Stack size 24 bytes, qxk_port.o(.text.QXThread_stackInit_))
<BR><BR>[Stack]<UL><LI>Max Depth = 24<LI>Call Chain = QXThread_stackInit_
</UL>
<BR>[Called By]<UL><LI><a href="#[a1]">&gt;&gt;</a>&nbsp;&nbsp;&nbsp;QActive_start_
</UL>

<P><STRONG><a name="[c1]"></a>QXThread_teArm_</STRONG> (Thumb, 172 bytes, Stack size 24 bytes, qxk_xthr.o(.text.QXThread_teArm_))
<BR><BR>[Stack]<UL><LI>Max Depth = 32<LI>Call Chain = QXThread_teArm_ &rArr; Q_onError
</UL>
<BR>[Calls]<UL><LI><a href="#[97]">&gt;&gt;</a>&nbsp;&nbsp;&nbsp;Q_onError
</UL>
<BR>[Called By]<UL><LI><a href="#[8d]">&gt;&gt;</a>&nbsp;&nbsp;&nbsp;QXMutex_lock
<LI><a href="#[cc]">&gt;&gt;</a>&nbsp;&nbsp;&nbsp;QXSemaphore_wait
<LI><a href="#[d2]">&gt;&gt;</a>&nbsp;&nbsp;&nbsp;QXThread_delay
</UL>

<P><STRONG><a name="[9c]"></a>QXThread_teDisarm_</STRONG> (Thumb, 46 bytes, Stack size 8 bytes, qxk_xthr.o(.text.QXThread_teDisarm_))
<BR><BR>[Stack]<UL><LI>Max Depth = 8<LI>Call Chain = QXThread_teDisarm_
</UL>
<BR>[Called By]<UL><LI><a href="#[98]">&gt;&gt;</a>&nbsp;&nbsp;&nbsp;QActive_post_
<LI><a href="#[90]">&gt;&gt;</a>&nbsp;&nbsp;&nbsp;QXMutex_unlock
<LI><a href="#[91]">&gt;&gt;</a>&nbsp;&nbsp;&nbsp;QXSemaphore_signal
</UL>

<P><STRONG><a name="[b8]"></a>QXThread_timeout_</STRONG> (Thumb, 22 bytes, Stack size 16 bytes, qxk_xthr.o(.text.QXThread_timeout_))
<BR><BR>[Stack]<UL><LI>Max Depth = 72<LI>Call Chain = QXThread_timeout_ &rArr; QXThread_unblock_ &rArr; QXK_sched_ &rArr; QPSet_hasElement
</UL>
<BR>[Calls]<UL><LI><a href="#[d3]">&gt;&gt;</a>&nbsp;&nbsp;&nbsp;QXThread_unblock_
</UL>
<BR>[Called By]<UL><LI><a href="#[b7]">&gt;&gt;</a>&nbsp;&nbsp;&nbsp;QTimeEvt_tick_
</UL>

<P><STRONG><a name="[d3]"></a>QXThread_unblock_</STRONG> (Thumb, 76 bytes, Stack size 24 bytes, qxk_xthr.o(.text.QXThread_unblock_))
<BR><BR>[Stack]<UL><LI>Max Depth = 56<LI>Call Chain = QXThread_unblock_ &rArr; QXK_sched_ &rArr; QPSet_hasElement
</UL>
<BR>[Calls]<UL><LI><a href="#[d4]">&gt;&gt;</a>&nbsp;&nbsp;&nbsp;QPSet_insert
<LI><a href="#[d0]">&gt;&gt;</a>&nbsp;&nbsp;&nbsp;QPSet_update_
<LI><a href="#[92]">&gt;&gt;</a>&nbsp;&nbsp;&nbsp;QXK_sched_
</UL>
<BR>[Called By]<UL><LI><a href="#[b8]">&gt;&gt;</a>&nbsp;&nbsp;&nbsp;QXThread_timeout_
</UL>

<P><STRONG><a name="[97]"></a>Q_onError</STRONG> (Thumb, 10 bytes, Stack size 8 bytes, bsp.o(.text.Q_onError))
<BR><BR>[Stack]<UL><LI>Max Depth = 8<LI>Call Chain = Q_onError
</UL>
<BR>[Calls]<UL><LI><a href="#[d5]">&gt;&gt;</a>&nbsp;&nbsp;&nbsp;__NVIC_SystemReset
</UL>
<BR>[Called By]<UL><LI><a href="#[ce]">&gt;&gt;</a>&nbsp;&nbsp;&nbsp;QXThread_block_
<LI><a href="#[c1]">&gt;&gt;</a>&nbsp;&nbsp;&nbsp;QXThread_teArm_
<LI><a href="#[b5]">&gt;&gt;</a>&nbsp;&nbsp;&nbsp;QTimeEvt_ctorX
<LI><a href="#[a0]">&gt;&gt;</a>&nbsp;&nbsp;&nbsp;QActive_register_
<LI><a href="#[a9]">&gt;&gt;</a>&nbsp;&nbsp;&nbsp;QMPool_put
<LI><a href="#[96]">&gt;&gt;</a>&nbsp;&nbsp;&nbsp;QActive_get_
<LI><a href="#[9f]">&gt;&gt;</a>&nbsp;&nbsp;&nbsp;QF_gc
<LI><a href="#[98]">&gt;&gt;</a>&nbsp;&nbsp;&nbsp;QActive_post_
<LI><a href="#[b4]">&gt;&gt;</a>&nbsp;&nbsp;&nbsp;QHsm_tran_
<LI><a href="#[65]">&gt;&gt;</a>&nbsp;&nbsp;&nbsp;QHsm_dispatch_
<LI><a href="#[64]">&gt;&gt;</a>&nbsp;&nbsp;&nbsp;QHsm_init_
<LI><a href="#[5d]">&gt;&gt;</a>&nbsp;&nbsp;&nbsp;QXK_activate_
<LI><a href="#[60]">&gt;&gt;</a>&nbsp;&nbsp;&nbsp;QXK_threadExit_
<LI><a href="#[90]">&gt;&gt;</a>&nbsp;&nbsp;&nbsp;QXMutex_unlock
<LI><a href="#[8d]">&gt;&gt;</a>&nbsp;&nbsp;&nbsp;QXMutex_lock
<LI><a href="#[8b]">&gt;&gt;</a>&nbsp;&nbsp;&nbsp;QXMutex_init
<LI><a href="#[91]">&gt;&gt;</a>&nbsp;&nbsp;&nbsp;QXSemaphore_signal
<LI><a href="#[92]">&gt;&gt;</a>&nbsp;&nbsp;&nbsp;QXK_sched_
<LI><a href="#[b7]">&gt;&gt;</a>&nbsp;&nbsp;&nbsp;QTimeEvt_tick_
<LI><a href="#[a1]">&gt;&gt;</a>&nbsp;&nbsp;&nbsp;QActive_start_
<LI><a href="#[c5]">&gt;&gt;</a>&nbsp;&nbsp;&nbsp;QXSemaphore_init
<LI><a href="#[76]">&gt;&gt;</a>&nbsp;&nbsp;&nbsp;main
<LI><a href="#[cc]">&gt;&gt;</a>&nbsp;&nbsp;&nbsp;QXSemaphore_wait
<LI><a href="#[d2]">&gt;&gt;</a>&nbsp;&nbsp;&nbsp;QXThread_delay
</UL>

<P><STRONG><a name="[67]"></a>Rectangle_area</STRONG> (Thumb, 16 bytes, Stack size 4 bytes, rectangle.o(.text.Rectangle_area))
<BR><BR>[Stack]<UL><LI>Max Depth = 4<LI>Call Chain = Rectangle_area
</UL>
<BR>[Called By]<UL><LI><a href="#[76]">&gt;&gt;</a>&nbsp;&nbsp;&nbsp;main
</UL>
<BR>[Address Reference Count : 1]<UL><LI> rectangle.o(.rodata.Rectangle_ctor.vtable)
</UL>
<P><STRONG><a name="[d6]"></a>Rectangle_ctor</STRONG> (Thumb, 74 bytes, Stack size 24 bytes, rectangle.o(.text.Rectangle_ctor))
<BR><BR>[Stack]<UL><LI>Max Depth = 32<LI>Call Chain = Rectangle_ctor &rArr; Shape_ctor
</UL>
<BR>[Calls]<UL><LI><a href="#[d7]">&gt;&gt;</a>&nbsp;&nbsp;&nbsp;Shape_ctor
</UL>
<BR>[Called By]<UL><LI><a href="#[76]">&gt;&gt;</a>&nbsp;&nbsp;&nbsp;main
</UL>

<P><STRONG><a name="[66]"></a>Rectangle_draw</STRONG> (Thumb, 8 bytes, Stack size 4 bytes, rectangle.o(.text.Rectangle_draw))
<BR><BR>[Stack]<UL><LI>Max Depth = 4<LI>Call Chain = Rectangle_draw
</UL>
<BR>[Called By]<UL><LI><a href="#[76]">&gt;&gt;</a>&nbsp;&nbsp;&nbsp;main
</UL>
<BR>[Address Reference Count : 1]<UL><LI> rectangle.o(.rodata.Rectangle_ctor.vtable)
</UL>
<P><STRONG><a name="[d7]"></a>Shape_ctor</STRONG> (Thumb, 44 bytes, Stack size 8 bytes, shape.o(.text.Shape_ctor))
<BR><BR>[Stack]<UL><LI>Max Depth = 8<LI>Call Chain = Shape_ctor
</UL>
<BR>[Called By]<UL><LI><a href="#[d6]">&gt;&gt;</a>&nbsp;&nbsp;&nbsp;Rectangle_ctor
<LI><a href="#[76]">&gt;&gt;</a>&nbsp;&nbsp;&nbsp;main
</UL>

<P><STRONG><a name="[db]"></a>Shape_distanceFrom</STRONG> (Thumb, 98 bytes, Stack size 12 bytes, shape.o(.text.Shape_distanceFrom))
<BR><BR>[Stack]<UL><LI>Max Depth = 12<LI>Call Chain = Shape_distanceFrom
</UL>
<BR>[Called By]<UL><LI><a href="#[76]">&gt;&gt;</a>&nbsp;&nbsp;&nbsp;main
</UL>

<P><STRONG><a name="[da]"></a>Shape_moveBy</STRONG> (Thumb, 40 bytes, Stack size 8 bytes, shape.o(.text.Shape_moveBy))
<BR><BR>[Stack]<UL><LI>Max Depth = 8<LI>Call Chain = Shape_moveBy
</UL>
<BR>[Called By]<UL><LI><a href="#[76]">&gt;&gt;</a>&nbsp;&nbsp;&nbsp;main
</UL>

<P><STRONG><a name="[9]"></a>SysTick_Handler</STRONG> (Thumb, 60 bytes, Stack size 8 bytes, bsp.o(.text.SysTick_Handler))
<BR><BR>[Stack]<UL><LI>Max Depth = 200<LI>Call Chain = SysTick_Handler &rArr; QTimeEvt_tick_ &rArr; QActive_post_ &rArr; QXK_activate_ &rArr; QF_gc &rArr; QMPool_put &rArr; Q_onError
</UL>
<BR>[Calls]<UL><LI><a href="#[92]">&gt;&gt;</a>&nbsp;&nbsp;&nbsp;QXK_sched_
<LI><a href="#[b7]">&gt;&gt;</a>&nbsp;&nbsp;&nbsp;QTimeEvt_tick_
</UL>
<BR>[Address Reference Count : 1]<UL><LI> startup_stm32f407xx.o(RESET)
</UL>
<P><STRONG><a name="[ad]"></a>SystemCoreClockUpdate</STRONG> (Thumb, 302 bytes, Stack size 24 bytes, system_stm32f4xx.o(.text.SystemCoreClockUpdate))
<BR><BR>[Stack]<UL><LI>Max Depth = 24<LI>Call Chain = SystemCoreClockUpdate
</UL>
<BR>[Called By]<UL><LI><a href="#[ac]">&gt;&gt;</a>&nbsp;&nbsp;&nbsp;QF_onStartup
</UL>

<P><STRONG><a name="[5b]"></a>SystemInit</STRONG> (Thumb, 2 bytes, Stack size 0 bytes, system_stm32f4xx.o(.text.SystemInit))
<BR>[Address Reference Count : 1]<UL><LI> startup_stm32f407xx.o(.text)
</UL>
<P><STRONG><a name="[d8]"></a>drawGraph</STRONG> (Thumb, 60 bytes, Stack size 16 bytes, shape.o(.text.drawGraph))
<BR><BR>[Stack]<UL><LI>Max Depth = 32<LI>Call Chain = drawGraph &rArr; Shape_draw_vcall
</UL>
<BR>[Calls]<UL><LI><a href="#[d9]">&gt;&gt;</a>&nbsp;&nbsp;&nbsp;Shape_draw_vcall
</UL>
<BR>[Called By]<UL><LI><a href="#[76]">&gt;&gt;</a>&nbsp;&nbsp;&nbsp;main
</UL>

<P><STRONG><a name="[76]"></a>main</STRONG> (Thumb, 720 bytes, Stack size 160 bytes, main.o(.text.main))
<BR><BR>[Stack]<UL><LI>Max Depth = 304<LI>Call Chain = main &rArr; QActive_start_ &rArr; QXK_activate_ &rArr; QF_gc &rArr; QMPool_put &rArr; Q_onError
</UL>
<BR>[Calls]<UL><LI><a href="#[7f]">&gt;&gt;</a>&nbsp;&nbsp;&nbsp;free
<LI><a href="#[7c]">&gt;&gt;</a>&nbsp;&nbsp;&nbsp;malloc
<LI><a href="#[b1]">&gt;&gt;</a>&nbsp;&nbsp;&nbsp;QF_run
<LI><a href="#[a1]">&gt;&gt;</a>&nbsp;&nbsp;&nbsp;QActive_start_
<LI><a href="#[d1]">&gt;&gt;</a>&nbsp;&nbsp;&nbsp;QXThread_ctor
<LI><a href="#[c5]">&gt;&gt;</a>&nbsp;&nbsp;&nbsp;QXSemaphore_init
<LI><a href="#[8a]">&gt;&gt;</a>&nbsp;&nbsp;&nbsp;BSP_init
<LI><a href="#[aa]">&gt;&gt;</a>&nbsp;&nbsp;&nbsp;QF_init
<LI><a href="#[97]">&gt;&gt;</a>&nbsp;&nbsp;&nbsp;Q_onError
<LI><a href="#[db]">&gt;&gt;</a>&nbsp;&nbsp;&nbsp;Shape_distanceFrom
<LI><a href="#[67]">&gt;&gt;</a>&nbsp;&nbsp;&nbsp;Rectangle_area
<LI><a href="#[66]">&gt;&gt;</a>&nbsp;&nbsp;&nbsp;Rectangle_draw
<LI><a href="#[da]">&gt;&gt;</a>&nbsp;&nbsp;&nbsp;Shape_moveBy
<LI><a href="#[d8]">&gt;&gt;</a>&nbsp;&nbsp;&nbsp;drawGraph
<LI><a href="#[d6]">&gt;&gt;</a>&nbsp;&nbsp;&nbsp;Rectangle_ctor
<LI><a href="#[d7]">&gt;&gt;</a>&nbsp;&nbsp;&nbsp;Shape_ctor
</UL>
<BR>[Called By]<UL><LI><a href="#[75]">&gt;&gt;</a>&nbsp;&nbsp;&nbsp;__rt_entry_main
</UL>

<P><STRONG><a name="[61]"></a>main_blinky1</STRONG> (Thumb, 28 bytes, Stack size 16 bytes, main.o(.text.main_blinky1))
<BR><BR>[Stack]<UL><LI>Max Depth = 184<LI>Call Chain = main_blinky1 &rArr; BSP_sendMorseCode &rArr; QXMutex_unlock &rArr; QXK_activate_ &rArr; QF_gc &rArr; QMPool_put &rArr; Q_onError
</UL>
<BR>[Calls]<UL><LI><a href="#[d2]">&gt;&gt;</a>&nbsp;&nbsp;&nbsp;QXThread_delay
<LI><a href="#[8c]">&gt;&gt;</a>&nbsp;&nbsp;&nbsp;BSP_sendMorseCode
</UL>
<BR>[Address Reference Count : 1]<UL><LI> main.o(.text.main)
</UL>
<P><STRONG><a name="[62]"></a>main_blinky2</STRONG> (Thumb, 52 bytes, Stack size 16 bytes, main.o(.text.main_blinky2))
<BR><BR>[Stack]<UL><LI>Max Depth = 96<LI>Call Chain = main_blinky2 &rArr; QXSemaphore_wait &rArr; QXThread_teArm_ &rArr; Q_onError
</UL>
<BR>[Calls]<UL><LI><a href="#[dc]">&gt;&gt;</a>&nbsp;&nbsp;&nbsp;BSP_ledOrangeToggle
<LI><a href="#[cc]">&gt;&gt;</a>&nbsp;&nbsp;&nbsp;QXSemaphore_wait
</UL>
<BR>[Address Reference Count : 1]<UL><LI> main.o(.text.main)
</UL>
<P><STRONG><a name="[63]"></a>main_blinky3</STRONG> (Thumb, 36 bytes, Stack size 16 bytes, main.o(.text.main_blinky3))
<BR><BR>[Stack]<UL><LI>Max Depth = 184<LI>Call Chain = main_blinky3 &rArr; BSP_sendMorseCode &rArr; QXMutex_unlock &rArr; QXK_activate_ &rArr; QF_gc &rArr; QMPool_put &rArr; Q_onError
</UL>
<BR>[Calls]<UL><LI><a href="#[d2]">&gt;&gt;</a>&nbsp;&nbsp;&nbsp;QXThread_delay
<LI><a href="#[8c]">&gt;&gt;</a>&nbsp;&nbsp;&nbsp;BSP_sendMorseCode
</UL>
<BR>[Address Reference Count : 1]<UL><LI> main.o(.text.main)
</UL><P>
<H3>
Local Symbols
</H3>
<P><STRONG><a name="[ae]"></a>SysTick_Config</STRONG> (Thumb, 82 bytes, Stack size 16 bytes, bsp.o(.text.SysTick_Config))
<BR><BR>[Stack]<UL><LI>Max Depth = 24<LI>Call Chain = SysTick_Config &rArr; __NVIC_SetPriority
</UL>
<BR>[Calls]<UL><LI><a href="#[af]">&gt;&gt;</a>&nbsp;&nbsp;&nbsp;__NVIC_SetPriority
</UL>
<BR>[Called By]<UL><LI><a href="#[ac]">&gt;&gt;</a>&nbsp;&nbsp;&nbsp;QF_onStartup
</UL>

<P><STRONG><a name="[af]"></a>__NVIC_SetPriority</STRONG> (Thumb, 66 bytes, Stack size 8 bytes, bsp.o(.text.__NVIC_SetPriority))
<BR><BR>[Stack]<UL><LI>Max Depth = 8<LI>Call Chain = __NVIC_SetPriority
</UL>
<BR>[Called By]<UL><LI><a href="#[ac]">&gt;&gt;</a>&nbsp;&nbsp;&nbsp;QF_onStartup
<LI><a href="#[ae]">&gt;&gt;</a>&nbsp;&nbsp;&nbsp;SysTick_Config
</UL>

<P><STRONG><a name="[b0]"></a>__NVIC_EnableIRQ</STRONG> (Thumb, 48 bytes, Stack size 4 bytes, bsp.o(.text.__NVIC_EnableIRQ))
<BR><BR>[Stack]<UL><LI>Max Depth = 4<LI>Call Chain = __NVIC_EnableIRQ
</UL>
<BR>[Called By]<UL><LI><a href="#[ac]">&gt;&gt;</a>&nbsp;&nbsp;&nbsp;QF_onStartup
</UL>

<P><STRONG><a name="[d5]"></a>__NVIC_SystemReset</STRONG> (Thumb, 38 bytes, Stack size 0 bytes, bsp.o(.text.__NVIC_SystemReset))
<BR><BR>[Called By]<UL><LI><a href="#[97]">&gt;&gt;</a>&nbsp;&nbsp;&nbsp;Q_onError
</UL>

<P><STRONG><a name="[68]"></a>Shape_draw</STRONG> (Thumb, 8 bytes, Stack size 4 bytes, shape.o(.text.Shape_draw))
<BR><BR>[Stack]<UL><LI>Max Depth = 4<LI>Call Chain = Shape_draw
</UL>
<BR>[Address Reference Count : 1]<UL><LI> shape.o(.rodata.Shape_ctor.vtable)
</UL>
<P><STRONG><a name="[69]"></a>Shape_area</STRONG> (Thumb, 10 bytes, Stack size 4 bytes, shape.o(.text.Shape_area))
<BR><BR>[Stack]<UL><LI>Max Depth = 4<LI>Call Chain = Shape_area
</UL>
<BR>[Address Reference Count : 1]<UL><LI> shape.o(.rodata.Shape_ctor.vtable)
</UL>
<P><STRONG><a name="[d9]"></a>Shape_draw_vcall</STRONG> (Thumb, 18 bytes, Stack size 16 bytes, shape.o(.text.Shape_draw_vcall))
<BR><BR>[Stack]<UL><LI>Max Depth = 16<LI>Call Chain = Shape_draw_vcall
</UL>
<BR>[Called By]<UL><LI><a href="#[d8]">&gt;&gt;</a>&nbsp;&nbsp;&nbsp;drawGraph
</UL>

<P><STRONG><a name="[b3]"></a>QEvt_verify_</STRONG> (Thumb, 44 bytes, Stack size 8 bytes, qep_hsm.o(.text.QEvt_verify_))
<BR><BR>[Stack]<UL><LI>Max Depth = 8<LI>Call Chain = QEvt_verify_
</UL>
<BR>[Called By]<UL><LI><a href="#[65]">&gt;&gt;</a>&nbsp;&nbsp;&nbsp;QHsm_dispatch_
</UL>

<P><STRONG><a name="[99]"></a>QEvt_verify_</STRONG> (Thumb, 44 bytes, Stack size 8 bytes, qf_actq.o(.text.QEvt_verify_))
<BR><BR>[Stack]<UL><LI>Max Depth = 8<LI>Call Chain = QEvt_verify_
</UL>
<BR>[Called By]<UL><LI><a href="#[98]">&gt;&gt;</a>&nbsp;&nbsp;&nbsp;QActive_post_
</UL>

<P><STRONG><a name="[9a]"></a>QEvt_getPoolId_</STRONG> (Thumb, 16 bytes, Stack size 4 bytes, qf_actq.o(.text.QEvt_getPoolId_))
<BR><BR>[Stack]<UL><LI>Max Depth = 4<LI>Call Chain = QEvt_getPoolId_
</UL>
<BR>[Called By]<UL><LI><a href="#[98]">&gt;&gt;</a>&nbsp;&nbsp;&nbsp;QActive_post_
</UL>

<P><STRONG><a name="[9b]"></a>QEvt_refCtr_inc_</STRONG> (Thumb, 16 bytes, Stack size 4 bytes, qf_actq.o(.text.QEvt_refCtr_inc_))
<BR><BR>[Stack]<UL><LI>Max Depth = 4<LI>Call Chain = QEvt_refCtr_inc_
</UL>
<BR>[Called By]<UL><LI><a href="#[98]">&gt;&gt;</a>&nbsp;&nbsp;&nbsp;QActive_post_
</UL>

<P><STRONG><a name="[9d]"></a>QPSet_insert</STRONG> (Thumb, 26 bytes, Stack size 8 bytes, qf_actq.o(.text.QPSet_insert))
<BR><BR>[Stack]<UL><LI>Max Depth = 8<LI>Call Chain = QPSet_insert
</UL>
<BR>[Called By]<UL><LI><a href="#[98]">&gt;&gt;</a>&nbsp;&nbsp;&nbsp;QActive_post_
</UL>

<P><STRONG><a name="[9e]"></a>QPSet_update_</STRONG> (Thumb, 20 bytes, Stack size 8 bytes, qf_actq.o(.text.QPSet_update_))
<BR><BR>[Stack]<UL><LI>Max Depth = 8<LI>Call Chain = QPSet_update_
</UL>
<BR>[Called By]<UL><LI><a href="#[98]">&gt;&gt;</a>&nbsp;&nbsp;&nbsp;QActive_post_
</UL>

<P><STRONG><a name="[a6]"></a>QEvt_verify_</STRONG> (Thumb, 44 bytes, Stack size 8 bytes, qf_dyn.o(.text.QEvt_verify_))
<BR><BR>[Stack]<UL><LI>Max Depth = 8<LI>Call Chain = QEvt_verify_
</UL>
<BR>[Called By]<UL><LI><a href="#[9f]">&gt;&gt;</a>&nbsp;&nbsp;&nbsp;QF_gc
</UL>

<P><STRONG><a name="[a7]"></a>QEvt_getPoolId_</STRONG> (Thumb, 16 bytes, Stack size 4 bytes, qf_dyn.o(.text.QEvt_getPoolId_))
<BR><BR>[Stack]<UL><LI>Max Depth = 4<LI>Call Chain = QEvt_getPoolId_
</UL>
<BR>[Called By]<UL><LI><a href="#[9f]">&gt;&gt;</a>&nbsp;&nbsp;&nbsp;QF_gc
</UL>

<P><STRONG><a name="[a8]"></a>QEvt_refCtr_dec_</STRONG> (Thumb, 16 bytes, Stack size 4 bytes, qf_dyn.o(.text.QEvt_refCtr_dec_))
<BR><BR>[Stack]<UL><LI>Max Depth = 4<LI>Call Chain = QEvt_refCtr_dec_
</UL>
<BR>[Called By]<UL><LI><a href="#[9f]">&gt;&gt;</a>&nbsp;&nbsp;&nbsp;QF_gc
</UL>

<P><STRONG><a name="[b6]"></a>QEvt_ctor</STRONG> (Thumb, 38 bytes, Stack size 8 bytes, qf_time.o(.text.QEvt_ctor))
<BR><BR>[Stack]<UL><LI>Max Depth = 8<LI>Call Chain = QEvt_ctor
</UL>
<BR>[Called By]<UL><LI><a href="#[b5]">&gt;&gt;</a>&nbsp;&nbsp;&nbsp;QTimeEvt_ctorX
</UL>

<P><STRONG><a name="[cf]"></a>QPSet_remove</STRONG> (Thumb, 26 bytes, Stack size 8 bytes, qxk_xthr.o(.text.QPSet_remove))
<BR><BR>[Stack]<UL><LI>Max Depth = 8<LI>Call Chain = QPSet_remove
</UL>
<BR>[Called By]<UL><LI><a href="#[ce]">&gt;&gt;</a>&nbsp;&nbsp;&nbsp;QXThread_block_
</UL>

<P><STRONG><a name="[d0]"></a>QPSet_update_</STRONG> (Thumb, 20 bytes, Stack size 8 bytes, qxk_xthr.o(.text.QPSet_update_))
<BR><BR>[Stack]<UL><LI>Max Depth = 8<LI>Call Chain = QPSet_update_
</UL>
<BR>[Called By]<UL><LI><a href="#[d3]">&gt;&gt;</a>&nbsp;&nbsp;&nbsp;QXThread_unblock_
<LI><a href="#[ce]">&gt;&gt;</a>&nbsp;&nbsp;&nbsp;QXThread_block_
</UL>

<P><STRONG><a name="[d4]"></a>QPSet_insert</STRONG> (Thumb, 26 bytes, Stack size 8 bytes, qxk_xthr.o(.text.QPSet_insert))
<BR><BR>[Stack]<UL><LI>Max Depth = 8<LI>Call Chain = QPSet_insert
</UL>
<BR>[Called By]<UL><LI><a href="#[d3]">&gt;&gt;</a>&nbsp;&nbsp;&nbsp;QXThread_unblock_
</UL>

<P><STRONG><a name="[c6]"></a>QPSet_setEmpty</STRONG> (Thumb, 14 bytes, Stack size 4 bytes, qxk_sema.o(.text.QPSet_setEmpty))
<BR><BR>[Stack]<UL><LI>Max Depth = 4<LI>Call Chain = QPSet_setEmpty
</UL>
<BR>[Called By]<UL><LI><a href="#[c5]">&gt;&gt;</a>&nbsp;&nbsp;&nbsp;QXSemaphore_init
</UL>

<P><STRONG><a name="[cb]"></a>QPSet_remove</STRONG> (Thumb, 26 bytes, Stack size 8 bytes, qxk_sema.o(.text.QPSet_remove))
<BR><BR>[Stack]<UL><LI>Max Depth = 8<LI>Call Chain = QPSet_remove
</UL>
<BR>[Called By]<UL><LI><a href="#[91]">&gt;&gt;</a>&nbsp;&nbsp;&nbsp;QXSemaphore_signal
<LI><a href="#[cc]">&gt;&gt;</a>&nbsp;&nbsp;&nbsp;QXSemaphore_wait
</UL>

<P><STRONG><a name="[ca]"></a>QPSet_update_</STRONG> (Thumb, 20 bytes, Stack size 8 bytes, qxk_sema.o(.text.QPSet_update_))
<BR><BR>[Stack]<UL><LI>Max Depth = 8<LI>Call Chain = QPSet_update_
</UL>
<BR>[Called By]<UL><LI><a href="#[91]">&gt;&gt;</a>&nbsp;&nbsp;&nbsp;QXSemaphore_signal
<LI><a href="#[cc]">&gt;&gt;</a>&nbsp;&nbsp;&nbsp;QXSemaphore_wait
</UL>

<P><STRONG><a name="[c9]"></a>QPSet_insert</STRONG> (Thumb, 26 bytes, Stack size 8 bytes, qxk_sema.o(.text.QPSet_insert))
<BR><BR>[Stack]<UL><LI>Max Depth = 8<LI>Call Chain = QPSet_insert
</UL>
<BR>[Called By]<UL><LI><a href="#[91]">&gt;&gt;</a>&nbsp;&nbsp;&nbsp;QXSemaphore_signal
<LI><a href="#[cc]">&gt;&gt;</a>&nbsp;&nbsp;&nbsp;QXSemaphore_wait
</UL>

<P><STRONG><a name="[cd]"></a>QPSet_hasElement</STRONG> (Thumb, 24 bytes, Stack size 8 bytes, qxk_sema.o(.text.QPSet_hasElement))
<BR><BR>[Stack]<UL><LI>Max Depth = 8<LI>Call Chain = QPSet_hasElement
</UL>
<BR>[Called By]<UL><LI><a href="#[cc]">&gt;&gt;</a>&nbsp;&nbsp;&nbsp;QXSemaphore_wait
</UL>

<P><STRONG><a name="[c7]"></a>QPSet_notEmpty</STRONG> (Thumb, 18 bytes, Stack size 4 bytes, qxk_sema.o(.text.QPSet_notEmpty))
<BR><BR>[Stack]<UL><LI>Max Depth = 4<LI>Call Chain = QPSet_notEmpty
</UL>
<BR>[Called By]<UL><LI><a href="#[91]">&gt;&gt;</a>&nbsp;&nbsp;&nbsp;QXSemaphore_signal
</UL>

<P><STRONG><a name="[c8]"></a>QPSet_findMax</STRONG> (Thumb, 20 bytes, Stack size 4 bytes, qxk_sema.o(.text.QPSet_findMax))
<BR><BR>[Stack]<UL><LI>Max Depth = 4<LI>Call Chain = QPSet_findMax
</UL>
<BR>[Called By]<UL><LI><a href="#[91]">&gt;&gt;</a>&nbsp;&nbsp;&nbsp;QXSemaphore_signal
</UL>

<P><STRONG><a name="[be]"></a>QPSet_remove</STRONG> (Thumb, 26 bytes, Stack size 8 bytes, qxk_mutex.o(.text.QPSet_remove))
<BR><BR>[Stack]<UL><LI>Max Depth = 8<LI>Call Chain = QPSet_remove
</UL>
<BR>[Called By]<UL><LI><a href="#[90]">&gt;&gt;</a>&nbsp;&nbsp;&nbsp;QXMutex_unlock
<LI><a href="#[8d]">&gt;&gt;</a>&nbsp;&nbsp;&nbsp;QXMutex_lock
</UL>

<P><STRONG><a name="[bf]"></a>QPSet_insert</STRONG> (Thumb, 26 bytes, Stack size 8 bytes, qxk_mutex.o(.text.QPSet_insert))
<BR><BR>[Stack]<UL><LI>Max Depth = 8<LI>Call Chain = QPSet_insert
</UL>
<BR>[Called By]<UL><LI><a href="#[90]">&gt;&gt;</a>&nbsp;&nbsp;&nbsp;QXMutex_unlock
<LI><a href="#[8d]">&gt;&gt;</a>&nbsp;&nbsp;&nbsp;QXMutex_lock
</UL>

<P><STRONG><a name="[c0]"></a>QPSet_update_</STRONG> (Thumb, 20 bytes, Stack size 8 bytes, qxk_mutex.o(.text.QPSet_update_))
<BR><BR>[Stack]<UL><LI>Max Depth = 8<LI>Call Chain = QPSet_update_
</UL>
<BR>[Called By]<UL><LI><a href="#[90]">&gt;&gt;</a>&nbsp;&nbsp;&nbsp;QXMutex_unlock
<LI><a href="#[8d]">&gt;&gt;</a>&nbsp;&nbsp;&nbsp;QXMutex_lock
</UL>

<P><STRONG><a name="[c2]"></a>QPSet_hasElement</STRONG> (Thumb, 24 bytes, Stack size 8 bytes, qxk_mutex.o(.text.QPSet_hasElement))
<BR><BR>[Stack]<UL><LI>Max Depth = 8<LI>Call Chain = QPSet_hasElement
</UL>
<BR>[Called By]<UL><LI><a href="#[8d]">&gt;&gt;</a>&nbsp;&nbsp;&nbsp;QXMutex_lock
</UL>

<P><STRONG><a name="[c3]"></a>QPSet_notEmpty</STRONG> (Thumb, 18 bytes, Stack size 4 bytes, qxk_mutex.o(.text.QPSet_notEmpty))
<BR><BR>[Stack]<UL><LI>Max Depth = 4<LI>Call Chain = QPSet_notEmpty
</UL>
<BR>[Called By]<UL><LI><a href="#[90]">&gt;&gt;</a>&nbsp;&nbsp;&nbsp;QXMutex_unlock
</UL>

<P><STRONG><a name="[c4]"></a>QPSet_findMax</STRONG> (Thumb, 20 bytes, Stack size 4 bytes, qxk_mutex.o(.text.QPSet_findMax))
<BR><BR>[Stack]<UL><LI>Max Depth = 4<LI>Call Chain = QPSet_findMax
</UL>
<BR>[Called By]<UL><LI><a href="#[90]">&gt;&gt;</a>&nbsp;&nbsp;&nbsp;QXMutex_unlock
</UL>

<P><STRONG><a name="[b9]"></a>QPSet_verify_</STRONG> (Thumb, 28 bytes, Stack size 8 bytes, qxk.o(.text.QPSet_verify_))
<BR><BR>[Stack]<UL><LI>Max Depth = 8<LI>Call Chain = QPSet_verify_
</UL>
<BR>[Called By]<UL><LI><a href="#[5d]">&gt;&gt;</a>&nbsp;&nbsp;&nbsp;QXK_activate_
<LI><a href="#[92]">&gt;&gt;</a>&nbsp;&nbsp;&nbsp;QXK_sched_
</UL>

<P><STRONG><a name="[bb]"></a>QPSet_isEmpty</STRONG> (Thumb, 18 bytes, Stack size 4 bytes, qxk.o(.text.QPSet_isEmpty))
<BR><BR>[Stack]<UL><LI>Max Depth = 4<LI>Call Chain = QPSet_isEmpty
</UL>
<BR>[Called By]<UL><LI><a href="#[5d]">&gt;&gt;</a>&nbsp;&nbsp;&nbsp;QXK_activate_
<LI><a href="#[92]">&gt;&gt;</a>&nbsp;&nbsp;&nbsp;QXK_sched_
</UL>

<P><STRONG><a name="[bc]"></a>QPSet_findMax</STRONG> (Thumb, 20 bytes, Stack size 4 bytes, qxk.o(.text.QPSet_findMax))
<BR><BR>[Stack]<UL><LI>Max Depth = 4<LI>Call Chain = QPSet_findMax
</UL>
<BR>[Called By]<UL><LI><a href="#[5d]">&gt;&gt;</a>&nbsp;&nbsp;&nbsp;QXK_activate_
<LI><a href="#[92]">&gt;&gt;</a>&nbsp;&nbsp;&nbsp;QXK_sched_
</UL>

<P><STRONG><a name="[bd]"></a>QPSet_hasElement</STRONG> (Thumb, 24 bytes, Stack size 8 bytes, qxk.o(.text.QPSet_hasElement))
<BR><BR>[Stack]<UL><LI>Max Depth = 8<LI>Call Chain = QPSet_hasElement
</UL>
<BR>[Called By]<UL><LI><a href="#[5d]">&gt;&gt;</a>&nbsp;&nbsp;&nbsp;QXK_activate_
<LI><a href="#[92]">&gt;&gt;</a>&nbsp;&nbsp;&nbsp;QXK_sched_
</UL>

<P><STRONG><a name="[ba]"></a>QPSet_remove</STRONG> (Thumb, 26 bytes, Stack size 8 bytes, qxk.o(.text.QPSet_remove))
<BR><BR>[Stack]<UL><LI>Max Depth = 8<LI>Call Chain = QPSet_remove
</UL>
<BR>[Called By]<UL><LI><a href="#[5d]">&gt;&gt;</a>&nbsp;&nbsp;&nbsp;QXK_activate_
<LI><a href="#[60]">&gt;&gt;</a>&nbsp;&nbsp;&nbsp;QXK_threadExit_
</UL>

<P><STRONG><a name="[a5]"></a>QPSet_update_</STRONG> (Thumb, 20 bytes, Stack size 8 bytes, qxk.o(.text.QPSet_update_))
<BR><BR>[Stack]<UL><LI>Max Depth = 8<LI>Call Chain = QPSet_update_
</UL>
<BR>[Called By]<UL><LI><a href="#[5d]">&gt;&gt;</a>&nbsp;&nbsp;&nbsp;QXK_activate_
<LI><a href="#[60]">&gt;&gt;</a>&nbsp;&nbsp;&nbsp;QXK_threadExit_
<LI><a href="#[a1]">&gt;&gt;</a>&nbsp;&nbsp;&nbsp;QActive_start_
<LI><a href="#[aa]">&gt;&gt;</a>&nbsp;&nbsp;&nbsp;QF_init
</UL>

<P><STRONG><a name="[a4]"></a>QPSet_insert</STRONG> (Thumb, 26 bytes, Stack size 8 bytes, qxk.o(.text.QPSet_insert))
<BR><BR>[Stack]<UL><LI>Max Depth = 8<LI>Call Chain = QPSet_insert
</UL>
<BR>[Called By]<UL><LI><a href="#[a1]">&gt;&gt;</a>&nbsp;&nbsp;&nbsp;QActive_start_
</UL>
<P>
<H3>
Undefined Global Symbols
</H3><HR></body></html>
