Component: Arm Compiler for Embedded 6.22 Tool: armlink [5ee90200]

==============================================================================

Section Cross References

    main.o(.text.TimeBomb_ctor) refers to main.o(.text.TimeBomb_dispatch) for TimeBomb_dispatch
    main.o(.text.TimeBomb_ctor) refers to uc_ao.o(.text.Active_ctor) for Active_ctor
    main.o(.text.TimeBomb_ctor) refers to uc_ao.o(.text.TimeEvent_ctor) for TimeEvent_ctor
    main.o(.ARM.exidx.text.TimeBomb_ctor) refers to main.o(.text.TimeBomb_ctor) for [Anonymous Symbol]
    main.o(.text.TimeBomb_dispatch) refers to main.o(.rodata.Q_this_module_) for Q_this_module_
    main.o(.text.TimeBomb_dispatch) refers to bsp.o(.text.Q_onAssert) for Q_onAssert
    main.o(.text.TimeBomb_dispatch) refers to main.o(.rodata.TimeBomb_table) for TimeBomb_table
    main.o(.ARM.exidx.text.TimeBomb_dispatch) refers to main.o(.text.TimeBomb_dispatch) for [Anonymous Symbol]
    main.o(.text.main) refers to bsp.o(.text.BSP_init) for BSP_init
    main.o(.text.main) refers to os_core.o(.text.OSInit) for OSInit
    main.o(.text.main) refers to main.o(.bss.timeBomb) for timeBomb
    main.o(.text.main) refers to main.o(.text.TimeBomb_ctor) for TimeBomb_ctor
    main.o(.text.main) refers to main.o(.data.AO_TimeBomb) for AO_TimeBomb
    main.o(.text.main) refers to main.o(.bss.stack_timeBomb) for stack_timeBomb
    main.o(.text.main) refers to main.o(.bss.timeBomb_queue) for timeBomb_queue
    main.o(.text.main) refers to uc_ao.o(.text.Active_start) for Active_start
    main.o(.text.main) refers to bsp.o(.text.BSP_start) for BSP_start
    main.o(.text.main) refers to os_core.o(.text.OSStart) for OSStart
    main.o(.ARM.exidx.text.main) refers to main.o(.text.main) for [Anonymous Symbol]
    main.o(.ARM.exidx.text.TimeBomb_init) refers to main.o(.text.TimeBomb_init) for [Anonymous Symbol]
    main.o(.text.TimeBomb_wait4button_ENTRY) refers to bsp.o(.text.BSP_ledGreenOn) for BSP_ledGreenOn
    main.o(.ARM.exidx.text.TimeBomb_wait4button_ENTRY) refers to main.o(.text.TimeBomb_wait4button_ENTRY) for [Anonymous Symbol]
    main.o(.text.TimeBomb_wait4button_EXIT) refers to bsp.o(.text.BSP_ledGreenOff) for BSP_ledGreenOff
    main.o(.ARM.exidx.text.TimeBomb_wait4button_EXIT) refers to main.o(.text.TimeBomb_wait4button_EXIT) for [Anonymous Symbol]
    main.o(.ARM.exidx.text.TimeBomb_wait4button_PRESSED) refers to main.o(.text.TimeBomb_wait4button_PRESSED) for [Anonymous Symbol]
    main.o(.ARM.exidx.text.TimeBomb_ignore) refers to main.o(.text.TimeBomb_ignore) for [Anonymous Symbol]
    main.o(.text.TimeBomb_blink_ENTRY) refers to bsp.o(.text.BSP_ledRedOn) for BSP_ledRedOn
    main.o(.text.TimeBomb_blink_ENTRY) refers to uc_ao.o(.text.TimeEvent_arm) for TimeEvent_arm
    main.o(.ARM.exidx.text.TimeBomb_blink_ENTRY) refers to main.o(.text.TimeBomb_blink_ENTRY) for [Anonymous Symbol]
    main.o(.text.TimeBomb_blink_EXIT) refers to bsp.o(.text.BSP_ledRedOff) for BSP_ledRedOff
    main.o(.ARM.exidx.text.TimeBomb_blink_EXIT) refers to main.o(.text.TimeBomb_blink_EXIT) for [Anonymous Symbol]
    main.o(.ARM.exidx.text.TimeBomb_blink_TIMEOUT) refers to main.o(.text.TimeBomb_blink_TIMEOUT) for [Anonymous Symbol]
    main.o(.text.TimeBomb_pause_ENTRY) refers to uc_ao.o(.text.TimeEvent_arm) for TimeEvent_arm
    main.o(.ARM.exidx.text.TimeBomb_pause_ENTRY) refers to main.o(.text.TimeBomb_pause_ENTRY) for [Anonymous Symbol]
    main.o(.ARM.exidx.text.TimeBomb_pause_TIMEOUT) refers to main.o(.text.TimeBomb_pause_TIMEOUT) for [Anonymous Symbol]
    main.o(.text.TimeBomb_boom_ENTRY) refers to bsp.o(.text.BSP_ledRedOn) for BSP_ledRedOn
    main.o(.text.TimeBomb_boom_ENTRY) refers to bsp.o(.text.BSP_ledGreenOn) for BSP_ledGreenOn
    main.o(.text.TimeBomb_boom_ENTRY) refers to bsp.o(.text.BSP_ledBlueOn) for BSP_ledBlueOn
    main.o(.text.TimeBomb_boom_ENTRY) refers to bsp.o(.text.BSP_ledOrangeOn) for BSP_ledOrangeOn
    main.o(.ARM.exidx.text.TimeBomb_boom_ENTRY) refers to main.o(.text.TimeBomb_boom_ENTRY) for [Anonymous Symbol]
    main.o(.data.AO_TimeBomb) refers to main.o(.bss.timeBomb) for [Anonymous Symbol]
    main.o(.rodata.TimeBomb_table) refers to main.o(.text.TimeBomb_init) for TimeBomb_init
    main.o(.rodata.TimeBomb_table) refers to main.o(.text.TimeBomb_wait4button_ENTRY) for TimeBomb_wait4button_ENTRY
    main.o(.rodata.TimeBomb_table) refers to main.o(.text.TimeBomb_wait4button_EXIT) for TimeBomb_wait4button_EXIT
    main.o(.rodata.TimeBomb_table) refers to main.o(.text.TimeBomb_wait4button_PRESSED) for TimeBomb_wait4button_PRESSED
    main.o(.rodata.TimeBomb_table) refers to main.o(.text.TimeBomb_ignore) for TimeBomb_ignore
    main.o(.rodata.TimeBomb_table) refers to main.o(.text.TimeBomb_blink_ENTRY) for TimeBomb_blink_ENTRY
    main.o(.rodata.TimeBomb_table) refers to main.o(.text.TimeBomb_blink_EXIT) for TimeBomb_blink_EXIT
    main.o(.rodata.TimeBomb_table) refers to main.o(.text.TimeBomb_blink_TIMEOUT) for TimeBomb_blink_TIMEOUT
[...]
    [Anonymous Symbol]                       0x08001044   Section        0  os_core.o(.text.OSSchedUnlock)
    [Anonymous Symbol]                       0x080010d8   Section        0  os_sem.o(.text.OSSemCreate)
    [Anonymous Symbol]                       0x0800116c   Section        0  os_sem.o(.text.OSSemPend)
    [Anonymous Symbol]                       0x080012b8   Section        0  os_sem.o(.text.OSSemPost)
    [Anonymous Symbol]                       0x0800135c   Section        0  os_core.o(.text.OSStart)
    [Anonymous Symbol]                       0x080013b0   Section        0  os_cpu_c.o(.text.OSTCBInitHook)
    [Anonymous Symbol]                       0x080013c0   Section        0  os_task.o(.text.OSTaskCreateExt)
    [Anonymous Symbol]                       0x08001514   Section        0  os_cpu_c.o(.text.OSTaskCreateHook)
    [Anonymous Symbol]                       0x08001524   Section        0  os_task.o(.text.OSTaskDel)
    [Anonymous Symbol]                       0x08001768   Section        0  os_cpu_c.o(.text.OSTaskDelHook)
    [Anonymous Symbol]                       0x08001778   Section        0  os_cpu_c.o(.text.OSTaskIdleHook)
    [Anonymous Symbol]                       0x08001780   Section        0  os_task.o(.text.OSTaskNameSet)
    [Anonymous Symbol]                       0x0800185c   Section        0  os_cpu_c.o(.text.OSTaskReturnHook)
    [Anonymous Symbol]                       0x0800186c   Section        0  os_cpu_c.o(.text.OSTaskStatHook)
    [Anonymous Symbol]                       0x08001874   Section        0  os_task.o(.text.OSTaskStkChk)
    [Anonymous Symbol]                       0x08001994   Section        0  os_cpu_c.o(.text.OSTaskStkInit)
    [Anonymous Symbol]                       0x08001ca8   Section        0  os_task.o(.text.OSTaskSuspend)
    [Anonymous Symbol]                       0x08001dfc   Section        0  os_cpu_c.o(.text.OSTaskSwHook)
    [Anonymous Symbol]                       0x08001e24   Section        0  os_time.o(.text.OSTimeDly)
    [Anonymous Symbol]                       0x08001ed8   Section        0  os_core.o(.text.OSTimeTick)
    [Anonymous Symbol]                       0x08002044   Section        0  os_cpu_c.o(.text.OSTimeTickHook)
    [Anonymous Symbol]                       0x08002074   Section        0  os_tmr.o(.text.OSTmrSignal)
    [Anonymous Symbol]                       0x08002094   Section        0  os_tmr.o(.text.OSTmr_Init)
    OSTmr_InitTask                           0x080021dd   Thumb Code    76  os_tmr.o(.text.OSTmr_InitTask)
    [Anonymous Symbol]                       0x080021dc   Section        0  os_tmr.o(.text.OSTmr_InitTask)
    OSTmr_Link                               0x08002229   Thumb Code   222  os_tmr.o(.text.OSTmr_Link)
    [Anonymous Symbol]                       0x08002228   Section        0  os_tmr.o(.text.OSTmr_Link)
    OSTmr_Task                               0x08002309   Thumb Code   212  os_tmr.o(.text.OSTmr_Task)
    [Anonymous Symbol]                       0x08002308   Section        0  os_tmr.o(.text.OSTmr_Task)
    OSTmr_Unlink                             0x080023dd   Thumb Code   162  os_tmr.o(.text.OSTmr_Unlink)
    [Anonymous Symbol]                       0x080023dc   Section        0  os_tmr.o(.text.OSTmr_Unlink)
    [Anonymous Symbol]                       0x08002480   Section        0  os_core.o(.text.OS_Dummy)
    [Anonymous Symbol]                       0x08002484   Section        0  os_core.o(.text.OS_EventTaskRdy)
    [Anonymous Symbol]                       0x08002568   Section        0  os_core.o(.text.OS_EventTaskRemove)
    [Anonymous Symbol]                       0x080025b4   Section        0  os_core.o(.text.OS_EventTaskRemoveMulti)
    [Anonymous Symbol]                       0x0800262c   Section        0  os_core.o(.text.OS_EventTaskWait)
    [Anonymous Symbol]                       0x080026b0   Section        0  os_core.o(.text.OS_EventWaitListInit)
    [Anonymous Symbol]                       0x080026e8   Section        0  os_flag.o(.text.OS_FlagInit)
    [Anonymous Symbol]                       0x08002790   Section        0  os_flag.o(.text.OS_FlagUnlink)
    OS_InitEventList                         0x080027e9   Thumb Code   178  os_core.o(.text.OS_InitEventList)
    [Anonymous Symbol]                       0x080027e8   Section        0  os_core.o(.text.OS_InitEventList)
    OS_InitMisc                              0x0800289d   Thumb Code   114  os_core.o(.text.OS_InitMisc)
    [Anonymous Symbol]                       0x0800289c   Section        0  os_core.o(.text.OS_InitMisc)
    OS_InitRdyList                           0x08002911   Thumb Code   106  os_core.o(.text.OS_InitRdyList)
    [Anonymous Symbol]                       0x08002910   Section        0  os_core.o(.text.OS_InitRdyList)
    OS_InitTCBList                           0x0800297d   Thumb Code   188  os_core.o(.text.OS_InitTCBList)
    [Anonymous Symbol]                       0x0800297c   Section        0  os_core.o(.text.OS_InitTCBList)
    OS_InitTaskIdle                          0x08002a39   Thumb Code    76  os_core.o(.text.OS_InitTaskIdle)
    [Anonymous Symbol]                       0x08002a38   Section        0  os_core.o(.text.OS_InitTaskIdle)
    OS_InitTaskStat                          0x08002a85   Thumb Code    76  os_core.o(.text.OS_InitTaskStat)
    [Anonymous Symbol]                       0x08002a84   Section        0  os_core.o(.text.OS_InitTaskStat)
    [Anonymous Symbol]                       0x08002ad0   Section        0  os_core.o(.text.OS_MemClr)
    [Anonymous Symbol]                       0x08002afc   Section        0  os_mem.o(.text.OS_MemInit)
    [Anonymous Symbol]                       0x08002b98   Section        0  os_q.o(.text.OS_QInit)
    [Anonymous Symbol]                       0x08002c28   Section        0  os_core.o(.text.OS_Sched)
    OS_SchedNew                              0x08002cc5   Thumb Code    60  os_core.o(.text.OS_SchedNew)
    [Anonymous Symbol]                       0x08002cc4   Section        0  os_core.o(.text.OS_SchedNew)
    [Anonymous Symbol]                       0x08002d00   Section        0  os_core.o(.text.OS_TCBInit)
    [Anonymous Symbol]                       0x08002f1c   Section        0  os_core.o(.text.OS_TaskIdle)
    [Anonymous Symbol]                       0x08002f54   Section        0  os_task.o(.text.OS_TaskReturn)
    [Anonymous Symbol]                       0x08002f6c   Section        0  os_core.o(.text.OS_TaskStat)
    [Anonymous Symbol]                       0x080030c0   Section        0  os_core.o(.text.OS_TaskStatStkChk)
    [Anonymous Symbol]                       0x08003138   Section        0  os_task.o(.text.OS_TaskStkClr)
    [Anonymous Symbol]                       0x0800317c   Section        0  bsp.o(.text.Q_onAssert)
    SysTick_Config                           0x08003195   Thumb Code    82  bsp.o(.text.SysTick_Config)
    [Anonymous Symbol]                       0x08003194   Section        0  bsp.o(.text.SysTick_Config)
    [Anonymous Symbol]                       0x080031e8   Section        0  os_cpu_c.o(.text.SysTick_Handler)
    [Anonymous Symbol]                       0x08003214   Section        0  system_stm32f4xx.o(.text.SystemCoreClockUpdate)
    [Anonymous Symbol]                       0x08003344   Section        0  system_stm32f4xx.o(.text.SystemInit)
    TimeBomb_blink_ENTRY                     0x08003359   Thumb Code    30  main.o(.text.TimeBomb_blink_ENTRY)
    [Anonymous Symbol]                       0x08003358   Section        0  main.o(.text.TimeBomb_blink_ENTRY)
    TimeBomb_blink_EXIT                      0x08003379   Thumb Code    18  main.o(.text.TimeBomb_blink_EXIT)
    [Anonymous Symbol]                       0x08003378   Section        0  main.o(.text.TimeBomb_blink_EXIT)
    TimeBomb_blink_TIMEOUT                   0x0800338d   Thumb Code    18  main.o(.text.TimeBomb_blink_TIMEOUT)
    [Anonymous Symbol]                       0x0800338c   Section        0  main.o(.text.TimeBomb_blink_TIMEOUT)
    TimeBomb_boom_ENTRY                      0x080033a1   Thumb Code    30  main.o(.text.TimeBomb_boom_ENTRY)
    [Anonymous Symbol]                       0x080033a0   Section        0  main.o(.text.TimeBomb_boom_ENTRY)
    [Anonymous Symbol]                       0x080033c0   Section        0  main.o(.text.TimeBomb_ctor)
    TimeBomb_dispatch                        0x080033ed   Thumb Code   214  main.o(.text.TimeBomb_dispatch)
    [Anonymous Symbol]                       0x080033ec   Section        0  main.o(.text.TimeBomb_dispatch)
    TimeBomb_ignore                          0x080034c5   Thumb Code    12  main.o(.text.TimeBomb_ignore)
    [Anonymous Symbol]                       0x080034c4   Section        0  main.o(.text.TimeBomb_ignore)
    TimeBomb_init                            0x080034d1   Thumb Code    18  main.o(.text.TimeBomb_init)
    [Anonymous Symbol]                       0x080034d0   Section        0  main.o(.text.TimeBomb_init)
    TimeBomb_pause_ENTRY                     0x080034e5   Thumb Code    26  main.o(.text.TimeBomb_pause_ENTRY)
    [Anonymous Symbol]                       0x080034e4   Section        0  main.o(.text.TimeBomb_pause_ENTRY)
    TimeBomb_pause_TIMEOUT                   0x08003501   Thumb Code    58  main.o(.text.TimeBomb_pause_TIMEOUT)
    [Anonymous Symbol]                       0x08003500   Section        0  main.o(.text.TimeBomb_pause_TIMEOUT)
    TimeBomb_wait4button_ENTRY               0x0800353d   Thumb Code    18  main.o(.text.TimeBomb_wait4button_ENTRY)
    [Anonymous Symbol]                       0x0800353c   Section        0  main.o(.text.TimeBomb_wait4button_ENTRY)
    TimeBomb_wait4button_EXIT                0x08003551   Thumb Code    18  main.o(.text.TimeBomb_wait4button_EXIT)
    [Anonymous Symbol]                       0x08003550   Section        0  main.o(.text.TimeBomb_wait4button_EXIT)
    TimeBomb_wait4button_PRESSED             0x08003565   Thumb Code    24  main.o(.text.TimeBomb_wait4button_PRESSED)
    [Anonymous Symbol]                       0x08003564   Section        0  main.o(.text.TimeBomb_wait4button_PRESSED)
    [Anonymous Symbol]                       0x0800357c   Section        0  uc_ao.o(.text.TimeEvent_arm)
    [Anonymous Symbol]                       0x080035ac   Section        0  uc_ao.o(.text.TimeEvent_ctor)
    [Anonymous Symbol]                       0x08003628   Section        0  uc_ao.o(.text.TimeEvent_tick)
    __NVIC_SetPriority                       0x080036a1   Thumb Code    66  bsp.o(.text.__NVIC_SetPriority)
    [Anonymous Symbol]                       0x080036a0   Section        0  bsp.o(.text.__NVIC_SetPriority)
    [Anonymous Symbol]                       0x080036e4   Section        0  main.o(.text.main)
    $v0                                      0x08003740   Number         0  fpinit.o(x$fpl$fpinit)
    x$fpl$fpinit                             0x08003740   Section       26  fpinit.o(x$fpl$fpinit)
    Active_eventLoop.initEvt                 0x0800376a   Data           2  uc_ao.o(.rodata.Active_eventLoop.initEvt)
    [Anonymous Symbol]                       0x0800376a   Section        0  uc_ao.o(.rodata.Active_eventLoop.initEvt)
    App_TimeTickHook.buttonPressedEvt        0x0800376c   Data           2  bsp.o(.rodata.App_TimeTickHook.buttonPressedEvt)
    [Anonymous Symbol]                       0x0800376c   Section        0  bsp.o(.rodata.App_TimeTickHook.buttonPressedEvt)
    App_TimeTickHook.buttonReleasedEvt       0x0800376e   Data           2  bsp.o(.rodata.App_TimeTickHook.buttonReleasedEvt)
    [Anonymous Symbol]                       0x0800376e   Section        0  bsp.o(.rodata.App_TimeTickHook.buttonReleasedEvt)
    Q_this_module_                           0x080038e0   Data           5  main.o(.rodata.Q_this_module_)
    [Anonymous Symbol]                       0x080038e0   Section        0  main.o(.rodata.Q_this_module_)
    Q_this_module_                           0x080038e5   Data           6  uc_ao.o(.rodata.Q_this_module_)
    [Anonymous Symbol]                       0x080038e5   Section        0  uc_ao.o(.rodata.Q_this_module_)
    TimeBomb_table                           0x080038ec   Data          96  main.o(.rodata.TimeBomb_table)
    [Anonymous Symbol]                       0x080038ec   Section        0  main.o(.rodata.TimeBomb_table)
    .L.str                                   0x0800394c   Data           2  os_core.o(.rodata.str1.1)
    .L.str                                   0x0800394c   Data           2  os_core.o(.rodata.str1.1)
    .L.str                                   0x0800394c   Data           2  os_core.o(.rodata.str1.1)
    .L.str                                   0x0800394c   Data           2  os_core.o(.rodata.str1.1)
    .L.str                                   0x0800394c   Data           2  os_core.o(.rodata.str1.1)
    .L.str                                   0x0800394c   Data           2  os_core.o(.rodata.str1.1)
    .L.str                                   0x0800394c   Data           2  os_core.o(.rodata.str1.1)
    [Anonymous Symbol]                       0x0800394c   Section        0  os_core.o(.rodata.str1.1)
    .L.str.1                                 0x0800394e   Data          14  os_core.o(.rodata.str1.1)
    .L.str.2                                 0x0800395c   Data          14  os_core.o(.rodata.str1.1)
    .L.str.1                                 0x0800396a   Data          17  os_tmr.o(.rodata.str1.1)
    [Anonymous Symbol]                       0x0800396a   Section        0  os_tmr.o(.rodata.str1.1)
    .L.str.2                                 0x0800397b   Data          19  os_tmr.o(.rodata.str1.1)
    .L.str.3                                 0x0800398e   Data          13  os_tmr.o(.rodata.str1.1)
    .bss                                     0x20000008   Section       96  libspace.o(.bss)
    App_TimeTickHook.buttons                 0x20000068   Data           8  bsp.o(.bss.App_TimeTickHook.buttons)
    [Anonymous Symbol]                       0x20000068   Section        0  bsp.o(.bss.App_TimeTickHook.buttons)
    OSTmrCtr                                 0x20000fc8   Data           2  os_cpu_c.o(.bss.OSTmrCtr)
    [Anonymous Symbol]                       0x20000fc8   Section        0  os_cpu_c.o(.bss.OSTmrCtr)
    l_tevt                                   0x200018a0   Data          40  uc_ao.o(.bss.l_tevt)
    [Anonymous Symbol]                       0x200018a0   Section        0  uc_ao.o(.bss.l_tevt)
    l_tevtNum                                0x200018c8   Data           4  uc_ao.o(.bss.l_tevtNum)
    [Anonymous Symbol]                       0x200018c8   Section        0  uc_ao.o(.bss.l_tevtNum)
    timeBomb                                 0x20001a5c   Data          36  main.o(.bss.timeBomb)
    [Anonymous Symbol]                       0x20001a5c   Section        0  main.o(.bss.timeBomb)
    timeBomb_queue                           0x20001a80   Data          40  main.o(.bss.timeBomb_queue)
    [Anonymous Symbol]                       0x20001a80   Section        0  main.o(.bss.timeBomb_queue)
    Heap_Mem                                 0x20001aa8   Data         512  startup_stm32f407xx.o(HEAP)
    HEAP                                     0x20001aa8   Section      512  startup_stm32f407xx.o(HEAP)
    Stack_Mem                                0x20001ca8   Data        1024  startup_stm32f407xx.o(STACK)
    STACK                                    0x20001ca8   Section     1024  startup_stm32f407xx.o(STACK)
    __initial_sp                             0x200020a8   Data           0  startup_stm32f407xx.o(STACK)

    Global Symbols

    Symbol Name                              Value     Ov Type        Size  Object(Section)

    BuildAttributes$$THM_ISAv4$E$P$D$K$B$S$7EM$VFPi3$EXTD16$VFPS$VFMA$PE$A:L22UL41UL21$X:L11$S22US41US21$IEEE1$IW$~IW$USESV6$~STKCKD$USESV7$~SHL$OSPACE$ROPI$EBA8$UX$STANDARDLIB$REQ8$PRES8$EABIv2 0x00000000   Number         0  anon$$obj.o ABSOLUTE
    __ARM_exceptions_init                     - Undefined Weak Reference
    __alloca_initialize                       - Undefined Weak Reference
    __arm_preinit_                            - Undefined Weak Reference
    __arm_relocate_pie_                       - Undefined Weak Reference
    __cpp_initialize__aeabi_                  - Undefined Weak Reference
    __cxa_finalize                            - Undefined Weak Reference
    __rt_locale                               - Undefined Weak Reference
    __sigvec_lookup                           - Undefined Weak Reference
    _atexit_init                              - Undefined Weak Reference
    _call_atexit_fns                          - Undefined Weak Reference
    _clock_init                               - Undefined Weak Reference
    _fp_trap_init                             - Undefined Weak Reference
    _fp_trap_shutdown                         - Undefined Weak Reference
    _get_lc_collate                           - Undefined Weak Reference
    _get_lc_ctype                             - Undefined Weak Reference
    _get_lc_monetary                          - Undefined Weak Reference
    _get_lc_numeric                           - Undefined Weak Reference
    _get_lc_time                              - Undefined Weak Reference
    _getenv_init                              - Undefined Weak Reference
    _handle_redirection                       - Undefined Weak Reference
    _init_alloc                               - Undefined Weak Reference
    _init_user_alloc                          - Undefined Weak Reference
    _initio                                   - Undefined Weak Reference
    _rand_init                                - Undefined Weak Reference
    _signal_finish                            - Undefined Weak Reference
    _signal_init                              - Undefined Weak Reference
    _terminate_alloc                          - Undefined Weak Reference
    _terminate_user_alloc                     - Undefined Weak Reference
    _terminateio                              - Undefined Weak Reference
    __Vectors_Size                           0x00000188   Number         0  startup_stm32f407xx.o ABSOLUTE
    __Vectors                                0x08000000   Data           4  startup_stm32f407xx.o(RESET)
    __Vectors_End                            0x08000188   Data           0  startup_stm32f407xx.o(RESET)
    __main                                   0x08000189   Thumb Code     8  __main.o(!!!main)
    __scatterload                            0x08000191   Thumb Code     0  __scatter.o(!!!scatter)
    __scatterload_rt2                        0x08000191   Thumb Code    84  __scatter.o(!!!scatter)
    __scatterload_rt2_thumb_only             0x08000191   Thumb Code     0  __scatter.o(!!!scatter)
    __scatterload_loop                       0x0800019b   Thumb Code     0  __scatter.o(!!!scatter)
    __scatterload_copy                       0x080001ed   Thumb Code    26  __scatter_copy.o(!!handler_copy)
    __scatterload_null                       0x08000209   Thumb Code     2  __scatter.o(!!handler_null)
    __scatterload_zeroinit                   0x0800020d   Thumb Code    28  __scatter_zi.o(!!handler_zi)
    __rt_lib_init                            0x08000229   Thumb Code     0  libinit.o(.ARM.Collect$$libinit$$00000000)
    __rt_lib_init_fp_1                       0x0800022b   Thumb Code     0  libinit2.o(.ARM.Collect$$libinit$$00000001)
    __rt_lib_init_alloca_1                   0x0800022f   Thumb Code     0  libinit2.o(.ARM.Collect$$libinit$$00000030)
    __rt_lib_init_argv_1                     0x0800022f   Thumb Code     0  libinit2.o(.ARM.Collect$$libinit$$0000002E)
    __rt_lib_init_atexit_1                   0x0800022f   Thumb Code     0  libinit2.o(.ARM.Collect$$libinit$$0000001D)
    __rt_lib_init_clock_1                    0x0800022f   Thumb Code     0  libinit2.o(.ARM.Collect$$libinit$$00000023)
    __rt_lib_init_cpp_1                      0x0800022f   Thumb Code     0  libinit2.o(.ARM.Collect$$libinit$$00000034)
    __rt_lib_init_exceptions_1               0x0800022f   Thumb Code     0  libinit2.o(.ARM.Collect$$libinit$$00000032)
    __rt_lib_init_fp_trap_1                  0x0800022f   Thumb Code     0  libinit2.o(.ARM.Collect$$libinit$$00000021)
    __rt_lib_init_getenv_1                   0x0800022f   Thumb Code     0  libinit2.o(.ARM.Collect$$libinit$$00000025)
    __rt_lib_init_heap_1                     0x0800022f   Thumb Code     0  libinit2.o(.ARM.Collect$$libinit$$0000000C)
    __rt_lib_init_lc_collate_1               0x0800022f   Thumb Code     0  libinit2.o(.ARM.Collect$$libinit$$00000013)
    __rt_lib_init_lc_ctype_1                 0x0800022f   Thumb Code     0  libinit2.o(.ARM.Collect$$libinit$$00000015)
    __rt_lib_init_lc_monetary_1              0x0800022f   Thumb Code     0  libinit2.o(.ARM.Collect$$libinit$$00000017)
    __rt_lib_init_lc_numeric_1               0x0800022f   Thumb Code     0  libinit2.o(.ARM.Collect$$libinit$$00000019)
    __rt_lib_init_lc_time_1                  0x0800022f   Thumb Code     0  libinit2.o(.ARM.Collect$$libinit$$0000001B)
    __rt_lib_init_preinit_1                  0x0800022f   Thumb Code     0  libinit2.o(.ARM.Collect$$libinit$$00000006)
    __rt_lib_init_rand_1                     0x0800022f   Thumb Code     0  libinit2.o(.ARM.Collect$$libinit$$00000010)
    __rt_lib_init_relocate_pie_1             0x0800022f   Thumb Code     0  libinit2.o(.ARM.Collect$$libinit$$00000004)
    __rt_lib_init_return                     0x0800022f   Thumb Code     0  libinit2.o(.ARM.Collect$$libinit$$00000035)
    __rt_lib_init_signal_1                   0x0800022f   Thumb Code     0  libinit2.o(.ARM.Collect$$libinit$$0000001F)
    __rt_lib_init_stdio_1                    0x0800022f   Thumb Code     0  libinit2.o(.ARM.Collect$$libinit$$00000027)
    __rt_lib_init_user_alloc_1               0x0800022f   Thumb Code     0  libinit2.o(.ARM.Collect$$libinit$$0000000E)
    __rt_lib_shutdown                        0x08000231   Thumb Code     0  libshutdown.o(.ARM.Collect$$libshutdown$$00000000)
    __rt_lib_shutdown_cpp_1                  0x08000233   Thumb Code     0  libshutdown2.o(.ARM.Collect$$libshutdown$$00000002)
    __rt_lib_shutdown_fp_trap_1              0x08000233   Thumb Code     0  libshutdown2.o(.ARM.Collect$$libshutdown$$00000007)
    __rt_lib_shutdown_heap_1                 0x08000233   Thumb Code     0  libshutdown2.o(.ARM.Collect$$libshutdown$$0000000F)
    __rt_lib_shutdown_return                 0x08000233   Thumb Code     0  libshutdown2.o(.ARM.Collect$$libshutdown$$00000010)
    __rt_lib_shutdown_signal_1               0x08000233   Thumb Code     0  libshutdown2.o(.ARM.Collect$$libshutdown$$0000000A)
    __rt_lib_shutdown_stdio_1                0x08000233   Thumb Code     0  libshutdown2.o(.ARM.Collect$$libshutdown$$00000004)
    __rt_lib_shutdown_user_alloc_1           0x08000233   Thumb Code     0  libshutdown2.o(.ARM.Collect$$libshutdown$$0000000C)
    __rt_entry                               0x08000235   Thumb Code     0  __rtentry.o(.ARM.Collect$$rtentry$$00000000)
    __rt_entry_presh_1                       0x08000235   Thumb Code     0  __rtentry2.o(.ARM.Collect$$rtentry$$00000002)
    __rt_entry_sh                            0x08000235   Thumb Code     0  __rtentry4.o(.ARM.Collect$$rtentry$$00000004)
    __rt_entry_li                            0x0800023b   Thumb Code     0  __rtentry2.o(.ARM.Collect$$rtentry$$0000000A)
    __rt_entry_postsh_1                      0x0800023b   Thumb Code     0  __rtentry2.o(.ARM.Collect$$rtentry$$00000009)
    __rt_entry_main                          0x0800023f   Thumb Code     0  __rtentry2.o(.ARM.Collect$$rtentry$$0000000D)
    __rt_entry_postli_1                      0x0800023f   Thumb Code     0  __rtentry2.o(.ARM.Collect$$rtentry$$0000000C)
    __rt_exit                                0x08000247   Thumb Code     0  rtexit.o(.ARM.Collect$$rtexit$$00000000)
    __rt_exit_ls                             0x08000249   Thumb Code     0  rtexit2.o(.ARM.Collect$$rtexit$$00000003)
    __rt_exit_prels_1                        0x08000249   Thumb Code     0  rtexit2.o(.ARM.Collect$$rtexit$$00000002)
    __rt_exit_exit                           0x0800024d   Thumb Code     0  rtexit2.o(.ARM.Collect$$rtexit$$00000004)
    OS_CPU_FP_Reg_Push                       0x08000255   Thumb Code     0  os_cpu_a.o(.text)
    OS_CPU_FP_Reg_Pop                        0x08000267   Thumb Code     0  os_cpu_a.o(.text)
    OS_CPU_SR_Save                           0x08000273   Thumb Code     0  os_cpu_a.o(.text)
    OS_CPU_SR_Restore                        0x0800028f   Thumb Code     0  os_cpu_a.o(.text)
    OSStartHighRdy                           0x080002a1   Thumb Code     0  os_cpu_a.o(.text)
    OSCtxSw                                  0x080002f9   Thumb Code     0  os_cpu_a.o(.text)
    OSIntCtxSw                               0x080002f9   Thumb Code     0  os_cpu_a.o(.text)
    PendSV_Handler                           0x08000303   Thumb Code     0  os_cpu_a.o(.text)
    Reset_Handler                            0x0800037d   Thumb Code     8  startup_stm32f407xx.o(.text)
    NMI_Handler                              0x08000385   Thumb Code     2  startup_stm32f407xx.o(.text)
    HardFault_Handler                        0x08000387   Thumb Code     2  startup_stm32f407xx.o(.text)
    MemManage_Handler                        0x08000389   Thumb Code     2  startup_stm32f407xx.o(.text)
    BusFault_Handler                         0x0800038b   Thumb Code     2  startup_stm32f407xx.o(.text)
    UsageFault_Handler                       0x0800038d   Thumb Code     2  startup_stm32f407xx.o(.text)
    SVC_Handler                              0x0800038f   Thumb Code     2  startup_stm32f407xx.o(.text)
    DebugMon_Handler                         0x08000391   Thumb Code     2  startup_stm32f407xx.o(.text)
    ADC_IRQHandler                           0x08000397   Thumb Code     0  startup_stm32f407xx.o(.text)
    CAN1_RX0_IRQHandler                      0x08000397   Thumb Code     0  startup_stm32f407xx.o(.text)
    CAN1_RX1_IRQHandler                      0x08000397   Thumb Code     0  startup_stm32f407xx.o(.text)
    CAN1_SCE_IRQHandler                      0x08000397   Thumb Code     0  startup_stm32f407xx.o(.text)
    CAN1_TX_IRQHandler                       0x08000397   Thumb Code     0  startup_stm32f407xx.o(.text)
    CAN2_RX0_IRQHandler                      0x08000397   Thumb Code     0  startup_stm32f407xx.o(.text)
    CAN2_RX1_IRQHandler                      0x08000397   Thumb Code     0  startup_stm32f407xx.o(.text)
    CAN2_SCE_IRQHandler                      0x08000397   Thumb Code     0  startup_stm32f407xx.o(.text)
    CAN2_TX_IRQHandler                       0x08000397   Thumb Code     0  startup_stm32f407xx.o(.text)
    DCMI_IRQHandler                          0x08000397   Thumb Code     0  startup_stm32f407xx.o(.text)
    DMA1_Stream0_IRQHandler                  0x08000397   Thumb Code     0  startup_stm32f407xx.o(.text)
    DMA1_Stream1_IRQHandler                  0x08000397   Thumb Code     0  startup_stm32f407xx.o(.text)
    DMA1_Stream2_IRQHandler                  0x08000397   Thumb Code     0  startup_stm32f407xx.o(.text)
    DMA1_Stream3_IRQHandler                  0x08000397   Thumb Code     0  startup_stm32f407xx.o(.text)
    DMA1_Stream4_IRQHandler                  0x08000397   Thumb Code     0  startup_stm32f407xx.o(.text)
    DMA1_Stream5_IRQHandler                  0x08000397   Thumb Code     0  startup_stm32f407xx.o(.text)
    DMA1_Stream6_IRQHandler                  0x08000397   Thumb Code     0  startup_stm32f407xx.o(.text)
    DMA1_Stream7_IRQHandler                  0x08000397   Thumb Code     0  startup_stm32f407xx.o(.text)
    DMA2_Stream0_IRQHandler                  0x08000397   Thumb Code     0  startup_stm32f407xx.o(.text)
    DMA2_Stream1_IRQHandler                  0x08000397   Thumb Code     0  startup_stm32f407xx.o(.text)
    DMA2_Stream2_IRQHandler                  0x08000397   Thumb Code     0  startup_stm32f407xx.o(.text)
    DMA2_Stream3_IRQHandler                  0x08000397   Thumb Code     0  startup_stm32f407xx.o(.text)
    DMA2_Stream4_IRQHandler                  0x08000397   Thumb Code     0  startup_stm32f407xx.o(.text)
    DMA2_Stream5_IRQHandler                  0x08000397   Thumb Code     0  startup_stm32f407xx.o(.text)
    DMA2_Stream6_IRQHandler                  0x08000397   Thumb Code     0  startup_stm32f407xx.o(.text)
    DMA2_Stream7_IRQHandler                  0x08000397   Thumb Code     0  startup_stm32f407xx.o(.text)
    ETH_IRQHandler                           0x08000397   Thumb Code     0  startup_stm32f407xx.o(.text)
    ETH_WKUP_IRQHandler                      0x08000397   Thumb Code     0  startup_stm32f407xx.o(.text)
    EXTI0_IRQHandler                         0x08000397   Thumb Code     0  startup_stm32f407xx.o(.text)
    EXTI15_10_IRQHandler                     0x08000397   Thumb Code     0  startup_stm32f407xx.o(.text)
    EXTI1_IRQHandler                         0x08000397   Thumb Code     0  startup_stm32f407xx.o(.text)
    EXTI2_IRQHandler                         0x08000397   Thumb Code     0  startup_stm32f407xx.o(.text)
    EXTI3_IRQHandler                         0x08000397   Thumb Code     0  startup_stm32f407xx.o(.text)
    EXTI4_IRQHandler                         0x08000397   Thumb Code     0  startup_stm32f407xx.o(.text)
    EXTI9_5_IRQHandler                       0x08000397   Thumb Code     0  startup_stm32f407xx.o(.text)
    FLASH_IRQHandler                         0x08000397   Thumb Code     0  startup_stm32f407xx.o(.text)
    FMC_IRQHandler                           0x08000397   Thumb Code     0  startup_stm32f407xx.o(.text)
    FPU_IRQHandler                           0x08000397   Thumb Code     0  startup_stm32f407xx.o(.text)
    HASH_RNG_IRQHandler                      0x08000397   Thumb Code     0  startup_stm32f407xx.o(.text)
    I2C1_ER_IRQHandler                       0x08000397   Thumb Code     0  startup_stm32f407xx.o(.text)
    I2C1_EV_IRQHandler                       0x08000397   Thumb Code     0  startup_stm32f407xx.o(.text)
    I2C2_ER_IRQHandler                       0x08000397   Thumb Code     0  startup_stm32f407xx.o(.text)
    I2C2_EV_IRQHandler                       0x08000397   Thumb Code     0  startup_stm32f407xx.o(.text)
    I2C3_ER_IRQHandler                       0x08000397   Thumb Code     0  startup_stm32f407xx.o(.text)
    I2C3_EV_IRQHandler                       0x08000397   Thumb Code     0  startup_stm32f407xx.o(.text)
    OTG_FS_IRQHandler                        0x08000397   Thumb Code     0  startup_stm32f407xx.o(.text)
    OTG_FS_WKUP_IRQHandler                   0x08000397   Thumb Code     0  startup_stm32f407xx.o(.text)
    OTG_HS_EP1_IN_IRQHandler                 0x08000397   Thumb Code     0  startup_stm32f407xx.o(.text)
    OTG_HS_EP1_OUT_IRQHandler                0x08000397   Thumb Code     0  startup_stm32f407xx.o(.text)
    OTG_HS_IRQHandler                        0x08000397   Thumb Code     0  startup_stm32f407xx.o(.text)
    OTG_HS_WKUP_IRQHandler                   0x08000397   Thumb Code     0  startup_stm32f407xx.o(.text)
    PVD_IRQHandler                           0x08000397   Thumb Code     0  startup_stm32f407xx.o(.text)
    RCC_IRQHandler                           0x08000397   Thumb Code     0  startup_stm32f407xx.o(.text)
    RTC_Alarm_IRQHandler                     0x08000397   Thumb Code     0  startup_stm32f407xx.o(.text)
    RTC_WKUP_IRQHandler                      0x08000397   Thumb Code     0  startup_stm32f407xx.o(.text)
    SDIO_IRQHandler                          0x08000397   Thumb Code     0  startup_stm32f407xx.o(.text)
    SPI1_IRQHandler                          0x08000397   Thumb Code     0  startup_stm32f407xx.o(.text)
    SPI2_IRQHandler                          0x08000397   Thumb Code     0  startup_stm32f407xx.o(.text)
    SPI3_IRQHandler                          0x08000397   Thumb Code     0  startup_stm32f407xx.o(.text)
    TAMP_STAMP_IRQHandler                    0x08000397   Thumb Code     0  startup_stm32f407xx.o(.text)
    TIM1_BRK_TIM9_IRQHandler                 0x08000397   Thumb Code     0  startup_stm32f407xx.o(.text)
    TIM1_CC_IRQHandler                       0x08000397   Thumb Code     0  startup_stm32f407xx.o(.text)
    TIM1_TRG_COM_TIM11_IRQHandler            0x08000397   Thumb Code     0  startup_stm32f407xx.o(.text)
    TIM1_UP_TIM10_IRQHandler                 0x08000397   Thumb Code     0  startup_stm32f407xx.o(.text)
    TIM2_IRQHandler                          0x08000397   Thumb Code     0  startup_stm32f407xx.o(.text)
    TIM3_IRQHandler                          0x08000397   Thumb Code     0  startup_stm32f407xx.o(.text)
    TIM4_IRQHandler                          0x08000397   Thumb Code     0  startup_stm32f407xx.o(.text)
    TIM5_IRQHandler                          0x08000397   Thumb Code     0  startup_stm32f407xx.o(.text)
    TIM6_DAC_IRQHandler                      0x08000397   Thumb Code     0  startup_stm32f407xx.o(.text)
    TIM7_IRQHandler                          0x08000397   Thumb Code     0  startup_stm32f407xx.o(.text)
    TIM8_BRK_TIM12_IRQHandler                0x08000397   Thumb Code     0  startup_stm32f407xx.o(.text)
    TIM8_CC_IRQHandler                       0x08000397   Thumb Code     0  startup_stm32f407xx.o(.text)
    TIM8_TRG_COM_TIM14_IRQHandler            0x08000397   Thumb Code     0  startup_stm32f407xx.o(.text)
    TIM8_UP_TIM13_IRQHandler                 0x08000397   Thumb Code     0  startup_stm32f407xx.o(.text)
    UART4_IRQHandler                         0x08000397   Thumb Code     0  startup_stm32f407xx.o(.text)
    UART5_IRQHandler                         0x08000397   Thumb Code     0  startup_stm32f407xx.o(.text)
    USART1_IRQHandler                        0x08000397   Thumb Code     0  startup_stm32f407xx.o(.text)
    USART2_IRQHandler                        0x08000397   Thumb Code     0  startup_stm32f407xx.o(.text)
    USART3_IRQHandler                        0x08000397   Thumb Code     0  startup_stm32f407xx.o(.text)
    USART6_IRQHandler                        0x08000397   Thumb Code     0  startup_stm32f407xx.o(.text)
    WWDG_IRQHandler                          0x08000397   Thumb Code     0  startup_stm32f407xx.o(.text)
    __user_initial_stackheap                 0x08000399   Thumb Code     0  startup_stm32f407xx.o(.text)
    __use_two_region_memory                  0x080003bd   Thumb Code     2  heapauxi.o(.text)
    __rt_heap_escrow$2region                 0x080003bf   Thumb Code     2  heapauxi.o(.text)
    __rt_heap_expand$2region                 0x080003c1   Thumb Code     2  heapauxi.o(.text)
    __user_setup_stackheap                   0x080003c3   Thumb Code    74  sys_stackheap_outer.o(.text)
    exit                                     0x0800040d   Thumb Code    18  exit.o(.text)
    __user_libspace                          0x08000421   Thumb Code     8  libspace.o(.text)
    __user_perproc_libspace                  0x08000421   Thumb Code     0  libspace.o(.text)
    __user_perthread_libspace                0x08000421   Thumb Code     0  libspace.o(.text)
    _sys_exit                                0x08000429   Thumb Code     8  sys_exit.o(.text)
    __I$use$semihosting                      0x08000435   Thumb Code     0  use_no_semi.o(.text)
    __use_no_semihosting_swi                 0x08000435   Thumb Code     2  use_no_semi.o(.text)
    __semihosting_library_function           0x08000437   Thumb Code     0  indicate_semi.o(.text)
    Active_ctor                              0x08000439   Thumb Code    16  uc_ao.o(.text.Active_ctor)
    Active_post                              0x08000495   Thumb Code    22  uc_ao.o(.text.Active_post)
    Active_start                             0x080004ad   Thumb Code   226  uc_ao.o(.text.Active_start)
    App_TCBInitHook                          0x08000591   Thumb Code     8  bsp.o(.text.App_TCBInitHook)
    App_TaskCreateHook                       0x08000599   Thumb Code     8  bsp.o(.text.App_TaskCreateHook)
    App_TaskDelHook                          0x080005a1   Thumb Code     8  bsp.o(.text.App_TaskDelHook)
    App_TaskIdleHook                         0x080005a9   Thumb Code     2  bsp.o(.text.App_TaskIdleHook)
    App_TaskReturnHook                       0x080005ad   Thumb Code     8  bsp.o(.text.App_TaskReturnHook)
    App_TaskStatHook                         0x080005b5   Thumb Code     2  bsp.o(.text.App_TaskStatHook)
    App_TaskSwHook                           0x080005b9   Thumb Code     2  bsp.o(.text.App_TaskSwHook)
    App_TimeTickHook                         0x080005bd   Thumb Code   142  bsp.o(.text.App_TimeTickHook)
    BSP_init                                 0x0800064d   Thumb Code   240  bsp.o(.text.BSP_init)
    BSP_ledBlueOn                            0x0800073d   Thumb Code    16  bsp.o(.text.BSP_ledBlueOn)
    BSP_ledGreenOff                          0x0800074d   Thumb Code    16  bsp.o(.text.BSP_ledGreenOff)
    BSP_ledGreenOn                           0x0800075d   Thumb Code    16  bsp.o(.text.BSP_ledGreenOn)
    BSP_ledOrangeOn                          0x0800076d   Thumb Code    16  bsp.o(.text.BSP_ledOrangeOn)
    BSP_ledRedOff                            0x0800077d   Thumb Code    16  bsp.o(.text.BSP_ledRedOff)
    BSP_ledRedOn                             0x0800078d   Thumb Code    16  bsp.o(.text.BSP_ledRedOn)
    BSP_start                                0x0800079d   Thumb Code    46  bsp.o(.text.BSP_start)
    OSDebugInit                              0x080007cd   Thumb Code   576  os_dbg.o(.text.OSDebugInit)
    OSEventNameSet                           0x08000a0d   Thumb Code   126  os_core.o(.text.OSEventNameSet)
    OSInit                                   0x08000a8d   Thumb Code    56  os_core.o(.text.OSInit)
    OSInitHookBegin                          0x08000ac5   Thumb Code   132  os_cpu_c.o(.text.OSInitHookBegin)
    OSInitHookEnd                            0x08000b49   Thumb Code     2  os_cpu_c.o(.text.OSInitHookEnd)
    OSIntEnter                               0x08000b4d   Thumb Code    52  os_core.o(.text.OSIntEnter)
    OSIntExit                                0x08000b81   Thumb Code   210  os_core.o(.text.OSIntExit)
    OSQCreate                                0x08000c55   Thumb Code   282  os_q.o(.text.OSQCreate)
    OSQPend                                  0x08000d71   Thumb Code   424  os_q.o(.text.OSQPend)
    OSQPost                                  0x08000f19   Thumb Code   200  os_q.o(.text.OSQPost)
    OSSchedLock                              0x08000fe1   Thumb Code   100  os_core.o(.text.OSSchedLock)
    OSSchedUnlock                            0x08001045   Thumb Code   146  os_core.o(.text.OSSchedUnlock)
    OSSemCreate                              0x080010d9   Thumb Code   146  os_sem.o(.text.OSSemCreate)
    OSSemPend                                0x0800116d   Thumb Code   332  os_sem.o(.text.OSSemPend)
    OSSemPost                                0x080012b9   Thumb Code   162  os_sem.o(.text.OSSemPost)
    OSStart                                  0x0800135d   Thumb Code    84  os_core.o(.text.OSStart)
    OSTCBInitHook                            0x080013b1   Thumb Code    16  os_cpu_c.o(.text.OSTCBInitHook)
    OSTaskCreateExt                          0x080013c1   Thumb Code   338  os_task.o(.text.OSTaskCreateExt)
    OSTaskCreateHook                         0x08001515   Thumb Code    16  os_cpu_c.o(.text.OSTaskCreateHook)
    OSTaskDel                                0x08001525   Thumb Code   578  os_task.o(.text.OSTaskDel)
    OSTaskDelHook                            0x08001769   Thumb Code    16  os_cpu_c.o(.text.OSTaskDelHook)
    OSTaskIdleHook                           0x08001779   Thumb Code     8  os_cpu_c.o(.text.OSTaskIdleHook)
    OSTaskNameSet                            0x08001781   Thumb Code   220  os_task.o(.text.OSTaskNameSet)
    OSTaskReturnHook                         0x0800185d   Thumb Code    16  os_cpu_c.o(.text.OSTaskReturnHook)
    OSTaskStatHook                           0x0800186d   Thumb Code     8  os_cpu_c.o(.text.OSTaskStatHook)
    OSTaskStkChk                             0x08001875   Thumb Code   286  os_task.o(.text.OSTaskStkChk)
    OSTaskStkInit                            0x08001995   Thumb Code   788  os_cpu_c.o(.text.OSTaskStkInit)
    OSTaskSuspend                            0x08001ca9   Thumb Code   340  os_task.o(.text.OSTaskSuspend)
    OSTaskSwHook                             0x08001dfd   Thumb Code    40  os_cpu_c.o(.text.OSTaskSwHook)
    OSTimeDly                                0x08001e25   Thumb Code   178  os_time.o(.text.OSTimeDly)
    OSTimeTick                               0x08001ed9   Thumb Code   364  os_core.o(.text.OSTimeTick)
    OSTimeTickHook                           0x08002045   Thumb Code    48  os_cpu_c.o(.text.OSTimeTickHook)
    OSTmrSignal                              0x08002075   Thumb Code    30  os_tmr.o(.text.OSTmrSignal)
    OSTmr_Init                               0x08002095   Thumb Code   328  os_tmr.o(.text.OSTmr_Init)
    OS_Dummy                                 0x08002481   Thumb Code     2  os_core.o(.text.OS_Dummy)
    OS_EventTaskRdy                          0x08002485   Thumb Code   228  os_core.o(.text.OS_EventTaskRdy)
    OS_EventTaskRemove                       0x08002569   Thumb Code    76  os_core.o(.text.OS_EventTaskRemove)
    OS_EventTaskRemoveMulti                  0x080025b5   Thumb Code   118  os_core.o(.text.OS_EventTaskRemoveMulti)
    OS_EventTaskWait                         0x0800262d   Thumb Code   130  os_core.o(.text.OS_EventTaskWait)
    OS_EventWaitListInit                     0x080026b1   Thumb Code    56  os_core.o(.text.OS_EventWaitListInit)
    OS_FlagInit                              0x080026e9   Thumb Code   166  os_flag.o(.text.OS_FlagInit)
    OS_FlagUnlink                            0x08002791   Thumb Code    88  os_flag.o(.text.OS_FlagUnlink)
    OS_MemClr                                0x08002ad1   Thumb Code    44  os_core.o(.text.OS_MemClr)
    OS_MemInit                               0x08002afd   Thumb Code   156  os_mem.o(.text.OS_MemInit)
    OS_QInit                                 0x08002b99   Thumb Code   144  os_q.o(.text.OS_QInit)
    OS_Sched                                 0x08002c29   Thumb Code   156  os_core.o(.text.OS_Sched)
    OS_TCBInit                               0x08002d01   Thumb Code   538  os_core.o(.text.OS_TCBInit)
    OS_TaskIdle                              0x08002f1d   Thumb Code    54  os_core.o(.text.OS_TaskIdle)
    OS_TaskReturn                            0x08002f55   Thumb Code    24  os_task.o(.text.OS_TaskReturn)
    OS_TaskStat                              0x08002f6d   Thumb Code   338  os_core.o(.text.OS_TaskStat)
    OS_TaskStatStkChk                        0x080030c1   Thumb Code   118  os_core.o(.text.OS_TaskStatStkChk)
    OS_TaskStkClr                            0x08003139   Thumb Code    66  os_task.o(.text.OS_TaskStkClr)
    Q_onAssert                               0x0800317d   Thumb Code    24  bsp.o(.text.Q_onAssert)
    SysTick_Handler                          0x080031e9   Thumb Code    42  os_cpu_c.o(.text.SysTick_Handler)
    SystemCoreClockUpdate                    0x08003215   Thumb Code   302  system_stm32f4xx.o(.text.SystemCoreClockUpdate)
    SystemInit                               0x08003345   Thumb Code    18  system_stm32f4xx.o(.text.SystemInit)
    TimeBomb_ctor                            0x080033c1   Thumb Code    42  main.o(.text.TimeBomb_ctor)
    TimeEvent_arm                            0x0800357d   Thumb Code    48  uc_ao.o(.text.TimeEvent_arm)
    TimeEvent_ctor                           0x080035ad   Thumb Code   124  uc_ao.o(.text.TimeEvent_ctor)
    TimeEvent_tick                           0x08003629   Thumb Code   118  uc_ao.o(.text.TimeEvent_tick)
    main                                     0x080036e5   Thumb Code    92  main.o(.text.main)
    _fp_init                                 0x08003741   Thumb Code    26  fpinit.o(x$fpl$fpinit)
    __fplib_config_fpu_vfp                   0x08003759   Thumb Code     0  fpinit.o(x$fpl$fpinit)
    __fplib_config_pureend_doubles           0x08003759   Thumb Code     0  fpinit.o(x$fpl$fpinit)
    AHBPrescTable                            0x0800375a   Data          16  system_stm32f4xx.o(.rodata.AHBPrescTable)
    OSDataSize                               0x08003770   Data           2  os_dbg.o(.rodata.OSDataSize)
    OSDebugEn                                0x08003772   Data           2  os_dbg.o(.rodata.OSDebugEn)
    OSEndiannessTest                         0x08003774   Data           4  os_dbg.o(.rodata.OSEndiannessTest)
    OSEventEn                                0x08003778   Data           2  os_dbg.o(.rodata.OSEventEn)
    OSEventMax                               0x0800377a   Data           2  os_dbg.o(.rodata.OSEventMax)
    OSEventMultiEn                           0x0800377c   Data           2  os_dbg.o(.rodata.OSEventMultiEn)
    OSEventNameEn                            0x0800377e   Data           2  os_dbg.o(.rodata.OSEventNameEn)
    OSEventSize                              0x08003780   Data           2  os_dbg.o(.rodata.OSEventSize)
    OSEventTblSize                           0x08003782   Data           2  os_dbg.o(.rodata.OSEventTblSize)
    OSFlagEn                                 0x08003784   Data           2  os_dbg.o(.rodata.OSFlagEn)
    OSFlagGrpSize                            0x08003786   Data           2  os_dbg.o(.rodata.OSFlagGrpSize)
    OSFlagMax                                0x08003788   Data           2  os_dbg.o(.rodata.OSFlagMax)
    OSFlagNameEn                             0x0800378a   Data           2  os_dbg.o(.rodata.OSFlagNameEn)
    OSFlagNodeSize                           0x0800378c   Data           2  os_dbg.o(.rodata.OSFlagNodeSize)
    OSFlagWidth                              0x0800378e   Data           2  os_dbg.o(.rodata.OSFlagWidth)
    OSLowestPrio                             0x08003790   Data           2  os_dbg.o(.rodata.OSLowestPrio)
    OSMboxEn                                 0x08003792   Data           2  os_dbg.o(.rodata.OSMboxEn)
    OSMemEn                                  0x08003794   Data           2  os_dbg.o(.rodata.OSMemEn)
    OSMemMax                                 0x08003796   Data           2  os_dbg.o(.rodata.OSMemMax)
    OSMemNameEn                              0x08003798   Data           2  os_dbg.o(.rodata.OSMemNameEn)
    OSMemSize                                0x0800379a   Data           2  os_dbg.o(.rodata.OSMemSize)
    OSMemTblSize                             0x0800379c   Data           2  os_dbg.o(.rodata.OSMemTblSize)
    OSMutexEn                                0x0800379e   Data           2  os_dbg.o(.rodata.OSMutexEn)
    OSPtrSize                                0x080037a0   Data           2  os_dbg.o(.rodata.OSPtrSize)
    OSQEn                                    0x080037a2   Data           2  os_dbg.o(.rodata.OSQEn)
    OSQMax                                   0x080037a4   Data           2  os_dbg.o(.rodata.OSQMax)
    OSQSize                                  0x080037a6   Data           2  os_dbg.o(.rodata.OSQSize)
    OSRdyTblSize                             0x080037a8   Data           2  os_dbg.o(.rodata.OSRdyTblSize)
    OSSemEn                                  0x080037aa   Data           2  os_dbg.o(.rodata.OSSemEn)
    OSStkWidth                               0x080037ac   Data           2  os_dbg.o(.rodata.OSStkWidth)
    OSTCBPrioTblMax                          0x080037ae   Data           2  os_dbg.o(.rodata.OSTCBPrioTblMax)
    OSTCBSize                                0x080037b0   Data           2  os_dbg.o(.rodata.OSTCBSize)
    OSTaskCreateEn                           0x080037b2   Data           2  os_dbg.o(.rodata.OSTaskCreateEn)
    OSTaskCreateExtEn                        0x080037b4   Data           2  os_dbg.o(.rodata.OSTaskCreateExtEn)
    OSTaskDelEn                              0x080037b6   Data           2  os_dbg.o(.rodata.OSTaskDelEn)
    OSTaskIdleStkSize                        0x080037b8   Data           2  os_dbg.o(.rodata.OSTaskIdleStkSize)
    OSTaskMax                                0x080037ba   Data           2  os_dbg.o(.rodata.OSTaskMax)
    OSTaskNameEn                             0x080037bc   Data           2  os_dbg.o(.rodata.OSTaskNameEn)
    OSTaskProfileEn                          0x080037be   Data           2  os_dbg.o(.rodata.OSTaskProfileEn)
    OSTaskStatEn                             0x080037c0   Data           2  os_dbg.o(.rodata.OSTaskStatEn)
    OSTaskStatStkChkEn                       0x080037c2   Data           2  os_dbg.o(.rodata.OSTaskStatStkChkEn)
    OSTaskStatStkSize                        0x080037c4   Data           2  os_dbg.o(.rodata.OSTaskStatStkSize)
    OSTaskSwHookEn                           0x080037c6   Data           2  os_dbg.o(.rodata.OSTaskSwHookEn)
    OSTicksPerSec                            0x080037c8   Data           2  os_dbg.o(.rodata.OSTicksPerSec)
    OSTimeTickHookEn                         0x080037ca   Data           2  os_dbg.o(.rodata.OSTimeTickHookEn)
    OSTmrCfgMax                              0x080037cc   Data           2  os_dbg.o(.rodata.OSTmrCfgMax)
    OSTmrCfgNameEn                           0x080037ce   Data           2  os_dbg.o(.rodata.OSTmrCfgNameEn)
    OSTmrCfgTicksPerSec                      0x080037d0   Data           2  os_dbg.o(.rodata.OSTmrCfgTicksPerSec)
    OSTmrCfgWheelSize                        0x080037d2   Data           2  os_dbg.o(.rodata.OSTmrCfgWheelSize)
    OSTmrEn                                  0x080037d4   Data           2  os_dbg.o(.rodata.OSTmrEn)
    OSTmrSize                                0x080037d6   Data           2  os_dbg.o(.rodata.OSTmrSize)
    OSTmrTblSize                             0x080037d8   Data           2  os_dbg.o(.rodata.OSTmrTblSize)
    OSTmrWheelSize                           0x080037da   Data           2  os_dbg.o(.rodata.OSTmrWheelSize)
    OSTmrWheelTblSize                        0x080037dc   Data           2  os_dbg.o(.rodata.OSTmrWheelTblSize)
    OSUnMapTbl                               0x080037de   Data         256  os_core.o(.rodata.OSUnMapTbl)
    OSVersionNbr                             0x080038de   Data           2  os_dbg.o(.rodata.OSVersionNbr)
    Region$$Table$$Base                      0x0800399c   Number         0  anon$$obj.o(Region$$Table)
    Region$$Table$$Limit                     0x080039bc   Number         0  anon$$obj.o(Region$$Table)
    AO_TimeBomb                              0x20000000   Data           4  main.o(.data.AO_TimeBomb)
    SystemCoreClock                          0x20000004   Data           4  system_stm32f4xx.o(.data.SystemCoreClock)
    __libspace_start                         0x20000008   Data          96  libspace.o(.bss)
    __temporary_stack_top$libspace           0x20000068   Data           0  libspace.o(.bss)
    OSCPUUsage                               0x20000070   Data           1  os_core.o(.bss.OSCPUUsage)
    OSCtxSwCtr                               0x20000074   Data           4  os_core.o(.bss.OSCtxSwCtr)
    OSEventFreeList                          0x20000078   Data           4  os_core.o(.bss.OSEventFreeList)
    OSEventTbl                               0x2000007c   Data         240  os_core.o(.bss.OSEventTbl)
    OSFlagFreeList                           0x2000016c   Data           4  os_core.o(.bss.OSFlagFreeList)
    OSFlagTbl                                0x20000170   Data          80  os_core.o(.bss.OSFlagTbl)
    OSIdleCtr                                0x200001c0   Data           4  os_core.o(.bss.OSIdleCtr)
    OSIdleCtrMax                             0x200001c4   Data           4  os_core.o(.bss.OSIdleCtrMax)
    OSIdleCtrRun                             0x200001c8   Data           4  os_core.o(.bss.OSIdleCtrRun)
    OSIntNesting                             0x200001cc   Data           1  os_core.o(.bss.OSIntNesting)
    OSLockNesting                            0x200001cd   Data           1  os_core.o(.bss.OSLockNesting)
    OSMemFreeList                            0x200001d0   Data           4  os_core.o(.bss.OSMemFreeList)
    OSMemTbl                                 0x200001d4   Data         120  os_core.o(.bss.OSMemTbl)
    OSPrioCur                                0x2000024c   Data           1  os_core.o(.bss.OSPrioCur)
    OSPrioHighRdy                            0x2000024d   Data           1  os_core.o(.bss.OSPrioHighRdy)
    OSQFreeList                              0x20000250   Data           4  os_core.o(.bss.OSQFreeList)
    OSQTbl                                   0x20000254   Data          96  os_core.o(.bss.OSQTbl)
    OSRdyGrp                                 0x200002b4   Data           1  os_core.o(.bss.OSRdyGrp)
    OSRdyTbl                                 0x200002b5   Data           8  os_core.o(.bss.OSRdyTbl)
    OSRunning                                0x200002bd   Data           1  os_core.o(.bss.OSRunning)
    OSStatRdy                                0x200002be   Data           1  os_core.o(.bss.OSStatRdy)
    OSTCBCur                                 0x200002c0   Data           4  os_core.o(.bss.OSTCBCur)
    OSTCBFreeList                            0x200002c4   Data           4  os_core.o(.bss.OSTCBFreeList)
    OSTCBHighRdy                             0x200002c8   Data           4  os_core.o(.bss.OSTCBHighRdy)
    OSTCBList                                0x200002cc   Data           4  os_core.o(.bss.OSTCBList)
    OSTCBPrioTbl                             0x200002d0   Data         256  os_core.o(.bss.OSTCBPrioTbl)
    OSTCBTbl                                 0x200003d0   Data        2024  os_core.o(.bss.OSTCBTbl)
    OSTaskCtr                                0x20000bb8   Data           1  os_core.o(.bss.OSTaskCtr)
    OSTaskIdleStk                            0x20000bbc   Data         512  os_core.o(.bss.OSTaskIdleStk)
    OSTaskRegNextAvailID                     0x20000dbc   Data           1  os_core.o(.bss.OSTaskRegNextAvailID)
    OSTaskStatStk                            0x20000dc0   Data         512  os_core.o(.bss.OSTaskStatStk)
    OSTickStepState                          0x20000fc0   Data           1  os_core.o(.bss.OSTickStepState)
    OSTime                                   0x20000fc4   Data           4  os_core.o(.bss.OSTime)
    OSTmrFree                                0x20000fca   Data           2  os_core.o(.bss.OSTmrFree)
    OSTmrFreeList                            0x20000fcc   Data           4  os_core.o(.bss.OSTmrFreeList)
    OSTmrSem                                 0x20000fd0   Data           4  os_core.o(.bss.OSTmrSem)
    OSTmrSemSignal                           0x20000fd4   Data           4  os_core.o(.bss.OSTmrSemSignal)
    OSTmrTaskStk                             0x20000fd8   Data         512  os_core.o(.bss.OSTmrTaskStk)
    OSTmrTbl                                 0x200011d8   Data         640  os_core.o(.bss.OSTmrTbl)
    OSTmrTime                                0x20001458   Data           4  os_core.o(.bss.OSTmrTime)
    OSTmrUsed                                0x2000145c   Data           2  os_core.o(.bss.OSTmrUsed)
    OSTmrWheelTbl                            0x20001460   Data          56  os_core.o(.bss.OSTmrWheelTbl)
    OS_CPU_ExceptStk                         0x20001498   Data        1024  os_cpu_c.o(.bss.OS_CPU_ExceptStk)
    OS_CPU_ExceptStkBase                     0x20001898   Data           4  os_cpu_c.o(.bss.OS_CPU_ExceptStkBase)
    OS_KA_BASEPRI_Boundary                   0x2000189c   Data           4  os_cpu_c.o(.bss.OS_KA_BASEPRI_Boundary)
    stack_timeBomb                           0x200018cc   Data         400  main.o(.bss.stack_timeBomb)



==============================================================================

Memory Map of the image

  Image Entry point : 0x0800037d

  Load Region LR_1 (Base: 0x08000000, Size: 0x000039c4, Max: 0xffffffff, ABSOLUTE)

    Execution Region ER_RO (Exec base: 0x08000000, Load base: 0x08000000, Size: 0x000039bc, Max: 0xffffffff, ABSOLUTE)

    Exec Addr    Load Addr    Size         Type   Attr      Idx    E Section Name        Object

    0x08000000   0x08000000   0x00000188   Data   RO          882    RESET               startup_stm32f407xx.o
    0x08000188   0x08000188   0x00000008   Code   RO          907  * !!!main             c_w.l(__main.o)
    0x08000190   0x08000190   0x0000005c   Code   RO         1082    !!!scatter          c_w.l(__scatter.o)
    0x080001ec   0x080001ec   0x0000001a   Code   RO         1086    !!handler_copy      c_w.l(__scatter_copy.o)
    0x08000206   0x08000206   0x00000002   PAD
    0x08000208   0x08000208   0x00000002   Code   RO         1083    !!handler_null      c_w.l(__scatter.o)
    0x0800020a   0x0800020a   0x00000002   PAD
    0x0800020c   0x0800020c   0x0000001c   Code   RO         1088    !!handler_zi        c_w.l(__scatter_zi.o)
    0x08000228   0x08000228   0x00000002   Code   RO          944    .ARM.Collect$$libinit$$00000000  c_w.l(libinit.o)
    0x0800022a   0x0800022a   0x00000004   Code   RO          956    .ARM.Collect$$libinit$$00000001  c_w.l(libinit2.o)
    0x0800022e   0x0800022e   0x00000000   Code   RO          959    .ARM.Collect$$libinit$$00000004  c_w.l(libinit2.o)
    0x0800022e   0x0800022e   0x00000000   Code   RO          961    .ARM.Collect$$libinit$$00000006  c_w.l(libinit2.o)
    0x0800022e   0x0800022e   0x00000000   Code   RO          964    .ARM.Collect$$libinit$$0000000C  c_w.l(libinit2.o)
    0x0800022e   0x0800022e   0x00000000   Code   RO          966    .ARM.Collect$$libinit$$0000000E  c_w.l(libinit2.o)
    0x0800022e   0x0800022e   0x00000000   Code   RO          968    .ARM.Collect$$libinit$$00000010  c_w.l(libinit2.o)
    0x0800022e   0x0800022e   0x00000000   Code   RO          971    .ARM.Collect$$libinit$$00000013  c_w.l(libinit2.o)
    0x0800022e   0x0800022e   0x00000000   Code   RO          973    .ARM.Collect$$libinit$$00000015  c_w.l(libinit2.o)
    0x0800022e   0x0800022e   0x00000000   Code   RO          975    .ARM.Collect$$libinit$$00000017  c_w.l(libinit2.o)
    0x0800022e   0x0800022e   0x00000000   Code   RO          977    .ARM.Collect$$libinit$$00000019  c_w.l(libinit2.o)
    0x0800022e   0x0800022e   0x00000000   Code   RO          979    .ARM.Collect$$libinit$$0000001B  c_w.l(libinit2.o)
    0x0800022e   0x0800022e   0x00000000   Code   RO          981    .ARM.Collect$$libinit$$0000001D  c_w.l(libinit2.o)
    0x0800022e   0x0800022e   0x00000000   Code   RO          983    .ARM.Collect$$libinit$$0000001F  c_w.l(libinit2.o)
    0x0800022e   0x0800022e   0x00000000   Code   RO          985    .ARM.Collect$$libinit$$00000021  c_w.l(libinit2.o)
    0x0800022e   0x0800022e   0x00000000   Code   RO          987    .ARM.Collect$$libinit$$00000023  c_w.l(libinit2.o)
    0x0800022e   0x0800022e   0x00000000   Code   RO          989    .ARM.Collect$$libinit$$00000025  c_w.l(libinit2.o)
    0x0800022e   0x0800022e   0x00000000   Code   RO          991    .ARM.Collect$$libinit$$00000027  c_w.l(libinit2.o)
    0x0800022e   0x0800022e   0x00000000   Code   RO          995    .ARM.Collect$$libinit$$0000002E  c_w.l(libinit2.o)
    0x0800022e   0x0800022e   0x00000000   Code   RO          997    .ARM.Collect$$libinit$$00000030  c_w.l(libinit2.o)
    0x0800022e   0x0800022e   0x00000000   Code   RO          999    .ARM.Collect$$libinit$$00000032  c_w.l(libinit2.o)
    0x0800022e   0x0800022e   0x00000000   Code   RO         1001    .ARM.Collect$$libinit$$00000034  c_w.l(libinit2.o)
    0x0800022e   0x0800022e   0x00000002   Code   RO         1002    .ARM.Collect$$libinit$$00000035  c_w.l(libinit2.o)
    0x08000230   0x08000230   0x00000002   Code   RO         1037    .ARM.Collect$$libshutdown$$00000000  c_w.l(libshutdown.o)
    0x08000232   0x08000232   0x00000000   Code   RO         1065    .ARM.Collect$$libshutdown$$00000002  c_w.l(libshutdown2.o)
    0x08000232   0x08000232   0x00000000   Code   RO         1067    .ARM.Collect$$libshutdown$$00000004  c_w.l(libshutdown2.o)
    0x08000232   0x08000232   0x00000000   Code   RO         1070    .ARM.Collect$$libshutdown$$00000007  c_w.l(libshutdown2.o)
    0x08000232   0x08000232   0x00000000   Code   RO         1073    .ARM.Collect$$libshutdown$$0000000A  c_w.l(libshutdown2.o)
    0x08000232   0x08000232   0x00000000   Code   RO         1075    .ARM.Collect$$libshutdown$$0000000C  c_w.l(libshutdown2.o)
    0x08000232   0x08000232   0x00000000   Code   RO         1078    .ARM.Collect$$libshutdown$$0000000F  c_w.l(libshutdown2.o)
    0x08000232   0x08000232   0x00000002   Code   RO         1079    .ARM.Collect$$libshutdown$$00000010  c_w.l(libshutdown2.o)
    0x08000234   0x08000234   0x00000000   Code   RO          909    .ARM.Collect$$rtentry$$00000000  c_w.l(__rtentry.o)
    0x08000234   0x08000234   0x00000000   Code   RO          915    .ARM.Collect$$rtentry$$00000002  c_w.l(__rtentry2.o)
    0x08000234   0x08000234   0x00000006   Code   RO          927    .ARM.Collect$$rtentry$$00000004  c_w.l(__rtentry4.o)
    0x0800023a   0x0800023a   0x00000000   Code   RO          917    .ARM.Collect$$rtentry$$00000009  c_w.l(__rtentry2.o)
    0x0800023a   0x0800023a   0x00000004   Code   RO          918    .ARM.Collect$$rtentry$$0000000A  c_w.l(__rtentry2.o)
    0x0800023e   0x0800023e   0x00000000   Code   RO          920    .ARM.Collect$$rtentry$$0000000C  c_w.l(__rtentry2.o)
    0x0800023e   0x0800023e   0x00000008   Code   RO          921    .ARM.Collect$$rtentry$$0000000D  c_w.l(__rtentry2.o)
    0x08000246   0x08000246   0x00000002   Code   RO          948    .ARM.Collect$$rtexit$$00000000  c_w.l(rtexit.o)
    0x08000248   0x08000248   0x00000000   Code   RO         1008    .ARM.Collect$$rtexit$$00000002  c_w.l(rtexit2.o)
    0x08000248   0x08000248   0x00000004   Code   RO         1009    .ARM.Collect$$rtexit$$00000003  c_w.l(rtexit2.o)
    0x0800024c   0x0800024c   0x00000006   Code   RO         1010    .ARM.Collect$$rtexit$$00000004  c_w.l(rtexit2.o)
    0x08000252   0x08000252   0x00000002   PAD
    0x08000254   0x08000254   0x00000128   Code   RO          500    .text               os_cpu_a.o
    0x0800037c   0x0800037c   0x00000040   Code   RO          883  * .text               startup_stm32f407xx.o
    0x080003bc   0x080003bc   0x00000006   Code   RO          905    .text               c_w.l(heapauxi.o)
    0x080003c2   0x080003c2   0x0000004a   Code   RO          931    .text               c_w.l(sys_stackheap_outer.o)
    0x0800040c   0x0800040c   0x00000012   Code   RO          933    .text               c_w.l(exit.o)
    0x0800041e   0x0800041e   0x00000002   PAD
    0x08000420   0x08000420   0x00000008   Code   RO          945    .text               c_w.l(libspace.o)
    0x08000428   0x08000428   0x0000000c   Code   RO         1003    .text               c_w.l(sys_exit.o)
    0x08000434   0x08000434   0x00000002   Code   RO         1026    .text               c_w.l(use_no_semi.o)
    0x08000436   0x08000436   0x00000000   Code   RO         1028    .text               c_w.l(indicate_semi.o)
    0x08000436   0x08000436   0x00000002   PAD
    0x08000438   0x08000438   0x00000010   Code   RO          104    .text.Active_ctor   uc_ao.o
    0x08000448   0x08000448   0x0000004c   Code   RO          108    .text.Active_eventLoop  uc_ao.o
    0x08000494   0x08000494   0x00000016   Code   RO          110    .text.Active_post   uc_ao.o
    0x080004aa   0x080004aa   0x00000002   PAD
    0x080004ac   0x080004ac   0x000000e2   Code   RO          106    .text.Active_start  uc_ao.o
    0x0800058e   0x0800058e   0x00000002   PAD
    0x08000590   0x08000590   0x00000008   Code   RO           58    .text.App_TCBInitHook  bsp.o
    0x08000598   0x08000598   0x00000008   Code   RO           48    .text.App_TaskCreateHook  bsp.o
    0x080005a0   0x080005a0   0x00000008   Code   RO           50    .text.App_TaskDelHook  bsp.o
    0x080005a8   0x080005a8   0x00000002   Code   RO           46    .text.App_TaskIdleHook  bsp.o
    0x080005aa   0x080005aa   0x00000002   PAD
    0x080005ac   0x080005ac   0x00000008   Code   RO           52    .text.App_TaskReturnHook  bsp.o
    0x080005b4   0x080005b4   0x00000002   Code   RO           54    .text.App_TaskStatHook  bsp.o
    0x080005b6   0x080005b6   0x00000002   PAD
    0x080005b8   0x080005b8   0x00000002   Code   RO           56    .text.App_TaskSwHook  bsp.o
    0x080005ba   0x080005ba   0x00000002   PAD
    0x080005bc   0x080005bc   0x0000008e   Code   RO           44    .text.App_TimeTickHook  bsp.o
    0x0800064a   0x0800064a   0x00000002   PAD
    0x0800064c   0x0800064c   0x000000f0   Code   RO           60    .text.BSP_init      bsp.o
    0x0800073c   0x0800073c   0x00000010   Code   RO           82    .text.BSP_ledBlueOn  bsp.o
    0x0800074c   0x0800074c   0x00000010   Code   RO           72    .text.BSP_ledGreenOff  bsp.o
    0x0800075c   0x0800075c   0x00000010   Code   RO           70    .text.BSP_ledGreenOn  bsp.o
    0x0800076c   0x0800076c   0x00000010   Code   RO           78    .text.BSP_ledOrangeOn  bsp.o
    0x0800077c   0x0800077c   0x00000010   Code   RO           76    .text.BSP_ledRedOff  bsp.o
    0x0800078c   0x0800078c   0x00000010   Code   RO           74    .text.BSP_ledRedOn  bsp.o
    0x0800079c   0x0800079c   0x0000002e   Code   RO           62    .text.BSP_start     bsp.o
    0x080007ca   0x080007ca   0x00000002   PAD
    0x080007cc   0x080007cc   0x00000240   Code   RO          506    .text.OSDebugInit   os_dbg.o
    0x08000a0c   0x08000a0c   0x0000007e   Code   RO          135    .text.OSEventNameSet  os_core.o
    0x08000a8a   0x08000a8a   0x00000002   PAD
    0x08000a8c   0x08000a8c   0x00000038   Code   RO          145    .text.OSInit        os_core.o
    0x08000ac4   0x08000ac4   0x00000084   Code   RO          570    .text.OSInitHookBegin  os_cpu_c.o
    0x08000b48   0x08000b48   0x00000002   Code   RO          572    .text.OSInitHookEnd  os_cpu_c.o
    0x08000b4a   0x08000b4a   0x00000002   PAD
    0x08000b4c   0x08000b4c   0x00000034   Code   RO          159    .text.OSIntEnter    os_core.o
    0x08000b80   0x08000b80   0x000000d2   Code   RO          161    .text.OSIntExit     os_core.o
    0x08000c52   0x08000c52   0x00000002   PAD
    0x08000c54   0x08000c54   0x0000011a   Code   RO          354    .text.OSQCreate     os_q.o
    0x08000d6e   0x08000d6e   0x00000002   PAD
    0x08000d70   0x08000d70   0x000001a8   Code   RO          360    .text.OSQPend       os_q.o
    0x08000f18   0x08000f18   0x000000c8   Code   RO          364    .text.OSQPost       os_q.o
    0x08000fe0   0x08000fe0   0x00000064   Code   RO          165    .text.OSSchedLock   os_core.o
    0x08001044   0x08001044   0x00000092   Code   RO          167    .text.OSSchedUnlock  os_core.o
    0x080010d6   0x080010d6   0x00000002   PAD
    0x080010d8   0x080010d8   0x00000092   Code   RO          384    .text.OSSemCreate   os_sem.o
    0x0800116a   0x0800116a   0x00000002   PAD
    0x0800116c   0x0800116c   0x0000014c   Code   RO          388    .text.OSSemPend     os_sem.o
    0x080012b8   0x080012b8   0x000000a2   Code   RO          392    .text.OSSemPost     os_sem.o
    0x0800135a   0x0800135a   0x00000002   PAD
    0x0800135c   0x0800135c   0x00000054   Code   RO          169    .text.OSStart       os_core.o
    0x080013b0   0x080013b0   0x00000010   Code   RO          588    .text.OSTCBInitHook  os_cpu_c.o
    0x080013c0   0x080013c0   0x00000152   Code   RO          410    .text.OSTaskCreateExt  os_task.o
    0x08001512   0x08001512   0x00000002   PAD
    0x08001514   0x08001514   0x00000010   Code   RO          574    .text.OSTaskCreateHook  os_cpu_c.o
    0x08001524   0x08001524   0x00000242   Code   RO          414    .text.OSTaskDel     os_task.o
    0x08001766   0x08001766   0x00000002   PAD
    0x08001768   0x08001768   0x00000010   Code   RO          576    .text.OSTaskDelHook  os_cpu_c.o
    0x08001778   0x08001778   0x00000008   Code   RO          578    .text.OSTaskIdleHook  os_cpu_c.o
    0x08001780   0x08001780   0x000000dc   Code   RO          420    .text.OSTaskNameSet  os_task.o
    0x0800185c   0x0800185c   0x00000010   Code   RO          580    .text.OSTaskReturnHook  os_cpu_c.o
    0x0800186c   0x0800186c   0x00000008   Code   RO          582    .text.OSTaskStatHook  os_cpu_c.o
    0x08001874   0x08001874   0x0000011e   Code   RO          424    .text.OSTaskStkChk  os_task.o
    0x08001992   0x08001992   0x00000002   PAD
    0x08001994   0x08001994   0x00000314   Code   RO          584    .text.OSTaskStkInit  os_cpu_c.o
    0x08001ca8   0x08001ca8   0x00000154   Code   RO          426    .text.OSTaskSuspend  os_task.o
    0x08001dfc   0x08001dfc   0x00000028   Code   RO          586    .text.OSTaskSwHook  os_cpu_c.o
    0x08001e24   0x08001e24   0x000000b2   Code   RO          446    .text.OSTimeDly     os_time.o
    0x08001ed6   0x08001ed6   0x00000002   PAD
    0x08001ed8   0x08001ed8   0x0000016c   Code   RO          173    .text.OSTimeTick    os_core.o
    0x08002044   0x08002044   0x00000030   Code   RO          590    .text.OSTimeTickHook  os_cpu_c.o
    0x08002074   0x08002074   0x0000001e   Code   RO          485    .text.OSTmrSignal   os_tmr.o
    0x08002092   0x08002092   0x00000002   PAD
    0x08002094   0x08002094   0x00000148   Code   RO          487    .text.OSTmr_Init    os_tmr.o
    0x080021dc   0x080021dc   0x0000004c   Code   RO          489    .text.OSTmr_InitTask  os_tmr.o
    0x08002228   0x08002228   0x000000de   Code   RO          481    .text.OSTmr_Link    os_tmr.o
    0x08002306   0x08002306   0x00000002   PAD
    0x08002308   0x08002308   0x000000d4   Code   RO          491    .text.OSTmr_Task    os_tmr.o
    0x080023dc   0x080023dc   0x000000a2   Code   RO          469    .text.OSTmr_Unlink  os_tmr.o
    0x0800247e   0x0800247e   0x00000002   PAD
    0x08002480   0x08002480   0x00000002   Code   RO          177    .text.OS_Dummy      os_core.o
    0x08002482   0x08002482   0x00000002   PAD
    0x08002484   0x08002484   0x000000e4   Code   RO          179    .text.OS_EventTaskRdy  os_core.o
    0x08002568   0x08002568   0x0000004c   Code   RO          181    .text.OS_EventTaskRemove  os_core.o
    0x080025b4   0x080025b4   0x00000076   Code   RO          143    .text.OS_EventTaskRemoveMulti  os_core.o
    0x0800262a   0x0800262a   0x00000002   PAD
    0x0800262c   0x0800262c   0x00000082   Code   RO          183    .text.OS_EventTaskWait  os_core.o
    0x080026ae   0x080026ae   0x00000002   PAD
    0x080026b0   0x080026b0   0x00000038   Code   RO          185    .text.OS_EventWaitListInit  os_core.o
    0x080026e8   0x080026e8   0x000000a6   Code   RO          274    .text.OS_FlagInit   os_flag.o
    0x0800278e   0x0800278e   0x00000002   PAD
    0x08002790   0x08002790   0x00000058   Code   RO          266    .text.OS_FlagUnlink  os_flag.o
    0x080027e8   0x080027e8   0x000000b2   Code   RO          153    .text.OS_InitEventList  os_core.o
    0x0800289a   0x0800289a   0x00000002   PAD
    0x0800289c   0x0800289c   0x00000072   Code   RO          147    .text.OS_InitMisc   os_core.o
    0x0800290e   0x0800290e   0x00000002   PAD
    0x08002910   0x08002910   0x0000006a   Code   RO          149    .text.OS_InitRdyList  os_core.o
    0x0800297a   0x0800297a   0x00000002   PAD
    0x0800297c   0x0800297c   0x000000bc   Code   RO          151    .text.OS_InitTCBList  os_core.o
    0x08002a38   0x08002a38   0x0000004c   Code   RO          155    .text.OS_InitTaskIdle  os_core.o
    0x08002a84   0x08002a84   0x0000004c   Code   RO          157    .text.OS_InitTaskStat  os_core.o
    0x08002ad0   0x08002ad0   0x0000002c   Code   RO          187    .text.OS_MemClr     os_core.o
    0x08002afc   0x08002afc   0x0000009c   Code   RO          320    .text.OS_MemInit    os_mem.o
    0x08002b98   0x08002b98   0x00000090   Code   RO          372    .text.OS_QInit      os_q.o
    0x08002c28   0x08002c28   0x0000009c   Code   RO          141    .text.OS_Sched      os_core.o
    0x08002cc4   0x08002cc4   0x0000003c   Code   RO          163    .text.OS_SchedNew   os_core.o
    0x08002d00   0x08002d00   0x0000021a   Code   RO          197    .text.OS_TCBInit    os_core.o
    0x08002f1a   0x08002f1a   0x00000002   PAD
    0x08002f1c   0x08002f1c   0x00000036   Code   RO          191    .text.OS_TaskIdle   os_core.o
    0x08002f52   0x08002f52   0x00000002   PAD
    0x08002f54   0x08002f54   0x00000018   Code   RO          436    .text.OS_TaskReturn  os_task.o
    0x08002f6c   0x08002f6c   0x00000152   Code   RO          193    .text.OS_TaskStat   os_core.o
    0x080030be   0x080030be   0x00000002   PAD
    0x080030c0   0x080030c0   0x00000076   Code   RO          195    .text.OS_TaskStatStkChk  os_core.o
    0x08003136   0x08003136   0x00000002   PAD
    0x08003138   0x08003138   0x00000042   Code   RO          412    .text.OS_TaskStkClr  os_task.o
    0x0800317a   0x0800317a   0x00000002   PAD
    0x0800317c   0x0800317c   0x00000018   Code   RO           90    .text.Q_onAssert    bsp.o
    0x08003194   0x08003194   0x00000052   Code   RO           64    .text.SysTick_Config  bsp.o
    0x080031e6   0x080031e6   0x00000002   PAD
    0x080031e8   0x080031e8   0x0000002a   Code   RO          592    .text.SysTick_Handler  os_cpu_c.o
    0x08003212   0x08003212   0x00000002   PAD
    0x08003214   0x08003214   0x0000012e   Code   RO          890    .text.SystemCoreClockUpdate  system_stm32f4xx.o
    0x08003342   0x08003342   0x00000002   PAD
    0x08003344   0x08003344   0x00000012   Code   RO          888    .text.SystemInit    system_stm32f4xx.o
    0x08003356   0x08003356   0x00000002   PAD
    0x08003358   0x08003358   0x0000001e   Code   RO           18    .text.TimeBomb_blink_ENTRY  main.o
    0x08003376   0x08003376   0x00000002   PAD
    0x08003378   0x08003378   0x00000012   Code   RO           20    .text.TimeBomb_blink_EXIT  main.o
    0x0800338a   0x0800338a   0x00000002   PAD
    0x0800338c   0x0800338c   0x00000012   Code   RO           22    .text.TimeBomb_blink_TIMEOUT  main.o
    0x0800339e   0x0800339e   0x00000002   PAD
    0x080033a0   0x080033a0   0x0000001e   Code   RO           28    .text.TimeBomb_boom_ENTRY  main.o
    0x080033be   0x080033be   0x00000002   PAD
    0x080033c0   0x080033c0   0x0000002a   Code   RO            2    .text.TimeBomb_ctor  main.o
    0x080033ea   0x080033ea   0x00000002   PAD
    0x080033ec   0x080033ec   0x000000d6   Code   RO            4    .text.TimeBomb_dispatch  main.o
    0x080034c2   0x080034c2   0x00000002   PAD
    0x080034c4   0x080034c4   0x0000000c   Code   RO           16    .text.TimeBomb_ignore  main.o
    0x080034d0   0x080034d0   0x00000012   Code   RO            8    .text.TimeBomb_init  main.o
    0x080034e2   0x080034e2   0x00000002   PAD
    0x080034e4   0x080034e4   0x0000001a   Code   RO           24    .text.TimeBomb_pause_ENTRY  main.o
    0x080034fe   0x080034fe   0x00000002   PAD
    0x08003500   0x08003500   0x0000003a   Code   RO           26    .text.TimeBomb_pause_TIMEOUT  main.o
    0x0800353a   0x0800353a   0x00000002   PAD
    0x0800353c   0x0800353c   0x00000012   Code   RO           10    .text.TimeBomb_wait4button_ENTRY  main.o
    0x0800354e   0x0800354e   0x00000002   PAD
    0x08003550   0x08003550   0x00000012   Code   RO           12    .text.TimeBomb_wait4button_EXIT  main.o
    0x08003562   0x08003562   0x00000002   PAD
    0x08003564   0x08003564   0x00000018   Code   RO           14    .text.TimeBomb_wait4button_PRESSED  main.o
    0x0800357c   0x0800357c   0x00000030   Code   RO          114    .text.TimeEvent_arm  uc_ao.o
    0x080035ac   0x080035ac   0x0000007c   Code   RO          112    .text.TimeEvent_ctor  uc_ao.o
    0x08003628   0x08003628   0x00000076   Code   RO          118    .text.TimeEvent_tick  uc_ao.o
    0x0800369e   0x0800369e   0x00000002   PAD
    0x080036a0   0x080036a0   0x00000042   Code   RO           66    .text.__NVIC_SetPriority  bsp.o
    0x080036e2   0x080036e2   0x00000002   PAD
    0x080036e4   0x080036e4   0x0000005c   Code   RO            6    .text.main          main.o
    0x08003740   0x08003740   0x0000001a   Code   RO         1020    x$fpl$fpinit        fz_wm.l(fpinit.o)
    0x0800375a   0x0800375a   0x00000010   Data   RO          893    .rodata.AHBPrescTable  system_stm32f4xx.o
    0x0800376a   0x0800376a   0x00000002   Data   RO          123    .rodata.Active_eventLoop.initEvt  uc_ao.o
    0x0800376c   0x0800376c   0x00000002   Data   RO           95    .rodata.App_TimeTickHook.buttonPressedEvt  bsp.o
    0x0800376e   0x0800376e   0x00000002   Data   RO           96    .rodata.App_TimeTickHook.buttonReleasedEvt  bsp.o
    0x08003770   0x08003770   0x00000002   Data   RO          563    .rodata.OSDataSize  os_dbg.o
    0x08003772   0x08003772   0x00000002   Data   RO          508    .rodata.OSDebugEn   os_dbg.o
    0x08003774   0x08003774   0x00000004   Data   RO          509    .rodata.OSEndiannessTest  os_dbg.o
    0x08003778   0x08003778   0x00000002   Data   RO          510    .rodata.OSEventEn   os_dbg.o
    0x0800377a   0x0800377a   0x00000002   Data   RO          511    .rodata.OSEventMax  os_dbg.o
    0x0800377c   0x0800377c   0x00000002   Data   RO          515    .rodata.OSEventMultiEn  os_dbg.o
    0x0800377e   0x0800377e   0x00000002   Data   RO          512    .rodata.OSEventNameEn  os_dbg.o
    0x08003780   0x08003780   0x00000002   Data   RO          513    .rodata.OSEventSize  os_dbg.o
    0x08003782   0x08003782   0x00000002   Data   RO          514    .rodata.OSEventTblSize  os_dbg.o
    0x08003784   0x08003784   0x00000002   Data   RO          516    .rodata.OSFlagEn    os_dbg.o
    0x08003786   0x08003786   0x00000002   Data   RO          517    .rodata.OSFlagGrpSize  os_dbg.o
    0x08003788   0x08003788   0x00000002   Data   RO          520    .rodata.OSFlagMax   os_dbg.o
    0x0800378a   0x0800378a   0x00000002   Data   RO          521    .rodata.OSFlagNameEn  os_dbg.o
    0x0800378c   0x0800378c   0x00000002   Data   RO          518    .rodata.OSFlagNodeSize  os_dbg.o
    0x0800378e   0x0800378e   0x00000002   Data   RO          519    .rodata.OSFlagWidth  os_dbg.o
    0x08003790   0x08003790   0x00000002   Data   RO          522    .rodata.OSLowestPrio  os_dbg.o
    0x08003792   0x08003792   0x00000002   Data   RO          523    .rodata.OSMboxEn    os_dbg.o
    0x08003794   0x08003794   0x00000002   Data   RO          524    .rodata.OSMemEn     os_dbg.o
    0x08003796   0x08003796   0x00000002   Data   RO          525    .rodata.OSMemMax    os_dbg.o
    0x08003798   0x08003798   0x00000002   Data   RO          526    .rodata.OSMemNameEn  os_dbg.o
    0x0800379a   0x0800379a   0x00000002   Data   RO          527    .rodata.OSMemSize   os_dbg.o
    0x0800379c   0x0800379c   0x00000002   Data   RO          528    .rodata.OSMemTblSize  os_dbg.o
    0x0800379e   0x0800379e   0x00000002   Data   RO          529    .rodata.OSMutexEn   os_dbg.o
    0x080037a0   0x080037a0   0x00000002   Data   RO          530    .rodata.OSPtrSize   os_dbg.o
    0x080037a2   0x080037a2   0x00000002   Data   RO          531    .rodata.OSQEn       os_dbg.o
    0x080037a4   0x080037a4   0x00000002   Data   RO          532    .rodata.OSQMax      os_dbg.o
    0x080037a6   0x080037a6   0x00000002   Data   RO          533    .rodata.OSQSize     os_dbg.o
    0x080037a8   0x080037a8   0x00000002   Data   RO          534    .rodata.OSRdyTblSize  os_dbg.o
    0x080037aa   0x080037aa   0x00000002   Data   RO          535    .rodata.OSSemEn     os_dbg.o
    0x080037ac   0x080037ac   0x00000002   Data   RO          536    .rodata.OSStkWidth  os_dbg.o
    0x080037ae   0x080037ae   0x00000002   Data   RO          549    .rodata.OSTCBPrioTblMax  os_dbg.o
    0x080037b0   0x080037b0   0x00000002   Data   RO          550    .rodata.OSTCBSize   os_dbg.o
    0x080037b2   0x080037b2   0x00000002   Data   RO          537    .rodata.OSTaskCreateEn  os_dbg.o
    0x080037b4   0x080037b4   0x00000002   Data   RO          538    .rodata.OSTaskCreateExtEn  os_dbg.o
    0x080037b6   0x080037b6   0x00000002   Data   RO          539    .rodata.OSTaskDelEn  os_dbg.o
    0x080037b8   0x080037b8   0x00000002   Data   RO          540    .rodata.OSTaskIdleStkSize  os_dbg.o
    0x080037ba   0x080037ba   0x00000002   Data   RO          542    .rodata.OSTaskMax   os_dbg.o
    0x080037bc   0x080037bc   0x00000002   Data   RO          543    .rodata.OSTaskNameEn  os_dbg.o
    0x080037be   0x080037be   0x00000002   Data   RO          541    .rodata.OSTaskProfileEn  os_dbg.o
    0x080037c0   0x080037c0   0x00000002   Data   RO          544    .rodata.OSTaskStatEn  os_dbg.o
    0x080037c2   0x080037c2   0x00000002   Data   RO          546    .rodata.OSTaskStatStkChkEn  os_dbg.o
    0x080037c4   0x080037c4   0x00000002   Data   RO          545    .rodata.OSTaskStatStkSize  os_dbg.o
    0x080037c6   0x080037c6   0x00000002   Data   RO          547    .rodata.OSTaskSwHookEn  os_dbg.o
    0x080037c8   0x080037c8   0x00000002   Data   RO          551    .rodata.OSTicksPerSec  os_dbg.o
    0x080037ca   0x080037ca   0x00000002   Data   RO          552    .rodata.OSTimeTickHookEn  os_dbg.o
    0x080037cc   0x080037cc   0x00000002   Data   RO          555    .rodata.OSTmrCfgMax  os_dbg.o
    0x080037ce   0x080037ce   0x00000002   Data   RO          556    .rodata.OSTmrCfgNameEn  os_dbg.o
    0x080037d0   0x080037d0   0x00000002   Data   RO          558    .rodata.OSTmrCfgTicksPerSec  os_dbg.o
    0x080037d2   0x080037d2   0x00000002   Data   RO          557    .rodata.OSTmrCfgWheelSize  os_dbg.o
    0x080037d4   0x080037d4   0x00000002   Data   RO          554    .rodata.OSTmrEn     os_dbg.o
    0x080037d6   0x080037d6   0x00000002   Data   RO          559    .rodata.OSTmrSize   os_dbg.o
    0x080037d8   0x080037d8   0x00000002   Data   RO          560    .rodata.OSTmrTblSize  os_dbg.o
    0x080037da   0x080037da   0x00000002   Data   RO          561    .rodata.OSTmrWheelSize  os_dbg.o
    0x080037dc   0x080037dc   0x00000002   Data   RO          562    .rodata.OSTmrWheelTblSize  os_dbg.o
    0x080037de   0x080037de   0x00000100   Data   RO          199    .rodata.OSUnMapTbl  os_core.o
    0x080038de   0x080038de   0x00000002   Data   RO          553    .rodata.OSVersionNbr  os_dbg.o
    0x080038e0   0x080038e0   0x00000005   Data   RO           34    .rodata.Q_this_module_  main.o
    0x080038e5   0x080038e5   0x00000006   Data   RO          120    .rodata.Q_this_module_  uc_ao.o
    0x080038eb   0x080038eb   0x00000001   PAD
    0x080038ec   0x080038ec   0x00000060   Data   RO           35    .rodata.TimeBomb_table  main.o
    0x0800394c   0x0800394c   0x0000001e   Data   RO          220    .rodata.str1.1      os_core.o
    0x0800396a   0x0800396a   0x00000031   Data   RO          493    .rodata.str1.1      os_tmr.o
    0x0800399b   0x0800399b   0x00000001   PAD
    0x0800399c   0x0800399c   0x00000020   Data   RO         1081    Region$$Table       anon$$obj.o


    Execution Region ER_RW (Exec base: 0x20000000, Load base: 0x080039bc, Size: 0x00000008, Max: 0xffffffff, ABSOLUTE)

    Exec Addr    Load Addr    Size         Type   Attr      Idx    E Section Name        Object

    0x20000000   0x080039bc   0x00000004   Data   RW           31    .data.AO_TimeBomb   main.o
    0x20000004   0x080039c0   0x00000004   Data   RW          892    .data.SystemCoreClock  system_stm32f4xx.o


    Execution Region ER_ZI (Exec base: 0x20000008, Load base: 0x080039c4, Size: 0x000020a0, Max: 0xffffffff, ABSOLUTE)

    Exec Addr    Load Addr    Size         Type   Attr      Idx    E Section Name        Object

    0x20000008        -       0x00000060   Zero   RW          946    .bss                c_w.l(libspace.o)
    0x20000068        -       0x00000008   Zero   RW           94    .bss.App_TimeTickHook.buttons  bsp.o
    0x20000070        -       0x00000001   Zero   RW          217    .bss.OSCPUUsage     os_core.o
    0x20000071   0x080039c4   0x00000003   PAD
    0x20000074        -       0x00000004   Zero   RW          208    .bss.OSCtxSwCtr     os_core.o
    0x20000078        -       0x00000004   Zero   RW          222    .bss.OSEventFreeList  os_core.o
    0x2000007c        -       0x000000f0   Zero   RW          223    .bss.OSEventTbl     os_core.o
    0x2000016c        -       0x00000004   Zero   RW          225    .bss.OSFlagFreeList  os_core.o
    0x20000170        -       0x00000050   Zero   RW          224    .bss.OSFlagTbl      os_core.o
    0x200001c0        -       0x00000004   Zero   RW          209    .bss.OSIdleCtr      os_core.o
    0x200001c4        -       0x00000004   Zero   RW          210    .bss.OSIdleCtrMax   os_core.o
    0x200001c8        -       0x00000004   Zero   RW          218    .bss.OSIdleCtrRun   os_core.o
    0x200001cc        -       0x00000001   Zero   RW          200    .bss.OSIntNesting   os_core.o
    0x200001cd        -       0x00000001   Zero   RW          201    .bss.OSLockNesting  os_core.o
    0x200001ce   0x080039c4   0x00000002   PAD
    0x200001d0        -       0x00000004   Zero   RW          229    .bss.OSMemFreeList  os_core.o
    0x200001d4        -       0x00000078   Zero   RW          230    .bss.OSMemTbl       os_core.o
    0x2000024c        -       0x00000001   Zero   RW          207    .bss.OSPrioCur      os_core.o
    0x2000024d        -       0x00000001   Zero   RW          205    .bss.OSPrioHighRdy  os_core.o
    0x2000024e   0x080039c4   0x00000002   PAD
    0x20000250        -       0x00000004   Zero   RW          231    .bss.OSQFreeList    os_core.o
    0x20000254        -       0x00000060   Zero   RW          232    .bss.OSQTbl         os_core.o
    0x200002b4        -       0x00000001   Zero   RW          215    .bss.OSRdyGrp       os_core.o
    0x200002b5        -       0x00000008   Zero   RW          216    .bss.OSRdyTbl       os_core.o
    0x200002bd        -       0x00000001   Zero   RW          203    .bss.OSRunning      os_core.o
    0x200002be        -       0x00000001   Zero   RW          211    .bss.OSStatRdy      os_core.o
    0x200002bf   0x080039c4   0x00000001   PAD
    0x200002c0        -       0x00000004   Zero   RW          202    .bss.OSTCBCur       os_core.o
    0x200002c4        -       0x00000004   Zero   RW          219    .bss.OSTCBFreeList  os_core.o
    0x200002c8        -       0x00000004   Zero   RW          206    .bss.OSTCBHighRdy   os_core.o
    0x200002cc        -       0x00000004   Zero   RW          214    .bss.OSTCBList      os_core.o
    0x200002d0        -       0x00000100   Zero   RW          204    .bss.OSTCBPrioTbl   os_core.o
    0x200003d0        -       0x000007e8   Zero   RW          228    .bss.OSTCBTbl       os_core.o
    0x20000bb8        -       0x00000001   Zero   RW          221    .bss.OSTaskCtr      os_core.o
    0x20000bb9   0x080039c4   0x00000003   PAD
    0x20000bbc        -       0x00000200   Zero   RW          227    .bss.OSTaskIdleStk  os_core.o
    0x20000dbc        -       0x00000001   Zero   RW          233    .bss.OSTaskRegNextAvailID  os_core.o
    0x20000dbd   0x080039c4   0x00000003   PAD
    0x20000dc0        -       0x00000200   Zero   RW          226    .bss.OSTaskStatStk  os_core.o
    0x20000fc0        -       0x00000001   Zero   RW          213    .bss.OSTickStepState  os_core.o
    0x20000fc1   0x080039c4   0x00000003   PAD
    0x20000fc4        -       0x00000004   Zero   RW          212    .bss.OSTime         os_core.o
    0x20000fc8        -       0x00000002   Zero   RW          600    .bss.OSTmrCtr       os_cpu_c.o
    0x20000fca        -       0x00000002   Zero   RW          234    .bss.OSTmrFree      os_core.o
    0x20000fcc        -       0x00000004   Zero   RW          240    .bss.OSTmrFreeList  os_core.o
    0x20000fd0        -       0x00000004   Zero   RW          237    .bss.OSTmrSem       os_core.o
    0x20000fd4        -       0x00000004   Zero   RW          238    .bss.OSTmrSemSignal  os_core.o
    0x20000fd8        -       0x00000200   Zero   RW          241    .bss.OSTmrTaskStk   os_core.o
    0x200011d8        -       0x00000280   Zero   RW          239    .bss.OSTmrTbl       os_core.o
    0x20001458        -       0x00000004   Zero   RW          236    .bss.OSTmrTime      os_core.o
    0x2000145c        -       0x00000002   Zero   RW          235    .bss.OSTmrUsed      os_core.o
    0x2000145e   0x080039c4   0x00000002   PAD
    0x20001460        -       0x00000038   Zero   RW          242    .bss.OSTmrWheelTbl  os_core.o
    0x20001498        -       0x00000400   Zero   RW          598    .bss.OS_CPU_ExceptStk  os_cpu_c.o
    0x20001898        -       0x00000004   Zero   RW          599    .bss.OS_CPU_ExceptStkBase  os_cpu_c.o
    0x2000189c        -       0x00000004   Zero   RW          601    .bss.OS_KA_BASEPRI_Boundary  os_cpu_c.o
    0x200018a0        -       0x00000028   Zero   RW          122    .bss.l_tevt         uc_ao.o
    0x200018c8        -       0x00000004   Zero   RW          121    .bss.l_tevtNum      uc_ao.o
    0x200018cc        -       0x00000190   Zero   RW           33    .bss.stack_timeBomb  main.o
    0x20001a5c        -       0x00000024   Zero   RW           30    .bss.timeBomb       main.o
    0x20001a80        -       0x00000028   Zero   RW           32    .bss.timeBomb_queue  main.o
    0x20001aa8        -       0x00000200   Zero   RW          881    HEAP                startup_stm32f407xx.o
    0x20001ca8        -       0x00000400   Zero   RW          880    STACK               startup_stm32f407xx.o


==============================================================================

Image component sizes


      Code (inc. data)   RO Data    RW Data    ZI Data      Debug   Object Name

       734          0          4          0          8       9478   bsp.o
       618          0        101          4        476       4434   main.o
      3794          0        286          0       5139      13499   os_core.o
       296         34          0          0          0        496   os_cpu_a.o
      1132          0          0          0       1034       4751   os_cpu_c.o
       576          0        112          0          0       2459   os_dbg.o
       254          0          0          0          0       8079   os_flag.o
       156          0          0          0          0       3396   os_mem.o
      1050          0          0          0          0       5864   os_q.o
       640          0          0          0          0       3959   os_sem.o
      1852          0          0          0          0       8616   os_task.o
       178          0          0          0          0       3397   os_time.o
      1030          0         49          0          0       7249   os_tmr.o
        64         26        392          0       1536        948   startup_stm32f407xx.o
       320          0         16          4          0       2832   system_stm32f4xx.o
       630          0          8          0         44       3399   uc_ao.o

    ----------------------------------------------------------------------
     13424         60       1002          8       8256      82856   Object Totals
         0          0         32          0          0          0   (incl. Generated)
       100          0          2          0         19          0   (incl. Padding)

    ----------------------------------------------------------------------

      Code (inc. data)   RO Data    RW Data    ZI Data      Debug   Library Member Name

         8          0          0          0          0         68   __main.o
         0          0          0          0          0          0   __rtentry.o
        12          0          0          0          0          0   __rtentry2.o
         6          0          0          0          0          0   __rtentry4.o
        94          8          0          0          0          0   __scatter.o
        26          0          0          0          0          0   __scatter_copy.o
        28          0          0          0          0          0   __scatter_zi.o
        18          0          0          0          0         80   exit.o
         6          0          0          0          0        152   heapauxi.o
         0          0          0          0          0          0   indicate_semi.o
         2          0          0          0          0          0   libinit.o
         6          0          0          0          0          0   libinit2.o
         2          0          0          0          0          0   libshutdown.o
         2          0          0          0          0          0   libshutdown2.o
         8          4          0          0         96         68   libspace.o
         2          0          0          0          0          0   rtexit.o
        10          0          0          0          0          0   rtexit2.o
        12          4          0          0          0         68   sys_exit.o
        74          0          0          0          0         80   sys_stackheap_outer.o
         2          0          0          0          0         68   use_no_semi.o
        26          0          0          0          0        116   fpinit.o

    ----------------------------------------------------------------------
       354         16          0          0         96        700   Library Totals
        10          0          0          0          0          0   (incl. Padding)

    ----------------------------------------------------------------------

      Code (inc. data)   RO Data    RW Data    ZI Data      Debug   Library Name

       318         16          0          0         96        584   c_w.l
        26          0          0          0          0        116   fz_wm.l

    ----------------------------------------------------------------------
       354         16          0          0         96        700   Library Totals

    ----------------------------------------------------------------------

==============================================================================


      Code (inc. data)   RO Data    RW Data    ZI Data      Debug   

     13778         76       1002          8       8352      83208   Grand Totals
     13778         76       1002          8       8352      83208   ELF Image Totals
     13778         76       1002          8          0          0   ROM Totals

==============================================================================

    Total RO  Size (Code + RO Data)                14780 (  14.43kB)
    Total RW  Size (RW Data + ZI Data)              8360 (   8.16kB)
    Total ROM Size (Code + RO Data + RW Data)      14788 (  14.44kB)

==============================================================================

